interactions:
- request:
    body: '{}'
    headers:
      Content-Length:
      - '2'
      content-type:
      - application/json
      cookie:
      - PRIVATE
    method: POST
    uri: https://www.notion.so/api/v3/loadUserContent
  response:
    body:
      string: '{"recordMap":{"notion_user":{"a03b888f-5426-4e4f-b5ef-bed855b162f0":{"role":"editor","value":{"id":"a03b888f-5426-4e4f-b5ef-bed855b162f0","version":7,"email":"test_py_notion@protonmail.com","onboarding_completed":true,"name":"test_py"}}},"user_root":{"a03b888f-5426-4e4f-b5ef-bed855b162f0":{"role":"editor","value":{"id":"a03b888f-5426-4e4f-b5ef-bed855b162f0","version":3,"space_views":["703440cc-f5cb-4f27-ba54-a9125a58e033"],"space_view_pointers":[{"id":"703440cc-f5cb-4f27-ba54-a9125a58e033","table":"space_view","spaceId":"d51d3ca5-7889-4c70-b906-3a5a37b60274"}]}}},"user_settings":{"a03b888f-5426-4e4f-b5ef-bed855b162f0":{"role":"editor","value":{"id":"a03b888f-5426-4e4f-b5ef-bed855b162f0","version":10,"settings":{"type":"personal","persona":"personal","team_role":"unfilled","time_zone":"Asia/Tashkent","signup_time":1638259864507,"cookie_consent":{"id":"2c2f9260-c9a6-4097-bc19-30e5395dfb02","permission":{"necessary":true,"targeting":false,"preference":false,"performance":false}},"preferred_locale":"en-US","used_desktop_web_app":true,"seen_views_intro_modal":true,"preferred_locale_origin":"autodetect","seen_persona_collection":true}}}},"space_view":{"703440cc-f5cb-4f27-ba54-a9125a58e033":{"role":"editor","value":{"id":"703440cc-f5cb-4f27-ba54-a9125a58e033","version":31,"space_id":"d51d3ca5-7889-4c70-b906-3a5a37b60274","parent_id":"a03b888f-5426-4e4f-b5ef-bed855b162f0","parent_table":"user_root","alive":true,"notify_mobile":false,"notify_desktop":true,"notify_email":false,"visited_templates":["7e89f436-7aac-4f66-b0a6-6e65ec868d2a","88c9c2b0-d732-4342-8963-0580a4725571","ba43b46e-4ad3-47f7-95f0-58a3ba01476f","2dddc8c5-a711-4aa2-b5b3-ff952a49bcfa","b7572331-51ab-4ed5-a931-5a7d34b08bf0"],"sidebar_hidden_templates":["7e89f436-7aac-4f66-b0a6-6e65ec868d2a","88c9c2b0-d732-4342-8963-0580a4725571","ba43b46e-4ad3-47f7-95f0-58a3ba01476f","2dddc8c5-a711-4aa2-b5b3-ff952a49bcfa","b7572331-51ab-4ed5-a931-5a7d34b08bf0"],"created_getting_started":true,"created_onboarding_templates":true,"private_pages":["5585f343-8ea5-469b-8a90-a05987977424"],"joined":true,"settings":{"on_app_start":"first_page"}}}},"space":{"d51d3ca5-7889-4c70-b906-3a5a37b60274":{"role":"editor","value":{"id":"d51d3ca5-7889-4c70-b906-3a5a37b60274","version":4801,"name":"test_py","permissions":[{"role":"editor","type":"user_permission","user_id":"a03b888f-5426-4e4f-b5ef-bed855b162f0"}],"beta_enabled":false,"created_time":1638259881592,"last_edited_time":1652698380000,"created_by_table":"notion_user","created_by_id":"a03b888f-5426-4e4f-b5ef-bed855b162f0","last_edited_by_table":"notion_user","last_edited_by_id":"a03b888f-5426-4e4f-b5ef-bed855b162f0","plan_type":"personal","invite_link_enabled":true}}}}}'
    headers:
      Content-Type:
      - application/json; charset=utf-8
      Transfer-Encoding:
      - chunked
      content-length:
      - '2694'
    status:
      code: 200
      message: OK
- request:
    body: '{}'
    headers:
      Content-Length:
      - '2'
      content-type:
      - application/json
      cookie:
      - PRIVATE
      x-notion-active-user-header:
      - a03b888f-5426-4e4f-b5ef-bed855b162f0
    method: POST
    uri: https://www.notion.so/api/v3/loadUserContent
  response:
    body:
      string: '{"recordMap":{"notion_user":{"a03b888f-5426-4e4f-b5ef-bed855b162f0":{"role":"editor","value":{"id":"a03b888f-5426-4e4f-b5ef-bed855b162f0","version":7,"email":"test_py_notion@protonmail.com","onboarding_completed":true,"name":"test_py"}}},"user_root":{"a03b888f-5426-4e4f-b5ef-bed855b162f0":{"role":"editor","value":{"id":"a03b888f-5426-4e4f-b5ef-bed855b162f0","version":3,"space_views":["703440cc-f5cb-4f27-ba54-a9125a58e033"],"space_view_pointers":[{"id":"703440cc-f5cb-4f27-ba54-a9125a58e033","table":"space_view","spaceId":"d51d3ca5-7889-4c70-b906-3a5a37b60274"}]}}},"user_settings":{"a03b888f-5426-4e4f-b5ef-bed855b162f0":{"role":"editor","value":{"id":"a03b888f-5426-4e4f-b5ef-bed855b162f0","version":10,"settings":{"type":"personal","persona":"personal","team_role":"unfilled","time_zone":"Asia/Tashkent","signup_time":1638259864507,"cookie_consent":{"id":"2c2f9260-c9a6-4097-bc19-30e5395dfb02","permission":{"necessary":true,"targeting":false,"preference":false,"performance":false}},"preferred_locale":"en-US","used_desktop_web_app":true,"seen_views_intro_modal":true,"preferred_locale_origin":"autodetect","seen_persona_collection":true}}}},"space_view":{"703440cc-f5cb-4f27-ba54-a9125a58e033":{"role":"editor","value":{"id":"703440cc-f5cb-4f27-ba54-a9125a58e033","version":31,"space_id":"d51d3ca5-7889-4c70-b906-3a5a37b60274","parent_id":"a03b888f-5426-4e4f-b5ef-bed855b162f0","parent_table":"user_root","alive":true,"notify_mobile":false,"notify_desktop":true,"notify_email":false,"visited_templates":["7e89f436-7aac-4f66-b0a6-6e65ec868d2a","88c9c2b0-d732-4342-8963-0580a4725571","ba43b46e-4ad3-47f7-95f0-58a3ba01476f","2dddc8c5-a711-4aa2-b5b3-ff952a49bcfa","b7572331-51ab-4ed5-a931-5a7d34b08bf0"],"sidebar_hidden_templates":["7e89f436-7aac-4f66-b0a6-6e65ec868d2a","88c9c2b0-d732-4342-8963-0580a4725571","ba43b46e-4ad3-47f7-95f0-58a3ba01476f","2dddc8c5-a711-4aa2-b5b3-ff952a49bcfa","b7572331-51ab-4ed5-a931-5a7d34b08bf0"],"created_getting_started":true,"created_onboarding_templates":true,"private_pages":["5585f343-8ea5-469b-8a90-a05987977424"],"joined":true,"settings":{"on_app_start":"first_page"}}}},"space":{"d51d3ca5-7889-4c70-b906-3a5a37b60274":{"role":"editor","value":{"id":"d51d3ca5-7889-4c70-b906-3a5a37b60274","version":4801,"name":"test_py","permissions":[{"role":"editor","type":"user_permission","user_id":"a03b888f-5426-4e4f-b5ef-bed855b162f0"}],"beta_enabled":false,"created_time":1638259881592,"last_edited_time":1652698380000,"created_by_table":"notion_user","created_by_id":"a03b888f-5426-4e4f-b5ef-bed855b162f0","last_edited_by_table":"notion_user","last_edited_by_id":"a03b888f-5426-4e4f-b5ef-bed855b162f0","plan_type":"personal","invite_link_enabled":true}}}}}'
    headers:
      Content-Type:
      - application/json; charset=utf-8
      Transfer-Encoding:
      - chunked
      content-length:
      - '2694'
    status:
      code: 200
      message: OK
- request:
    body: '{}'
    headers:
      Content-Length:
      - '2'
      content-type:
      - application/json
      cookie:
      - PRIVATE
    method: POST
    uri: https://www.notion.so/api/v3/loadUserContent
  response:
    body:
      string: '{"recordMap":{"notion_user":{"a03b888f-5426-4e4f-b5ef-bed855b162f0":{"role":"editor","value":{"id":"a03b888f-5426-4e4f-b5ef-bed855b162f0","version":7,"email":"test_py_notion@protonmail.com","onboarding_completed":true,"name":"test_py"}}},"user_root":{"a03b888f-5426-4e4f-b5ef-bed855b162f0":{"role":"editor","value":{"id":"a03b888f-5426-4e4f-b5ef-bed855b162f0","version":3,"space_views":["703440cc-f5cb-4f27-ba54-a9125a58e033"],"space_view_pointers":[{"id":"703440cc-f5cb-4f27-ba54-a9125a58e033","table":"space_view","spaceId":"d51d3ca5-7889-4c70-b906-3a5a37b60274"}]}}},"user_settings":{"a03b888f-5426-4e4f-b5ef-bed855b162f0":{"role":"editor","value":{"id":"a03b888f-5426-4e4f-b5ef-bed855b162f0","version":10,"settings":{"type":"personal","persona":"personal","team_role":"unfilled","time_zone":"Asia/Tashkent","signup_time":1638259864507,"cookie_consent":{"id":"2c2f9260-c9a6-4097-bc19-30e5395dfb02","permission":{"necessary":true,"targeting":false,"preference":false,"performance":false}},"preferred_locale":"en-US","used_desktop_web_app":true,"seen_views_intro_modal":true,"preferred_locale_origin":"autodetect","seen_persona_collection":true}}}},"space_view":{"703440cc-f5cb-4f27-ba54-a9125a58e033":{"role":"editor","value":{"id":"703440cc-f5cb-4f27-ba54-a9125a58e033","version":31,"space_id":"d51d3ca5-7889-4c70-b906-3a5a37b60274","parent_id":"a03b888f-5426-4e4f-b5ef-bed855b162f0","parent_table":"user_root","alive":true,"notify_mobile":false,"notify_desktop":true,"notify_email":false,"visited_templates":["7e89f436-7aac-4f66-b0a6-6e65ec868d2a","88c9c2b0-d732-4342-8963-0580a4725571","ba43b46e-4ad3-47f7-95f0-58a3ba01476f","2dddc8c5-a711-4aa2-b5b3-ff952a49bcfa","b7572331-51ab-4ed5-a931-5a7d34b08bf0"],"sidebar_hidden_templates":["7e89f436-7aac-4f66-b0a6-6e65ec868d2a","88c9c2b0-d732-4342-8963-0580a4725571","ba43b46e-4ad3-47f7-95f0-58a3ba01476f","2dddc8c5-a711-4aa2-b5b3-ff952a49bcfa","b7572331-51ab-4ed5-a931-5a7d34b08bf0"],"created_getting_started":true,"created_onboarding_templates":true,"private_pages":["5585f343-8ea5-469b-8a90-a05987977424"],"joined":true,"settings":{"on_app_start":"first_page"}}}},"space":{"d51d3ca5-7889-4c70-b906-3a5a37b60274":{"role":"editor","value":{"id":"d51d3ca5-7889-4c70-b906-3a5a37b60274","version":4801,"name":"test_py","permissions":[{"role":"editor","type":"user_permission","user_id":"a03b888f-5426-4e4f-b5ef-bed855b162f0"}],"beta_enabled":false,"created_time":1638259881592,"last_edited_time":1652698380000,"created_by_table":"notion_user","created_by_id":"a03b888f-5426-4e4f-b5ef-bed855b162f0","last_edited_by_table":"notion_user","last_edited_by_id":"a03b888f-5426-4e4f-b5ef-bed855b162f0","plan_type":"personal","invite_link_enabled":true}}}}}'
    headers:
      Content-Type:
      - application/json; charset=utf-8
      Transfer-Encoding:
      - chunked
      content-length:
      - '2694'
    status:
      code: 200
      message: OK
- request:
    body: '{"operations": [{"id": "ac2ffe95-a91a-4865-8562-a89cc5f36a93", "path":
      [], "args": {"id": "ac2ffe95-a91a-4865-8562-a89cc5f36a93", "version": 1, "alive":
      true, "created_by_id": "a03b888f-5426-4e4f-b5ef-bed855b162f0", "created_by_table":
      "notion_user", "created_time": 1653142221701, "parent_id": "d51d3ca5-7889-4c70-b906-3a5a37b60274",
      "parent_table": "space", "type": "collection_view_page", "permissions": [{"role":
      "editor", "type": "user_permission", "user_id": "a03b888f-5426-4e4f-b5ef-bed855b162f0"}]},
      "command": "set", "table": "block"}, {"args": {"last_edited_by_id": "a03b888f-5426-4e4f-b5ef-bed855b162f0",
      "last_edited_by_table": "notion_user", "last_edited_time": 1653142221701}, "command":
      "update", "id": "ac2ffe95-a91a-4865-8562-a89cc5f36a93", "path": [], "table":
      "block"}, {"id": "d51d3ca5-7889-4c70-b906-3a5a37b60274", "path": ["pages"],
      "args": {"id": "ac2ffe95-a91a-4865-8562-a89cc5f36a93"}, "command": "listAfter",
      "table": "space"}, {"args": {"last_edited_by_id": "a03b888f-5426-4e4f-b5ef-bed855b162f0",
      "last_edited_by_table": "notion_user", "last_edited_time": 1653142221701}, "command":
      "update", "id": "ac2ffe95-a91a-4865-8562-a89cc5f36a93", "path": [], "table":
      "block"}]}'
    headers:
      Content-Length:
      - '1198'
      content-type:
      - application/json
      cookie:
      - PRIVATE
      x-notion-active-user-header:
      - a03b888f-5426-4e4f-b5ef-bed855b162f0
    method: POST
    uri: https://www.notion.so/api/v3/submitTransaction
  response:
    body:
      string: '{}'
    headers:
      Content-Length:
      - '2'
      Content-Type:
      - application/json; charset=utf-8
    status:
      code: 200
      message: OK
- request:
    body: '{"operations": [{"id": "b3958296-988e-49e6-b3f5-903b3b523a92", "path":
      [], "args": {"id": "b3958296-988e-49e6-b3f5-903b3b523a92", "version": 1, "alive":
      true, "created_by_id": "a03b888f-5426-4e4f-b5ef-bed855b162f0", "created_by_table":
      "notion_user", "created_time": 1653142222159, "parent_id": "ac2ffe95-a91a-4865-8562-a89cc5f36a93",
      "parent_table": "block", "schema": {"title": {"name": "a", "type": "title"},
      "BKUh": {"name": "b", "type": "text"}}}, "command": "set", "table": "collection"},
      {"id": "ac2ffe95-a91a-4865-8562-a89cc5f36a93", "path": ["content"], "args":
      {"id": "b3958296-988e-49e6-b3f5-903b3b523a92"}, "command": "listAfter", "table":
      "block"}, {"args": {"last_edited_by_id": "a03b888f-5426-4e4f-b5ef-bed855b162f0",
      "last_edited_by_table": "notion_user", "last_edited_time": 1653142222159}, "command":
      "update", "id": "ac2ffe95-a91a-4865-8562-a89cc5f36a93", "path": [], "table":
      "block"}, {"args": {"last_edited_by_id": "a03b888f-5426-4e4f-b5ef-bed855b162f0",
      "last_edited_by_table": "notion_user", "last_edited_time": 1653142222159}, "command":
      "update", "id": "ac2ffe95-a91a-4865-8562-a89cc5f36a93", "path": [], "table":
      "block"}]}'
    headers:
      Content-Length:
      - '1150'
      content-type:
      - application/json
      cookie:
      - PRIVATE
      x-notion-active-user-header:
      - a03b888f-5426-4e4f-b5ef-bed855b162f0
    method: POST
    uri: https://www.notion.so/api/v3/submitTransaction
  response:
    body:
      string: '{}'
    headers:
      Content-Length:
      - '2'
      Content-Type:
      - application/json; charset=utf-8
    status:
      code: 200
      message: OK
- request:
    body: '{"operations": [{"id": "ac2ffe95-a91a-4865-8562-a89cc5f36a93", "path":
      ["format", "collection_pointer", "id"], "args": "b3958296-988e-49e6-b3f5-903b3b523a92",
      "command": "set", "table": "block"}, {"args": {"last_edited_by_id": "a03b888f-5426-4e4f-b5ef-bed855b162f0",
      "last_edited_by_table": "notion_user", "last_edited_time": 1653142222525}, "command":
      "update", "id": "ac2ffe95-a91a-4865-8562-a89cc5f36a93", "path": [], "table":
      "block"}]}'
    headers:
      Content-Length:
      - '440'
      content-type:
      - application/json
      cookie:
      - PRIVATE
      x-notion-active-user-header:
      - a03b888f-5426-4e4f-b5ef-bed855b162f0
    method: POST
    uri: https://www.notion.so/api/v3/submitTransaction
  response:
    body:
      string: '{}'
    headers:
      Content-Length:
      - '2'
      Content-Type:
      - application/json; charset=utf-8
    status:
      code: 200
      message: OK
- request:
    body: '{"operations": [{"id": "9436d844-b186-4bf7-9aa1-5d0238279844", "path":
      [], "args": {"id": "9436d844-b186-4bf7-9aa1-5d0238279844", "version": 1, "alive":
      true, "created_by_id": "a03b888f-5426-4e4f-b5ef-bed855b162f0", "created_by_table":
      "notion_user", "created_time": 1653142222836, "parent_id": "ac2ffe95-a91a-4865-8562-a89cc5f36a93",
      "parent_table": "block", "type": "table"}, "command": "set", "table": "collection_view"},
      {"id": "ac2ffe95-a91a-4865-8562-a89cc5f36a93", "path": ["content"], "args":
      {"id": "9436d844-b186-4bf7-9aa1-5d0238279844"}, "command": "listAfter", "table":
      "block"}, {"args": {"last_edited_by_id": "a03b888f-5426-4e4f-b5ef-bed855b162f0",
      "last_edited_by_table": "notion_user", "last_edited_time": 1653142222836}, "command":
      "update", "id": "ac2ffe95-a91a-4865-8562-a89cc5f36a93", "path": [], "table":
      "block"}, {"args": {"last_edited_by_id": "a03b888f-5426-4e4f-b5ef-bed855b162f0",
      "last_edited_by_table": "notion_user", "last_edited_time": 1653142222836}, "command":
      "update", "id": "ac2ffe95-a91a-4865-8562-a89cc5f36a93", "path": [], "table":
      "block"}]}'
    headers:
      Content-Length:
      - '1080'
      content-type:
      - application/json
      cookie:
      - PRIVATE
      x-notion-active-user-header:
      - a03b888f-5426-4e4f-b5ef-bed855b162f0
    method: POST
    uri: https://www.notion.so/api/v3/submitTransaction
  response:
    body:
      string: '{}'
    headers:
      Content-Length:
      - '2'
      Content-Type:
      - application/json; charset=utf-8
    status:
      code: 200
      message: OK
- request:
    body: '{"operations": [{"id": "9436d844-b186-4bf7-9aa1-5d0238279844", "path":
      ["collection_id"], "args": "b3958296-988e-49e6-b3f5-903b3b523a92", "command":
      "set", "table": "collection_view"}]}'
    headers:
      Content-Length:
      - '185'
      content-type:
      - application/json
      cookie:
      - PRIVATE
      x-notion-active-user-header:
      - a03b888f-5426-4e4f-b5ef-bed855b162f0
    method: POST
    uri: https://www.notion.so/api/v3/submitTransaction
  response:
    body:
      string: '{}'
    headers:
      Content-Length:
      - '2'
      Content-Type:
      - application/json; charset=utf-8
    status:
      code: 200
      message: OK
- request:
    body: '{"operations": [{"id": "ac2ffe95-a91a-4865-8562-a89cc5f36a93", "path":
      ["view_ids"], "args": ["9436d844-b186-4bf7-9aa1-5d0238279844"], "command": "set",
      "table": "block"}, {"args": {"last_edited_by_id": "a03b888f-5426-4e4f-b5ef-bed855b162f0",
      "last_edited_by_table": "notion_user", "last_edited_time": 1653142224548}, "command":
      "update", "id": "ac2ffe95-a91a-4865-8562-a89cc5f36a93", "path": [], "table":
      "block"}]}'
    headers:
      Content-Length:
      - '416'
      content-type:
      - application/json
      cookie:
      - PRIVATE
      x-notion-active-user-header:
      - a03b888f-5426-4e4f-b5ef-bed855b162f0
    method: POST
    uri: https://www.notion.so/api/v3/submitTransaction
  response:
    body:
      string: '{}'
    headers:
      Content-Length:
      - '2'
      Content-Type:
      - application/json; charset=utf-8
    status:
      code: 200
      message: OK
- request:
    body: '{"operations": [{"id": "9436d844-b186-4bf7-9aa1-5d0238279844", "path":
      ["format", "table_properties"], "args": [{"visible": true, "property": "title"},
      {"visible": true, "property": "BKUh"}], "command": "set", "table": "collection_view"}]}'
    headers:
      Content-Length:
      - '239'
      content-type:
      - application/json
      cookie:
      - PRIVATE
      x-notion-active-user-header:
      - a03b888f-5426-4e4f-b5ef-bed855b162f0
    method: POST
    uri: https://www.notion.so/api/v3/submitTransaction
  response:
    body:
      string: '{}'
    headers:
      Content-Length:
      - '2'
      Content-Type:
      - application/json; charset=utf-8
    status:
      code: 200
      message: OK
- request:
    body: '{"operations": [{"id": "b3958296-988e-49e6-b3f5-903b3b523a92", "path":
      ["name"], "args": [["TESTING PAGE"]], "command": "set", "table": "collection"}]}'
    headers:
      Content-Length:
      - '151'
      content-type:
      - application/json
      cookie:
      - PRIVATE
      x-notion-active-user-header:
      - a03b888f-5426-4e4f-b5ef-bed855b162f0
    method: POST
    uri: https://www.notion.so/api/v3/submitTransaction
  response:
    body:
      string: '{}'
    headers:
      Content-Length:
      - '2'
      Content-Type:
      - application/json; charset=utf-8
    status:
      code: 200
      message: OK
- request:
    body: '{}'
    headers:
      Content-Length:
      - '2'
      content-type:
      - application/json
      cookie:
      - PRIVATE
    method: POST
    uri: https://www.notion.so/api/v3/loadUserContent
  response:
    body:
      string: '{"recordMap":{"notion_user":{"a03b888f-5426-4e4f-b5ef-bed855b162f0":{"role":"editor","value":{"id":"a03b888f-5426-4e4f-b5ef-bed855b162f0","version":7,"email":"test_py_notion@protonmail.com","onboarding_completed":true,"name":"test_py"}}},"user_root":{"a03b888f-5426-4e4f-b5ef-bed855b162f0":{"role":"editor","value":{"id":"a03b888f-5426-4e4f-b5ef-bed855b162f0","version":3,"space_views":["703440cc-f5cb-4f27-ba54-a9125a58e033"],"space_view_pointers":[{"id":"703440cc-f5cb-4f27-ba54-a9125a58e033","table":"space_view","spaceId":"d51d3ca5-7889-4c70-b906-3a5a37b60274"}]}}},"user_settings":{"a03b888f-5426-4e4f-b5ef-bed855b162f0":{"role":"editor","value":{"id":"a03b888f-5426-4e4f-b5ef-bed855b162f0","version":10,"settings":{"type":"personal","persona":"personal","team_role":"unfilled","time_zone":"Asia/Tashkent","signup_time":1638259864507,"cookie_consent":{"id":"2c2f9260-c9a6-4097-bc19-30e5395dfb02","permission":{"necessary":true,"targeting":false,"preference":false,"performance":false}},"preferred_locale":"en-US","used_desktop_web_app":true,"seen_views_intro_modal":true,"preferred_locale_origin":"autodetect","seen_persona_collection":true}}}},"space_view":{"703440cc-f5cb-4f27-ba54-a9125a58e033":{"role":"editor","value":{"id":"703440cc-f5cb-4f27-ba54-a9125a58e033","version":31,"space_id":"d51d3ca5-7889-4c70-b906-3a5a37b60274","parent_id":"a03b888f-5426-4e4f-b5ef-bed855b162f0","parent_table":"user_root","alive":true,"notify_mobile":false,"notify_desktop":true,"notify_email":false,"visited_templates":["7e89f436-7aac-4f66-b0a6-6e65ec868d2a","88c9c2b0-d732-4342-8963-0580a4725571","ba43b46e-4ad3-47f7-95f0-58a3ba01476f","2dddc8c5-a711-4aa2-b5b3-ff952a49bcfa","b7572331-51ab-4ed5-a931-5a7d34b08bf0"],"sidebar_hidden_templates":["7e89f436-7aac-4f66-b0a6-6e65ec868d2a","88c9c2b0-d732-4342-8963-0580a4725571","ba43b46e-4ad3-47f7-95f0-58a3ba01476f","2dddc8c5-a711-4aa2-b5b3-ff952a49bcfa","b7572331-51ab-4ed5-a931-5a7d34b08bf0"],"created_getting_started":true,"created_onboarding_templates":true,"private_pages":["5585f343-8ea5-469b-8a90-a05987977424"],"joined":true,"settings":{"on_app_start":"first_page"}}}},"space":{"d51d3ca5-7889-4c70-b906-3a5a37b60274":{"role":"editor","value":{"id":"d51d3ca5-7889-4c70-b906-3a5a37b60274","version":4802,"name":"test_py","permissions":[{"role":"editor","type":"user_permission","user_id":"a03b888f-5426-4e4f-b5ef-bed855b162f0"}],"beta_enabled":false,"pages":["ac2ffe95-a91a-4865-8562-a89cc5f36a93"],"created_time":1638259881592,"last_edited_time":1652698380000,"created_by_table":"notion_user","created_by_id":"a03b888f-5426-4e4f-b5ef-bed855b162f0","last_edited_by_table":"notion_user","last_edited_by_id":"a03b888f-5426-4e4f-b5ef-bed855b162f0","plan_type":"personal","invite_link_enabled":true}}},"block":{"ac2ffe95-a91a-4865-8562-a89cc5f36a93":{"role":"editor","value":{"id":"ac2ffe95-a91a-4865-8562-a89cc5f36a93","version":13,"type":"collection_view_page","content":["b3958296-988e-49e6-b3f5-903b3b523a92","9436d844-b186-4bf7-9aa1-5d0238279844"],"view_ids":["9436d844-b186-4bf7-9aa1-5d0238279844"],"format":{"collection_pointer":{"id":"b3958296-988e-49e6-b3f5-903b3b523a92","table":"collection","spaceId":"d51d3ca5-7889-4c70-b906-3a5a37b60274"}},"permissions":[{"role":"editor","type":"user_permission","user_id":"a03b888f-5426-4e4f-b5ef-bed855b162f0"}],"created_time":1653142221701,"last_edited_time":1653142224548,"parent_id":"d51d3ca5-7889-4c70-b906-3a5a37b60274","parent_table":"space","alive":true,"created_by_table":"notion_user","created_by_id":"a03b888f-5426-4e4f-b5ef-bed855b162f0","last_edited_by_table":"notion_user","last_edited_by_id":"a03b888f-5426-4e4f-b5ef-bed855b162f0","space_id":"d51d3ca5-7889-4c70-b906-3a5a37b60274"}}},"collection":{"b3958296-988e-49e6-b3f5-903b3b523a92":{"role":"editor","value":{"id":"b3958296-988e-49e6-b3f5-903b3b523a92","version":2,"name":[["TESTING
        PAGE"]],"schema":{"BKUh":{"name":"b","type":"text"},"title":{"name":"a","type":"title"}},"parent_id":"ac2ffe95-a91a-4865-8562-a89cc5f36a93","parent_table":"block","alive":true,"migrated":true,"space_id":"d51d3ca5-7889-4c70-b906-3a5a37b60274"}}}}}'
    headers:
      Content-Type:
      - application/json; charset=utf-8
      Transfer-Encoding:
      - chunked
      content-length:
      - '4086'
    status:
      code: 200
      message: OK
- request:
    body: '{"requests": [{"table": "collection_view", "id": "9436d844-b186-4bf7-9aa1-5d0238279844"}]}'
    headers:
      Content-Length:
      - '90'
      content-type:
      - application/json
      cookie:
      - PRIVATE
      x-notion-active-user-header:
      - a03b888f-5426-4e4f-b5ef-bed855b162f0
    method: POST
    uri: https://www.notion.so/api/v3/getRecordValues
  response:
    body:
      string: '{"results":[{"role":"editor","value":{"id":"9436d844-b186-4bf7-9aa1-5d0238279844","version":3,"type":"table","format":{"table_properties":[{"visible":true,"property":"title"},{"visible":true,"property":"BKUh"}]},"parent_id":"ac2ffe95-a91a-4865-8562-a89cc5f36a93","parent_table":"block","alive":true,"space_id":"d51d3ca5-7889-4c70-b906-3a5a37b60274","created_time":1653142222836,"created_by_table":"notion_user","created_by_id":"a03b888f-5426-4e4f-b5ef-bed855b162f0"}}],"recordMapWithRoles":{"collection_view":{"9436d844-b186-4bf7-9aa1-5d0238279844":{"role":"editor","value":{"id":"9436d844-b186-4bf7-9aa1-5d0238279844","version":3,"type":"table","format":{"table_properties":[{"visible":true,"property":"title"},{"visible":true,"property":"BKUh"}]},"parent_id":"ac2ffe95-a91a-4865-8562-a89cc5f36a93","parent_table":"block","alive":true,"space_id":"d51d3ca5-7889-4c70-b906-3a5a37b60274","created_time":1653142222836,"created_by_table":"notion_user","created_by_id":"a03b888f-5426-4e4f-b5ef-bed855b162f0"}}},"block":{"ac2ffe95-a91a-4865-8562-a89cc5f36a93":{"role":"editor","value":{"id":"ac2ffe95-a91a-4865-8562-a89cc5f36a93","version":13,"type":"collection_view_page","content":["b3958296-988e-49e6-b3f5-903b3b523a92","9436d844-b186-4bf7-9aa1-5d0238279844"],"view_ids":["9436d844-b186-4bf7-9aa1-5d0238279844"],"format":{"collection_pointer":{"id":"b3958296-988e-49e6-b3f5-903b3b523a92","table":"collection","spaceId":"d51d3ca5-7889-4c70-b906-3a5a37b60274"}},"permissions":[{"role":"editor","type":"user_permission","user_id":"a03b888f-5426-4e4f-b5ef-bed855b162f0"}],"created_time":1653142221701,"last_edited_time":1653142224548,"parent_id":"d51d3ca5-7889-4c70-b906-3a5a37b60274","parent_table":"space","alive":true,"created_by_table":"notion_user","created_by_id":"a03b888f-5426-4e4f-b5ef-bed855b162f0","last_edited_by_table":"notion_user","last_edited_by_id":"a03b888f-5426-4e4f-b5ef-bed855b162f0","space_id":"d51d3ca5-7889-4c70-b906-3a5a37b60274"}}},"space":{"d51d3ca5-7889-4c70-b906-3a5a37b60274":{"role":"editor","value":{"id":"d51d3ca5-7889-4c70-b906-3a5a37b60274","version":4802,"name":"test_py","permissions":[{"role":"editor","type":"user_permission","user_id":"a03b888f-5426-4e4f-b5ef-bed855b162f0"}],"beta_enabled":false,"pages":["ac2ffe95-a91a-4865-8562-a89cc5f36a93"],"created_time":1638259881592,"last_edited_time":1652698380000,"created_by_table":"notion_user","created_by_id":"a03b888f-5426-4e4f-b5ef-bed855b162f0","last_edited_by_table":"notion_user","last_edited_by_id":"a03b888f-5426-4e4f-b5ef-bed855b162f0","plan_type":"personal","invite_link_enabled":true}}}}}'
    headers:
      Content-Type:
      - application/json; charset=utf-8
      Transfer-Encoding:
      - chunked
      content-length:
      - '2579'
    status:
      code: 200
      message: OK
- request:
    body: '{"collection": {"id": "b3958296-988e-49e6-b3f5-903b3b523a92", "spaceId":
      "d51d3ca5-7889-4c70-b906-3a5a37b60274"}, "collectionView": {"id": "9436d844-b186-4bf7-9aa1-5d0238279844",
      "spaceId": "d51d3ca5-7889-4c70-b906-3a5a37b60274"}, "loader": {"reducers": {"table:uncategorized:title:count":
      {"aggregation": {"aggregator": "count", "property": "title"}, "type": "aggregation"}},
      "searchQuery": "", "sort": [], "userTimeZone": "Asia/Tashkent", "type": "reducer"}}'
    headers:
      Content-Length:
      - '460'
      content-type:
      - application/json
      cookie:
      - PRIVATE
      x-notion-active-user-header:
      - a03b888f-5426-4e4f-b5ef-bed855b162f0
    method: POST
    uri: https://www.notion.so/api/v3/queryCollection
  response:
    body:
      string: '{"result":{"type":"reducer","reducerResults":{"table:uncategorized:title:count":{"type":"aggregation","aggregationResult":{"type":"number","value":0}}}},"recordMap":{}}'
    headers:
      Content-Type:
      - application/json; charset=utf-8
      Transfer-Encoding:
      - chunked
      content-encoding:
      - undefined
    status:
      code: 200
      message: OK
- request:
    body: '{"collection": {"id": "b3958296-988e-49e6-b3f5-903b3b523a92", "spaceId":
      "d51d3ca5-7889-4c70-b906-3a5a37b60274"}, "collectionView": {"id": "9436d844-b186-4bf7-9aa1-5d0238279844",
      "spaceId": "d51d3ca5-7889-4c70-b906-3a5a37b60274"}, "loader": {"reducers": {"collection_group_results":
      {"limit": 0, "type": "results"}}, "searchQuery": "", "sort": [], "userTimeZone":
      "Asia/Tashkent", "type": "reducer"}}'
    headers:
      Content-Length:
      - '400'
      content-type:
      - application/json
      cookie:
      - PRIVATE
      x-notion-active-user-header:
      - a03b888f-5426-4e4f-b5ef-bed855b162f0
    method: POST
    uri: https://www.notion.so/api/v3/queryCollection
  response:
    body:
      string: '{"result":{"type":"reducer","reducerResults":{"collection_group_results":{"type":"results","blockIds":[],"hasMore":false}}},"recordMap":{}}'
    headers:
      Content-Type:
      - application/json; charset=utf-8
      Transfer-Encoding:
      - chunked
      content-encoding:
      - undefined
    status:
      code: 200
      message: OK
- request:
    body: '{"operations": [{"id": "f8ff65e5-2628-4fa4-a61a-2ef1d771d6c3", "path":
      [], "args": {"id": "f8ff65e5-2628-4fa4-a61a-2ef1d771d6c3", "version": 1, "alive":
      true, "created_by_id": "a03b888f-5426-4e4f-b5ef-bed855b162f0", "created_by_table":
      "notion_user", "created_time": 1653142228077, "parent_id": "b3958296-988e-49e6-b3f5-903b3b523a92",
      "parent_table": "collection", "type": "page"}, "command": "set", "table": "block"},
      {"args": {"last_edited_by_id": "a03b888f-5426-4e4f-b5ef-bed855b162f0", "last_edited_by_table":
      "notion_user", "last_edited_time": 1653142228077}, "command": "update", "id":
      "f8ff65e5-2628-4fa4-a61a-2ef1d771d6c3", "path": [], "table": "block"}, {"args":
      {"last_edited_by_id": "a03b888f-5426-4e4f-b5ef-bed855b162f0", "last_edited_by_table":
      "notion_user", "last_edited_time": 1653142228077}, "command": "update", "id":
      "f8ff65e5-2628-4fa4-a61a-2ef1d771d6c3", "path": [], "table": "block"}]}'
    headers:
      Content-Length:
      - '907'
      content-type:
      - application/json
      cookie:
      - PRIVATE
      x-notion-active-user-header:
      - a03b888f-5426-4e4f-b5ef-bed855b162f0
    method: POST
    uri: https://www.notion.so/api/v3/submitTransaction
  response:
    body:
      string: '{}'
    headers:
      Content-Length:
      - '2'
      Content-Type:
      - application/json; charset=utf-8
    status:
      code: 200
      message: OK
- request:
    body: '{"operations": [{"id": "f8ff65e5-2628-4fa4-a61a-2ef1d771d6c3", "path":
      ["properties", "meta", "icon"], "args": {"type": "url", "url": "https://via.placeholder.com/100"},
      "command": "set", "table": "block"}, {"args": {"last_edited_by_id": "a03b888f-5426-4e4f-b5ef-bed855b162f0",
      "last_edited_by_table": "notion_user", "last_edited_time": 1653142228462}, "command":
      "update", "id": "f8ff65e5-2628-4fa4-a61a-2ef1d771d6c3", "path": [], "table":
      "block"}, {"id": "f8ff65e5-2628-4fa4-a61a-2ef1d771d6c3", "path": ["format",
      "page_icon"], "args": "https://via.placeholder.com/100", "command": "set", "table":
      "block"}, {"args": {"last_edited_by_id": "a03b888f-5426-4e4f-b5ef-bed855b162f0",
      "last_edited_by_table": "notion_user", "last_edited_time": 1653142228462}, "command":
      "update", "id": "f8ff65e5-2628-4fa4-a61a-2ef1d771d6c3", "path": [], "table":
      "block"}, {"id": "f8ff65e5-2628-4fa4-a61a-2ef1d771d6c3", "path": ["properties",
      "title"], "args": [["a"]], "command": "set", "table": "block"}, {"args": {"last_edited_by_id":
      "a03b888f-5426-4e4f-b5ef-bed855b162f0", "last_edited_by_table": "notion_user",
      "last_edited_time": 1653142228462}, "command": "update", "id": "f8ff65e5-2628-4fa4-a61a-2ef1d771d6c3",
      "path": [], "table": "block"}, {"id": "f8ff65e5-2628-4fa4-a61a-2ef1d771d6c3",
      "path": ["properties", "BKUh"], "args": [["b"]], "command": "set", "table":
      "block"}, {"args": {"last_edited_by_id": "a03b888f-5426-4e4f-b5ef-bed855b162f0",
      "last_edited_by_table": "notion_user", "last_edited_time": 1653142228462}, "command":
      "update", "id": "f8ff65e5-2628-4fa4-a61a-2ef1d771d6c3", "path": [], "table":
      "block"}, {"id": "9436d844-b186-4bf7-9aa1-5d0238279844", "path": ["page_sort"],
      "args": ["f8ff65e5-2628-4fa4-a61a-2ef1d771d6c3"], "command": "set", "table":
      "collection_view"}, {"args": {"last_edited_by_id": "a03b888f-5426-4e4f-b5ef-bed855b162f0",
      "last_edited_by_table": "notion_user", "last_edited_time": 1653142228462}, "command":
      "update", "id": "f8ff65e5-2628-4fa4-a61a-2ef1d771d6c3", "path": [], "table":
      "block"}]}'
    headers:
      Content-Length:
      - '2021'
      content-type:
      - application/json
      cookie:
      - PRIVATE
      x-notion-active-user-header:
      - a03b888f-5426-4e4f-b5ef-bed855b162f0
    method: POST
    uri: https://www.notion.so/api/v3/submitTransaction
  response:
    body:
      string: '{}'
    headers:
      Content-Length:
      - '2'
      Content-Type:
      - application/json; charset=utf-8
    status:
      code: 200
      message: OK
- request:
    body: '{"collection": {"id": "b3958296-988e-49e6-b3f5-903b3b523a92", "spaceId":
      "d51d3ca5-7889-4c70-b906-3a5a37b60274"}, "collectionView": {"id": "9436d844-b186-4bf7-9aa1-5d0238279844",
      "spaceId": "d51d3ca5-7889-4c70-b906-3a5a37b60274"}, "loader": {"reducers": {"table:uncategorized:title:count":
      {"aggregation": {"aggregator": "count", "property": "title"}, "type": "aggregation"}},
      "searchQuery": "", "sort": [], "userTimeZone": "Asia/Tashkent", "type": "reducer"}}'
    headers:
      Content-Length:
      - '460'
      content-type:
      - application/json
      cookie:
      - PRIVATE
      x-notion-active-user-header:
      - a03b888f-5426-4e4f-b5ef-bed855b162f0
    method: POST
    uri: https://www.notion.so/api/v3/queryCollection
  response:
    body:
      string: '{"result":{"type":"reducer","reducerResults":{"table:uncategorized:title:count":{"type":"aggregation","aggregationResult":{"type":"number","value":1}}}},"recordMap":{}}'
    headers:
      Content-Type:
      - application/json; charset=utf-8
      Transfer-Encoding:
      - chunked
      content-encoding:
      - undefined
    status:
      code: 200
      message: OK
- request:
    body: '{"collection": {"id": "b3958296-988e-49e6-b3f5-903b3b523a92", "spaceId":
      "d51d3ca5-7889-4c70-b906-3a5a37b60274"}, "collectionView": {"id": "9436d844-b186-4bf7-9aa1-5d0238279844",
      "spaceId": "d51d3ca5-7889-4c70-b906-3a5a37b60274"}, "loader": {"reducers": {"collection_group_results":
      {"limit": 1, "type": "results"}}, "searchQuery": "", "sort": [], "userTimeZone":
      "Asia/Tashkent", "type": "reducer"}}'
    headers:
      Content-Length:
      - '400'
      content-type:
      - application/json
      cookie:
      - PRIVATE
      x-notion-active-user-header:
      - a03b888f-5426-4e4f-b5ef-bed855b162f0
    method: POST
    uri: https://www.notion.so/api/v3/queryCollection
  response:
    body:
      string: '{"result":{"type":"reducer","reducerResults":{"collection_group_results":{"type":"results","blockIds":["f8ff65e5-2628-4fa4-a61a-2ef1d771d6c3"],"hasMore":false}}},"recordMap":{"block":{"f8ff65e5-2628-4fa4-a61a-2ef1d771d6c3":{"role":"editor","value":{"id":"f8ff65e5-2628-4fa4-a61a-2ef1d771d6c3","version":12,"type":"page","properties":{"BKUh":[["b"]],"meta":{"icon":{"url":"https://via.placeholder.com/100","type":"url"}},"title":[["a"]]},"format":{"page_icon":"https://via.placeholder.com/100"},"created_time":1653142228077,"last_edited_time":1653142228462,"parent_id":"b3958296-988e-49e6-b3f5-903b3b523a92","parent_table":"collection","alive":true,"created_by_table":"notion_user","created_by_id":"a03b888f-5426-4e4f-b5ef-bed855b162f0","last_edited_by_table":"notion_user","last_edited_by_id":"a03b888f-5426-4e4f-b5ef-bed855b162f0","space_id":"d51d3ca5-7889-4c70-b906-3a5a37b60274"}},"ac2ffe95-a91a-4865-8562-a89cc5f36a93":{"role":"editor","value":{"id":"ac2ffe95-a91a-4865-8562-a89cc5f36a93","version":13,"type":"collection_view_page","content":["b3958296-988e-49e6-b3f5-903b3b523a92","9436d844-b186-4bf7-9aa1-5d0238279844"],"view_ids":["9436d844-b186-4bf7-9aa1-5d0238279844"],"format":{"collection_pointer":{"id":"b3958296-988e-49e6-b3f5-903b3b523a92","table":"collection","spaceId":"d51d3ca5-7889-4c70-b906-3a5a37b60274"}},"permissions":[{"role":"editor","type":"user_permission","user_id":"a03b888f-5426-4e4f-b5ef-bed855b162f0"}],"created_time":1653142221701,"last_edited_time":1653142224548,"parent_id":"d51d3ca5-7889-4c70-b906-3a5a37b60274","parent_table":"space","alive":true,"created_by_table":"notion_user","created_by_id":"a03b888f-5426-4e4f-b5ef-bed855b162f0","last_edited_by_table":"notion_user","last_edited_by_id":"a03b888f-5426-4e4f-b5ef-bed855b162f0","space_id":"d51d3ca5-7889-4c70-b906-3a5a37b60274"}}},"collection":{"b3958296-988e-49e6-b3f5-903b3b523a92":{"role":"editor","value":{"id":"b3958296-988e-49e6-b3f5-903b3b523a92","version":2,"name":[["TESTING
        PAGE"]],"schema":{"BKUh":{"name":"b","type":"text"},"title":{"name":"a","type":"title"}},"parent_id":"ac2ffe95-a91a-4865-8562-a89cc5f36a93","parent_table":"block","alive":true,"migrated":true,"space_id":"d51d3ca5-7889-4c70-b906-3a5a37b60274"}}},"space":{"d51d3ca5-7889-4c70-b906-3a5a37b60274":{"role":"editor","value":{"id":"d51d3ca5-7889-4c70-b906-3a5a37b60274","version":4802,"name":"test_py","permissions":[{"role":"editor","type":"user_permission","user_id":"a03b888f-5426-4e4f-b5ef-bed855b162f0"}],"beta_enabled":false,"pages":["ac2ffe95-a91a-4865-8562-a89cc5f36a93"],"created_time":1638259881592,"last_edited_time":1652698380000,"created_by_table":"notion_user","created_by_id":"a03b888f-5426-4e4f-b5ef-bed855b162f0","last_edited_by_table":"notion_user","last_edited_by_id":"a03b888f-5426-4e4f-b5ef-bed855b162f0","plan_type":"personal","invite_link_enabled":true}}}}}'
    headers:
      Content-Type:
      - application/json; charset=utf-8
      Transfer-Encoding:
      - chunked
      content-length:
      - '2846'
    status:
      code: 200
      message: OK
- request:
    body: '{"page": {"id": "ac2ffe95-a91a-4865-8562-a89cc5f36a93"}, "limit": 100,
      "cursor": {"stack": []}, "chunkNumber": 0, "verticalColumns": false}'
    headers:
      Content-Length:
      - '139'
      content-type:
      - application/json
      cookie:
      - PRIVATE
      x-notion-active-user-header:
      - a03b888f-5426-4e4f-b5ef-bed855b162f0
    method: POST
    uri: https://www.notion.so/api/v3/loadPageChunk
  response:
    body:
      string: '{"cursor":{"stack":[]},"recordMap":{"block":{"ac2ffe95-a91a-4865-8562-a89cc5f36a93":{"role":"editor","value":{"id":"ac2ffe95-a91a-4865-8562-a89cc5f36a93","version":13,"type":"collection_view_page","content":["b3958296-988e-49e6-b3f5-903b3b523a92","9436d844-b186-4bf7-9aa1-5d0238279844"],"view_ids":["9436d844-b186-4bf7-9aa1-5d0238279844"],"format":{"collection_pointer":{"id":"b3958296-988e-49e6-b3f5-903b3b523a92","table":"collection","spaceId":"d51d3ca5-7889-4c70-b906-3a5a37b60274"}},"permissions":[{"role":"editor","type":"user_permission","user_id":"a03b888f-5426-4e4f-b5ef-bed855b162f0"}],"created_time":1653142221701,"last_edited_time":1653142224548,"parent_id":"d51d3ca5-7889-4c70-b906-3a5a37b60274","parent_table":"space","alive":true,"created_by_table":"notion_user","created_by_id":"a03b888f-5426-4e4f-b5ef-bed855b162f0","last_edited_by_table":"notion_user","last_edited_by_id":"a03b888f-5426-4e4f-b5ef-bed855b162f0","space_id":"d51d3ca5-7889-4c70-b906-3a5a37b60274"}}},"space":{"d51d3ca5-7889-4c70-b906-3a5a37b60274":{"role":"editor","value":{"id":"d51d3ca5-7889-4c70-b906-3a5a37b60274","version":4802,"name":"test_py","permissions":[{"role":"editor","type":"user_permission","user_id":"a03b888f-5426-4e4f-b5ef-bed855b162f0"}],"beta_enabled":false,"pages":["ac2ffe95-a91a-4865-8562-a89cc5f36a93"],"created_time":1638259881592,"last_edited_time":1652698380000,"created_by_table":"notion_user","created_by_id":"a03b888f-5426-4e4f-b5ef-bed855b162f0","last_edited_by_table":"notion_user","last_edited_by_id":"a03b888f-5426-4e4f-b5ef-bed855b162f0","plan_type":"personal","invite_link_enabled":true}}},"collection":{"b3958296-988e-49e6-b3f5-903b3b523a92":{"role":"editor","value":{"id":"b3958296-988e-49e6-b3f5-903b3b523a92","version":2,"name":[["TESTING
        PAGE"]],"schema":{"BKUh":{"name":"b","type":"text"},"title":{"name":"a","type":"title"}},"parent_id":"ac2ffe95-a91a-4865-8562-a89cc5f36a93","parent_table":"block","alive":true,"migrated":true,"space_id":"d51d3ca5-7889-4c70-b906-3a5a37b60274"}}},"collection_view":{"9436d844-b186-4bf7-9aa1-5d0238279844":{"role":"editor","value":{"id":"9436d844-b186-4bf7-9aa1-5d0238279844","version":4,"type":"table","format":{"table_properties":[{"visible":true,"property":"title"},{"visible":true,"property":"BKUh"}]},"parent_id":"ac2ffe95-a91a-4865-8562-a89cc5f36a93","parent_table":"block","alive":true,"page_sort":["f8ff65e5-2628-4fa4-a61a-2ef1d771d6c3"],"space_id":"d51d3ca5-7889-4c70-b906-3a5a37b60274","created_time":1653142222836,"created_by_table":"notion_user","created_by_id":"a03b888f-5426-4e4f-b5ef-bed855b162f0"}}}}}'
    headers:
      Content-Type:
      - application/json; charset=utf-8
      Transfer-Encoding:
      - chunked
      content-length:
      - '2575'
    status:
      code: 200
      message: OK
- request:
    body: '{}'
    headers:
      Content-Length:
      - '2'
      content-type:
      - application/json
      cookie:
      - PRIVATE
    method: POST
    uri: https://www.notion.so/api/v3/loadUserContent
  response:
    body:
      string: '{"recordMap":{"notion_user":{"a03b888f-5426-4e4f-b5ef-bed855b162f0":{"role":"editor","value":{"id":"a03b888f-5426-4e4f-b5ef-bed855b162f0","version":7,"email":"test_py_notion@protonmail.com","onboarding_completed":true,"name":"test_py"}}},"user_root":{"a03b888f-5426-4e4f-b5ef-bed855b162f0":{"role":"editor","value":{"id":"a03b888f-5426-4e4f-b5ef-bed855b162f0","version":3,"space_views":["703440cc-f5cb-4f27-ba54-a9125a58e033"],"space_view_pointers":[{"id":"703440cc-f5cb-4f27-ba54-a9125a58e033","table":"space_view","spaceId":"d51d3ca5-7889-4c70-b906-3a5a37b60274"}]}}},"user_settings":{"a03b888f-5426-4e4f-b5ef-bed855b162f0":{"role":"editor","value":{"id":"a03b888f-5426-4e4f-b5ef-bed855b162f0","version":10,"settings":{"type":"personal","persona":"personal","team_role":"unfilled","time_zone":"Asia/Tashkent","signup_time":1638259864507,"cookie_consent":{"id":"2c2f9260-c9a6-4097-bc19-30e5395dfb02","permission":{"necessary":true,"targeting":false,"preference":false,"performance":false}},"preferred_locale":"en-US","used_desktop_web_app":true,"seen_views_intro_modal":true,"preferred_locale_origin":"autodetect","seen_persona_collection":true}}}},"space_view":{"703440cc-f5cb-4f27-ba54-a9125a58e033":{"role":"editor","value":{"id":"703440cc-f5cb-4f27-ba54-a9125a58e033","version":31,"space_id":"d51d3ca5-7889-4c70-b906-3a5a37b60274","parent_id":"a03b888f-5426-4e4f-b5ef-bed855b162f0","parent_table":"user_root","alive":true,"notify_mobile":false,"notify_desktop":true,"notify_email":false,"visited_templates":["7e89f436-7aac-4f66-b0a6-6e65ec868d2a","88c9c2b0-d732-4342-8963-0580a4725571","ba43b46e-4ad3-47f7-95f0-58a3ba01476f","2dddc8c5-a711-4aa2-b5b3-ff952a49bcfa","b7572331-51ab-4ed5-a931-5a7d34b08bf0"],"sidebar_hidden_templates":["7e89f436-7aac-4f66-b0a6-6e65ec868d2a","88c9c2b0-d732-4342-8963-0580a4725571","ba43b46e-4ad3-47f7-95f0-58a3ba01476f","2dddc8c5-a711-4aa2-b5b3-ff952a49bcfa","b7572331-51ab-4ed5-a931-5a7d34b08bf0"],"created_getting_started":true,"created_onboarding_templates":true,"private_pages":["5585f343-8ea5-469b-8a90-a05987977424"],"joined":true,"settings":{"on_app_start":"first_page"}}}},"space":{"d51d3ca5-7889-4c70-b906-3a5a37b60274":{"role":"editor","value":{"id":"d51d3ca5-7889-4c70-b906-3a5a37b60274","version":4802,"name":"test_py","permissions":[{"role":"editor","type":"user_permission","user_id":"a03b888f-5426-4e4f-b5ef-bed855b162f0"}],"beta_enabled":false,"pages":["ac2ffe95-a91a-4865-8562-a89cc5f36a93"],"created_time":1638259881592,"last_edited_time":1652698380000,"created_by_table":"notion_user","created_by_id":"a03b888f-5426-4e4f-b5ef-bed855b162f0","last_edited_by_table":"notion_user","last_edited_by_id":"a03b888f-5426-4e4f-b5ef-bed855b162f0","plan_type":"personal","invite_link_enabled":true}}},"block":{"ac2ffe95-a91a-4865-8562-a89cc5f36a93":{"role":"editor","value":{"id":"ac2ffe95-a91a-4865-8562-a89cc5f36a93","version":13,"type":"collection_view_page","content":["b3958296-988e-49e6-b3f5-903b3b523a92","9436d844-b186-4bf7-9aa1-5d0238279844"],"view_ids":["9436d844-b186-4bf7-9aa1-5d0238279844"],"format":{"collection_pointer":{"id":"b3958296-988e-49e6-b3f5-903b3b523a92","table":"collection","spaceId":"d51d3ca5-7889-4c70-b906-3a5a37b60274"}},"permissions":[{"role":"editor","type":"user_permission","user_id":"a03b888f-5426-4e4f-b5ef-bed855b162f0"}],"created_time":1653142221701,"last_edited_time":1653142224548,"parent_id":"d51d3ca5-7889-4c70-b906-3a5a37b60274","parent_table":"space","alive":true,"created_by_table":"notion_user","created_by_id":"a03b888f-5426-4e4f-b5ef-bed855b162f0","last_edited_by_table":"notion_user","last_edited_by_id":"a03b888f-5426-4e4f-b5ef-bed855b162f0","space_id":"d51d3ca5-7889-4c70-b906-3a5a37b60274"}}},"collection":{"b3958296-988e-49e6-b3f5-903b3b523a92":{"role":"editor","value":{"id":"b3958296-988e-49e6-b3f5-903b3b523a92","version":2,"name":[["TESTING
        PAGE"]],"schema":{"BKUh":{"name":"b","type":"text"},"title":{"name":"a","type":"title"}},"parent_id":"ac2ffe95-a91a-4865-8562-a89cc5f36a93","parent_table":"block","alive":true,"migrated":true,"space_id":"d51d3ca5-7889-4c70-b906-3a5a37b60274"}}}}}'
    headers:
      Content-Type:
      - application/json; charset=utf-8
      Transfer-Encoding:
      - chunked
      content-length:
      - '4086'
    status:
      code: 200
      message: OK
- request:
    body: '{"page": {"id": "ac2ffe95-a91a-4865-8562-a89cc5f36a93"}, "limit": 100,
      "cursor": {"stack": []}, "chunkNumber": 0, "verticalColumns": false}'
    headers:
      Content-Length:
      - '139'
      content-type:
      - application/json
      cookie:
      - PRIVATE
      x-notion-active-user-header:
      - a03b888f-5426-4e4f-b5ef-bed855b162f0
    method: POST
    uri: https://www.notion.so/api/v3/loadPageChunk
  response:
    body:
      string: '{"cursor":{"stack":[]},"recordMap":{"block":{"ac2ffe95-a91a-4865-8562-a89cc5f36a93":{"role":"editor","value":{"id":"ac2ffe95-a91a-4865-8562-a89cc5f36a93","version":13,"type":"collection_view_page","content":["b3958296-988e-49e6-b3f5-903b3b523a92","9436d844-b186-4bf7-9aa1-5d0238279844"],"view_ids":["9436d844-b186-4bf7-9aa1-5d0238279844"],"format":{"collection_pointer":{"id":"b3958296-988e-49e6-b3f5-903b3b523a92","table":"collection","spaceId":"d51d3ca5-7889-4c70-b906-3a5a37b60274"}},"permissions":[{"role":"editor","type":"user_permission","user_id":"a03b888f-5426-4e4f-b5ef-bed855b162f0"}],"created_time":1653142221701,"last_edited_time":1653142224548,"parent_id":"d51d3ca5-7889-4c70-b906-3a5a37b60274","parent_table":"space","alive":true,"created_by_table":"notion_user","created_by_id":"a03b888f-5426-4e4f-b5ef-bed855b162f0","last_edited_by_table":"notion_user","last_edited_by_id":"a03b888f-5426-4e4f-b5ef-bed855b162f0","space_id":"d51d3ca5-7889-4c70-b906-3a5a37b60274"}}},"space":{"d51d3ca5-7889-4c70-b906-3a5a37b60274":{"role":"editor","value":{"id":"d51d3ca5-7889-4c70-b906-3a5a37b60274","version":4802,"name":"test_py","permissions":[{"role":"editor","type":"user_permission","user_id":"a03b888f-5426-4e4f-b5ef-bed855b162f0"}],"beta_enabled":false,"pages":["ac2ffe95-a91a-4865-8562-a89cc5f36a93"],"created_time":1638259881592,"last_edited_time":1652698380000,"created_by_table":"notion_user","created_by_id":"a03b888f-5426-4e4f-b5ef-bed855b162f0","last_edited_by_table":"notion_user","last_edited_by_id":"a03b888f-5426-4e4f-b5ef-bed855b162f0","plan_type":"personal","invite_link_enabled":true}}},"collection_view":{"9436d844-b186-4bf7-9aa1-5d0238279844":{"role":"editor","value":{"id":"9436d844-b186-4bf7-9aa1-5d0238279844","version":4,"type":"table","format":{"table_properties":[{"visible":true,"property":"title"},{"visible":true,"property":"BKUh"}]},"parent_id":"ac2ffe95-a91a-4865-8562-a89cc5f36a93","parent_table":"block","alive":true,"page_sort":["f8ff65e5-2628-4fa4-a61a-2ef1d771d6c3"],"space_id":"d51d3ca5-7889-4c70-b906-3a5a37b60274","created_time":1653142222836,"created_by_table":"notion_user","created_by_id":"a03b888f-5426-4e4f-b5ef-bed855b162f0"}}},"collection":{"b3958296-988e-49e6-b3f5-903b3b523a92":{"role":"editor","value":{"id":"b3958296-988e-49e6-b3f5-903b3b523a92","version":2,"name":[["TESTING
        PAGE"]],"schema":{"BKUh":{"name":"b","type":"text"},"title":{"name":"a","type":"title"}},"parent_id":"ac2ffe95-a91a-4865-8562-a89cc5f36a93","parent_table":"block","alive":true,"migrated":true,"space_id":"d51d3ca5-7889-4c70-b906-3a5a37b60274"}}}}}'
    headers:
      Content-Type:
      - application/json; charset=utf-8
      Transfer-Encoding:
      - chunked
      content-length:
      - '2575'
    status:
      code: 200
      message: OK
- request:
    body: '{}'
    headers:
      Content-Length:
      - '2'
      content-type:
      - application/json
      cookie:
      - PRIVATE
    method: POST
    uri: https://www.notion.so/api/v3/loadUserContent
  response:
    body:
      string: '{"recordMap":{"notion_user":{"a03b888f-5426-4e4f-b5ef-bed855b162f0":{"role":"editor","value":{"id":"a03b888f-5426-4e4f-b5ef-bed855b162f0","version":7,"email":"test_py_notion@protonmail.com","onboarding_completed":true,"name":"test_py"}}},"user_root":{"a03b888f-5426-4e4f-b5ef-bed855b162f0":{"role":"editor","value":{"id":"a03b888f-5426-4e4f-b5ef-bed855b162f0","version":3,"space_views":["703440cc-f5cb-4f27-ba54-a9125a58e033"],"space_view_pointers":[{"id":"703440cc-f5cb-4f27-ba54-a9125a58e033","table":"space_view","spaceId":"d51d3ca5-7889-4c70-b906-3a5a37b60274"}]}}},"user_settings":{"a03b888f-5426-4e4f-b5ef-bed855b162f0":{"role":"editor","value":{"id":"a03b888f-5426-4e4f-b5ef-bed855b162f0","version":10,"settings":{"type":"personal","persona":"personal","team_role":"unfilled","time_zone":"Asia/Tashkent","signup_time":1638259864507,"cookie_consent":{"id":"2c2f9260-c9a6-4097-bc19-30e5395dfb02","permission":{"necessary":true,"targeting":false,"preference":false,"performance":false}},"preferred_locale":"en-US","used_desktop_web_app":true,"seen_views_intro_modal":true,"preferred_locale_origin":"autodetect","seen_persona_collection":true}}}},"space_view":{"703440cc-f5cb-4f27-ba54-a9125a58e033":{"role":"editor","value":{"id":"703440cc-f5cb-4f27-ba54-a9125a58e033","version":31,"space_id":"d51d3ca5-7889-4c70-b906-3a5a37b60274","parent_id":"a03b888f-5426-4e4f-b5ef-bed855b162f0","parent_table":"user_root","alive":true,"notify_mobile":false,"notify_desktop":true,"notify_email":false,"visited_templates":["7e89f436-7aac-4f66-b0a6-6e65ec868d2a","88c9c2b0-d732-4342-8963-0580a4725571","ba43b46e-4ad3-47f7-95f0-58a3ba01476f","2dddc8c5-a711-4aa2-b5b3-ff952a49bcfa","b7572331-51ab-4ed5-a931-5a7d34b08bf0"],"sidebar_hidden_templates":["7e89f436-7aac-4f66-b0a6-6e65ec868d2a","88c9c2b0-d732-4342-8963-0580a4725571","ba43b46e-4ad3-47f7-95f0-58a3ba01476f","2dddc8c5-a711-4aa2-b5b3-ff952a49bcfa","b7572331-51ab-4ed5-a931-5a7d34b08bf0"],"created_getting_started":true,"created_onboarding_templates":true,"private_pages":["5585f343-8ea5-469b-8a90-a05987977424"],"joined":true,"settings":{"on_app_start":"first_page"}}}},"space":{"d51d3ca5-7889-4c70-b906-3a5a37b60274":{"role":"editor","value":{"id":"d51d3ca5-7889-4c70-b906-3a5a37b60274","version":4802,"name":"test_py","permissions":[{"role":"editor","type":"user_permission","user_id":"a03b888f-5426-4e4f-b5ef-bed855b162f0"}],"beta_enabled":false,"pages":["ac2ffe95-a91a-4865-8562-a89cc5f36a93"],"created_time":1638259881592,"last_edited_time":1652698380000,"created_by_table":"notion_user","created_by_id":"a03b888f-5426-4e4f-b5ef-bed855b162f0","last_edited_by_table":"notion_user","last_edited_by_id":"a03b888f-5426-4e4f-b5ef-bed855b162f0","plan_type":"personal","invite_link_enabled":true}}},"block":{"ac2ffe95-a91a-4865-8562-a89cc5f36a93":{"role":"editor","value":{"id":"ac2ffe95-a91a-4865-8562-a89cc5f36a93","version":13,"type":"collection_view_page","content":["b3958296-988e-49e6-b3f5-903b3b523a92","9436d844-b186-4bf7-9aa1-5d0238279844"],"view_ids":["9436d844-b186-4bf7-9aa1-5d0238279844"],"format":{"collection_pointer":{"id":"b3958296-988e-49e6-b3f5-903b3b523a92","table":"collection","spaceId":"d51d3ca5-7889-4c70-b906-3a5a37b60274"}},"permissions":[{"role":"editor","type":"user_permission","user_id":"a03b888f-5426-4e4f-b5ef-bed855b162f0"}],"created_time":1653142221701,"last_edited_time":1653142224548,"parent_id":"d51d3ca5-7889-4c70-b906-3a5a37b60274","parent_table":"space","alive":true,"created_by_table":"notion_user","created_by_id":"a03b888f-5426-4e4f-b5ef-bed855b162f0","last_edited_by_table":"notion_user","last_edited_by_id":"a03b888f-5426-4e4f-b5ef-bed855b162f0","space_id":"d51d3ca5-7889-4c70-b906-3a5a37b60274"}}},"collection":{"b3958296-988e-49e6-b3f5-903b3b523a92":{"role":"editor","value":{"id":"b3958296-988e-49e6-b3f5-903b3b523a92","version":2,"name":[["TESTING
        PAGE"]],"schema":{"BKUh":{"name":"b","type":"text"},"title":{"name":"a","type":"title"}},"parent_id":"ac2ffe95-a91a-4865-8562-a89cc5f36a93","parent_table":"block","alive":true,"migrated":true,"space_id":"d51d3ca5-7889-4c70-b906-3a5a37b60274"}}}}}'
    headers:
      Content-Type:
      - application/json; charset=utf-8
      Transfer-Encoding:
      - chunked
      content-length:
      - '4086'
    status:
      code: 200
      message: OK
- request:
    body: '{"requests": [{"table": "collection_view", "id": "9436d844-b186-4bf7-9aa1-5d0238279844"}]}'
    headers:
      Content-Length:
      - '90'
      content-type:
      - application/json
      cookie:
      - PRIVATE
      x-notion-active-user-header:
      - a03b888f-5426-4e4f-b5ef-bed855b162f0
    method: POST
    uri: https://www.notion.so/api/v3/getRecordValues
  response:
    body:
      string: '{"results":[{"role":"editor","value":{"id":"9436d844-b186-4bf7-9aa1-5d0238279844","version":4,"type":"table","format":{"table_properties":[{"visible":true,"property":"title"},{"visible":true,"property":"BKUh"}]},"parent_id":"ac2ffe95-a91a-4865-8562-a89cc5f36a93","parent_table":"block","alive":true,"page_sort":["f8ff65e5-2628-4fa4-a61a-2ef1d771d6c3"],"space_id":"d51d3ca5-7889-4c70-b906-3a5a37b60274","created_time":1653142222836,"created_by_table":"notion_user","created_by_id":"a03b888f-5426-4e4f-b5ef-bed855b162f0"}}],"recordMapWithRoles":{"collection_view":{"9436d844-b186-4bf7-9aa1-5d0238279844":{"role":"editor","value":{"id":"9436d844-b186-4bf7-9aa1-5d0238279844","version":4,"type":"table","format":{"table_properties":[{"visible":true,"property":"title"},{"visible":true,"property":"BKUh"}]},"parent_id":"ac2ffe95-a91a-4865-8562-a89cc5f36a93","parent_table":"block","alive":true,"page_sort":["f8ff65e5-2628-4fa4-a61a-2ef1d771d6c3"],"space_id":"d51d3ca5-7889-4c70-b906-3a5a37b60274","created_time":1653142222836,"created_by_table":"notion_user","created_by_id":"a03b888f-5426-4e4f-b5ef-bed855b162f0"}}},"block":{"ac2ffe95-a91a-4865-8562-a89cc5f36a93":{"role":"editor","value":{"id":"ac2ffe95-a91a-4865-8562-a89cc5f36a93","version":13,"type":"collection_view_page","content":["b3958296-988e-49e6-b3f5-903b3b523a92","9436d844-b186-4bf7-9aa1-5d0238279844"],"view_ids":["9436d844-b186-4bf7-9aa1-5d0238279844"],"format":{"collection_pointer":{"id":"b3958296-988e-49e6-b3f5-903b3b523a92","table":"collection","spaceId":"d51d3ca5-7889-4c70-b906-3a5a37b60274"}},"permissions":[{"role":"editor","type":"user_permission","user_id":"a03b888f-5426-4e4f-b5ef-bed855b162f0"}],"created_time":1653142221701,"last_edited_time":1653142224548,"parent_id":"d51d3ca5-7889-4c70-b906-3a5a37b60274","parent_table":"space","alive":true,"created_by_table":"notion_user","created_by_id":"a03b888f-5426-4e4f-b5ef-bed855b162f0","last_edited_by_table":"notion_user","last_edited_by_id":"a03b888f-5426-4e4f-b5ef-bed855b162f0","space_id":"d51d3ca5-7889-4c70-b906-3a5a37b60274"}}},"space":{"d51d3ca5-7889-4c70-b906-3a5a37b60274":{"role":"editor","value":{"id":"d51d3ca5-7889-4c70-b906-3a5a37b60274","version":4802,"name":"test_py","permissions":[{"role":"editor","type":"user_permission","user_id":"a03b888f-5426-4e4f-b5ef-bed855b162f0"}],"beta_enabled":false,"pages":["ac2ffe95-a91a-4865-8562-a89cc5f36a93"],"created_time":1638259881592,"last_edited_time":1652698380000,"created_by_table":"notion_user","created_by_id":"a03b888f-5426-4e4f-b5ef-bed855b162f0","last_edited_by_table":"notion_user","last_edited_by_id":"a03b888f-5426-4e4f-b5ef-bed855b162f0","plan_type":"personal","invite_link_enabled":true}}}}}'
    headers:
      Content-Type:
      - application/json; charset=utf-8
      Transfer-Encoding:
      - chunked
      content-length:
      - '2685'
    status:
      code: 200
      message: OK
- request:
    body: '{"collection": {"id": "b3958296-988e-49e6-b3f5-903b3b523a92", "spaceId":
      "d51d3ca5-7889-4c70-b906-3a5a37b60274"}, "collectionView": {"id": "9436d844-b186-4bf7-9aa1-5d0238279844",
      "spaceId": "d51d3ca5-7889-4c70-b906-3a5a37b60274"}, "loader": {"reducers": {"table:uncategorized:title:count":
      {"aggregation": {"aggregator": "count", "property": "title"}, "type": "aggregation"}},
      "searchQuery": "", "sort": [], "userTimeZone": "Asia/Tashkent", "type": "reducer"}}'
    headers:
      Content-Length:
      - '460'
      content-type:
      - application/json
      cookie:
      - PRIVATE
      x-notion-active-user-header:
      - a03b888f-5426-4e4f-b5ef-bed855b162f0
    method: POST
    uri: https://www.notion.so/api/v3/queryCollection
  response:
    body:
      string: '{"result":{"type":"reducer","reducerResults":{"table:uncategorized:title:count":{"type":"aggregation","aggregationResult":{"type":"number","value":1}}}},"recordMap":{}}'
    headers:
      Content-Type:
      - application/json; charset=utf-8
      Transfer-Encoding:
      - chunked
      content-encoding:
      - undefined
    status:
      code: 200
      message: OK
- request:
    body: '{"collection": {"id": "b3958296-988e-49e6-b3f5-903b3b523a92", "spaceId":
      "d51d3ca5-7889-4c70-b906-3a5a37b60274"}, "collectionView": {"id": "9436d844-b186-4bf7-9aa1-5d0238279844",
      "spaceId": "d51d3ca5-7889-4c70-b906-3a5a37b60274"}, "loader": {"reducers": {"collection_group_results":
      {"limit": 1, "type": "results"}}, "searchQuery": "", "sort": [], "userTimeZone":
      "Asia/Tashkent", "type": "reducer"}}'
    headers:
      Content-Length:
      - '400'
      content-type:
      - application/json
      cookie:
      - PRIVATE
      x-notion-active-user-header:
      - a03b888f-5426-4e4f-b5ef-bed855b162f0
    method: POST
    uri: https://www.notion.so/api/v3/queryCollection
  response:
    body:
      string: '{"result":{"type":"reducer","reducerResults":{"collection_group_results":{"type":"results","blockIds":["f8ff65e5-2628-4fa4-a61a-2ef1d771d6c3"],"hasMore":false}}},"recordMap":{"block":{"f8ff65e5-2628-4fa4-a61a-2ef1d771d6c3":{"role":"editor","value":{"id":"f8ff65e5-2628-4fa4-a61a-2ef1d771d6c3","version":12,"type":"page","properties":{"BKUh":[["b"]],"meta":{"icon":{"url":"https://via.placeholder.com/100","type":"url"}},"title":[["a"]]},"format":{"page_icon":"https://via.placeholder.com/100"},"created_time":1653142228077,"last_edited_time":1653142228462,"parent_id":"b3958296-988e-49e6-b3f5-903b3b523a92","parent_table":"collection","alive":true,"created_by_table":"notion_user","created_by_id":"a03b888f-5426-4e4f-b5ef-bed855b162f0","last_edited_by_table":"notion_user","last_edited_by_id":"a03b888f-5426-4e4f-b5ef-bed855b162f0","space_id":"d51d3ca5-7889-4c70-b906-3a5a37b60274"}},"ac2ffe95-a91a-4865-8562-a89cc5f36a93":{"role":"editor","value":{"id":"ac2ffe95-a91a-4865-8562-a89cc5f36a93","version":13,"type":"collection_view_page","content":["b3958296-988e-49e6-b3f5-903b3b523a92","9436d844-b186-4bf7-9aa1-5d0238279844"],"view_ids":["9436d844-b186-4bf7-9aa1-5d0238279844"],"format":{"collection_pointer":{"id":"b3958296-988e-49e6-b3f5-903b3b523a92","table":"collection","spaceId":"d51d3ca5-7889-4c70-b906-3a5a37b60274"}},"permissions":[{"role":"editor","type":"user_permission","user_id":"a03b888f-5426-4e4f-b5ef-bed855b162f0"}],"created_time":1653142221701,"last_edited_time":1653142224548,"parent_id":"d51d3ca5-7889-4c70-b906-3a5a37b60274","parent_table":"space","alive":true,"created_by_table":"notion_user","created_by_id":"a03b888f-5426-4e4f-b5ef-bed855b162f0","last_edited_by_table":"notion_user","last_edited_by_id":"a03b888f-5426-4e4f-b5ef-bed855b162f0","space_id":"d51d3ca5-7889-4c70-b906-3a5a37b60274"}}},"collection":{"b3958296-988e-49e6-b3f5-903b3b523a92":{"role":"editor","value":{"id":"b3958296-988e-49e6-b3f5-903b3b523a92","version":2,"name":[["TESTING
        PAGE"]],"schema":{"BKUh":{"name":"b","type":"text"},"title":{"name":"a","type":"title"}},"parent_id":"ac2ffe95-a91a-4865-8562-a89cc5f36a93","parent_table":"block","alive":true,"migrated":true,"space_id":"d51d3ca5-7889-4c70-b906-3a5a37b60274"}}},"space":{"d51d3ca5-7889-4c70-b906-3a5a37b60274":{"role":"editor","value":{"id":"d51d3ca5-7889-4c70-b906-3a5a37b60274","version":4802,"name":"test_py","permissions":[{"role":"editor","type":"user_permission","user_id":"a03b888f-5426-4e4f-b5ef-bed855b162f0"}],"beta_enabled":false,"pages":["ac2ffe95-a91a-4865-8562-a89cc5f36a93"],"created_time":1638259881592,"last_edited_time":1652698380000,"created_by_table":"notion_user","created_by_id":"a03b888f-5426-4e4f-b5ef-bed855b162f0","last_edited_by_table":"notion_user","last_edited_by_id":"a03b888f-5426-4e4f-b5ef-bed855b162f0","plan_type":"personal","invite_link_enabled":true}}}}}'
    headers:
      Content-Type:
      - application/json; charset=utf-8
      Transfer-Encoding:
      - chunked
      content-length:
      - '2846'
    status:
      code: 200
      message: OK
- request:
    body: '{"blockId": "f8ff65e5-2628-4fa4-a61a-2ef1d771d6c3"}'
    headers:
      Content-Length:
      - '51'
      content-type:
      - application/json
      cookie:
      - PRIVATE
      x-notion-active-user-header:
      - a03b888f-5426-4e4f-b5ef-bed855b162f0
    method: POST
    uri: https://www.notion.so/api/v3/getPublicPageData
  response:
    body:
      string: '{"spaceName":"test_py","spaceId":"d51d3ca5-7889-4c70-b906-3a5a37b60274","spaceDomain":"laced-taxi-315","canJoinSpace":true,"userHasExplicitAccess":true,"collectionId":"b3958296-988e-49e6-b3f5-903b3b523a92","collectionSchema":{"BKUh":{"name":"b","type":"text"},"title":{"name":"a","type":"title"}},"betaEnabled":false,"canRequestAccess":true,"requireLogin":false,"publicAccessRole":"none"}'
    headers:
      Content-Type:
      - application/json; charset=utf-8
      Transfer-Encoding:
      - chunked
      content-length:
      - '388'
    status:
      code: 200
      message: OK
- request:
    body: '{"bucket": "secure", "name": "test_icon_file.gif", "contentType": "image/gif",
      "record": {"table": "block", "id": "f8ff65e5-2628-4fa4-a61a-2ef1d771d6c3", "spaceId":
      "d51d3ca5-7889-4c70-b906-3a5a37b60274"}}'
    headers:
      Content-Length:
      - '205'
      content-type:
      - application/json
      cookie:
      - PRIVATE
      x-notion-active-user-header:
      - a03b888f-5426-4e4f-b5ef-bed855b162f0
    method: POST
    uri: https://www.notion.so/api/v3/getUploadFileUrl
  response:
    body:
      string: '{"url":"https://s3-us-west-2.amazonaws.com/secure.notion-static.com/0b6757ad-c6a0-45e0-95bd-4b787b9d4194/test_icon_file.gif","signedGetUrl":"https://s3.us-west-2.amazonaws.com/secure.notion-static.com/0b6757ad-c6a0-45e0-95bd-4b787b9d4194/test_icon_file.gif?X-Amz-Algorithm=AWS4-HMAC-SHA256&X-Amz-Content-Sha256=UNSIGNED-PAYLOAD&X-Amz-Credential=AKIAT73L2G45EIPT3X45%2F20220521%2Fus-west-2%2Fs3%2Faws4_request&X-Amz-Date=20220521T141034Z&X-Amz-Expires=86400&X-Amz-Signature=6ef57ddc237969f07d96dafe1a1a9ae4ed22cb7dd93a7bfbcb673069232a9fc1&X-Amz-SignedHeaders=host&x-id=GetObject","signedPutUrl":"https://s3.us-west-2.amazonaws.com/secure.notion-static.com/0b6757ad-c6a0-45e0-95bd-4b787b9d4194/test_icon_file.gif?X-Amz-Algorithm=AWS4-HMAC-SHA256&X-Amz-Content-Sha256=UNSIGNED-PAYLOAD&X-Amz-Credential=AKIAT73L2G45EIPT3X45%2F20220521%2Fus-west-2%2Fs3%2Faws4_request&X-Amz-Date=20220521T141034Z&X-Amz-Expires=86400&X-Amz-Signature=6bcad3064cf5eda79cdfee7f81fff5ccef85209eed205804fb22acd1fc0f1c0c&X-Amz-SignedHeaders=host&x-id=PutObject"}'
    headers:
      Content-Type:
      - application/json; charset=utf-8
      Transfer-Encoding:
      - chunked
      content-length:
      - '1033'
    status:
      code: 200
      message: OK
- request:
    body: !!python/object/new:_io.BytesIO
      state: !!python/tuple
      - !!binary |
        R0lGODlhAQABAAAAACH5BAEAAAAALAAAAAABAAEAAAIA
      - 0
      - null
    headers:
      Content-Length:
      - '33'
      Content-type:
      - image/gif
    method: PUT
    uri: https://s3.us-west-2.amazonaws.com/secure.notion-static.com/0b6757ad-c6a0-45e0-95bd-4b787b9d4194/test_icon_file.gif?X-Amz-Algorithm=AWS4-HMAC-SHA256&X-Amz-Content-Sha256=UNSIGNED-PAYLOAD&X-Amz-Credential=AKIAT73L2G45EIPT3X45%2F20220521%2Fus-west-2%2Fs3%2Faws4_request&X-Amz-Date=20220521T141034Z&X-Amz-Expires=86400&X-Amz-Signature=6bcad3064cf5eda79cdfee7f81fff5ccef85209eed205804fb22acd1fc0f1c0c&X-Amz-SignedHeaders=host&x-id=PutObject
  response:
    body:
      string: ''
    headers:
      Content-Length:
      - '0'
      x-amz-id-2:
      - SlUA3ntY6DLDjVWRuIMyvPDuf2P+vX2+AmBObIVFt6WrZadLv9K3V4M84tOnqGzo6QHLEMuipzk=
      x-amz-request-id:
      - 2F726WV3R6HK6FPG
      x-amz-server-side-encryption:
      - aws:kms
      x-amz-server-side-encryption-aws-kms-key-id:
      - arn:aws:kms:us-west-2:274567149370:key/c62b8624-5469-4833-99f5-90d727474375
      x-amz-server-side-encryption-bucket-key-enabled:
      - 'true'
      x-amz-version-id:
      - qyAO2QbYhANv7f8jsQ_wRnKGvkn7gbtX
    status:
      code: 200
      message: OK
- request:
    body: '{"operations": [{"id": "f8ff65e5-2628-4fa4-a61a-2ef1d771d6c3", "path":
      ["properties", "meta", "icon"], "args": {"type": "file", "file_id": "0b6757ad-c6a0-45e0-95bd-4b787b9d4194",
      "sha256": "bf7c178697d05163c48c177f5c58e49f7f08dfc6e618ddba632a45822ab5c051"},
      "command": "set", "table": "block"}, {"args": {"last_edited_by_id": "a03b888f-5426-4e4f-b5ef-bed855b162f0",
      "last_edited_by_table": "notion_user", "last_edited_time": 1653142235641}, "command":
      "update", "id": "f8ff65e5-2628-4fa4-a61a-2ef1d771d6c3", "path": [], "table":
      "block"}, {"id": "f8ff65e5-2628-4fa4-a61a-2ef1d771d6c3", "path": ["format",
      "page_icon"], "args": "https://s3-us-west-2.amazonaws.com/secure.notion-static.com/0b6757ad-c6a0-45e0-95bd-4b787b9d4194/test_icon_file.gif",
      "command": "set", "table": "block"}, {"args": {"last_edited_by_id": "a03b888f-5426-4e4f-b5ef-bed855b162f0",
      "last_edited_by_table": "notion_user", "last_edited_time": 1653142235641}, "command":
      "update", "id": "f8ff65e5-2628-4fa4-a61a-2ef1d771d6c3", "path": [], "table":
      "block"}, {"id": "f8ff65e5-2628-4fa4-a61a-2ef1d771d6c3", "path": ["properties",
      "title"], "args": [["a"]], "command": "set", "table": "block"}, {"args": {"last_edited_by_id":
      "a03b888f-5426-4e4f-b5ef-bed855b162f0", "last_edited_by_table": "notion_user",
      "last_edited_time": 1653142235641}, "command": "update", "id": "f8ff65e5-2628-4fa4-a61a-2ef1d771d6c3",
      "path": [], "table": "block"}, {"id": "f8ff65e5-2628-4fa4-a61a-2ef1d771d6c3",
      "path": ["properties", "BKUh"], "args": [["b"]], "command": "set", "table":
      "block"}, {"args": {"last_edited_by_id": "a03b888f-5426-4e4f-b5ef-bed855b162f0",
      "last_edited_by_table": "notion_user", "last_edited_time": 1653142235641}, "command":
      "update", "id": "f8ff65e5-2628-4fa4-a61a-2ef1d771d6c3", "path": [], "table":
      "block"}, {"args": {"last_edited_by_id": "a03b888f-5426-4e4f-b5ef-bed855b162f0",
      "last_edited_by_table": "notion_user", "last_edited_time": 1653142235641}, "command":
      "update", "id": "f8ff65e5-2628-4fa4-a61a-2ef1d771d6c3", "path": [], "table":
      "block"}]}'
    headers:
      Content-Length:
      - '2026'
      content-type:
      - application/json
      cookie:
      - PRIVATE
      x-notion-active-user-header:
      - a03b888f-5426-4e4f-b5ef-bed855b162f0
    method: POST
    uri: https://www.notion.so/api/v3/submitTransaction
  response:
    body:
      string: '{}'
    headers:
      Content-Length:
      - '2'
      Content-Type:
      - application/json; charset=utf-8
    status:
      code: 200
      message: OK
- request:
    body: '{"collection": {"id": "b3958296-988e-49e6-b3f5-903b3b523a92", "spaceId":
      "d51d3ca5-7889-4c70-b906-3a5a37b60274"}, "collectionView": {"id": "9436d844-b186-4bf7-9aa1-5d0238279844",
      "spaceId": "d51d3ca5-7889-4c70-b906-3a5a37b60274"}, "loader": {"reducers": {"table:uncategorized:title:count":
      {"aggregation": {"aggregator": "count", "property": "title"}, "type": "aggregation"}},
      "searchQuery": "", "sort": [], "userTimeZone": "Asia/Tashkent", "type": "reducer"}}'
    headers:
      Content-Length:
      - '460'
      content-type:
      - application/json
      cookie:
      - PRIVATE
      x-notion-active-user-header:
      - a03b888f-5426-4e4f-b5ef-bed855b162f0
    method: POST
    uri: https://www.notion.so/api/v3/queryCollection
  response:
    body:
      string: '{"result":{"type":"reducer","reducerResults":{"table:uncategorized:title:count":{"type":"aggregation","aggregationResult":{"type":"number","value":1}}}},"recordMap":{}}'
    headers:
      Content-Type:
      - application/json; charset=utf-8
      Transfer-Encoding:
      - chunked
      content-encoding:
      - undefined
    status:
      code: 200
      message: OK
- request:
    body: '{"collection": {"id": "b3958296-988e-49e6-b3f5-903b3b523a92", "spaceId":
      "d51d3ca5-7889-4c70-b906-3a5a37b60274"}, "collectionView": {"id": "9436d844-b186-4bf7-9aa1-5d0238279844",
      "spaceId": "d51d3ca5-7889-4c70-b906-3a5a37b60274"}, "loader": {"reducers": {"collection_group_results":
      {"limit": 1, "type": "results"}}, "searchQuery": "", "sort": [], "userTimeZone":
      "Asia/Tashkent", "type": "reducer"}}'
    headers:
      Content-Length:
      - '400'
      content-type:
      - application/json
      cookie:
      - PRIVATE
      x-notion-active-user-header:
      - a03b888f-5426-4e4f-b5ef-bed855b162f0
    method: POST
    uri: https://www.notion.so/api/v3/queryCollection
  response:
    body:
      string: '{"result":{"type":"reducer","reducerResults":{"collection_group_results":{"type":"results","blockIds":["f8ff65e5-2628-4fa4-a61a-2ef1d771d6c3"],"hasMore":false}}},"recordMap":{"block":{"f8ff65e5-2628-4fa4-a61a-2ef1d771d6c3":{"role":"editor","value":{"id":"f8ff65e5-2628-4fa4-a61a-2ef1d771d6c3","version":22,"type":"page","properties":{"BKUh":[["b"]],"meta":{"icon":{"type":"file","sha256":"bf7c178697d05163c48c177f5c58e49f7f08dfc6e618ddba632a45822ab5c051","file_id":"0b6757ad-c6a0-45e0-95bd-4b787b9d4194"}},"title":[["a"]]},"format":{"page_icon":"https://s3-us-west-2.amazonaws.com/secure.notion-static.com/0b6757ad-c6a0-45e0-95bd-4b787b9d4194/test_icon_file.gif"},"created_time":1653142228077,"last_edited_time":1653142235641,"parent_id":"b3958296-988e-49e6-b3f5-903b3b523a92","parent_table":"collection","alive":true,"file_ids":["0b6757ad-c6a0-45e0-95bd-4b787b9d4194"],"created_by_table":"notion_user","created_by_id":"a03b888f-5426-4e4f-b5ef-bed855b162f0","last_edited_by_table":"notion_user","last_edited_by_id":"a03b888f-5426-4e4f-b5ef-bed855b162f0","space_id":"d51d3ca5-7889-4c70-b906-3a5a37b60274"}},"ac2ffe95-a91a-4865-8562-a89cc5f36a93":{"role":"editor","value":{"id":"ac2ffe95-a91a-4865-8562-a89cc5f36a93","version":13,"type":"collection_view_page","content":["b3958296-988e-49e6-b3f5-903b3b523a92","9436d844-b186-4bf7-9aa1-5d0238279844"],"view_ids":["9436d844-b186-4bf7-9aa1-5d0238279844"],"format":{"collection_pointer":{"id":"b3958296-988e-49e6-b3f5-903b3b523a92","table":"collection","spaceId":"d51d3ca5-7889-4c70-b906-3a5a37b60274"}},"permissions":[{"role":"editor","type":"user_permission","user_id":"a03b888f-5426-4e4f-b5ef-bed855b162f0"}],"created_time":1653142221701,"last_edited_time":1653142224548,"parent_id":"d51d3ca5-7889-4c70-b906-3a5a37b60274","parent_table":"space","alive":true,"created_by_table":"notion_user","created_by_id":"a03b888f-5426-4e4f-b5ef-bed855b162f0","last_edited_by_table":"notion_user","last_edited_by_id":"a03b888f-5426-4e4f-b5ef-bed855b162f0","space_id":"d51d3ca5-7889-4c70-b906-3a5a37b60274"}}},"collection":{"b3958296-988e-49e6-b3f5-903b3b523a92":{"role":"editor","value":{"id":"b3958296-988e-49e6-b3f5-903b3b523a92","version":2,"name":[["TESTING
        PAGE"]],"schema":{"BKUh":{"name":"b","type":"text"},"title":{"name":"a","type":"title"}},"parent_id":"ac2ffe95-a91a-4865-8562-a89cc5f36a93","parent_table":"block","alive":true,"migrated":true,"space_id":"d51d3ca5-7889-4c70-b906-3a5a37b60274"}}},"space":{"d51d3ca5-7889-4c70-b906-3a5a37b60274":{"role":"editor","value":{"id":"d51d3ca5-7889-4c70-b906-3a5a37b60274","version":4802,"name":"test_py","permissions":[{"role":"editor","type":"user_permission","user_id":"a03b888f-5426-4e4f-b5ef-bed855b162f0"}],"beta_enabled":false,"pages":["ac2ffe95-a91a-4865-8562-a89cc5f36a93"],"created_time":1638259881592,"last_edited_time":1652698380000,"created_by_table":"notion_user","created_by_id":"a03b888f-5426-4e4f-b5ef-bed855b162f0","last_edited_by_table":"notion_user","last_edited_by_id":"a03b888f-5426-4e4f-b5ef-bed855b162f0","plan_type":"personal","invite_link_enabled":true}}}}}'
    headers:
      Content-Type:
      - application/json; charset=utf-8
      Transfer-Encoding:
      - chunked
      content-length:
      - '3068'
    status:
      code: 200
      message: OK
- request:
    body: '{"collection": {"id": "b3958296-988e-49e6-b3f5-903b3b523a92", "spaceId":
      "d51d3ca5-7889-4c70-b906-3a5a37b60274"}, "collectionView": {"id": "9436d844-b186-4bf7-9aa1-5d0238279844",
      "spaceId": "d51d3ca5-7889-4c70-b906-3a5a37b60274"}, "loader": {"reducers": {"table:uncategorized:title:count":
      {"aggregation": {"aggregator": "count", "property": "title"}, "type": "aggregation"}},
      "searchQuery": "", "sort": [], "userTimeZone": "Asia/Tashkent", "type": "reducer"}}'
    headers:
      Content-Length:
      - '460'
      content-type:
      - application/json
      cookie:
      - PRIVATE
      x-notion-active-user-header:
      - a03b888f-5426-4e4f-b5ef-bed855b162f0
    method: POST
    uri: https://www.notion.so/api/v3/queryCollection
  response:
    body:
      string: '{"result":{"type":"reducer","reducerResults":{"table:uncategorized:title:count":{"type":"aggregation","aggregationResult":{"type":"number","value":1}}}},"recordMap":{}}'
    headers:
      Content-Type:
      - application/json; charset=utf-8
      Transfer-Encoding:
      - chunked
      content-encoding:
      - undefined
    status:
      code: 200
      message: OK
- request:
    body: '{"collection": {"id": "b3958296-988e-49e6-b3f5-903b3b523a92", "spaceId":
      "d51d3ca5-7889-4c70-b906-3a5a37b60274"}, "collectionView": {"id": "9436d844-b186-4bf7-9aa1-5d0238279844",
      "spaceId": "d51d3ca5-7889-4c70-b906-3a5a37b60274"}, "loader": {"reducers": {"collection_group_results":
      {"limit": 1, "type": "results"}}, "searchQuery": "", "sort": [], "userTimeZone":
      "Asia/Tashkent", "type": "reducer"}}'
    headers:
      Content-Length:
      - '400'
      content-type:
      - application/json
      cookie:
      - PRIVATE
      x-notion-active-user-header:
      - a03b888f-5426-4e4f-b5ef-bed855b162f0
    method: POST
    uri: https://www.notion.so/api/v3/queryCollection
  response:
    body:
      string: '{"result":{"type":"reducer","reducerResults":{"collection_group_results":{"type":"results","blockIds":["f8ff65e5-2628-4fa4-a61a-2ef1d771d6c3"],"hasMore":false}}},"recordMap":{"block":{"f8ff65e5-2628-4fa4-a61a-2ef1d771d6c3":{"role":"editor","value":{"id":"f8ff65e5-2628-4fa4-a61a-2ef1d771d6c3","version":22,"type":"page","properties":{"BKUh":[["b"]],"meta":{"icon":{"type":"file","sha256":"bf7c178697d05163c48c177f5c58e49f7f08dfc6e618ddba632a45822ab5c051","file_id":"0b6757ad-c6a0-45e0-95bd-4b787b9d4194"}},"title":[["a"]]},"format":{"page_icon":"https://s3-us-west-2.amazonaws.com/secure.notion-static.com/0b6757ad-c6a0-45e0-95bd-4b787b9d4194/test_icon_file.gif"},"created_time":1653142228077,"last_edited_time":1653142235641,"parent_id":"b3958296-988e-49e6-b3f5-903b3b523a92","parent_table":"collection","alive":true,"file_ids":["0b6757ad-c6a0-45e0-95bd-4b787b9d4194"],"created_by_table":"notion_user","created_by_id":"a03b888f-5426-4e4f-b5ef-bed855b162f0","last_edited_by_table":"notion_user","last_edited_by_id":"a03b888f-5426-4e4f-b5ef-bed855b162f0","space_id":"d51d3ca5-7889-4c70-b906-3a5a37b60274"}},"ac2ffe95-a91a-4865-8562-a89cc5f36a93":{"role":"editor","value":{"id":"ac2ffe95-a91a-4865-8562-a89cc5f36a93","version":13,"type":"collection_view_page","content":["b3958296-988e-49e6-b3f5-903b3b523a92","9436d844-b186-4bf7-9aa1-5d0238279844"],"view_ids":["9436d844-b186-4bf7-9aa1-5d0238279844"],"format":{"collection_pointer":{"id":"b3958296-988e-49e6-b3f5-903b3b523a92","table":"collection","spaceId":"d51d3ca5-7889-4c70-b906-3a5a37b60274"}},"permissions":[{"role":"editor","type":"user_permission","user_id":"a03b888f-5426-4e4f-b5ef-bed855b162f0"}],"created_time":1653142221701,"last_edited_time":1653142224548,"parent_id":"d51d3ca5-7889-4c70-b906-3a5a37b60274","parent_table":"space","alive":true,"created_by_table":"notion_user","created_by_id":"a03b888f-5426-4e4f-b5ef-bed855b162f0","last_edited_by_table":"notion_user","last_edited_by_id":"a03b888f-5426-4e4f-b5ef-bed855b162f0","space_id":"d51d3ca5-7889-4c70-b906-3a5a37b60274"}}},"collection":{"b3958296-988e-49e6-b3f5-903b3b523a92":{"role":"editor","value":{"id":"b3958296-988e-49e6-b3f5-903b3b523a92","version":2,"name":[["TESTING
        PAGE"]],"schema":{"BKUh":{"name":"b","type":"text"},"title":{"name":"a","type":"title"}},"parent_id":"ac2ffe95-a91a-4865-8562-a89cc5f36a93","parent_table":"block","alive":true,"migrated":true,"space_id":"d51d3ca5-7889-4c70-b906-3a5a37b60274"}}},"space":{"d51d3ca5-7889-4c70-b906-3a5a37b60274":{"role":"editor","value":{"id":"d51d3ca5-7889-4c70-b906-3a5a37b60274","version":4802,"name":"test_py","permissions":[{"role":"editor","type":"user_permission","user_id":"a03b888f-5426-4e4f-b5ef-bed855b162f0"}],"beta_enabled":false,"pages":["ac2ffe95-a91a-4865-8562-a89cc5f36a93"],"created_time":1638259881592,"last_edited_time":1652698380000,"created_by_table":"notion_user","created_by_id":"a03b888f-5426-4e4f-b5ef-bed855b162f0","last_edited_by_table":"notion_user","last_edited_by_id":"a03b888f-5426-4e4f-b5ef-bed855b162f0","plan_type":"personal","invite_link_enabled":true}}}}}'
    headers:
      Content-Type:
      - application/json; charset=utf-8
      Transfer-Encoding:
      - chunked
      content-length:
      - '3068'
    status:
      code: 200
      message: OK
- request:
    body: '{"collection": {"id": "b3958296-988e-49e6-b3f5-903b3b523a92", "spaceId":
      "d51d3ca5-7889-4c70-b906-3a5a37b60274"}, "collectionView": {"id": "9436d844-b186-4bf7-9aa1-5d0238279844",
      "spaceId": "d51d3ca5-7889-4c70-b906-3a5a37b60274"}, "loader": {"reducers": {"table:uncategorized:title:count":
      {"aggregation": {"aggregator": "count", "property": "title"}, "type": "aggregation"}},
      "searchQuery": "", "sort": [], "userTimeZone": "Asia/Tashkent", "type": "reducer"}}'
    headers:
      Content-Length:
      - '460'
      content-type:
      - application/json
      cookie:
      - PRIVATE
      x-notion-active-user-header:
      - a03b888f-5426-4e4f-b5ef-bed855b162f0
    method: POST
    uri: https://www.notion.so/api/v3/queryCollection
  response:
    body:
      string: '{"result":{"type":"reducer","reducerResults":{"table:uncategorized:title:count":{"type":"aggregation","aggregationResult":{"type":"number","value":1}}}},"recordMap":{}}'
    headers:
      Content-Type:
      - application/json; charset=utf-8
      Transfer-Encoding:
      - chunked
      content-encoding:
      - undefined
    status:
      code: 200
      message: OK
- request:
    body: '{"collection": {"id": "b3958296-988e-49e6-b3f5-903b3b523a92", "spaceId":
      "d51d3ca5-7889-4c70-b906-3a5a37b60274"}, "collectionView": {"id": "9436d844-b186-4bf7-9aa1-5d0238279844",
      "spaceId": "d51d3ca5-7889-4c70-b906-3a5a37b60274"}, "loader": {"reducers": {"collection_group_results":
      {"limit": 1, "type": "results"}}, "searchQuery": "", "sort": [], "userTimeZone":
      "Asia/Tashkent", "type": "reducer"}}'
    headers:
      Content-Length:
      - '400'
      content-type:
      - application/json
      cookie:
      - PRIVATE
      x-notion-active-user-header:
      - a03b888f-5426-4e4f-b5ef-bed855b162f0
    method: POST
    uri: https://www.notion.so/api/v3/queryCollection
  response:
    body:
      string: '{"result":{"type":"reducer","reducerResults":{"collection_group_results":{"type":"results","blockIds":["f8ff65e5-2628-4fa4-a61a-2ef1d771d6c3"],"hasMore":false}}},"recordMap":{"block":{"f8ff65e5-2628-4fa4-a61a-2ef1d771d6c3":{"role":"editor","value":{"id":"f8ff65e5-2628-4fa4-a61a-2ef1d771d6c3","version":22,"type":"page","properties":{"BKUh":[["b"]],"meta":{"icon":{"type":"file","sha256":"bf7c178697d05163c48c177f5c58e49f7f08dfc6e618ddba632a45822ab5c051","file_id":"0b6757ad-c6a0-45e0-95bd-4b787b9d4194"}},"title":[["a"]]},"format":{"page_icon":"https://s3-us-west-2.amazonaws.com/secure.notion-static.com/0b6757ad-c6a0-45e0-95bd-4b787b9d4194/test_icon_file.gif"},"created_time":1653142228077,"last_edited_time":1653142235641,"parent_id":"b3958296-988e-49e6-b3f5-903b3b523a92","parent_table":"collection","alive":true,"file_ids":["0b6757ad-c6a0-45e0-95bd-4b787b9d4194"],"created_by_table":"notion_user","created_by_id":"a03b888f-5426-4e4f-b5ef-bed855b162f0","last_edited_by_table":"notion_user","last_edited_by_id":"a03b888f-5426-4e4f-b5ef-bed855b162f0","space_id":"d51d3ca5-7889-4c70-b906-3a5a37b60274"}},"ac2ffe95-a91a-4865-8562-a89cc5f36a93":{"role":"editor","value":{"id":"ac2ffe95-a91a-4865-8562-a89cc5f36a93","version":13,"type":"collection_view_page","content":["b3958296-988e-49e6-b3f5-903b3b523a92","9436d844-b186-4bf7-9aa1-5d0238279844"],"view_ids":["9436d844-b186-4bf7-9aa1-5d0238279844"],"format":{"collection_pointer":{"id":"b3958296-988e-49e6-b3f5-903b3b523a92","table":"collection","spaceId":"d51d3ca5-7889-4c70-b906-3a5a37b60274"}},"permissions":[{"role":"editor","type":"user_permission","user_id":"a03b888f-5426-4e4f-b5ef-bed855b162f0"}],"created_time":1653142221701,"last_edited_time":1653142224548,"parent_id":"d51d3ca5-7889-4c70-b906-3a5a37b60274","parent_table":"space","alive":true,"created_by_table":"notion_user","created_by_id":"a03b888f-5426-4e4f-b5ef-bed855b162f0","last_edited_by_table":"notion_user","last_edited_by_id":"a03b888f-5426-4e4f-b5ef-bed855b162f0","space_id":"d51d3ca5-7889-4c70-b906-3a5a37b60274"}}},"collection":{"b3958296-988e-49e6-b3f5-903b3b523a92":{"role":"editor","value":{"id":"b3958296-988e-49e6-b3f5-903b3b523a92","version":2,"name":[["TESTING
        PAGE"]],"schema":{"BKUh":{"name":"b","type":"text"},"title":{"name":"a","type":"title"}},"parent_id":"ac2ffe95-a91a-4865-8562-a89cc5f36a93","parent_table":"block","alive":true,"migrated":true,"space_id":"d51d3ca5-7889-4c70-b906-3a5a37b60274"}}},"space":{"d51d3ca5-7889-4c70-b906-3a5a37b60274":{"role":"editor","value":{"id":"d51d3ca5-7889-4c70-b906-3a5a37b60274","version":4802,"name":"test_py","permissions":[{"role":"editor","type":"user_permission","user_id":"a03b888f-5426-4e4f-b5ef-bed855b162f0"}],"beta_enabled":false,"pages":["ac2ffe95-a91a-4865-8562-a89cc5f36a93"],"created_time":1638259881592,"last_edited_time":1652698380000,"created_by_table":"notion_user","created_by_id":"a03b888f-5426-4e4f-b5ef-bed855b162f0","last_edited_by_table":"notion_user","last_edited_by_id":"a03b888f-5426-4e4f-b5ef-bed855b162f0","plan_type":"personal","invite_link_enabled":true}}}}}'
    headers:
      Content-Type:
      - application/json; charset=utf-8
      Transfer-Encoding:
      - chunked
      content-length:
      - '3068'
    status:
      code: 200
      message: OK
- request:
    body: '{"collection": {"id": "b3958296-988e-49e6-b3f5-903b3b523a92", "spaceId":
      "d51d3ca5-7889-4c70-b906-3a5a37b60274"}, "collectionView": {"id": "9436d844-b186-4bf7-9aa1-5d0238279844",
      "spaceId": "d51d3ca5-7889-4c70-b906-3a5a37b60274"}, "loader": {"reducers": {"table:uncategorized:title:count":
      {"aggregation": {"aggregator": "count", "property": "title"}, "type": "aggregation"}},
      "searchQuery": "", "sort": [], "userTimeZone": "Asia/Tashkent", "type": "reducer"}}'
    headers:
      Content-Length:
      - '460'
      content-type:
      - application/json
      cookie:
      - PRIVATE
      x-notion-active-user-header:
      - a03b888f-5426-4e4f-b5ef-bed855b162f0
    method: POST
    uri: https://www.notion.so/api/v3/queryCollection
  response:
    body:
      string: '{"result":{"type":"reducer","reducerResults":{"table:uncategorized:title:count":{"type":"aggregation","aggregationResult":{"type":"number","value":1}}}},"recordMap":{}}'
    headers:
      Content-Type:
      - application/json; charset=utf-8
      Transfer-Encoding:
      - chunked
      content-encoding:
      - undefined
    status:
      code: 200
      message: OK
- request:
    body: '{"collection": {"id": "b3958296-988e-49e6-b3f5-903b3b523a92", "spaceId":
      "d51d3ca5-7889-4c70-b906-3a5a37b60274"}, "collectionView": {"id": "9436d844-b186-4bf7-9aa1-5d0238279844",
      "spaceId": "d51d3ca5-7889-4c70-b906-3a5a37b60274"}, "loader": {"reducers": {"collection_group_results":
      {"limit": 1, "type": "results"}}, "searchQuery": "", "sort": [], "userTimeZone":
      "Asia/Tashkent", "type": "reducer"}}'
    headers:
      Content-Length:
      - '400'
      content-type:
      - application/json
      cookie:
      - PRIVATE
      x-notion-active-user-header:
      - a03b888f-5426-4e4f-b5ef-bed855b162f0
    method: POST
    uri: https://www.notion.so/api/v3/queryCollection
  response:
    body:
      string: '{"result":{"type":"reducer","reducerResults":{"collection_group_results":{"type":"results","blockIds":["f8ff65e5-2628-4fa4-a61a-2ef1d771d6c3"],"hasMore":false}}},"recordMap":{"block":{"f8ff65e5-2628-4fa4-a61a-2ef1d771d6c3":{"role":"editor","value":{"id":"f8ff65e5-2628-4fa4-a61a-2ef1d771d6c3","version":22,"type":"page","properties":{"BKUh":[["b"]],"meta":{"icon":{"type":"file","sha256":"bf7c178697d05163c48c177f5c58e49f7f08dfc6e618ddba632a45822ab5c051","file_id":"0b6757ad-c6a0-45e0-95bd-4b787b9d4194"}},"title":[["a"]]},"format":{"page_icon":"https://s3-us-west-2.amazonaws.com/secure.notion-static.com/0b6757ad-c6a0-45e0-95bd-4b787b9d4194/test_icon_file.gif"},"created_time":1653142228077,"last_edited_time":1653142235641,"parent_id":"b3958296-988e-49e6-b3f5-903b3b523a92","parent_table":"collection","alive":true,"file_ids":["0b6757ad-c6a0-45e0-95bd-4b787b9d4194"],"created_by_table":"notion_user","created_by_id":"a03b888f-5426-4e4f-b5ef-bed855b162f0","last_edited_by_table":"notion_user","last_edited_by_id":"a03b888f-5426-4e4f-b5ef-bed855b162f0","space_id":"d51d3ca5-7889-4c70-b906-3a5a37b60274"}},"ac2ffe95-a91a-4865-8562-a89cc5f36a93":{"role":"editor","value":{"id":"ac2ffe95-a91a-4865-8562-a89cc5f36a93","version":13,"type":"collection_view_page","content":["b3958296-988e-49e6-b3f5-903b3b523a92","9436d844-b186-4bf7-9aa1-5d0238279844"],"view_ids":["9436d844-b186-4bf7-9aa1-5d0238279844"],"format":{"collection_pointer":{"id":"b3958296-988e-49e6-b3f5-903b3b523a92","table":"collection","spaceId":"d51d3ca5-7889-4c70-b906-3a5a37b60274"}},"permissions":[{"role":"editor","type":"user_permission","user_id":"a03b888f-5426-4e4f-b5ef-bed855b162f0"}],"created_time":1653142221701,"last_edited_time":1653142224548,"parent_id":"d51d3ca5-7889-4c70-b906-3a5a37b60274","parent_table":"space","alive":true,"created_by_table":"notion_user","created_by_id":"a03b888f-5426-4e4f-b5ef-bed855b162f0","last_edited_by_table":"notion_user","last_edited_by_id":"a03b888f-5426-4e4f-b5ef-bed855b162f0","space_id":"d51d3ca5-7889-4c70-b906-3a5a37b60274"}}},"collection":{"b3958296-988e-49e6-b3f5-903b3b523a92":{"role":"editor","value":{"id":"b3958296-988e-49e6-b3f5-903b3b523a92","version":2,"name":[["TESTING
        PAGE"]],"schema":{"BKUh":{"name":"b","type":"text"},"title":{"name":"a","type":"title"}},"parent_id":"ac2ffe95-a91a-4865-8562-a89cc5f36a93","parent_table":"block","alive":true,"migrated":true,"space_id":"d51d3ca5-7889-4c70-b906-3a5a37b60274"}}},"space":{"d51d3ca5-7889-4c70-b906-3a5a37b60274":{"role":"editor","value":{"id":"d51d3ca5-7889-4c70-b906-3a5a37b60274","version":4802,"name":"test_py","permissions":[{"role":"editor","type":"user_permission","user_id":"a03b888f-5426-4e4f-b5ef-bed855b162f0"}],"beta_enabled":false,"pages":["ac2ffe95-a91a-4865-8562-a89cc5f36a93"],"created_time":1638259881592,"last_edited_time":1652698380000,"created_by_table":"notion_user","created_by_id":"a03b888f-5426-4e4f-b5ef-bed855b162f0","last_edited_by_table":"notion_user","last_edited_by_id":"a03b888f-5426-4e4f-b5ef-bed855b162f0","plan_type":"personal","invite_link_enabled":true}}}}}'
    headers:
      Content-Type:
      - application/json; charset=utf-8
      Transfer-Encoding:
      - chunked
      content-length:
      - '3068'
    status:
      code: 200
      message: OK
- request:
    body: '{"collection": {"id": "b3958296-988e-49e6-b3f5-903b3b523a92", "spaceId":
      "d51d3ca5-7889-4c70-b906-3a5a37b60274"}, "collectionView": {"id": "9436d844-b186-4bf7-9aa1-5d0238279844",
      "spaceId": "d51d3ca5-7889-4c70-b906-3a5a37b60274"}, "loader": {"reducers": {"table:uncategorized:title:count":
      {"aggregation": {"aggregator": "count", "property": "title"}, "type": "aggregation"}},
      "searchQuery": "", "sort": [], "userTimeZone": "Asia/Tashkent", "type": "reducer"}}'
    headers:
      Content-Length:
      - '460'
      content-type:
      - application/json
      cookie:
      - PRIVATE
      x-notion-active-user-header:
      - a03b888f-5426-4e4f-b5ef-bed855b162f0
    method: POST
    uri: https://www.notion.so/api/v3/queryCollection
  response:
    body:
      string: '{"result":{"type":"reducer","reducerResults":{"table:uncategorized:title:count":{"type":"aggregation","aggregationResult":{"type":"number","value":1}}}},"recordMap":{}}'
    headers:
      Content-Type:
      - application/json; charset=utf-8
      Transfer-Encoding:
      - chunked
      content-encoding:
      - undefined
    status:
      code: 200
      message: OK
- request:
    body: '{"collection": {"id": "b3958296-988e-49e6-b3f5-903b3b523a92", "spaceId":
      "d51d3ca5-7889-4c70-b906-3a5a37b60274"}, "collectionView": {"id": "9436d844-b186-4bf7-9aa1-5d0238279844",
      "spaceId": "d51d3ca5-7889-4c70-b906-3a5a37b60274"}, "loader": {"reducers": {"collection_group_results":
      {"limit": 1, "type": "results"}}, "searchQuery": "", "sort": [], "userTimeZone":
      "Asia/Tashkent", "type": "reducer"}}'
    headers:
      Content-Length:
      - '400'
      content-type:
      - application/json
      cookie:
      - PRIVATE
      x-notion-active-user-header:
      - a03b888f-5426-4e4f-b5ef-bed855b162f0
    method: POST
    uri: https://www.notion.so/api/v3/queryCollection
  response:
    body:
      string: '{"result":{"type":"reducer","reducerResults":{"collection_group_results":{"type":"results","blockIds":["f8ff65e5-2628-4fa4-a61a-2ef1d771d6c3"],"hasMore":false}}},"recordMap":{"block":{"f8ff65e5-2628-4fa4-a61a-2ef1d771d6c3":{"role":"editor","value":{"id":"f8ff65e5-2628-4fa4-a61a-2ef1d771d6c3","version":22,"type":"page","properties":{"BKUh":[["b"]],"meta":{"icon":{"type":"file","sha256":"bf7c178697d05163c48c177f5c58e49f7f08dfc6e618ddba632a45822ab5c051","file_id":"0b6757ad-c6a0-45e0-95bd-4b787b9d4194"}},"title":[["a"]]},"format":{"page_icon":"https://s3-us-west-2.amazonaws.com/secure.notion-static.com/0b6757ad-c6a0-45e0-95bd-4b787b9d4194/test_icon_file.gif"},"created_time":1653142228077,"last_edited_time":1653142235641,"parent_id":"b3958296-988e-49e6-b3f5-903b3b523a92","parent_table":"collection","alive":true,"file_ids":["0b6757ad-c6a0-45e0-95bd-4b787b9d4194"],"created_by_table":"notion_user","created_by_id":"a03b888f-5426-4e4f-b5ef-bed855b162f0","last_edited_by_table":"notion_user","last_edited_by_id":"a03b888f-5426-4e4f-b5ef-bed855b162f0","space_id":"d51d3ca5-7889-4c70-b906-3a5a37b60274"}},"ac2ffe95-a91a-4865-8562-a89cc5f36a93":{"role":"editor","value":{"id":"ac2ffe95-a91a-4865-8562-a89cc5f36a93","version":13,"type":"collection_view_page","content":["b3958296-988e-49e6-b3f5-903b3b523a92","9436d844-b186-4bf7-9aa1-5d0238279844"],"view_ids":["9436d844-b186-4bf7-9aa1-5d0238279844"],"format":{"collection_pointer":{"id":"b3958296-988e-49e6-b3f5-903b3b523a92","table":"collection","spaceId":"d51d3ca5-7889-4c70-b906-3a5a37b60274"}},"permissions":[{"role":"editor","type":"user_permission","user_id":"a03b888f-5426-4e4f-b5ef-bed855b162f0"}],"created_time":1653142221701,"last_edited_time":1653142224548,"parent_id":"d51d3ca5-7889-4c70-b906-3a5a37b60274","parent_table":"space","alive":true,"created_by_table":"notion_user","created_by_id":"a03b888f-5426-4e4f-b5ef-bed855b162f0","last_edited_by_table":"notion_user","last_edited_by_id":"a03b888f-5426-4e4f-b5ef-bed855b162f0","space_id":"d51d3ca5-7889-4c70-b906-3a5a37b60274"}}},"collection":{"b3958296-988e-49e6-b3f5-903b3b523a92":{"role":"editor","value":{"id":"b3958296-988e-49e6-b3f5-903b3b523a92","version":2,"name":[["TESTING
        PAGE"]],"schema":{"BKUh":{"name":"b","type":"text"},"title":{"name":"a","type":"title"}},"parent_id":"ac2ffe95-a91a-4865-8562-a89cc5f36a93","parent_table":"block","alive":true,"migrated":true,"space_id":"d51d3ca5-7889-4c70-b906-3a5a37b60274"}}},"space":{"d51d3ca5-7889-4c70-b906-3a5a37b60274":{"role":"editor","value":{"id":"d51d3ca5-7889-4c70-b906-3a5a37b60274","version":4802,"name":"test_py","permissions":[{"role":"editor","type":"user_permission","user_id":"a03b888f-5426-4e4f-b5ef-bed855b162f0"}],"beta_enabled":false,"pages":["ac2ffe95-a91a-4865-8562-a89cc5f36a93"],"created_time":1638259881592,"last_edited_time":1652698380000,"created_by_table":"notion_user","created_by_id":"a03b888f-5426-4e4f-b5ef-bed855b162f0","last_edited_by_table":"notion_user","last_edited_by_id":"a03b888f-5426-4e4f-b5ef-bed855b162f0","plan_type":"personal","invite_link_enabled":true}}}}}'
    headers:
      Content-Type:
      - application/json; charset=utf-8
      Transfer-Encoding:
      - chunked
      content-length:
      - '3068'
    status:
      code: 200
      message: OK
- request:
    body: null
    headers:
      content-type:
      - application/json
      cookie:
      - PRIVATE
      x-notion-active-user-header:
      - a03b888f-5426-4e4f-b5ef-bed855b162f0
    method: HEAD
    uri: https://www.notion.so/signed/https%3A%2F%2Fs3-us-west-2.amazonaws.com%2Fsecure.notion-static.com%2F0b6757ad-c6a0-45e0-95bd-4b787b9d4194%2Ftest_icon_file.gif?table=block&id=f8ff65e5-2628-4fa4-a61a-2ef1d771d6c3
  response:
    body:
      string: ''
    headers:
      Content-Length:
      - '458'
      Content-Type:
      - text/plain; charset=utf-8
      Location:
      - https://s3.us-west-2.amazonaws.com/secure.notion-static.com/0b6757ad-c6a0-45e0-95bd-4b787b9d4194/test_icon_file.gif?X-Amz-Algorithm=AWS4-HMAC-SHA256&X-Amz-Content-Sha256=UNSIGNED-PAYLOAD&X-Amz-Credential=AKIAT73L2G45EIPT3X45%2F20220521%2Fus-west-2%2Fs3%2Faws4_request&X-Amz-Date=20220521T141039Z&X-Amz-Expires=86400&X-Amz-Signature=fb59ab69ec0ba09cd09f173368854fd9000bf4ed0a6c782fe5ddc9d5a3d7b26c&X-Amz-SignedHeaders=host&x-id=GetObject
    status:
      code: 302
      message: Found
- request:
    body: '{"operations": [{"id": "ac2ffe95-a91a-4865-8562-a89cc5f36a93", "path":
      [], "args": {"alive": false}, "command": "update", "table": "block"}, {"args":
      {"last_edited_by_id": "a03b888f-5426-4e4f-b5ef-bed855b162f0", "last_edited_by_table":
      "notion_user", "last_edited_time": 1653142239293}, "command": "update", "id":
      "ac2ffe95-a91a-4865-8562-a89cc5f36a93", "path": [], "table": "block"}, {"id":
      "d51d3ca5-7889-4c70-b906-3a5a37b60274", "path": ["pages"], "args": {"id": "ac2ffe95-a91a-4865-8562-a89cc5f36a93"},
      "command": "listRemove", "table": "space"}, {"args": {"last_edited_by_id": "a03b888f-5426-4e4f-b5ef-bed855b162f0",
      "last_edited_by_table": "notion_user", "last_edited_time": 1653142239293}, "command":
      "update", "id": "ac2ffe95-a91a-4865-8562-a89cc5f36a93", "path": [], "table":
      "block"}]}'
    headers:
      Content-Length:
      - '795'
      content-type:
      - application/json
      cookie:
      - PRIVATE
      x-notion-active-user-header:
      - a03b888f-5426-4e4f-b5ef-bed855b162f0
    method: POST
    uri: https://www.notion.so/api/v3/submitTransaction
  response:
    body:
      string: '{}'
    headers:
      Content-Length:
      - '2'
      Content-Type:
      - application/json; charset=utf-8
    status:
      code: 200
      message: OK
- request:
    body: '{"blockIds": ["ac2ffe95-a91a-4865-8562-a89cc5f36a93"], "permanentlyDelete":
      true}'
    headers:
      Content-Length:
      - '81'
      content-type:
      - application/json
      cookie:
      - PRIVATE
      x-notion-active-user-header:
      - a03b888f-5426-4e4f-b5ef-bed855b162f0
    method: POST
    uri: https://www.notion.so/api/v3/deleteBlocks
  response:
    body:
      string: '{"recordMap":{}}'
    headers:
      Content-Length:
      - '16'
      Content-Type:
      - application/json; charset=utf-8
    status:
      code: 200
      message: OK
version: 1
