interactions:
- request:
    body: '{}'
    headers:
      Content-Length:
      - '2'
      content-type:
      - application/json
      cookie:
      - PRIVATE
    method: POST
    uri: https://www.notion.so/api/v3/loadUserContent
  response:
    body:
      string: '{"recordMap":{"notion_user":{"a03b888f-5426-4e4f-b5ef-bed855b162f0":{"role":"editor","value":{"id":"a03b888f-5426-4e4f-b5ef-bed855b162f0","version":7,"email":"test_py_notion@protonmail.com","onboarding_completed":true,"name":"test_py"}}},"user_root":{"a03b888f-5426-4e4f-b5ef-bed855b162f0":{"role":"editor","value":{"id":"a03b888f-5426-4e4f-b5ef-bed855b162f0","version":3,"space_views":["703440cc-f5cb-4f27-ba54-a9125a58e033"],"space_view_pointers":[{"id":"703440cc-f5cb-4f27-ba54-a9125a58e033","table":"space_view","spaceId":"d51d3ca5-7889-4c70-b906-3a5a37b60274"}]}}},"user_settings":{"a03b888f-5426-4e4f-b5ef-bed855b162f0":{"role":"editor","value":{"id":"a03b888f-5426-4e4f-b5ef-bed855b162f0","version":10,"settings":{"type":"personal","persona":"personal","team_role":"unfilled","time_zone":"Asia/Tashkent","signup_time":1638259864507,"cookie_consent":{"id":"2c2f9260-c9a6-4097-bc19-30e5395dfb02","permission":{"necessary":true,"targeting":false,"preference":false,"performance":false}},"preferred_locale":"en-US","used_desktop_web_app":true,"seen_views_intro_modal":true,"preferred_locale_origin":"autodetect","seen_persona_collection":true}}}},"space_view":{"703440cc-f5cb-4f27-ba54-a9125a58e033":{"role":"editor","value":{"id":"703440cc-f5cb-4f27-ba54-a9125a58e033","version":31,"space_id":"d51d3ca5-7889-4c70-b906-3a5a37b60274","parent_id":"a03b888f-5426-4e4f-b5ef-bed855b162f0","parent_table":"user_root","alive":true,"notify_mobile":false,"notify_desktop":true,"notify_email":false,"visited_templates":["7e89f436-7aac-4f66-b0a6-6e65ec868d2a","88c9c2b0-d732-4342-8963-0580a4725571","ba43b46e-4ad3-47f7-95f0-58a3ba01476f","2dddc8c5-a711-4aa2-b5b3-ff952a49bcfa","b7572331-51ab-4ed5-a931-5a7d34b08bf0"],"sidebar_hidden_templates":["7e89f436-7aac-4f66-b0a6-6e65ec868d2a","88c9c2b0-d732-4342-8963-0580a4725571","ba43b46e-4ad3-47f7-95f0-58a3ba01476f","2dddc8c5-a711-4aa2-b5b3-ff952a49bcfa","b7572331-51ab-4ed5-a931-5a7d34b08bf0"],"created_getting_started":true,"created_onboarding_templates":true,"private_pages":["5585f343-8ea5-469b-8a90-a05987977424"],"joined":true,"settings":{"on_app_start":"first_page"}}}},"space":{"d51d3ca5-7889-4c70-b906-3a5a37b60274":{"role":"editor","value":{"id":"d51d3ca5-7889-4c70-b906-3a5a37b60274","version":4115,"name":"test_py","permissions":[{"role":"editor","type":"user_permission","user_id":"a03b888f-5426-4e4f-b5ef-bed855b162f0"}],"beta_enabled":false,"created_time":1638259881592,"last_edited_time":1652698380000,"created_by_table":"notion_user","created_by_id":"a03b888f-5426-4e4f-b5ef-bed855b162f0","last_edited_by_table":"notion_user","last_edited_by_id":"a03b888f-5426-4e4f-b5ef-bed855b162f0","plan_type":"personal","invite_link_enabled":true}}}}}'
    headers:
      Content-Type:
      - application/json; charset=utf-8
      Transfer-Encoding:
      - chunked
      content-length:
      - '2694'
    status:
      code: 200
      message: OK
- request:
    body: '{}'
    headers:
      Content-Length:
      - '2'
      content-type:
      - application/json
      cookie:
      - PRIVATE
      x-notion-active-user-header:
      - a03b888f-5426-4e4f-b5ef-bed855b162f0
    method: POST
    uri: https://www.notion.so/api/v3/loadUserContent
  response:
    body:
      string: '{"recordMap":{"notion_user":{"a03b888f-5426-4e4f-b5ef-bed855b162f0":{"role":"editor","value":{"id":"a03b888f-5426-4e4f-b5ef-bed855b162f0","version":7,"email":"test_py_notion@protonmail.com","onboarding_completed":true,"name":"test_py"}}},"user_root":{"a03b888f-5426-4e4f-b5ef-bed855b162f0":{"role":"editor","value":{"id":"a03b888f-5426-4e4f-b5ef-bed855b162f0","version":3,"space_views":["703440cc-f5cb-4f27-ba54-a9125a58e033"],"space_view_pointers":[{"id":"703440cc-f5cb-4f27-ba54-a9125a58e033","table":"space_view","spaceId":"d51d3ca5-7889-4c70-b906-3a5a37b60274"}]}}},"user_settings":{"a03b888f-5426-4e4f-b5ef-bed855b162f0":{"role":"editor","value":{"id":"a03b888f-5426-4e4f-b5ef-bed855b162f0","version":10,"settings":{"type":"personal","persona":"personal","team_role":"unfilled","time_zone":"Asia/Tashkent","signup_time":1638259864507,"cookie_consent":{"id":"2c2f9260-c9a6-4097-bc19-30e5395dfb02","permission":{"necessary":true,"targeting":false,"preference":false,"performance":false}},"preferred_locale":"en-US","used_desktop_web_app":true,"seen_views_intro_modal":true,"preferred_locale_origin":"autodetect","seen_persona_collection":true}}}},"space_view":{"703440cc-f5cb-4f27-ba54-a9125a58e033":{"role":"editor","value":{"id":"703440cc-f5cb-4f27-ba54-a9125a58e033","version":31,"space_id":"d51d3ca5-7889-4c70-b906-3a5a37b60274","parent_id":"a03b888f-5426-4e4f-b5ef-bed855b162f0","parent_table":"user_root","alive":true,"notify_mobile":false,"notify_desktop":true,"notify_email":false,"visited_templates":["7e89f436-7aac-4f66-b0a6-6e65ec868d2a","88c9c2b0-d732-4342-8963-0580a4725571","ba43b46e-4ad3-47f7-95f0-58a3ba01476f","2dddc8c5-a711-4aa2-b5b3-ff952a49bcfa","b7572331-51ab-4ed5-a931-5a7d34b08bf0"],"sidebar_hidden_templates":["7e89f436-7aac-4f66-b0a6-6e65ec868d2a","88c9c2b0-d732-4342-8963-0580a4725571","ba43b46e-4ad3-47f7-95f0-58a3ba01476f","2dddc8c5-a711-4aa2-b5b3-ff952a49bcfa","b7572331-51ab-4ed5-a931-5a7d34b08bf0"],"created_getting_started":true,"created_onboarding_templates":true,"private_pages":["5585f343-8ea5-469b-8a90-a05987977424"],"joined":true,"settings":{"on_app_start":"first_page"}}}},"space":{"d51d3ca5-7889-4c70-b906-3a5a37b60274":{"role":"editor","value":{"id":"d51d3ca5-7889-4c70-b906-3a5a37b60274","version":4115,"name":"test_py","permissions":[{"role":"editor","type":"user_permission","user_id":"a03b888f-5426-4e4f-b5ef-bed855b162f0"}],"beta_enabled":false,"created_time":1638259881592,"last_edited_time":1652698380000,"created_by_table":"notion_user","created_by_id":"a03b888f-5426-4e4f-b5ef-bed855b162f0","last_edited_by_table":"notion_user","last_edited_by_id":"a03b888f-5426-4e4f-b5ef-bed855b162f0","plan_type":"personal","invite_link_enabled":true}}}}}'
    headers:
      Content-Type:
      - application/json; charset=utf-8
      Transfer-Encoding:
      - chunked
      content-length:
      - '2694'
    status:
      code: 200
      message: OK
- request:
    body: '{"operations": [{"id": "20f35f25-7d20-453e-ae82-19c75499ced3", "path":
      [], "args": {"id": "20f35f25-7d20-453e-ae82-19c75499ced3", "version": 1, "alive":
      true, "created_by_id": "a03b888f-5426-4e4f-b5ef-bed855b162f0", "created_by_table":
      "notion_user", "created_time": 1653039738241, "parent_id": "d51d3ca5-7889-4c70-b906-3a5a37b60274",
      "parent_table": "space", "type": "collection_view_page", "permissions": [{"role":
      "editor", "type": "user_permission", "user_id": "a03b888f-5426-4e4f-b5ef-bed855b162f0"}]},
      "command": "set", "table": "block"}, {"args": {"last_edited_by_id": "a03b888f-5426-4e4f-b5ef-bed855b162f0",
      "last_edited_by_table": "notion_user", "last_edited_time": 1653039738241}, "command":
      "update", "id": "20f35f25-7d20-453e-ae82-19c75499ced3", "path": [], "table":
      "block"}, {"id": "d51d3ca5-7889-4c70-b906-3a5a37b60274", "path": ["pages"],
      "args": {"id": "20f35f25-7d20-453e-ae82-19c75499ced3"}, "command": "listAfter",
      "table": "space"}, {"args": {"last_edited_by_id": "a03b888f-5426-4e4f-b5ef-bed855b162f0",
      "last_edited_by_table": "notion_user", "last_edited_time": 1653039738241}, "command":
      "update", "id": "20f35f25-7d20-453e-ae82-19c75499ced3", "path": [], "table":
      "block"}]}'
    headers:
      Content-Length:
      - '1198'
      content-type:
      - application/json
      cookie:
      - PRIVATE
      x-notion-active-user-header:
      - a03b888f-5426-4e4f-b5ef-bed855b162f0
    method: POST
    uri: https://www.notion.so/api/v3/submitTransaction
  response:
    body:
      string: '{}'
    headers:
      Content-Length:
      - '2'
      Content-Type:
      - application/json; charset=utf-8
    status:
      code: 200
      message: OK
- request:
    body: '{"operations": [{"id": "3a08a5ec-975a-42f3-a9c1-59540964942f", "path":
      [], "args": {"id": "3a08a5ec-975a-42f3-a9c1-59540964942f", "version": 1, "alive":
      true, "created_by_id": "a03b888f-5426-4e4f-b5ef-bed855b162f0", "created_by_table":
      "notion_user", "created_time": 1653039738800, "parent_id": "20f35f25-7d20-453e-ae82-19c75499ced3",
      "parent_table": "block", "schema": {"title": {"name": "a", "type": "title"},
      "SktJ": {"name": "b", "type": "text"}}}, "command": "set", "table": "collection"},
      {"id": "20f35f25-7d20-453e-ae82-19c75499ced3", "path": ["content"], "args":
      {"id": "3a08a5ec-975a-42f3-a9c1-59540964942f"}, "command": "listAfter", "table":
      "block"}, {"args": {"last_edited_by_id": "a03b888f-5426-4e4f-b5ef-bed855b162f0",
      "last_edited_by_table": "notion_user", "last_edited_time": 1653039738800}, "command":
      "update", "id": "20f35f25-7d20-453e-ae82-19c75499ced3", "path": [], "table":
      "block"}, {"args": {"last_edited_by_id": "a03b888f-5426-4e4f-b5ef-bed855b162f0",
      "last_edited_by_table": "notion_user", "last_edited_time": 1653039738800}, "command":
      "update", "id": "20f35f25-7d20-453e-ae82-19c75499ced3", "path": [], "table":
      "block"}]}'
    headers:
      Content-Length:
      - '1150'
      content-type:
      - application/json
      cookie:
      - PRIVATE
      x-notion-active-user-header:
      - a03b888f-5426-4e4f-b5ef-bed855b162f0
    method: POST
    uri: https://www.notion.so/api/v3/submitTransaction
  response:
    body:
      string: '{}'
    headers:
      Content-Length:
      - '2'
      Content-Type:
      - application/json; charset=utf-8
    status:
      code: 200
      message: OK
- request:
    body: '{"operations": [{"id": "20f35f25-7d20-453e-ae82-19c75499ced3", "path":
      ["format", "collection_pointer", "id"], "args": "3a08a5ec-975a-42f3-a9c1-59540964942f",
      "command": "set", "table": "block"}, {"args": {"last_edited_by_id": "a03b888f-5426-4e4f-b5ef-bed855b162f0",
      "last_edited_by_table": "notion_user", "last_edited_time": 1653039739242}, "command":
      "update", "id": "20f35f25-7d20-453e-ae82-19c75499ced3", "path": [], "table":
      "block"}]}'
    headers:
      Content-Length:
      - '440'
      content-type:
      - application/json
      cookie:
      - PRIVATE
      x-notion-active-user-header:
      - a03b888f-5426-4e4f-b5ef-bed855b162f0
    method: POST
    uri: https://www.notion.so/api/v3/submitTransaction
  response:
    body:
      string: '{}'
    headers:
      Content-Length:
      - '2'
      Content-Type:
      - application/json; charset=utf-8
    status:
      code: 200
      message: OK
- request:
    body: '{"operations": [{"id": "ab54bd8a-356f-49e4-9e7a-cec2f3e8cfbb", "path":
      [], "args": {"id": "ab54bd8a-356f-49e4-9e7a-cec2f3e8cfbb", "version": 1, "alive":
      true, "created_by_id": "a03b888f-5426-4e4f-b5ef-bed855b162f0", "created_by_table":
      "notion_user", "created_time": 1653039739651, "parent_id": "20f35f25-7d20-453e-ae82-19c75499ced3",
      "parent_table": "block", "type": "table"}, "command": "set", "table": "collection_view"},
      {"id": "20f35f25-7d20-453e-ae82-19c75499ced3", "path": ["content"], "args":
      {"id": "ab54bd8a-356f-49e4-9e7a-cec2f3e8cfbb"}, "command": "listAfter", "table":
      "block"}, {"args": {"last_edited_by_id": "a03b888f-5426-4e4f-b5ef-bed855b162f0",
      "last_edited_by_table": "notion_user", "last_edited_time": 1653039739651}, "command":
      "update", "id": "20f35f25-7d20-453e-ae82-19c75499ced3", "path": [], "table":
      "block"}, {"args": {"last_edited_by_id": "a03b888f-5426-4e4f-b5ef-bed855b162f0",
      "last_edited_by_table": "notion_user", "last_edited_time": 1653039739651}, "command":
      "update", "id": "20f35f25-7d20-453e-ae82-19c75499ced3", "path": [], "table":
      "block"}]}'
    headers:
      Content-Length:
      - '1080'
      content-type:
      - application/json
      cookie:
      - PRIVATE
      x-notion-active-user-header:
      - a03b888f-5426-4e4f-b5ef-bed855b162f0
    method: POST
    uri: https://www.notion.so/api/v3/submitTransaction
  response:
    body:
      string: '{}'
    headers:
      Content-Length:
      - '2'
      Content-Type:
      - application/json; charset=utf-8
    status:
      code: 200
      message: OK
- request:
    body: '{"operations": [{"id": "ab54bd8a-356f-49e4-9e7a-cec2f3e8cfbb", "path":
      ["collection_id"], "args": "3a08a5ec-975a-42f3-a9c1-59540964942f", "command":
      "set", "table": "collection_view"}]}'
    headers:
      Content-Length:
      - '185'
      content-type:
      - application/json
      cookie:
      - PRIVATE
      x-notion-active-user-header:
      - a03b888f-5426-4e4f-b5ef-bed855b162f0
    method: POST
    uri: https://www.notion.so/api/v3/submitTransaction
  response:
    body:
      string: '{}'
    headers:
      Content-Length:
      - '2'
      Content-Type:
      - application/json; charset=utf-8
    status:
      code: 200
      message: OK
- request:
    body: '{"operations": [{"id": "20f35f25-7d20-453e-ae82-19c75499ced3", "path":
      ["view_ids"], "args": ["ab54bd8a-356f-49e4-9e7a-cec2f3e8cfbb"], "command": "set",
      "table": "block"}, {"args": {"last_edited_by_id": "a03b888f-5426-4e4f-b5ef-bed855b162f0",
      "last_edited_by_table": "notion_user", "last_edited_time": 1653039740571}, "command":
      "update", "id": "20f35f25-7d20-453e-ae82-19c75499ced3", "path": [], "table":
      "block"}]}'
    headers:
      Content-Length:
      - '416'
      content-type:
      - application/json
      cookie:
      - PRIVATE
      x-notion-active-user-header:
      - a03b888f-5426-4e4f-b5ef-bed855b162f0
    method: POST
    uri: https://www.notion.so/api/v3/submitTransaction
  response:
    body:
      string: '{}'
    headers:
      Content-Length:
      - '2'
      Content-Type:
      - application/json; charset=utf-8
    status:
      code: 200
      message: OK
- request:
    body: '{"operations": [{"id": "ab54bd8a-356f-49e4-9e7a-cec2f3e8cfbb", "path":
      ["format", "table_properties"], "args": [{"visible": true, "property": "title"},
      {"visible": true, "property": "SktJ"}], "command": "set", "table": "collection_view"}]}'
    headers:
      Content-Length:
      - '239'
      content-type:
      - application/json
      cookie:
      - PRIVATE
      x-notion-active-user-header:
      - a03b888f-5426-4e4f-b5ef-bed855b162f0
    method: POST
    uri: https://www.notion.so/api/v3/submitTransaction
  response:
    body:
      string: '{}'
    headers:
      Content-Length:
      - '2'
      Content-Type:
      - application/json; charset=utf-8
    status:
      code: 200
      message: OK
- request:
    body: '{"operations": [{"id": "3a08a5ec-975a-42f3-a9c1-59540964942f", "path":
      ["name"], "args": [["TESTING PAGE"]], "command": "set", "table": "collection"}]}'
    headers:
      Content-Length:
      - '151'
      content-type:
      - application/json
      cookie:
      - PRIVATE
      x-notion-active-user-header:
      - a03b888f-5426-4e4f-b5ef-bed855b162f0
    method: POST
    uri: https://www.notion.so/api/v3/submitTransaction
  response:
    body:
      string: '{}'
    headers:
      Content-Length:
      - '2'
      Content-Type:
      - application/json; charset=utf-8
    status:
      code: 200
      message: OK
- request:
    body: '{"operations": [{"id": "1ab70c59-ff7b-43d9-8eea-72d3d5a8a1ea", "path":
      [], "args": {"id": "1ab70c59-ff7b-43d9-8eea-72d3d5a8a1ea", "version": 1, "alive":
      true, "created_by_id": "a03b888f-5426-4e4f-b5ef-bed855b162f0", "created_by_table":
      "notion_user", "created_time": 1653039741805, "parent_id": "d51d3ca5-7889-4c70-b906-3a5a37b60274",
      "parent_table": "space", "type": "collection_view_page", "permissions": [{"role":
      "editor", "type": "user_permission", "user_id": "a03b888f-5426-4e4f-b5ef-bed855b162f0"}]},
      "command": "set", "table": "block"}, {"args": {"last_edited_by_id": "a03b888f-5426-4e4f-b5ef-bed855b162f0",
      "last_edited_by_table": "notion_user", "last_edited_time": 1653039741805}, "command":
      "update", "id": "1ab70c59-ff7b-43d9-8eea-72d3d5a8a1ea", "path": [], "table":
      "block"}, {"id": "d51d3ca5-7889-4c70-b906-3a5a37b60274", "path": ["pages"],
      "args": {"id": "1ab70c59-ff7b-43d9-8eea-72d3d5a8a1ea"}, "command": "listAfter",
      "table": "space"}, {"args": {"last_edited_by_id": "a03b888f-5426-4e4f-b5ef-bed855b162f0",
      "last_edited_by_table": "notion_user", "last_edited_time": 1653039741805}, "command":
      "update", "id": "1ab70c59-ff7b-43d9-8eea-72d3d5a8a1ea", "path": [], "table":
      "block"}]}'
    headers:
      Content-Length:
      - '1198'
      content-type:
      - application/json
      cookie:
      - PRIVATE
      x-notion-active-user-header:
      - a03b888f-5426-4e4f-b5ef-bed855b162f0
    method: POST
    uri: https://www.notion.so/api/v3/submitTransaction
  response:
    body:
      string: '{}'
    headers:
      Content-Length:
      - '2'
      Content-Type:
      - application/json; charset=utf-8
    status:
      code: 200
      message: OK
- request:
    body: '{"operations": [{"id": "e19109b0-daa8-4fba-90db-b6f58f590d84", "path":
      [], "args": {"id": "e19109b0-daa8-4fba-90db-b6f58f590d84", "version": 1, "alive":
      true, "created_by_id": "a03b888f-5426-4e4f-b5ef-bed855b162f0", "created_by_table":
      "notion_user", "created_time": 1653039742286, "parent_id": "1ab70c59-ff7b-43d9-8eea-72d3d5a8a1ea",
      "parent_table": "block", "schema": {"title": {"name": "c", "type": "title"},
      "4kl8": {"name": "d", "type": "text"}}}, "command": "set", "table": "collection"},
      {"id": "1ab70c59-ff7b-43d9-8eea-72d3d5a8a1ea", "path": ["content"], "args":
      {"id": "e19109b0-daa8-4fba-90db-b6f58f590d84"}, "command": "listAfter", "table":
      "block"}, {"args": {"last_edited_by_id": "a03b888f-5426-4e4f-b5ef-bed855b162f0",
      "last_edited_by_table": "notion_user", "last_edited_time": 1653039742286}, "command":
      "update", "id": "1ab70c59-ff7b-43d9-8eea-72d3d5a8a1ea", "path": [], "table":
      "block"}, {"args": {"last_edited_by_id": "a03b888f-5426-4e4f-b5ef-bed855b162f0",
      "last_edited_by_table": "notion_user", "last_edited_time": 1653039742286}, "command":
      "update", "id": "1ab70c59-ff7b-43d9-8eea-72d3d5a8a1ea", "path": [], "table":
      "block"}]}'
    headers:
      Content-Length:
      - '1150'
      content-type:
      - application/json
      cookie:
      - PRIVATE
      x-notion-active-user-header:
      - a03b888f-5426-4e4f-b5ef-bed855b162f0
    method: POST
    uri: https://www.notion.so/api/v3/submitTransaction
  response:
    body:
      string: '{}'
    headers:
      Content-Length:
      - '2'
      Content-Type:
      - application/json; charset=utf-8
    status:
      code: 200
      message: OK
- request:
    body: '{"operations": [{"id": "1ab70c59-ff7b-43d9-8eea-72d3d5a8a1ea", "path":
      ["format", "collection_pointer", "id"], "args": "e19109b0-daa8-4fba-90db-b6f58f590d84",
      "command": "set", "table": "block"}, {"args": {"last_edited_by_id": "a03b888f-5426-4e4f-b5ef-bed855b162f0",
      "last_edited_by_table": "notion_user", "last_edited_time": 1653039742719}, "command":
      "update", "id": "1ab70c59-ff7b-43d9-8eea-72d3d5a8a1ea", "path": [], "table":
      "block"}]}'
    headers:
      Content-Length:
      - '440'
      content-type:
      - application/json
      cookie:
      - PRIVATE
      x-notion-active-user-header:
      - a03b888f-5426-4e4f-b5ef-bed855b162f0
    method: POST
    uri: https://www.notion.so/api/v3/submitTransaction
  response:
    body:
      string: '{}'
    headers:
      Content-Length:
      - '2'
      Content-Type:
      - application/json; charset=utf-8
    status:
      code: 200
      message: OK
- request:
    body: '{"operations": [{"id": "e3154fbb-4eb7-49ea-9de3-49ffbd951ed2", "path":
      [], "args": {"id": "e3154fbb-4eb7-49ea-9de3-49ffbd951ed2", "version": 1, "alive":
      true, "created_by_id": "a03b888f-5426-4e4f-b5ef-bed855b162f0", "created_by_table":
      "notion_user", "created_time": 1653039743387, "parent_id": "1ab70c59-ff7b-43d9-8eea-72d3d5a8a1ea",
      "parent_table": "block", "type": "table"}, "command": "set", "table": "collection_view"},
      {"id": "1ab70c59-ff7b-43d9-8eea-72d3d5a8a1ea", "path": ["content"], "args":
      {"id": "e3154fbb-4eb7-49ea-9de3-49ffbd951ed2"}, "command": "listAfter", "table":
      "block"}, {"args": {"last_edited_by_id": "a03b888f-5426-4e4f-b5ef-bed855b162f0",
      "last_edited_by_table": "notion_user", "last_edited_time": 1653039743387}, "command":
      "update", "id": "1ab70c59-ff7b-43d9-8eea-72d3d5a8a1ea", "path": [], "table":
      "block"}, {"args": {"last_edited_by_id": "a03b888f-5426-4e4f-b5ef-bed855b162f0",
      "last_edited_by_table": "notion_user", "last_edited_time": 1653039743387}, "command":
      "update", "id": "1ab70c59-ff7b-43d9-8eea-72d3d5a8a1ea", "path": [], "table":
      "block"}]}'
    headers:
      Content-Length:
      - '1080'
      content-type:
      - application/json
      cookie:
      - PRIVATE
      x-notion-active-user-header:
      - a03b888f-5426-4e4f-b5ef-bed855b162f0
    method: POST
    uri: https://www.notion.so/api/v3/submitTransaction
  response:
    body:
      string: '{}'
    headers:
      Content-Length:
      - '2'
      Content-Type:
      - application/json; charset=utf-8
    status:
      code: 200
      message: OK
- request:
    body: '{"operations": [{"id": "e3154fbb-4eb7-49ea-9de3-49ffbd951ed2", "path":
      ["collection_id"], "args": "e19109b0-daa8-4fba-90db-b6f58f590d84", "command":
      "set", "table": "collection_view"}]}'
    headers:
      Content-Length:
      - '185'
      content-type:
      - application/json
      cookie:
      - PRIVATE
      x-notion-active-user-header:
      - a03b888f-5426-4e4f-b5ef-bed855b162f0
    method: POST
    uri: https://www.notion.so/api/v3/submitTransaction
  response:
    body:
      string: '{}'
    headers:
      Content-Length:
      - '2'
      Content-Type:
      - application/json; charset=utf-8
    status:
      code: 200
      message: OK
- request:
    body: '{"operations": [{"id": "1ab70c59-ff7b-43d9-8eea-72d3d5a8a1ea", "path":
      ["view_ids"], "args": ["e3154fbb-4eb7-49ea-9de3-49ffbd951ed2"], "command": "set",
      "table": "block"}, {"args": {"last_edited_by_id": "a03b888f-5426-4e4f-b5ef-bed855b162f0",
      "last_edited_by_table": "notion_user", "last_edited_time": 1653039744211}, "command":
      "update", "id": "1ab70c59-ff7b-43d9-8eea-72d3d5a8a1ea", "path": [], "table":
      "block"}]}'
    headers:
      Content-Length:
      - '416'
      content-type:
      - application/json
      cookie:
      - PRIVATE
      x-notion-active-user-header:
      - a03b888f-5426-4e4f-b5ef-bed855b162f0
    method: POST
    uri: https://www.notion.so/api/v3/submitTransaction
  response:
    body:
      string: '{}'
    headers:
      Content-Length:
      - '2'
      Content-Type:
      - application/json; charset=utf-8
    status:
      code: 200
      message: OK
- request:
    body: '{"operations": [{"id": "e3154fbb-4eb7-49ea-9de3-49ffbd951ed2", "path":
      ["format", "table_properties"], "args": [{"visible": true, "property": "title"},
      {"visible": true, "property": "4kl8"}], "command": "set", "table": "collection_view"}]}'
    headers:
      Content-Length:
      - '239'
      content-type:
      - application/json
      cookie:
      - PRIVATE
      x-notion-active-user-header:
      - a03b888f-5426-4e4f-b5ef-bed855b162f0
    method: POST
    uri: https://www.notion.so/api/v3/submitTransaction
  response:
    body:
      string: '{}'
    headers:
      Content-Length:
      - '2'
      Content-Type:
      - application/json; charset=utf-8
    status:
      code: 200
      message: OK
- request:
    body: '{"operations": [{"id": "e19109b0-daa8-4fba-90db-b6f58f590d84", "path":
      ["name"], "args": [["TESTING PAGE"]], "command": "set", "table": "collection"}]}'
    headers:
      Content-Length:
      - '151'
      content-type:
      - application/json
      cookie:
      - PRIVATE
      x-notion-active-user-header:
      - a03b888f-5426-4e4f-b5ef-bed855b162f0
    method: POST
    uri: https://www.notion.so/api/v3/submitTransaction
  response:
    body:
      string: '{}'
    headers:
      Content-Length:
      - '2'
      Content-Type:
      - application/json; charset=utf-8
    status:
      code: 200
      message: OK
- request:
    body: '{"blockId": "1ab70c59-ff7b-43d9-8eea-72d3d5a8a1ea"}'
    headers:
      Content-Length:
      - '51'
      content-type:
      - application/json
      cookie:
      - PRIVATE
      x-notion-active-user-header:
      - a03b888f-5426-4e4f-b5ef-bed855b162f0
    method: POST
    uri: https://www.notion.so/api/v3/getPublicPageData
  response:
    body:
      string: '{"spaceName":"test_py","spaceId":"d51d3ca5-7889-4c70-b906-3a5a37b60274","spaceDomain":"laced-taxi-315","canJoinSpace":true,"userHasExplicitAccess":true,"ownerUserId":"a03b888f-5426-4e4f-b5ef-bed855b162f0","betaEnabled":false,"canRequestAccess":true,"requireLogin":false,"publicAccessRole":"none"}'
    headers:
      Content-Type:
      - application/json; charset=utf-8
      Transfer-Encoding:
      - chunked
      content-length:
      - '296'
    status:
      code: 200
      message: OK
- request:
    body: '{"operations": [{"id": "3a08a5ec-975a-42f3-a9c1-59540964942f", "path":
      ["schema"], "args": {"title": {"name": "a", "type": "title"}, "SktJ": {"name":
      "b", "type": "relation", "property": "aWVL", "collection_id": "e19109b0-daa8-4fba-90db-b6f58f590d84",
      "collection_pointer": {"id": "e19109b0-daa8-4fba-90db-b6f58f590d84", "spaceId":
      "d51d3ca5-7889-4c70-b906-3a5a37b60274", "table": "collection"}}}, "command":
      "set", "table": "collection"}]}'
    headers:
      Content-Length:
      - '440'
      content-type:
      - application/json
      cookie:
      - PRIVATE
      x-notion-active-user-header:
      - a03b888f-5426-4e4f-b5ef-bed855b162f0
    method: POST
    uri: https://www.notion.so/api/v3/submitTransaction
  response:
    body:
      string: '{}'
    headers:
      Content-Length:
      - '2'
      Content-Type:
      - application/json; charset=utf-8
    status:
      code: 200
      message: OK
- request:
    body: '{}'
    headers:
      Content-Length:
      - '2'
      content-type:
      - application/json
      cookie:
      - PRIVATE
    method: POST
    uri: https://www.notion.so/api/v3/loadUserContent
  response:
    body:
      string: '{"recordMap":{"notion_user":{"a03b888f-5426-4e4f-b5ef-bed855b162f0":{"role":"editor","value":{"id":"a03b888f-5426-4e4f-b5ef-bed855b162f0","version":7,"email":"test_py_notion@protonmail.com","onboarding_completed":true,"name":"test_py"}}},"user_root":{"a03b888f-5426-4e4f-b5ef-bed855b162f0":{"role":"editor","value":{"id":"a03b888f-5426-4e4f-b5ef-bed855b162f0","version":3,"space_views":["703440cc-f5cb-4f27-ba54-a9125a58e033"],"space_view_pointers":[{"id":"703440cc-f5cb-4f27-ba54-a9125a58e033","table":"space_view","spaceId":"d51d3ca5-7889-4c70-b906-3a5a37b60274"}]}}},"user_settings":{"a03b888f-5426-4e4f-b5ef-bed855b162f0":{"role":"editor","value":{"id":"a03b888f-5426-4e4f-b5ef-bed855b162f0","version":10,"settings":{"type":"personal","persona":"personal","team_role":"unfilled","time_zone":"Asia/Tashkent","signup_time":1638259864507,"cookie_consent":{"id":"2c2f9260-c9a6-4097-bc19-30e5395dfb02","permission":{"necessary":true,"targeting":false,"preference":false,"performance":false}},"preferred_locale":"en-US","used_desktop_web_app":true,"seen_views_intro_modal":true,"preferred_locale_origin":"autodetect","seen_persona_collection":true}}}},"space_view":{"703440cc-f5cb-4f27-ba54-a9125a58e033":{"role":"editor","value":{"id":"703440cc-f5cb-4f27-ba54-a9125a58e033","version":31,"space_id":"d51d3ca5-7889-4c70-b906-3a5a37b60274","parent_id":"a03b888f-5426-4e4f-b5ef-bed855b162f0","parent_table":"user_root","alive":true,"notify_mobile":false,"notify_desktop":true,"notify_email":false,"visited_templates":["7e89f436-7aac-4f66-b0a6-6e65ec868d2a","88c9c2b0-d732-4342-8963-0580a4725571","ba43b46e-4ad3-47f7-95f0-58a3ba01476f","2dddc8c5-a711-4aa2-b5b3-ff952a49bcfa","b7572331-51ab-4ed5-a931-5a7d34b08bf0"],"sidebar_hidden_templates":["7e89f436-7aac-4f66-b0a6-6e65ec868d2a","88c9c2b0-d732-4342-8963-0580a4725571","ba43b46e-4ad3-47f7-95f0-58a3ba01476f","2dddc8c5-a711-4aa2-b5b3-ff952a49bcfa","b7572331-51ab-4ed5-a931-5a7d34b08bf0"],"created_getting_started":true,"created_onboarding_templates":true,"private_pages":["5585f343-8ea5-469b-8a90-a05987977424"],"joined":true,"settings":{"on_app_start":"first_page"}}}},"space":{"d51d3ca5-7889-4c70-b906-3a5a37b60274":{"role":"editor","value":{"id":"d51d3ca5-7889-4c70-b906-3a5a37b60274","version":4117,"name":"test_py","permissions":[{"role":"editor","type":"user_permission","user_id":"a03b888f-5426-4e4f-b5ef-bed855b162f0"}],"beta_enabled":false,"pages":["20f35f25-7d20-453e-ae82-19c75499ced3","1ab70c59-ff7b-43d9-8eea-72d3d5a8a1ea"],"created_time":1638259881592,"last_edited_time":1652698380000,"created_by_table":"notion_user","created_by_id":"a03b888f-5426-4e4f-b5ef-bed855b162f0","last_edited_by_table":"notion_user","last_edited_by_id":"a03b888f-5426-4e4f-b5ef-bed855b162f0","plan_type":"personal","invite_link_enabled":true}}},"block":{"1ab70c59-ff7b-43d9-8eea-72d3d5a8a1ea":{"role":"editor","value":{"id":"1ab70c59-ff7b-43d9-8eea-72d3d5a8a1ea","version":13,"type":"collection_view_page","content":["e19109b0-daa8-4fba-90db-b6f58f590d84","e3154fbb-4eb7-49ea-9de3-49ffbd951ed2"],"view_ids":["e3154fbb-4eb7-49ea-9de3-49ffbd951ed2"],"format":{"collection_pointer":{"id":"e19109b0-daa8-4fba-90db-b6f58f590d84","table":"collection","spaceId":"d51d3ca5-7889-4c70-b906-3a5a37b60274"}},"permissions":[{"role":"editor","type":"user_permission","user_id":"a03b888f-5426-4e4f-b5ef-bed855b162f0"}],"created_time":1653039741805,"last_edited_time":1653039744211,"parent_id":"d51d3ca5-7889-4c70-b906-3a5a37b60274","parent_table":"space","alive":true,"created_by_table":"notion_user","created_by_id":"a03b888f-5426-4e4f-b5ef-bed855b162f0","last_edited_by_table":"notion_user","last_edited_by_id":"a03b888f-5426-4e4f-b5ef-bed855b162f0","space_id":"d51d3ca5-7889-4c70-b906-3a5a37b60274"}},"20f35f25-7d20-453e-ae82-19c75499ced3":{"role":"editor","value":{"id":"20f35f25-7d20-453e-ae82-19c75499ced3","version":13,"type":"collection_view_page","content":["3a08a5ec-975a-42f3-a9c1-59540964942f","ab54bd8a-356f-49e4-9e7a-cec2f3e8cfbb"],"view_ids":["ab54bd8a-356f-49e4-9e7a-cec2f3e8cfbb"],"format":{"collection_pointer":{"id":"3a08a5ec-975a-42f3-a9c1-59540964942f","table":"collection","spaceId":"d51d3ca5-7889-4c70-b906-3a5a37b60274"}},"permissions":[{"role":"editor","type":"user_permission","user_id":"a03b888f-5426-4e4f-b5ef-bed855b162f0"}],"created_time":1653039738241,"last_edited_time":1653039740571,"parent_id":"d51d3ca5-7889-4c70-b906-3a5a37b60274","parent_table":"space","alive":true,"created_by_table":"notion_user","created_by_id":"a03b888f-5426-4e4f-b5ef-bed855b162f0","last_edited_by_table":"notion_user","last_edited_by_id":"a03b888f-5426-4e4f-b5ef-bed855b162f0","space_id":"d51d3ca5-7889-4c70-b906-3a5a37b60274"}}},"collection":{"3a08a5ec-975a-42f3-a9c1-59540964942f":{"role":"editor","value":{"id":"3a08a5ec-975a-42f3-a9c1-59540964942f","version":3,"name":[["TESTING
        PAGE"]],"schema":{"SktJ":{"name":"b","type":"relation","property":"aWVL","collection_id":"e19109b0-daa8-4fba-90db-b6f58f590d84","collection_pointer":{"id":"e19109b0-daa8-4fba-90db-b6f58f590d84","table":"collection","spaceId":"d51d3ca5-7889-4c70-b906-3a5a37b60274"}},"title":{"name":"a","type":"title"}},"parent_id":"20f35f25-7d20-453e-ae82-19c75499ced3","parent_table":"block","alive":true,"migrated":true,"space_id":"d51d3ca5-7889-4c70-b906-3a5a37b60274"}},"e19109b0-daa8-4fba-90db-b6f58f590d84":{"role":"editor","value":{"id":"e19109b0-daa8-4fba-90db-b6f58f590d84","version":2,"name":[["TESTING
        PAGE"]],"schema":{"4kl8":{"name":"d","type":"text"},"title":{"name":"c","type":"title"}},"parent_id":"1ab70c59-ff7b-43d9-8eea-72d3d5a8a1ea","parent_table":"block","alive":true,"migrated":true,"space_id":"d51d3ca5-7889-4c70-b906-3a5a37b60274"}}}}}'
    headers:
      Content-Type:
      - application/json; charset=utf-8
      Transfer-Encoding:
      - chunked
      content-length:
      - '5657'
    status:
      code: 200
      message: OK
- request:
    body: '{"page": {"id": "20f35f25-7d20-453e-ae82-19c75499ced3"}, "limit": 100,
      "cursor": {"stack": []}, "chunkNumber": 0, "verticalColumns": false}'
    headers:
      Content-Length:
      - '139'
      content-type:
      - application/json
      cookie:
      - PRIVATE
      x-notion-active-user-header:
      - a03b888f-5426-4e4f-b5ef-bed855b162f0
    method: POST
    uri: https://www.notion.so/api/v3/loadPageChunk
  response:
    body:
      string: '{"cursor":{"stack":[]},"recordMap":{"block":{"20f35f25-7d20-453e-ae82-19c75499ced3":{"role":"editor","value":{"id":"20f35f25-7d20-453e-ae82-19c75499ced3","version":13,"type":"collection_view_page","content":["3a08a5ec-975a-42f3-a9c1-59540964942f","ab54bd8a-356f-49e4-9e7a-cec2f3e8cfbb"],"view_ids":["ab54bd8a-356f-49e4-9e7a-cec2f3e8cfbb"],"format":{"collection_pointer":{"id":"3a08a5ec-975a-42f3-a9c1-59540964942f","table":"collection","spaceId":"d51d3ca5-7889-4c70-b906-3a5a37b60274"}},"permissions":[{"role":"editor","type":"user_permission","user_id":"a03b888f-5426-4e4f-b5ef-bed855b162f0"}],"created_time":1653039738241,"last_edited_time":1653039740571,"parent_id":"d51d3ca5-7889-4c70-b906-3a5a37b60274","parent_table":"space","alive":true,"created_by_table":"notion_user","created_by_id":"a03b888f-5426-4e4f-b5ef-bed855b162f0","last_edited_by_table":"notion_user","last_edited_by_id":"a03b888f-5426-4e4f-b5ef-bed855b162f0","space_id":"d51d3ca5-7889-4c70-b906-3a5a37b60274"}}},"space":{"d51d3ca5-7889-4c70-b906-3a5a37b60274":{"role":"editor","value":{"id":"d51d3ca5-7889-4c70-b906-3a5a37b60274","version":4117,"name":"test_py","permissions":[{"role":"editor","type":"user_permission","user_id":"a03b888f-5426-4e4f-b5ef-bed855b162f0"}],"beta_enabled":false,"pages":["20f35f25-7d20-453e-ae82-19c75499ced3","1ab70c59-ff7b-43d9-8eea-72d3d5a8a1ea"],"created_time":1638259881592,"last_edited_time":1652698380000,"created_by_table":"notion_user","created_by_id":"a03b888f-5426-4e4f-b5ef-bed855b162f0","last_edited_by_table":"notion_user","last_edited_by_id":"a03b888f-5426-4e4f-b5ef-bed855b162f0","plan_type":"personal","invite_link_enabled":true}}},"collection":{"3a08a5ec-975a-42f3-a9c1-59540964942f":{"role":"editor","value":{"id":"3a08a5ec-975a-42f3-a9c1-59540964942f","version":3,"name":[["TESTING
        PAGE"]],"schema":{"SktJ":{"name":"b","type":"relation","property":"aWVL","collection_id":"e19109b0-daa8-4fba-90db-b6f58f590d84","collection_pointer":{"id":"e19109b0-daa8-4fba-90db-b6f58f590d84","table":"collection","spaceId":"d51d3ca5-7889-4c70-b906-3a5a37b60274"}},"title":{"name":"a","type":"title"}},"parent_id":"20f35f25-7d20-453e-ae82-19c75499ced3","parent_table":"block","alive":true,"migrated":true,"space_id":"d51d3ca5-7889-4c70-b906-3a5a37b60274"}}},"collection_view":{"ab54bd8a-356f-49e4-9e7a-cec2f3e8cfbb":{"role":"editor","value":{"id":"ab54bd8a-356f-49e4-9e7a-cec2f3e8cfbb","version":3,"type":"table","format":{"table_properties":[{"visible":true,"property":"title"},{"visible":true,"property":"SktJ"}]},"parent_id":"20f35f25-7d20-453e-ae82-19c75499ced3","parent_table":"block","alive":true,"space_id":"d51d3ca5-7889-4c70-b906-3a5a37b60274","created_time":1653039739651,"created_by_table":"notion_user","created_by_id":"a03b888f-5426-4e4f-b5ef-bed855b162f0"}}}}}'
    headers:
      Content-Type:
      - application/json; charset=utf-8
      Transfer-Encoding:
      - chunked
      content-length:
      - '2775'
    status:
      code: 200
      message: OK
- request:
    body: '{"requests": [{"table": "collection", "id": "e19109b0-daa8-4fba-90db-b6f58f590d84"}]}'
    headers:
      Content-Length:
      - '85'
      content-type:
      - application/json
      cookie:
      - PRIVATE
      x-notion-active-user-header:
      - a03b888f-5426-4e4f-b5ef-bed855b162f0
    method: POST
    uri: https://www.notion.so/api/v3/getRecordValues
  response:
    body:
      string: '{"results":[{"role":"editor","value":{"id":"e19109b0-daa8-4fba-90db-b6f58f590d84","version":3,"name":[["TESTING
        PAGE"]],"schema":{"4kl8":{"name":"d","type":"text"},"aWVL":{"name":"Related
        to TESTING PAGE (b)","type":"relation","property":"SktJ","collection_id":"3a08a5ec-975a-42f3-a9c1-59540964942f","collection_pointer":{"id":"3a08a5ec-975a-42f3-a9c1-59540964942f","table":"collection","spaceId":"d51d3ca5-7889-4c70-b906-3a5a37b60274"}},"title":{"name":"c","type":"title"}},"parent_id":"1ab70c59-ff7b-43d9-8eea-72d3d5a8a1ea","parent_table":"block","alive":true,"migrated":true,"space_id":"d51d3ca5-7889-4c70-b906-3a5a37b60274"}}],"recordMapWithRoles":{"collection":{"e19109b0-daa8-4fba-90db-b6f58f590d84":{"role":"editor","value":{"id":"e19109b0-daa8-4fba-90db-b6f58f590d84","version":3,"name":[["TESTING
        PAGE"]],"schema":{"4kl8":{"name":"d","type":"text"},"aWVL":{"name":"Related
        to TESTING PAGE (b)","type":"relation","property":"SktJ","collection_id":"3a08a5ec-975a-42f3-a9c1-59540964942f","collection_pointer":{"id":"3a08a5ec-975a-42f3-a9c1-59540964942f","table":"collection","spaceId":"d51d3ca5-7889-4c70-b906-3a5a37b60274"}},"title":{"name":"c","type":"title"}},"parent_id":"1ab70c59-ff7b-43d9-8eea-72d3d5a8a1ea","parent_table":"block","alive":true,"migrated":true,"space_id":"d51d3ca5-7889-4c70-b906-3a5a37b60274"}}},"block":{"1ab70c59-ff7b-43d9-8eea-72d3d5a8a1ea":{"role":"editor","value":{"id":"1ab70c59-ff7b-43d9-8eea-72d3d5a8a1ea","version":13,"type":"collection_view_page","content":["e19109b0-daa8-4fba-90db-b6f58f590d84","e3154fbb-4eb7-49ea-9de3-49ffbd951ed2"],"view_ids":["e3154fbb-4eb7-49ea-9de3-49ffbd951ed2"],"format":{"collection_pointer":{"id":"e19109b0-daa8-4fba-90db-b6f58f590d84","table":"collection","spaceId":"d51d3ca5-7889-4c70-b906-3a5a37b60274"}},"permissions":[{"role":"editor","type":"user_permission","user_id":"a03b888f-5426-4e4f-b5ef-bed855b162f0"}],"created_time":1653039741805,"last_edited_time":1653039744211,"parent_id":"d51d3ca5-7889-4c70-b906-3a5a37b60274","parent_table":"space","alive":true,"created_by_table":"notion_user","created_by_id":"a03b888f-5426-4e4f-b5ef-bed855b162f0","last_edited_by_table":"notion_user","last_edited_by_id":"a03b888f-5426-4e4f-b5ef-bed855b162f0","space_id":"d51d3ca5-7889-4c70-b906-3a5a37b60274"}}},"space":{"d51d3ca5-7889-4c70-b906-3a5a37b60274":{"role":"editor","value":{"id":"d51d3ca5-7889-4c70-b906-3a5a37b60274","version":4117,"name":"test_py","permissions":[{"role":"editor","type":"user_permission","user_id":"a03b888f-5426-4e4f-b5ef-bed855b162f0"}],"beta_enabled":false,"pages":["20f35f25-7d20-453e-ae82-19c75499ced3","1ab70c59-ff7b-43d9-8eea-72d3d5a8a1ea"],"created_time":1638259881592,"last_edited_time":1652698380000,"created_by_table":"notion_user","created_by_id":"a03b888f-5426-4e4f-b5ef-bed855b162f0","last_edited_by_table":"notion_user","last_edited_by_id":"a03b888f-5426-4e4f-b5ef-bed855b162f0","plan_type":"personal","invite_link_enabled":true}}}}}'
    headers:
      Content-Type:
      - application/json; charset=utf-8
      Transfer-Encoding:
      - chunked
      content-length:
      - '2937'
    status:
      code: 200
      message: OK
- request:
    body: '{"requests": [{"table": "collection", "id": "e19109b0-daa8-4fba-90db-b6f58f590d84"}]}'
    headers:
      Content-Length:
      - '85'
      content-type:
      - application/json
      cookie:
      - PRIVATE
      x-notion-active-user-header:
      - a03b888f-5426-4e4f-b5ef-bed855b162f0
    method: POST
    uri: https://www.notion.so/api/v3/getRecordValues
  response:
    body:
      string: '{"results":[{"role":"editor","value":{"id":"e19109b0-daa8-4fba-90db-b6f58f590d84","version":3,"name":[["TESTING
        PAGE"]],"schema":{"4kl8":{"name":"d","type":"text"},"aWVL":{"name":"Related
        to TESTING PAGE (b)","type":"relation","property":"SktJ","collection_id":"3a08a5ec-975a-42f3-a9c1-59540964942f","collection_pointer":{"id":"3a08a5ec-975a-42f3-a9c1-59540964942f","table":"collection","spaceId":"d51d3ca5-7889-4c70-b906-3a5a37b60274"}},"title":{"name":"c","type":"title"}},"parent_id":"1ab70c59-ff7b-43d9-8eea-72d3d5a8a1ea","parent_table":"block","alive":true,"migrated":true,"space_id":"d51d3ca5-7889-4c70-b906-3a5a37b60274"}}],"recordMapWithRoles":{"collection":{"e19109b0-daa8-4fba-90db-b6f58f590d84":{"role":"editor","value":{"id":"e19109b0-daa8-4fba-90db-b6f58f590d84","version":3,"name":[["TESTING
        PAGE"]],"schema":{"4kl8":{"name":"d","type":"text"},"aWVL":{"name":"Related
        to TESTING PAGE (b)","type":"relation","property":"SktJ","collection_id":"3a08a5ec-975a-42f3-a9c1-59540964942f","collection_pointer":{"id":"3a08a5ec-975a-42f3-a9c1-59540964942f","table":"collection","spaceId":"d51d3ca5-7889-4c70-b906-3a5a37b60274"}},"title":{"name":"c","type":"title"}},"parent_id":"1ab70c59-ff7b-43d9-8eea-72d3d5a8a1ea","parent_table":"block","alive":true,"migrated":true,"space_id":"d51d3ca5-7889-4c70-b906-3a5a37b60274"}}},"block":{"1ab70c59-ff7b-43d9-8eea-72d3d5a8a1ea":{"role":"editor","value":{"id":"1ab70c59-ff7b-43d9-8eea-72d3d5a8a1ea","version":13,"type":"collection_view_page","content":["e19109b0-daa8-4fba-90db-b6f58f590d84","e3154fbb-4eb7-49ea-9de3-49ffbd951ed2"],"view_ids":["e3154fbb-4eb7-49ea-9de3-49ffbd951ed2"],"format":{"collection_pointer":{"id":"e19109b0-daa8-4fba-90db-b6f58f590d84","table":"collection","spaceId":"d51d3ca5-7889-4c70-b906-3a5a37b60274"}},"permissions":[{"role":"editor","type":"user_permission","user_id":"a03b888f-5426-4e4f-b5ef-bed855b162f0"}],"created_time":1653039741805,"last_edited_time":1653039744211,"parent_id":"d51d3ca5-7889-4c70-b906-3a5a37b60274","parent_table":"space","alive":true,"created_by_table":"notion_user","created_by_id":"a03b888f-5426-4e4f-b5ef-bed855b162f0","last_edited_by_table":"notion_user","last_edited_by_id":"a03b888f-5426-4e4f-b5ef-bed855b162f0","space_id":"d51d3ca5-7889-4c70-b906-3a5a37b60274"}}},"space":{"d51d3ca5-7889-4c70-b906-3a5a37b60274":{"role":"editor","value":{"id":"d51d3ca5-7889-4c70-b906-3a5a37b60274","version":4117,"name":"test_py","permissions":[{"role":"editor","type":"user_permission","user_id":"a03b888f-5426-4e4f-b5ef-bed855b162f0"}],"beta_enabled":false,"pages":["20f35f25-7d20-453e-ae82-19c75499ced3","1ab70c59-ff7b-43d9-8eea-72d3d5a8a1ea"],"created_time":1638259881592,"last_edited_time":1652698380000,"created_by_table":"notion_user","created_by_id":"a03b888f-5426-4e4f-b5ef-bed855b162f0","last_edited_by_table":"notion_user","last_edited_by_id":"a03b888f-5426-4e4f-b5ef-bed855b162f0","plan_type":"personal","invite_link_enabled":true}}}}}'
    headers:
      Content-Type:
      - application/json; charset=utf-8
      Transfer-Encoding:
      - chunked
      content-length:
      - '2937'
    status:
      code: 200
      message: OK
- request:
    body: '{"requests": [{"table": "collection", "id": "e19109b0-daa8-4fba-90db-b6f58f590d84"}]}'
    headers:
      Content-Length:
      - '85'
      content-type:
      - application/json
      cookie:
      - PRIVATE
      x-notion-active-user-header:
      - a03b888f-5426-4e4f-b5ef-bed855b162f0
    method: POST
    uri: https://www.notion.so/api/v3/getRecordValues
  response:
    body:
      string: '{"results":[{"role":"editor","value":{"id":"e19109b0-daa8-4fba-90db-b6f58f590d84","version":3,"name":[["TESTING
        PAGE"]],"schema":{"4kl8":{"name":"d","type":"text"},"aWVL":{"name":"Related
        to TESTING PAGE (b)","type":"relation","property":"SktJ","collection_id":"3a08a5ec-975a-42f3-a9c1-59540964942f","collection_pointer":{"id":"3a08a5ec-975a-42f3-a9c1-59540964942f","table":"collection","spaceId":"d51d3ca5-7889-4c70-b906-3a5a37b60274"}},"title":{"name":"c","type":"title"}},"parent_id":"1ab70c59-ff7b-43d9-8eea-72d3d5a8a1ea","parent_table":"block","alive":true,"migrated":true,"space_id":"d51d3ca5-7889-4c70-b906-3a5a37b60274"}}],"recordMapWithRoles":{"collection":{"e19109b0-daa8-4fba-90db-b6f58f590d84":{"role":"editor","value":{"id":"e19109b0-daa8-4fba-90db-b6f58f590d84","version":3,"name":[["TESTING
        PAGE"]],"schema":{"4kl8":{"name":"d","type":"text"},"aWVL":{"name":"Related
        to TESTING PAGE (b)","type":"relation","property":"SktJ","collection_id":"3a08a5ec-975a-42f3-a9c1-59540964942f","collection_pointer":{"id":"3a08a5ec-975a-42f3-a9c1-59540964942f","table":"collection","spaceId":"d51d3ca5-7889-4c70-b906-3a5a37b60274"}},"title":{"name":"c","type":"title"}},"parent_id":"1ab70c59-ff7b-43d9-8eea-72d3d5a8a1ea","parent_table":"block","alive":true,"migrated":true,"space_id":"d51d3ca5-7889-4c70-b906-3a5a37b60274"}}},"block":{"1ab70c59-ff7b-43d9-8eea-72d3d5a8a1ea":{"role":"editor","value":{"id":"1ab70c59-ff7b-43d9-8eea-72d3d5a8a1ea","version":13,"type":"collection_view_page","content":["e19109b0-daa8-4fba-90db-b6f58f590d84","e3154fbb-4eb7-49ea-9de3-49ffbd951ed2"],"view_ids":["e3154fbb-4eb7-49ea-9de3-49ffbd951ed2"],"format":{"collection_pointer":{"id":"e19109b0-daa8-4fba-90db-b6f58f590d84","table":"collection","spaceId":"d51d3ca5-7889-4c70-b906-3a5a37b60274"}},"permissions":[{"role":"editor","type":"user_permission","user_id":"a03b888f-5426-4e4f-b5ef-bed855b162f0"}],"created_time":1653039741805,"last_edited_time":1653039744211,"parent_id":"d51d3ca5-7889-4c70-b906-3a5a37b60274","parent_table":"space","alive":true,"created_by_table":"notion_user","created_by_id":"a03b888f-5426-4e4f-b5ef-bed855b162f0","last_edited_by_table":"notion_user","last_edited_by_id":"a03b888f-5426-4e4f-b5ef-bed855b162f0","space_id":"d51d3ca5-7889-4c70-b906-3a5a37b60274"}}},"space":{"d51d3ca5-7889-4c70-b906-3a5a37b60274":{"role":"editor","value":{"id":"d51d3ca5-7889-4c70-b906-3a5a37b60274","version":4117,"name":"test_py","permissions":[{"role":"editor","type":"user_permission","user_id":"a03b888f-5426-4e4f-b5ef-bed855b162f0"}],"beta_enabled":false,"pages":["20f35f25-7d20-453e-ae82-19c75499ced3","1ab70c59-ff7b-43d9-8eea-72d3d5a8a1ea"],"created_time":1638259881592,"last_edited_time":1652698380000,"created_by_table":"notion_user","created_by_id":"a03b888f-5426-4e4f-b5ef-bed855b162f0","last_edited_by_table":"notion_user","last_edited_by_id":"a03b888f-5426-4e4f-b5ef-bed855b162f0","plan_type":"personal","invite_link_enabled":true}}}}}'
    headers:
      Content-Type:
      - application/json; charset=utf-8
      Transfer-Encoding:
      - chunked
      content-length:
      - '2937'
    status:
      code: 200
      message: OK
- request:
    body: '{"requests": [{"table": "collection_view", "id": "e3154fbb-4eb7-49ea-9de3-49ffbd951ed2"}]}'
    headers:
      Content-Length:
      - '90'
      content-type:
      - application/json
      cookie:
      - PRIVATE
      x-notion-active-user-header:
      - a03b888f-5426-4e4f-b5ef-bed855b162f0
    method: POST
    uri: https://www.notion.so/api/v3/getRecordValues
  response:
    body:
      string: '{"results":[{"role":"editor","value":{"id":"e3154fbb-4eb7-49ea-9de3-49ffbd951ed2","version":3,"type":"table","format":{"table_properties":[{"visible":true,"property":"title"},{"visible":true,"property":"4kl8"}]},"parent_id":"1ab70c59-ff7b-43d9-8eea-72d3d5a8a1ea","parent_table":"block","alive":true,"space_id":"d51d3ca5-7889-4c70-b906-3a5a37b60274","created_time":1653039743387,"created_by_table":"notion_user","created_by_id":"a03b888f-5426-4e4f-b5ef-bed855b162f0"}}],"recordMapWithRoles":{"collection_view":{"e3154fbb-4eb7-49ea-9de3-49ffbd951ed2":{"role":"editor","value":{"id":"e3154fbb-4eb7-49ea-9de3-49ffbd951ed2","version":3,"type":"table","format":{"table_properties":[{"visible":true,"property":"title"},{"visible":true,"property":"4kl8"}]},"parent_id":"1ab70c59-ff7b-43d9-8eea-72d3d5a8a1ea","parent_table":"block","alive":true,"space_id":"d51d3ca5-7889-4c70-b906-3a5a37b60274","created_time":1653039743387,"created_by_table":"notion_user","created_by_id":"a03b888f-5426-4e4f-b5ef-bed855b162f0"}}},"block":{"1ab70c59-ff7b-43d9-8eea-72d3d5a8a1ea":{"role":"editor","value":{"id":"1ab70c59-ff7b-43d9-8eea-72d3d5a8a1ea","version":13,"type":"collection_view_page","content":["e19109b0-daa8-4fba-90db-b6f58f590d84","e3154fbb-4eb7-49ea-9de3-49ffbd951ed2"],"view_ids":["e3154fbb-4eb7-49ea-9de3-49ffbd951ed2"],"format":{"collection_pointer":{"id":"e19109b0-daa8-4fba-90db-b6f58f590d84","table":"collection","spaceId":"d51d3ca5-7889-4c70-b906-3a5a37b60274"}},"permissions":[{"role":"editor","type":"user_permission","user_id":"a03b888f-5426-4e4f-b5ef-bed855b162f0"}],"created_time":1653039741805,"last_edited_time":1653039744211,"parent_id":"d51d3ca5-7889-4c70-b906-3a5a37b60274","parent_table":"space","alive":true,"created_by_table":"notion_user","created_by_id":"a03b888f-5426-4e4f-b5ef-bed855b162f0","last_edited_by_table":"notion_user","last_edited_by_id":"a03b888f-5426-4e4f-b5ef-bed855b162f0","space_id":"d51d3ca5-7889-4c70-b906-3a5a37b60274"}}},"space":{"d51d3ca5-7889-4c70-b906-3a5a37b60274":{"role":"editor","value":{"id":"d51d3ca5-7889-4c70-b906-3a5a37b60274","version":4117,"name":"test_py","permissions":[{"role":"editor","type":"user_permission","user_id":"a03b888f-5426-4e4f-b5ef-bed855b162f0"}],"beta_enabled":false,"pages":["20f35f25-7d20-453e-ae82-19c75499ced3","1ab70c59-ff7b-43d9-8eea-72d3d5a8a1ea"],"created_time":1638259881592,"last_edited_time":1652698380000,"created_by_table":"notion_user","created_by_id":"a03b888f-5426-4e4f-b5ef-bed855b162f0","last_edited_by_table":"notion_user","last_edited_by_id":"a03b888f-5426-4e4f-b5ef-bed855b162f0","plan_type":"personal","invite_link_enabled":true}}}}}'
    headers:
      Content-Type:
      - application/json; charset=utf-8
      Transfer-Encoding:
      - chunked
      content-length:
      - '2618'
    status:
      code: 200
      message: OK
- request:
    body: '{"collection": {"id": "e19109b0-daa8-4fba-90db-b6f58f590d84", "spaceId":
      "d51d3ca5-7889-4c70-b906-3a5a37b60274"}, "collectionView": {"id": "e3154fbb-4eb7-49ea-9de3-49ffbd951ed2",
      "spaceId": "d51d3ca5-7889-4c70-b906-3a5a37b60274"}, "loader": {"reducers": {"table:uncategorized:title:count":
      {"aggregation": {"aggregator": "count", "property": "title"}, "type": "aggregation"}},
      "searchQuery": "", "sort": [], "userTimeZone": "Asia/Tashkent", "type": "reducer"}}'
    headers:
      Content-Length:
      - '460'
      content-type:
      - application/json
      cookie:
      - PRIVATE
      x-notion-active-user-header:
      - a03b888f-5426-4e4f-b5ef-bed855b162f0
    method: POST
    uri: https://www.notion.so/api/v3/queryCollection
  response:
    body:
      string: '{"result":{"type":"reducer","reducerResults":{"table:uncategorized:title:count":{"type":"aggregation","aggregationResult":{"type":"number","value":0}}}},"recordMap":{}}'
    headers:
      Content-Type:
      - application/json; charset=utf-8
      Transfer-Encoding:
      - chunked
      content-encoding:
      - undefined
    status:
      code: 200
      message: OK
- request:
    body: '{"collection": {"id": "e19109b0-daa8-4fba-90db-b6f58f590d84", "spaceId":
      "d51d3ca5-7889-4c70-b906-3a5a37b60274"}, "collectionView": {"id": "e3154fbb-4eb7-49ea-9de3-49ffbd951ed2",
      "spaceId": "d51d3ca5-7889-4c70-b906-3a5a37b60274"}, "loader": {"reducers": {"collection_group_results":
      {"limit": 0, "type": "results"}}, "searchQuery": "", "sort": [], "userTimeZone":
      "Asia/Tashkent", "type": "reducer"}}'
    headers:
      Content-Length:
      - '400'
      content-type:
      - application/json
      cookie:
      - PRIVATE
      x-notion-active-user-header:
      - a03b888f-5426-4e4f-b5ef-bed855b162f0
    method: POST
    uri: https://www.notion.so/api/v3/queryCollection
  response:
    body:
      string: '{"result":{"type":"reducer","reducerResults":{"collection_group_results":{"type":"results","blockIds":[],"hasMore":false}}},"recordMap":{}}'
    headers:
      Content-Type:
      - application/json; charset=utf-8
      Transfer-Encoding:
      - chunked
      content-encoding:
      - undefined
    status:
      code: 200
      message: OK
- request:
    body: '{}'
    headers:
      Content-Length:
      - '2'
      content-type:
      - application/json
      cookie:
      - PRIVATE
    method: POST
    uri: https://www.notion.so/api/v3/loadUserContent
  response:
    body:
      string: '{"recordMap":{"notion_user":{"a03b888f-5426-4e4f-b5ef-bed855b162f0":{"role":"editor","value":{"id":"a03b888f-5426-4e4f-b5ef-bed855b162f0","version":7,"email":"test_py_notion@protonmail.com","onboarding_completed":true,"name":"test_py"}}},"user_root":{"a03b888f-5426-4e4f-b5ef-bed855b162f0":{"role":"editor","value":{"id":"a03b888f-5426-4e4f-b5ef-bed855b162f0","version":3,"space_views":["703440cc-f5cb-4f27-ba54-a9125a58e033"],"space_view_pointers":[{"id":"703440cc-f5cb-4f27-ba54-a9125a58e033","table":"space_view","spaceId":"d51d3ca5-7889-4c70-b906-3a5a37b60274"}]}}},"user_settings":{"a03b888f-5426-4e4f-b5ef-bed855b162f0":{"role":"editor","value":{"id":"a03b888f-5426-4e4f-b5ef-bed855b162f0","version":10,"settings":{"type":"personal","persona":"personal","team_role":"unfilled","time_zone":"Asia/Tashkent","signup_time":1638259864507,"cookie_consent":{"id":"2c2f9260-c9a6-4097-bc19-30e5395dfb02","permission":{"necessary":true,"targeting":false,"preference":false,"performance":false}},"preferred_locale":"en-US","used_desktop_web_app":true,"seen_views_intro_modal":true,"preferred_locale_origin":"autodetect","seen_persona_collection":true}}}},"space_view":{"703440cc-f5cb-4f27-ba54-a9125a58e033":{"role":"editor","value":{"id":"703440cc-f5cb-4f27-ba54-a9125a58e033","version":31,"space_id":"d51d3ca5-7889-4c70-b906-3a5a37b60274","parent_id":"a03b888f-5426-4e4f-b5ef-bed855b162f0","parent_table":"user_root","alive":true,"notify_mobile":false,"notify_desktop":true,"notify_email":false,"visited_templates":["7e89f436-7aac-4f66-b0a6-6e65ec868d2a","88c9c2b0-d732-4342-8963-0580a4725571","ba43b46e-4ad3-47f7-95f0-58a3ba01476f","2dddc8c5-a711-4aa2-b5b3-ff952a49bcfa","b7572331-51ab-4ed5-a931-5a7d34b08bf0"],"sidebar_hidden_templates":["7e89f436-7aac-4f66-b0a6-6e65ec868d2a","88c9c2b0-d732-4342-8963-0580a4725571","ba43b46e-4ad3-47f7-95f0-58a3ba01476f","2dddc8c5-a711-4aa2-b5b3-ff952a49bcfa","b7572331-51ab-4ed5-a931-5a7d34b08bf0"],"created_getting_started":true,"created_onboarding_templates":true,"private_pages":["5585f343-8ea5-469b-8a90-a05987977424"],"joined":true,"settings":{"on_app_start":"first_page"}}}},"space":{"d51d3ca5-7889-4c70-b906-3a5a37b60274":{"role":"editor","value":{"id":"d51d3ca5-7889-4c70-b906-3a5a37b60274","version":4117,"name":"test_py","permissions":[{"role":"editor","type":"user_permission","user_id":"a03b888f-5426-4e4f-b5ef-bed855b162f0"}],"beta_enabled":false,"pages":["20f35f25-7d20-453e-ae82-19c75499ced3","1ab70c59-ff7b-43d9-8eea-72d3d5a8a1ea"],"created_time":1638259881592,"last_edited_time":1652698380000,"created_by_table":"notion_user","created_by_id":"a03b888f-5426-4e4f-b5ef-bed855b162f0","last_edited_by_table":"notion_user","last_edited_by_id":"a03b888f-5426-4e4f-b5ef-bed855b162f0","plan_type":"personal","invite_link_enabled":true}}},"block":{"20f35f25-7d20-453e-ae82-19c75499ced3":{"role":"editor","value":{"id":"20f35f25-7d20-453e-ae82-19c75499ced3","version":13,"type":"collection_view_page","content":["3a08a5ec-975a-42f3-a9c1-59540964942f","ab54bd8a-356f-49e4-9e7a-cec2f3e8cfbb"],"view_ids":["ab54bd8a-356f-49e4-9e7a-cec2f3e8cfbb"],"format":{"collection_pointer":{"id":"3a08a5ec-975a-42f3-a9c1-59540964942f","table":"collection","spaceId":"d51d3ca5-7889-4c70-b906-3a5a37b60274"}},"permissions":[{"role":"editor","type":"user_permission","user_id":"a03b888f-5426-4e4f-b5ef-bed855b162f0"}],"created_time":1653039738241,"last_edited_time":1653039740571,"parent_id":"d51d3ca5-7889-4c70-b906-3a5a37b60274","parent_table":"space","alive":true,"created_by_table":"notion_user","created_by_id":"a03b888f-5426-4e4f-b5ef-bed855b162f0","last_edited_by_table":"notion_user","last_edited_by_id":"a03b888f-5426-4e4f-b5ef-bed855b162f0","space_id":"d51d3ca5-7889-4c70-b906-3a5a37b60274"}},"1ab70c59-ff7b-43d9-8eea-72d3d5a8a1ea":{"role":"editor","value":{"id":"1ab70c59-ff7b-43d9-8eea-72d3d5a8a1ea","version":13,"type":"collection_view_page","content":["e19109b0-daa8-4fba-90db-b6f58f590d84","e3154fbb-4eb7-49ea-9de3-49ffbd951ed2"],"view_ids":["e3154fbb-4eb7-49ea-9de3-49ffbd951ed2"],"format":{"collection_pointer":{"id":"e19109b0-daa8-4fba-90db-b6f58f590d84","table":"collection","spaceId":"d51d3ca5-7889-4c70-b906-3a5a37b60274"}},"permissions":[{"role":"editor","type":"user_permission","user_id":"a03b888f-5426-4e4f-b5ef-bed855b162f0"}],"created_time":1653039741805,"last_edited_time":1653039744211,"parent_id":"d51d3ca5-7889-4c70-b906-3a5a37b60274","parent_table":"space","alive":true,"created_by_table":"notion_user","created_by_id":"a03b888f-5426-4e4f-b5ef-bed855b162f0","last_edited_by_table":"notion_user","last_edited_by_id":"a03b888f-5426-4e4f-b5ef-bed855b162f0","space_id":"d51d3ca5-7889-4c70-b906-3a5a37b60274"}}},"collection":{"e19109b0-daa8-4fba-90db-b6f58f590d84":{"role":"editor","value":{"id":"e19109b0-daa8-4fba-90db-b6f58f590d84","version":3,"name":[["TESTING
        PAGE"]],"schema":{"4kl8":{"name":"d","type":"text"},"aWVL":{"name":"Related
        to TESTING PAGE (b)","type":"relation","property":"SktJ","collection_id":"3a08a5ec-975a-42f3-a9c1-59540964942f","collection_pointer":{"id":"3a08a5ec-975a-42f3-a9c1-59540964942f","table":"collection","spaceId":"d51d3ca5-7889-4c70-b906-3a5a37b60274"}},"title":{"name":"c","type":"title"}},"parent_id":"1ab70c59-ff7b-43d9-8eea-72d3d5a8a1ea","parent_table":"block","alive":true,"migrated":true,"space_id":"d51d3ca5-7889-4c70-b906-3a5a37b60274"}},"3a08a5ec-975a-42f3-a9c1-59540964942f":{"role":"editor","value":{"id":"3a08a5ec-975a-42f3-a9c1-59540964942f","version":3,"name":[["TESTING
        PAGE"]],"schema":{"SktJ":{"name":"b","type":"relation","property":"aWVL","collection_id":"e19109b0-daa8-4fba-90db-b6f58f590d84","collection_pointer":{"id":"e19109b0-daa8-4fba-90db-b6f58f590d84","table":"collection","spaceId":"d51d3ca5-7889-4c70-b906-3a5a37b60274"}},"title":{"name":"a","type":"title"}},"parent_id":"20f35f25-7d20-453e-ae82-19c75499ced3","parent_table":"block","alive":true,"migrated":true,"space_id":"d51d3ca5-7889-4c70-b906-3a5a37b60274"}}}}}'
    headers:
      Content-Type:
      - application/json; charset=utf-8
      Transfer-Encoding:
      - chunked
      content-length:
      - '5931'
    status:
      code: 200
      message: OK
- request:
    body: '{"page": {"id": "20f35f25-7d20-453e-ae82-19c75499ced3"}, "limit": 100,
      "cursor": {"stack": []}, "chunkNumber": 0, "verticalColumns": false}'
    headers:
      Content-Length:
      - '139'
      content-type:
      - application/json
      cookie:
      - PRIVATE
      x-notion-active-user-header:
      - a03b888f-5426-4e4f-b5ef-bed855b162f0
    method: POST
    uri: https://www.notion.so/api/v3/loadPageChunk
  response:
    body:
      string: '{"cursor":{"stack":[]},"recordMap":{"block":{"20f35f25-7d20-453e-ae82-19c75499ced3":{"role":"editor","value":{"id":"20f35f25-7d20-453e-ae82-19c75499ced3","version":13,"type":"collection_view_page","content":["3a08a5ec-975a-42f3-a9c1-59540964942f","ab54bd8a-356f-49e4-9e7a-cec2f3e8cfbb"],"view_ids":["ab54bd8a-356f-49e4-9e7a-cec2f3e8cfbb"],"format":{"collection_pointer":{"id":"3a08a5ec-975a-42f3-a9c1-59540964942f","table":"collection","spaceId":"d51d3ca5-7889-4c70-b906-3a5a37b60274"}},"permissions":[{"role":"editor","type":"user_permission","user_id":"a03b888f-5426-4e4f-b5ef-bed855b162f0"}],"created_time":1653039738241,"last_edited_time":1653039740571,"parent_id":"d51d3ca5-7889-4c70-b906-3a5a37b60274","parent_table":"space","alive":true,"created_by_table":"notion_user","created_by_id":"a03b888f-5426-4e4f-b5ef-bed855b162f0","last_edited_by_table":"notion_user","last_edited_by_id":"a03b888f-5426-4e4f-b5ef-bed855b162f0","space_id":"d51d3ca5-7889-4c70-b906-3a5a37b60274"}}},"space":{"d51d3ca5-7889-4c70-b906-3a5a37b60274":{"role":"editor","value":{"id":"d51d3ca5-7889-4c70-b906-3a5a37b60274","version":4117,"name":"test_py","permissions":[{"role":"editor","type":"user_permission","user_id":"a03b888f-5426-4e4f-b5ef-bed855b162f0"}],"beta_enabled":false,"pages":["20f35f25-7d20-453e-ae82-19c75499ced3","1ab70c59-ff7b-43d9-8eea-72d3d5a8a1ea"],"created_time":1638259881592,"last_edited_time":1652698380000,"created_by_table":"notion_user","created_by_id":"a03b888f-5426-4e4f-b5ef-bed855b162f0","last_edited_by_table":"notion_user","last_edited_by_id":"a03b888f-5426-4e4f-b5ef-bed855b162f0","plan_type":"personal","invite_link_enabled":true}}},"collection_view":{"ab54bd8a-356f-49e4-9e7a-cec2f3e8cfbb":{"role":"editor","value":{"id":"ab54bd8a-356f-49e4-9e7a-cec2f3e8cfbb","version":3,"type":"table","format":{"table_properties":[{"visible":true,"property":"title"},{"visible":true,"property":"SktJ"}]},"parent_id":"20f35f25-7d20-453e-ae82-19c75499ced3","parent_table":"block","alive":true,"space_id":"d51d3ca5-7889-4c70-b906-3a5a37b60274","created_time":1653039739651,"created_by_table":"notion_user","created_by_id":"a03b888f-5426-4e4f-b5ef-bed855b162f0"}}},"collection":{"3a08a5ec-975a-42f3-a9c1-59540964942f":{"role":"editor","value":{"id":"3a08a5ec-975a-42f3-a9c1-59540964942f","version":3,"name":[["TESTING
        PAGE"]],"schema":{"SktJ":{"name":"b","type":"relation","property":"aWVL","collection_id":"e19109b0-daa8-4fba-90db-b6f58f590d84","collection_pointer":{"id":"e19109b0-daa8-4fba-90db-b6f58f590d84","table":"collection","spaceId":"d51d3ca5-7889-4c70-b906-3a5a37b60274"}},"title":{"name":"a","type":"title"}},"parent_id":"20f35f25-7d20-453e-ae82-19c75499ced3","parent_table":"block","alive":true,"migrated":true,"space_id":"d51d3ca5-7889-4c70-b906-3a5a37b60274"}}}}}'
    headers:
      Content-Type:
      - application/json; charset=utf-8
      Transfer-Encoding:
      - chunked
      content-length:
      - '2775'
    status:
      code: 200
      message: OK
- request:
    body: '{"requests": [{"table": "collection", "id": "3a08a5ec-975a-42f3-a9c1-59540964942f"}]}'
    headers:
      Content-Length:
      - '85'
      content-type:
      - application/json
      cookie:
      - PRIVATE
      x-notion-active-user-header:
      - a03b888f-5426-4e4f-b5ef-bed855b162f0
    method: POST
    uri: https://www.notion.so/api/v3/getRecordValues
  response:
    body:
      string: '{"results":[{"role":"editor","value":{"id":"3a08a5ec-975a-42f3-a9c1-59540964942f","version":3,"name":[["TESTING
        PAGE"]],"schema":{"SktJ":{"name":"b","type":"relation","property":"aWVL","collection_id":"e19109b0-daa8-4fba-90db-b6f58f590d84","collection_pointer":{"id":"e19109b0-daa8-4fba-90db-b6f58f590d84","table":"collection","spaceId":"d51d3ca5-7889-4c70-b906-3a5a37b60274"}},"title":{"name":"a","type":"title"}},"parent_id":"20f35f25-7d20-453e-ae82-19c75499ced3","parent_table":"block","alive":true,"migrated":true,"space_id":"d51d3ca5-7889-4c70-b906-3a5a37b60274"}}],"recordMapWithRoles":{"collection":{"3a08a5ec-975a-42f3-a9c1-59540964942f":{"role":"editor","value":{"id":"3a08a5ec-975a-42f3-a9c1-59540964942f","version":3,"name":[["TESTING
        PAGE"]],"schema":{"SktJ":{"name":"b","type":"relation","property":"aWVL","collection_id":"e19109b0-daa8-4fba-90db-b6f58f590d84","collection_pointer":{"id":"e19109b0-daa8-4fba-90db-b6f58f590d84","table":"collection","spaceId":"d51d3ca5-7889-4c70-b906-3a5a37b60274"}},"title":{"name":"a","type":"title"}},"parent_id":"20f35f25-7d20-453e-ae82-19c75499ced3","parent_table":"block","alive":true,"migrated":true,"space_id":"d51d3ca5-7889-4c70-b906-3a5a37b60274"}}},"block":{"20f35f25-7d20-453e-ae82-19c75499ced3":{"role":"editor","value":{"id":"20f35f25-7d20-453e-ae82-19c75499ced3","version":13,"type":"collection_view_page","content":["3a08a5ec-975a-42f3-a9c1-59540964942f","ab54bd8a-356f-49e4-9e7a-cec2f3e8cfbb"],"view_ids":["ab54bd8a-356f-49e4-9e7a-cec2f3e8cfbb"],"format":{"collection_pointer":{"id":"3a08a5ec-975a-42f3-a9c1-59540964942f","table":"collection","spaceId":"d51d3ca5-7889-4c70-b906-3a5a37b60274"}},"permissions":[{"role":"editor","type":"user_permission","user_id":"a03b888f-5426-4e4f-b5ef-bed855b162f0"}],"created_time":1653039738241,"last_edited_time":1653039740571,"parent_id":"d51d3ca5-7889-4c70-b906-3a5a37b60274","parent_table":"space","alive":true,"created_by_table":"notion_user","created_by_id":"a03b888f-5426-4e4f-b5ef-bed855b162f0","last_edited_by_table":"notion_user","last_edited_by_id":"a03b888f-5426-4e4f-b5ef-bed855b162f0","space_id":"d51d3ca5-7889-4c70-b906-3a5a37b60274"}}},"space":{"d51d3ca5-7889-4c70-b906-3a5a37b60274":{"role":"editor","value":{"id":"d51d3ca5-7889-4c70-b906-3a5a37b60274","version":4117,"name":"test_py","permissions":[{"role":"editor","type":"user_permission","user_id":"a03b888f-5426-4e4f-b5ef-bed855b162f0"}],"beta_enabled":false,"pages":["20f35f25-7d20-453e-ae82-19c75499ced3","1ab70c59-ff7b-43d9-8eea-72d3d5a8a1ea"],"created_time":1638259881592,"last_edited_time":1652698380000,"created_by_table":"notion_user","created_by_id":"a03b888f-5426-4e4f-b5ef-bed855b162f0","last_edited_by_table":"notion_user","last_edited_by_id":"a03b888f-5426-4e4f-b5ef-bed855b162f0","plan_type":"personal","invite_link_enabled":true}}}}}'
    headers:
      Content-Type:
      - application/json; charset=utf-8
      Transfer-Encoding:
      - chunked
      content-length:
      - '2817'
    status:
      code: 200
      message: OK
- request:
    body: '{"collection": {"id": "3a08a5ec-975a-42f3-a9c1-59540964942f", "spaceId":
      "d51d3ca5-7889-4c70-b906-3a5a37b60274"}, "collectionView": {"id": "ab54bd8a-356f-49e4-9e7a-cec2f3e8cfbb",
      "spaceId": "d51d3ca5-7889-4c70-b906-3a5a37b60274"}, "loader": {"reducers": {"table:uncategorized:title:count":
      {"aggregation": {"aggregator": "count", "property": "title"}, "type": "aggregation"}},
      "searchQuery": "", "sort": [], "userTimeZone": "Asia/Tashkent", "type": "reducer"}}'
    headers:
      Content-Length:
      - '460'
      content-type:
      - application/json
      cookie:
      - PRIVATE
      x-notion-active-user-header:
      - a03b888f-5426-4e4f-b5ef-bed855b162f0
    method: POST
    uri: https://www.notion.so/api/v3/queryCollection
  response:
    body:
      string: '{"result":{"type":"reducer","reducerResults":{"table:uncategorized:title:count":{"type":"aggregation","aggregationResult":{"type":"number","value":0}}}},"recordMap":{}}'
    headers:
      Content-Type:
      - application/json; charset=utf-8
      Transfer-Encoding:
      - chunked
      content-encoding:
      - undefined
    status:
      code: 200
      message: OK
- request:
    body: '{"collection": {"id": "3a08a5ec-975a-42f3-a9c1-59540964942f", "spaceId":
      "d51d3ca5-7889-4c70-b906-3a5a37b60274"}, "collectionView": {"id": "ab54bd8a-356f-49e4-9e7a-cec2f3e8cfbb",
      "spaceId": "d51d3ca5-7889-4c70-b906-3a5a37b60274"}, "loader": {"reducers": {"collection_group_results":
      {"limit": 0, "type": "results"}}, "searchQuery": "", "sort": [], "userTimeZone":
      "Asia/Tashkent", "type": "reducer"}}'
    headers:
      Content-Length:
      - '400'
      content-type:
      - application/json
      cookie:
      - PRIVATE
      x-notion-active-user-header:
      - a03b888f-5426-4e4f-b5ef-bed855b162f0
    method: POST
    uri: https://www.notion.so/api/v3/queryCollection
  response:
    body:
      string: '{"result":{"type":"reducer","reducerResults":{"collection_group_results":{"type":"results","blockIds":[],"hasMore":false}}},"recordMap":{}}'
    headers:
      Content-Type:
      - application/json; charset=utf-8
      Transfer-Encoding:
      - chunked
      content-encoding:
      - undefined
    status:
      code: 200
      message: OK
- request:
    body: '{"operations": [{"id": "802fcfa7-1e9f-47fc-86d6-b664205eeedc", "path":
      [], "args": {"id": "802fcfa7-1e9f-47fc-86d6-b664205eeedc", "version": 1, "alive":
      true, "created_by_id": "a03b888f-5426-4e4f-b5ef-bed855b162f0", "created_by_table":
      "notion_user", "created_time": 1653039756765, "parent_id": "3a08a5ec-975a-42f3-a9c1-59540964942f",
      "parent_table": "collection", "type": "page"}, "command": "set", "table": "block"},
      {"args": {"last_edited_by_id": "a03b888f-5426-4e4f-b5ef-bed855b162f0", "last_edited_by_table":
      "notion_user", "last_edited_time": 1653039756765}, "command": "update", "id":
      "802fcfa7-1e9f-47fc-86d6-b664205eeedc", "path": [], "table": "block"}, {"args":
      {"last_edited_by_id": "a03b888f-5426-4e4f-b5ef-bed855b162f0", "last_edited_by_table":
      "notion_user", "last_edited_time": 1653039756765}, "command": "update", "id":
      "802fcfa7-1e9f-47fc-86d6-b664205eeedc", "path": [], "table": "block"}]}'
    headers:
      Content-Length:
      - '907'
      content-type:
      - application/json
      cookie:
      - PRIVATE
      x-notion-active-user-header:
      - a03b888f-5426-4e4f-b5ef-bed855b162f0
    method: POST
    uri: https://www.notion.so/api/v3/submitTransaction
  response:
    body:
      string: '{}'
    headers:
      Content-Length:
      - '2'
      Content-Type:
      - application/json; charset=utf-8
    status:
      code: 200
      message: OK
- request:
    body: '{"operations": [{"id": "802fcfa7-1e9f-47fc-86d6-b664205eeedc", "path":
      ["properties", "title"], "args": [["aa"]], "command": "set", "table": "block"},
      {"args": {"last_edited_by_id": "a03b888f-5426-4e4f-b5ef-bed855b162f0", "last_edited_by_table":
      "notion_user", "last_edited_time": 1653039757200}, "command": "update", "id":
      "802fcfa7-1e9f-47fc-86d6-b664205eeedc", "path": [], "table": "block"}, {"id":
      "802fcfa7-1e9f-47fc-86d6-b664205eeedc", "path": ["properties", "SktJ"], "args":
      [], "command": "set", "table": "block"}, {"args": {"last_edited_by_id": "a03b888f-5426-4e4f-b5ef-bed855b162f0",
      "last_edited_by_table": "notion_user", "last_edited_time": 1653039757200}, "command":
      "update", "id": "802fcfa7-1e9f-47fc-86d6-b664205eeedc", "path": [], "table":
      "block"}, {"id": "ab54bd8a-356f-49e4-9e7a-cec2f3e8cfbb", "path": ["page_sort"],
      "args": ["802fcfa7-1e9f-47fc-86d6-b664205eeedc"], "command": "set", "table":
      "collection_view"}, {"args": {"last_edited_by_id": "a03b888f-5426-4e4f-b5ef-bed855b162f0",
      "last_edited_by_table": "notion_user", "last_edited_time": 1653039757200}, "command":
      "update", "id": "802fcfa7-1e9f-47fc-86d6-b664205eeedc", "path": [], "table":
      "block"}]}'
    headers:
      Content-Length:
      - '1178'
      content-type:
      - application/json
      cookie:
      - PRIVATE
      x-notion-active-user-header:
      - a03b888f-5426-4e4f-b5ef-bed855b162f0
    method: POST
    uri: https://www.notion.so/api/v3/submitTransaction
  response:
    body:
      string: '{}'
    headers:
      Content-Length:
      - '2'
      Content-Type:
      - application/json; charset=utf-8
    status:
      code: 200
      message: OK
- request:
    body: '{"page": {"id": "20f35f25-7d20-453e-ae82-19c75499ced3"}, "limit": 100,
      "cursor": {"stack": []}, "chunkNumber": 0, "verticalColumns": false}'
    headers:
      Content-Length:
      - '139'
      content-type:
      - application/json
      cookie:
      - PRIVATE
      x-notion-active-user-header:
      - a03b888f-5426-4e4f-b5ef-bed855b162f0
    method: POST
    uri: https://www.notion.so/api/v3/loadPageChunk
  response:
    body:
      string: '{"cursor":{"stack":[]},"recordMap":{"block":{"20f35f25-7d20-453e-ae82-19c75499ced3":{"role":"editor","value":{"id":"20f35f25-7d20-453e-ae82-19c75499ced3","version":13,"type":"collection_view_page","content":["3a08a5ec-975a-42f3-a9c1-59540964942f","ab54bd8a-356f-49e4-9e7a-cec2f3e8cfbb"],"view_ids":["ab54bd8a-356f-49e4-9e7a-cec2f3e8cfbb"],"format":{"collection_pointer":{"id":"3a08a5ec-975a-42f3-a9c1-59540964942f","table":"collection","spaceId":"d51d3ca5-7889-4c70-b906-3a5a37b60274"}},"permissions":[{"role":"editor","type":"user_permission","user_id":"a03b888f-5426-4e4f-b5ef-bed855b162f0"}],"created_time":1653039738241,"last_edited_time":1653039740571,"parent_id":"d51d3ca5-7889-4c70-b906-3a5a37b60274","parent_table":"space","alive":true,"created_by_table":"notion_user","created_by_id":"a03b888f-5426-4e4f-b5ef-bed855b162f0","last_edited_by_table":"notion_user","last_edited_by_id":"a03b888f-5426-4e4f-b5ef-bed855b162f0","space_id":"d51d3ca5-7889-4c70-b906-3a5a37b60274"}}},"space":{"d51d3ca5-7889-4c70-b906-3a5a37b60274":{"role":"editor","value":{"id":"d51d3ca5-7889-4c70-b906-3a5a37b60274","version":4117,"name":"test_py","permissions":[{"role":"editor","type":"user_permission","user_id":"a03b888f-5426-4e4f-b5ef-bed855b162f0"}],"beta_enabled":false,"pages":["20f35f25-7d20-453e-ae82-19c75499ced3","1ab70c59-ff7b-43d9-8eea-72d3d5a8a1ea"],"created_time":1638259881592,"last_edited_time":1652698380000,"created_by_table":"notion_user","created_by_id":"a03b888f-5426-4e4f-b5ef-bed855b162f0","last_edited_by_table":"notion_user","last_edited_by_id":"a03b888f-5426-4e4f-b5ef-bed855b162f0","plan_type":"personal","invite_link_enabled":true}}},"collection_view":{"ab54bd8a-356f-49e4-9e7a-cec2f3e8cfbb":{"role":"editor","value":{"id":"ab54bd8a-356f-49e4-9e7a-cec2f3e8cfbb","version":4,"type":"table","format":{"table_properties":[{"visible":true,"property":"title"},{"visible":true,"property":"SktJ"}]},"parent_id":"20f35f25-7d20-453e-ae82-19c75499ced3","parent_table":"block","alive":true,"page_sort":["802fcfa7-1e9f-47fc-86d6-b664205eeedc"],"space_id":"d51d3ca5-7889-4c70-b906-3a5a37b60274","created_time":1653039739651,"created_by_table":"notion_user","created_by_id":"a03b888f-5426-4e4f-b5ef-bed855b162f0"}}},"collection":{"3a08a5ec-975a-42f3-a9c1-59540964942f":{"role":"editor","value":{"id":"3a08a5ec-975a-42f3-a9c1-59540964942f","version":3,"name":[["TESTING
        PAGE"]],"schema":{"SktJ":{"name":"b","type":"relation","property":"aWVL","collection_id":"e19109b0-daa8-4fba-90db-b6f58f590d84","collection_pointer":{"id":"e19109b0-daa8-4fba-90db-b6f58f590d84","table":"collection","spaceId":"d51d3ca5-7889-4c70-b906-3a5a37b60274"}},"title":{"name":"a","type":"title"}},"parent_id":"20f35f25-7d20-453e-ae82-19c75499ced3","parent_table":"block","alive":true,"migrated":true,"space_id":"d51d3ca5-7889-4c70-b906-3a5a37b60274"}}}}}'
    headers:
      Content-Type:
      - application/json; charset=utf-8
      Transfer-Encoding:
      - chunked
      content-length:
      - '2828'
    status:
      code: 200
      message: OK
- request:
    body: '{"page": {"id": "1ab70c59-ff7b-43d9-8eea-72d3d5a8a1ea"}, "limit": 100,
      "cursor": {"stack": []}, "chunkNumber": 0, "verticalColumns": false}'
    headers:
      Content-Length:
      - '139'
      content-type:
      - application/json
      cookie:
      - PRIVATE
      x-notion-active-user-header:
      - a03b888f-5426-4e4f-b5ef-bed855b162f0
    method: POST
    uri: https://www.notion.so/api/v3/loadPageChunk
  response:
    body:
      string: '{"cursor":{"stack":[]},"recordMap":{"block":{"1ab70c59-ff7b-43d9-8eea-72d3d5a8a1ea":{"role":"editor","value":{"id":"1ab70c59-ff7b-43d9-8eea-72d3d5a8a1ea","version":13,"type":"collection_view_page","content":["e19109b0-daa8-4fba-90db-b6f58f590d84","e3154fbb-4eb7-49ea-9de3-49ffbd951ed2"],"view_ids":["e3154fbb-4eb7-49ea-9de3-49ffbd951ed2"],"format":{"collection_pointer":{"id":"e19109b0-daa8-4fba-90db-b6f58f590d84","table":"collection","spaceId":"d51d3ca5-7889-4c70-b906-3a5a37b60274"}},"permissions":[{"role":"editor","type":"user_permission","user_id":"a03b888f-5426-4e4f-b5ef-bed855b162f0"}],"created_time":1653039741805,"last_edited_time":1653039744211,"parent_id":"d51d3ca5-7889-4c70-b906-3a5a37b60274","parent_table":"space","alive":true,"created_by_table":"notion_user","created_by_id":"a03b888f-5426-4e4f-b5ef-bed855b162f0","last_edited_by_table":"notion_user","last_edited_by_id":"a03b888f-5426-4e4f-b5ef-bed855b162f0","space_id":"d51d3ca5-7889-4c70-b906-3a5a37b60274"}}},"space":{"d51d3ca5-7889-4c70-b906-3a5a37b60274":{"role":"editor","value":{"id":"d51d3ca5-7889-4c70-b906-3a5a37b60274","version":4117,"name":"test_py","permissions":[{"role":"editor","type":"user_permission","user_id":"a03b888f-5426-4e4f-b5ef-bed855b162f0"}],"beta_enabled":false,"pages":["20f35f25-7d20-453e-ae82-19c75499ced3","1ab70c59-ff7b-43d9-8eea-72d3d5a8a1ea"],"created_time":1638259881592,"last_edited_time":1652698380000,"created_by_table":"notion_user","created_by_id":"a03b888f-5426-4e4f-b5ef-bed855b162f0","last_edited_by_table":"notion_user","last_edited_by_id":"a03b888f-5426-4e4f-b5ef-bed855b162f0","plan_type":"personal","invite_link_enabled":true}}},"collection":{"e19109b0-daa8-4fba-90db-b6f58f590d84":{"role":"editor","value":{"id":"e19109b0-daa8-4fba-90db-b6f58f590d84","version":3,"name":[["TESTING
        PAGE"]],"schema":{"4kl8":{"name":"d","type":"text"},"aWVL":{"name":"Related
        to TESTING PAGE (b)","type":"relation","property":"SktJ","collection_id":"3a08a5ec-975a-42f3-a9c1-59540964942f","collection_pointer":{"id":"3a08a5ec-975a-42f3-a9c1-59540964942f","table":"collection","spaceId":"d51d3ca5-7889-4c70-b906-3a5a37b60274"}},"title":{"name":"c","type":"title"}},"parent_id":"1ab70c59-ff7b-43d9-8eea-72d3d5a8a1ea","parent_table":"block","alive":true,"migrated":true,"space_id":"d51d3ca5-7889-4c70-b906-3a5a37b60274"}}},"collection_view":{"e3154fbb-4eb7-49ea-9de3-49ffbd951ed2":{"role":"editor","value":{"id":"e3154fbb-4eb7-49ea-9de3-49ffbd951ed2","version":3,"type":"table","format":{"table_properties":[{"visible":true,"property":"title"},{"visible":true,"property":"4kl8"}]},"parent_id":"1ab70c59-ff7b-43d9-8eea-72d3d5a8a1ea","parent_table":"block","alive":true,"space_id":"d51d3ca5-7889-4c70-b906-3a5a37b60274","created_time":1653039743387,"created_by_table":"notion_user","created_by_id":"a03b888f-5426-4e4f-b5ef-bed855b162f0"}}}}}'
    headers:
      Content-Type:
      - application/json; charset=utf-8
      Transfer-Encoding:
      - chunked
      content-length:
      - '2835'
    status:
      code: 200
      message: OK
- request:
    body: '{"collection": {"id": "3a08a5ec-975a-42f3-a9c1-59540964942f", "spaceId":
      "d51d3ca5-7889-4c70-b906-3a5a37b60274"}, "collectionView": {"id": "ab54bd8a-356f-49e4-9e7a-cec2f3e8cfbb",
      "spaceId": "d51d3ca5-7889-4c70-b906-3a5a37b60274"}, "loader": {"reducers": {"table:uncategorized:title:count":
      {"aggregation": {"aggregator": "count", "property": "title"}, "type": "aggregation"}},
      "searchQuery": "", "sort": [], "userTimeZone": "Asia/Tashkent", "type": "reducer"}}'
    headers:
      Content-Length:
      - '460'
      content-type:
      - application/json
      cookie:
      - PRIVATE
      x-notion-active-user-header:
      - a03b888f-5426-4e4f-b5ef-bed855b162f0
    method: POST
    uri: https://www.notion.so/api/v3/queryCollection
  response:
    body:
      string: '{"result":{"type":"reducer","reducerResults":{"table:uncategorized:title:count":{"type":"aggregation","aggregationResult":{"type":"number","value":1}}}},"recordMap":{}}'
    headers:
      Content-Type:
      - application/json; charset=utf-8
      Transfer-Encoding:
      - chunked
      content-encoding:
      - undefined
    status:
      code: 200
      message: OK
- request:
    body: '{"collection": {"id": "3a08a5ec-975a-42f3-a9c1-59540964942f", "spaceId":
      "d51d3ca5-7889-4c70-b906-3a5a37b60274"}, "collectionView": {"id": "ab54bd8a-356f-49e4-9e7a-cec2f3e8cfbb",
      "spaceId": "d51d3ca5-7889-4c70-b906-3a5a37b60274"}, "loader": {"reducers": {"collection_group_results":
      {"limit": 1, "type": "results"}}, "searchQuery": "", "sort": [], "userTimeZone":
      "Asia/Tashkent", "type": "reducer"}}'
    headers:
      Content-Length:
      - '400'
      content-type:
      - application/json
      cookie:
      - PRIVATE
      x-notion-active-user-header:
      - a03b888f-5426-4e4f-b5ef-bed855b162f0
    method: POST
    uri: https://www.notion.so/api/v3/queryCollection
  response:
    body:
      string: '{"result":{"type":"reducer","reducerResults":{"collection_group_results":{"type":"results","blockIds":["802fcfa7-1e9f-47fc-86d6-b664205eeedc"],"hasMore":false}}},"recordMap":{"block":{"802fcfa7-1e9f-47fc-86d6-b664205eeedc":{"role":"editor","value":{"id":"802fcfa7-1e9f-47fc-86d6-b664205eeedc","version":8,"type":"page","properties":{"title":[["aa"]]},"created_time":1653039756765,"last_edited_time":1653039757200,"parent_id":"3a08a5ec-975a-42f3-a9c1-59540964942f","parent_table":"collection","alive":true,"created_by_table":"notion_user","created_by_id":"a03b888f-5426-4e4f-b5ef-bed855b162f0","last_edited_by_table":"notion_user","last_edited_by_id":"a03b888f-5426-4e4f-b5ef-bed855b162f0","space_id":"d51d3ca5-7889-4c70-b906-3a5a37b60274"}},"20f35f25-7d20-453e-ae82-19c75499ced3":{"role":"editor","value":{"id":"20f35f25-7d20-453e-ae82-19c75499ced3","version":13,"type":"collection_view_page","content":["3a08a5ec-975a-42f3-a9c1-59540964942f","ab54bd8a-356f-49e4-9e7a-cec2f3e8cfbb"],"view_ids":["ab54bd8a-356f-49e4-9e7a-cec2f3e8cfbb"],"format":{"collection_pointer":{"id":"3a08a5ec-975a-42f3-a9c1-59540964942f","table":"collection","spaceId":"d51d3ca5-7889-4c70-b906-3a5a37b60274"}},"permissions":[{"role":"editor","type":"user_permission","user_id":"a03b888f-5426-4e4f-b5ef-bed855b162f0"}],"created_time":1653039738241,"last_edited_time":1653039740571,"parent_id":"d51d3ca5-7889-4c70-b906-3a5a37b60274","parent_table":"space","alive":true,"created_by_table":"notion_user","created_by_id":"a03b888f-5426-4e4f-b5ef-bed855b162f0","last_edited_by_table":"notion_user","last_edited_by_id":"a03b888f-5426-4e4f-b5ef-bed855b162f0","space_id":"d51d3ca5-7889-4c70-b906-3a5a37b60274"}}},"collection":{"3a08a5ec-975a-42f3-a9c1-59540964942f":{"role":"editor","value":{"id":"3a08a5ec-975a-42f3-a9c1-59540964942f","version":3,"name":[["TESTING
        PAGE"]],"schema":{"SktJ":{"name":"b","type":"relation","property":"aWVL","collection_id":"e19109b0-daa8-4fba-90db-b6f58f590d84","collection_pointer":{"id":"e19109b0-daa8-4fba-90db-b6f58f590d84","table":"collection","spaceId":"d51d3ca5-7889-4c70-b906-3a5a37b60274"}},"title":{"name":"a","type":"title"}},"parent_id":"20f35f25-7d20-453e-ae82-19c75499ced3","parent_table":"block","alive":true,"migrated":true,"space_id":"d51d3ca5-7889-4c70-b906-3a5a37b60274"}}},"space":{"d51d3ca5-7889-4c70-b906-3a5a37b60274":{"role":"editor","value":{"id":"d51d3ca5-7889-4c70-b906-3a5a37b60274","version":4117,"name":"test_py","permissions":[{"role":"editor","type":"user_permission","user_id":"a03b888f-5426-4e4f-b5ef-bed855b162f0"}],"beta_enabled":false,"pages":["20f35f25-7d20-453e-ae82-19c75499ced3","1ab70c59-ff7b-43d9-8eea-72d3d5a8a1ea"],"created_time":1638259881592,"last_edited_time":1652698380000,"created_by_table":"notion_user","created_by_id":"a03b888f-5426-4e4f-b5ef-bed855b162f0","last_edited_by_table":"notion_user","last_edited_by_id":"a03b888f-5426-4e4f-b5ef-bed855b162f0","plan_type":"personal","invite_link_enabled":true}}}}}'
    headers:
      Content-Type:
      - application/json; charset=utf-8
      Transfer-Encoding:
      - chunked
      content-length:
      - '2956'
    status:
      code: 200
      message: OK
- request:
    body: '{"collection": {"id": "e19109b0-daa8-4fba-90db-b6f58f590d84", "spaceId":
      "d51d3ca5-7889-4c70-b906-3a5a37b60274"}, "collectionView": {"id": "e3154fbb-4eb7-49ea-9de3-49ffbd951ed2",
      "spaceId": "d51d3ca5-7889-4c70-b906-3a5a37b60274"}, "loader": {"reducers": {"table:uncategorized:title:count":
      {"aggregation": {"aggregator": "count", "property": "title"}, "type": "aggregation"}},
      "searchQuery": "", "sort": [], "userTimeZone": "Asia/Tashkent", "type": "reducer"}}'
    headers:
      Content-Length:
      - '460'
      content-type:
      - application/json
      cookie:
      - PRIVATE
      x-notion-active-user-header:
      - a03b888f-5426-4e4f-b5ef-bed855b162f0
    method: POST
    uri: https://www.notion.so/api/v3/queryCollection
  response:
    body:
      string: '{"result":{"type":"reducer","reducerResults":{"table:uncategorized:title:count":{"type":"aggregation","aggregationResult":{"type":"number","value":0}}}},"recordMap":{}}'
    headers:
      Content-Type:
      - application/json; charset=utf-8
      Transfer-Encoding:
      - chunked
      content-encoding:
      - undefined
    status:
      code: 200
      message: OK
- request:
    body: '{"collection": {"id": "e19109b0-daa8-4fba-90db-b6f58f590d84", "spaceId":
      "d51d3ca5-7889-4c70-b906-3a5a37b60274"}, "collectionView": {"id": "e3154fbb-4eb7-49ea-9de3-49ffbd951ed2",
      "spaceId": "d51d3ca5-7889-4c70-b906-3a5a37b60274"}, "loader": {"reducers": {"collection_group_results":
      {"limit": 0, "type": "results"}}, "searchQuery": "", "sort": [], "userTimeZone":
      "Asia/Tashkent", "type": "reducer"}}'
    headers:
      Content-Length:
      - '400'
      content-type:
      - application/json
      cookie:
      - PRIVATE
      x-notion-active-user-header:
      - a03b888f-5426-4e4f-b5ef-bed855b162f0
    method: POST
    uri: https://www.notion.so/api/v3/queryCollection
  response:
    body:
      string: '{"result":{"type":"reducer","reducerResults":{"collection_group_results":{"type":"results","blockIds":[],"hasMore":false}}},"recordMap":{}}'
    headers:
      Content-Type:
      - application/json; charset=utf-8
      Transfer-Encoding:
      - chunked
      content-encoding:
      - undefined
    status:
      code: 200
      message: OK
- request:
    body: '{"operations": [{"id": "20f35f25-7d20-453e-ae82-19c75499ced3", "path":
      [], "args": {"alive": false}, "command": "update", "table": "block"}, {"args":
      {"last_edited_by_id": "a03b888f-5426-4e4f-b5ef-bed855b162f0", "last_edited_by_table":
      "notion_user", "last_edited_time": 1653039760090}, "command": "update", "id":
      "20f35f25-7d20-453e-ae82-19c75499ced3", "path": [], "table": "block"}, {"id":
      "d51d3ca5-7889-4c70-b906-3a5a37b60274", "path": ["pages"], "args": {"id": "20f35f25-7d20-453e-ae82-19c75499ced3"},
      "command": "listRemove", "table": "space"}, {"args": {"last_edited_by_id": "a03b888f-5426-4e4f-b5ef-bed855b162f0",
      "last_edited_by_table": "notion_user", "last_edited_time": 1653039760090}, "command":
      "update", "id": "20f35f25-7d20-453e-ae82-19c75499ced3", "path": [], "table":
      "block"}]}'
    headers:
      Content-Length:
      - '795'
      content-type:
      - application/json
      cookie:
      - PRIVATE
      x-notion-active-user-header:
      - a03b888f-5426-4e4f-b5ef-bed855b162f0
    method: POST
    uri: https://www.notion.so/api/v3/submitTransaction
  response:
    body:
      string: '{}'
    headers:
      Content-Length:
      - '2'
      Content-Type:
      - application/json; charset=utf-8
    status:
      code: 200
      message: OK
- request:
    body: '{"blockIds": ["20f35f25-7d20-453e-ae82-19c75499ced3"], "permanentlyDelete":
      true}'
    headers:
      Content-Length:
      - '81'
      content-type:
      - application/json
      cookie:
      - PRIVATE
      x-notion-active-user-header:
      - a03b888f-5426-4e4f-b5ef-bed855b162f0
    method: POST
    uri: https://www.notion.so/api/v3/deleteBlocks
  response:
    body:
      string: '{"recordMap":{}}'
    headers:
      Content-Length:
      - '16'
      Content-Type:
      - application/json; charset=utf-8
    status:
      code: 200
      message: OK
- request:
    body: '{"operations": [{"id": "1ab70c59-ff7b-43d9-8eea-72d3d5a8a1ea", "path":
      [], "args": {"alive": false}, "command": "update", "table": "block"}, {"args":
      {"last_edited_by_id": "a03b888f-5426-4e4f-b5ef-bed855b162f0", "last_edited_by_table":
      "notion_user", "last_edited_time": 1653039761546}, "command": "update", "id":
      "1ab70c59-ff7b-43d9-8eea-72d3d5a8a1ea", "path": [], "table": "block"}, {"id":
      "d51d3ca5-7889-4c70-b906-3a5a37b60274", "path": ["pages"], "args": {"id": "1ab70c59-ff7b-43d9-8eea-72d3d5a8a1ea"},
      "command": "listRemove", "table": "space"}, {"args": {"last_edited_by_id": "a03b888f-5426-4e4f-b5ef-bed855b162f0",
      "last_edited_by_table": "notion_user", "last_edited_time": 1653039761546}, "command":
      "update", "id": "1ab70c59-ff7b-43d9-8eea-72d3d5a8a1ea", "path": [], "table":
      "block"}]}'
    headers:
      Content-Length:
      - '795'
      content-type:
      - application/json
      cookie:
      - PRIVATE
      x-notion-active-user-header:
      - a03b888f-5426-4e4f-b5ef-bed855b162f0
    method: POST
    uri: https://www.notion.so/api/v3/submitTransaction
  response:
    body:
      string: '{}'
    headers:
      Content-Length:
      - '2'
      Content-Type:
      - application/json; charset=utf-8
    status:
      code: 200
      message: OK
- request:
    body: '{"blockIds": ["1ab70c59-ff7b-43d9-8eea-72d3d5a8a1ea"], "permanentlyDelete":
      true}'
    headers:
      Content-Length:
      - '81'
      content-type:
      - application/json
      cookie:
      - PRIVATE
      x-notion-active-user-header:
      - a03b888f-5426-4e4f-b5ef-bed855b162f0
    method: POST
    uri: https://www.notion.so/api/v3/deleteBlocks
  response:
    body:
      string: '{"recordMap":{}}'
    headers:
      Content-Length:
      - '16'
      Content-Type:
      - application/json; charset=utf-8
    status:
      code: 200
      message: OK
version: 1
