interactions:
- request:
    body: '{}'
    headers:
      Content-Length:
      - '2'
      content-type:
      - application/json
      cookie:
      - PRIVATE
    method: POST
    uri: https://www.notion.so/api/v3/loadUserContent
  response:
    body:
      string: '{"recordMap":{"notion_user":{"a03b888f-5426-4e4f-b5ef-bed855b162f0":{"role":"editor","value":{"id":"a03b888f-5426-4e4f-b5ef-bed855b162f0","version":7,"email":"test_py_notion@protonmail.com","onboarding_completed":true,"name":"test_py"}}},"user_root":{"a03b888f-5426-4e4f-b5ef-bed855b162f0":{"role":"editor","value":{"id":"a03b888f-5426-4e4f-b5ef-bed855b162f0","version":3,"space_views":["703440cc-f5cb-4f27-ba54-a9125a58e033"],"space_view_pointers":[{"id":"703440cc-f5cb-4f27-ba54-a9125a58e033","table":"space_view","spaceId":"d51d3ca5-7889-4c70-b906-3a5a37b60274"}]}}},"user_settings":{"a03b888f-5426-4e4f-b5ef-bed855b162f0":{"role":"editor","value":{"id":"a03b888f-5426-4e4f-b5ef-bed855b162f0","version":10,"settings":{"type":"personal","persona":"personal","team_role":"unfilled","time_zone":"Asia/Tashkent","signup_time":1638259864507,"cookie_consent":{"id":"2c2f9260-c9a6-4097-bc19-30e5395dfb02","permission":{"necessary":true,"targeting":false,"preference":false,"performance":false}},"preferred_locale":"en-US","used_desktop_web_app":true,"seen_views_intro_modal":true,"preferred_locale_origin":"autodetect","seen_persona_collection":true}}}},"space_view":{"703440cc-f5cb-4f27-ba54-a9125a58e033":{"role":"editor","value":{"id":"703440cc-f5cb-4f27-ba54-a9125a58e033","version":31,"space_id":"d51d3ca5-7889-4c70-b906-3a5a37b60274","parent_id":"a03b888f-5426-4e4f-b5ef-bed855b162f0","parent_table":"user_root","alive":true,"notify_mobile":false,"notify_desktop":true,"notify_email":false,"visited_templates":["7e89f436-7aac-4f66-b0a6-6e65ec868d2a","88c9c2b0-d732-4342-8963-0580a4725571","ba43b46e-4ad3-47f7-95f0-58a3ba01476f","2dddc8c5-a711-4aa2-b5b3-ff952a49bcfa","b7572331-51ab-4ed5-a931-5a7d34b08bf0"],"sidebar_hidden_templates":["7e89f436-7aac-4f66-b0a6-6e65ec868d2a","88c9c2b0-d732-4342-8963-0580a4725571","ba43b46e-4ad3-47f7-95f0-58a3ba01476f","2dddc8c5-a711-4aa2-b5b3-ff952a49bcfa","b7572331-51ab-4ed5-a931-5a7d34b08bf0"],"created_getting_started":true,"created_onboarding_templates":true,"private_pages":["5585f343-8ea5-469b-8a90-a05987977424"],"joined":true,"settings":{"on_app_start":"first_page"}}}},"space":{"d51d3ca5-7889-4c70-b906-3a5a37b60274":{"role":"editor","value":{"id":"d51d3ca5-7889-4c70-b906-3a5a37b60274","version":4417,"name":"test_py","permissions":[{"role":"editor","type":"user_permission","user_id":"a03b888f-5426-4e4f-b5ef-bed855b162f0"}],"beta_enabled":false,"created_time":1638259881592,"last_edited_time":1652698380000,"created_by_table":"notion_user","created_by_id":"a03b888f-5426-4e4f-b5ef-bed855b162f0","last_edited_by_table":"notion_user","last_edited_by_id":"a03b888f-5426-4e4f-b5ef-bed855b162f0","plan_type":"personal","invite_link_enabled":true}}}}}'
    headers:
      Content-Type:
      - application/json; charset=utf-8
      Transfer-Encoding:
      - chunked
      content-length:
      - '2694'
    status:
      code: 200
      message: OK
- request:
    body: '{}'
    headers:
      Content-Length:
      - '2'
      content-type:
      - application/json
      cookie:
      - PRIVATE
      x-notion-active-user-header:
      - a03b888f-5426-4e4f-b5ef-bed855b162f0
    method: POST
    uri: https://www.notion.so/api/v3/loadUserContent
  response:
    body:
      string: '{"recordMap":{"notion_user":{"a03b888f-5426-4e4f-b5ef-bed855b162f0":{"role":"editor","value":{"id":"a03b888f-5426-4e4f-b5ef-bed855b162f0","version":7,"email":"test_py_notion@protonmail.com","onboarding_completed":true,"name":"test_py"}}},"user_root":{"a03b888f-5426-4e4f-b5ef-bed855b162f0":{"role":"editor","value":{"id":"a03b888f-5426-4e4f-b5ef-bed855b162f0","version":3,"space_views":["703440cc-f5cb-4f27-ba54-a9125a58e033"],"space_view_pointers":[{"id":"703440cc-f5cb-4f27-ba54-a9125a58e033","table":"space_view","spaceId":"d51d3ca5-7889-4c70-b906-3a5a37b60274"}]}}},"user_settings":{"a03b888f-5426-4e4f-b5ef-bed855b162f0":{"role":"editor","value":{"id":"a03b888f-5426-4e4f-b5ef-bed855b162f0","version":10,"settings":{"type":"personal","persona":"personal","team_role":"unfilled","time_zone":"Asia/Tashkent","signup_time":1638259864507,"cookie_consent":{"id":"2c2f9260-c9a6-4097-bc19-30e5395dfb02","permission":{"necessary":true,"targeting":false,"preference":false,"performance":false}},"preferred_locale":"en-US","used_desktop_web_app":true,"seen_views_intro_modal":true,"preferred_locale_origin":"autodetect","seen_persona_collection":true}}}},"space_view":{"703440cc-f5cb-4f27-ba54-a9125a58e033":{"role":"editor","value":{"id":"703440cc-f5cb-4f27-ba54-a9125a58e033","version":31,"space_id":"d51d3ca5-7889-4c70-b906-3a5a37b60274","parent_id":"a03b888f-5426-4e4f-b5ef-bed855b162f0","parent_table":"user_root","alive":true,"notify_mobile":false,"notify_desktop":true,"notify_email":false,"visited_templates":["7e89f436-7aac-4f66-b0a6-6e65ec868d2a","88c9c2b0-d732-4342-8963-0580a4725571","ba43b46e-4ad3-47f7-95f0-58a3ba01476f","2dddc8c5-a711-4aa2-b5b3-ff952a49bcfa","b7572331-51ab-4ed5-a931-5a7d34b08bf0"],"sidebar_hidden_templates":["7e89f436-7aac-4f66-b0a6-6e65ec868d2a","88c9c2b0-d732-4342-8963-0580a4725571","ba43b46e-4ad3-47f7-95f0-58a3ba01476f","2dddc8c5-a711-4aa2-b5b3-ff952a49bcfa","b7572331-51ab-4ed5-a931-5a7d34b08bf0"],"created_getting_started":true,"created_onboarding_templates":true,"private_pages":["5585f343-8ea5-469b-8a90-a05987977424"],"joined":true,"settings":{"on_app_start":"first_page"}}}},"space":{"d51d3ca5-7889-4c70-b906-3a5a37b60274":{"role":"editor","value":{"id":"d51d3ca5-7889-4c70-b906-3a5a37b60274","version":4417,"name":"test_py","permissions":[{"role":"editor","type":"user_permission","user_id":"a03b888f-5426-4e4f-b5ef-bed855b162f0"}],"beta_enabled":false,"created_time":1638259881592,"last_edited_time":1652698380000,"created_by_table":"notion_user","created_by_id":"a03b888f-5426-4e4f-b5ef-bed855b162f0","last_edited_by_table":"notion_user","last_edited_by_id":"a03b888f-5426-4e4f-b5ef-bed855b162f0","plan_type":"personal","invite_link_enabled":true}}}}}'
    headers:
      Content-Type:
      - application/json; charset=utf-8
      Transfer-Encoding:
      - chunked
      content-length:
      - '2694'
    status:
      code: 200
      message: OK
- request:
    body: '{"operations": [{"id": "5488da4b-0c98-484b-a16c-29466d7f8eca", "path":
      [], "args": {"id": "5488da4b-0c98-484b-a16c-29466d7f8eca", "version": 1, "alive":
      true, "created_by_id": "a03b888f-5426-4e4f-b5ef-bed855b162f0", "created_by_table":
      "notion_user", "created_time": 1653056538392, "parent_id": "d51d3ca5-7889-4c70-b906-3a5a37b60274",
      "parent_table": "space", "type": "collection_view_page", "permissions": [{"role":
      "editor", "type": "user_permission", "user_id": "a03b888f-5426-4e4f-b5ef-bed855b162f0"}]},
      "command": "set", "table": "block"}, {"args": {"last_edited_by_id": "a03b888f-5426-4e4f-b5ef-bed855b162f0",
      "last_edited_by_table": "notion_user", "last_edited_time": 1653056538392}, "command":
      "update", "id": "5488da4b-0c98-484b-a16c-29466d7f8eca", "path": [], "table":
      "block"}, {"id": "d51d3ca5-7889-4c70-b906-3a5a37b60274", "path": ["pages"],
      "args": {"id": "5488da4b-0c98-484b-a16c-29466d7f8eca"}, "command": "listAfter",
      "table": "space"}, {"args": {"last_edited_by_id": "a03b888f-5426-4e4f-b5ef-bed855b162f0",
      "last_edited_by_table": "notion_user", "last_edited_time": 1653056538392}, "command":
      "update", "id": "5488da4b-0c98-484b-a16c-29466d7f8eca", "path": [], "table":
      "block"}]}'
    headers:
      Content-Length:
      - '1198'
      content-type:
      - application/json
      cookie:
      - PRIVATE
      x-notion-active-user-header:
      - a03b888f-5426-4e4f-b5ef-bed855b162f0
    method: POST
    uri: https://www.notion.so/api/v3/submitTransaction
  response:
    body:
      string: '{}'
    headers:
      Content-Length:
      - '2'
      Content-Type:
      - application/json; charset=utf-8
    status:
      code: 200
      message: OK
- request:
    body: '{"operations": [{"id": "34349e7c-4b08-4123-81b0-8674b67bbb14", "path":
      [], "args": {"id": "34349e7c-4b08-4123-81b0-8674b67bbb14", "version": 1, "alive":
      true, "created_by_id": "a03b888f-5426-4e4f-b5ef-bed855b162f0", "created_by_table":
      "notion_user", "created_time": 1653056538788, "parent_id": "5488da4b-0c98-484b-a16c-29466d7f8eca",
      "parent_table": "block", "schema": {"title": {"name": "a", "type": "title"},
      "T8I5": {"name": "b", "type": "text"}}}, "command": "set", "table": "collection"},
      {"id": "5488da4b-0c98-484b-a16c-29466d7f8eca", "path": ["content"], "args":
      {"id": "34349e7c-4b08-4123-81b0-8674b67bbb14"}, "command": "listAfter", "table":
      "block"}, {"args": {"last_edited_by_id": "a03b888f-5426-4e4f-b5ef-bed855b162f0",
      "last_edited_by_table": "notion_user", "last_edited_time": 1653056538788}, "command":
      "update", "id": "5488da4b-0c98-484b-a16c-29466d7f8eca", "path": [], "table":
      "block"}, {"args": {"last_edited_by_id": "a03b888f-5426-4e4f-b5ef-bed855b162f0",
      "last_edited_by_table": "notion_user", "last_edited_time": 1653056538788}, "command":
      "update", "id": "5488da4b-0c98-484b-a16c-29466d7f8eca", "path": [], "table":
      "block"}]}'
    headers:
      Content-Length:
      - '1150'
      content-type:
      - application/json
      cookie:
      - PRIVATE
      x-notion-active-user-header:
      - a03b888f-5426-4e4f-b5ef-bed855b162f0
    method: POST
    uri: https://www.notion.so/api/v3/submitTransaction
  response:
    body:
      string: '{}'
    headers:
      Content-Length:
      - '2'
      Content-Type:
      - application/json; charset=utf-8
    status:
      code: 200
      message: OK
- request:
    body: '{"operations": [{"id": "5488da4b-0c98-484b-a16c-29466d7f8eca", "path":
      ["format", "collection_pointer", "id"], "args": "34349e7c-4b08-4123-81b0-8674b67bbb14",
      "command": "set", "table": "block"}, {"args": {"last_edited_by_id": "a03b888f-5426-4e4f-b5ef-bed855b162f0",
      "last_edited_by_table": "notion_user", "last_edited_time": 1653056539213}, "command":
      "update", "id": "5488da4b-0c98-484b-a16c-29466d7f8eca", "path": [], "table":
      "block"}]}'
    headers:
      Content-Length:
      - '440'
      content-type:
      - application/json
      cookie:
      - PRIVATE
      x-notion-active-user-header:
      - a03b888f-5426-4e4f-b5ef-bed855b162f0
    method: POST
    uri: https://www.notion.so/api/v3/submitTransaction
  response:
    body:
      string: '{}'
    headers:
      Content-Length:
      - '2'
      Content-Type:
      - application/json; charset=utf-8
    status:
      code: 200
      message: OK
- request:
    body: '{"operations": [{"id": "28affbd7-e543-4813-925c-85abf28c9d97", "path":
      [], "args": {"id": "28affbd7-e543-4813-925c-85abf28c9d97", "version": 1, "alive":
      true, "created_by_id": "a03b888f-5426-4e4f-b5ef-bed855b162f0", "created_by_table":
      "notion_user", "created_time": 1653056539545, "parent_id": "5488da4b-0c98-484b-a16c-29466d7f8eca",
      "parent_table": "block", "type": "table"}, "command": "set", "table": "collection_view"},
      {"id": "5488da4b-0c98-484b-a16c-29466d7f8eca", "path": ["content"], "args":
      {"id": "28affbd7-e543-4813-925c-85abf28c9d97"}, "command": "listAfter", "table":
      "block"}, {"args": {"last_edited_by_id": "a03b888f-5426-4e4f-b5ef-bed855b162f0",
      "last_edited_by_table": "notion_user", "last_edited_time": 1653056539545}, "command":
      "update", "id": "5488da4b-0c98-484b-a16c-29466d7f8eca", "path": [], "table":
      "block"}, {"args": {"last_edited_by_id": "a03b888f-5426-4e4f-b5ef-bed855b162f0",
      "last_edited_by_table": "notion_user", "last_edited_time": 1653056539545}, "command":
      "update", "id": "5488da4b-0c98-484b-a16c-29466d7f8eca", "path": [], "table":
      "block"}]}'
    headers:
      Content-Length:
      - '1080'
      content-type:
      - application/json
      cookie:
      - PRIVATE
      x-notion-active-user-header:
      - a03b888f-5426-4e4f-b5ef-bed855b162f0
    method: POST
    uri: https://www.notion.so/api/v3/submitTransaction
  response:
    body:
      string: '{}'
    headers:
      Content-Length:
      - '2'
      Content-Type:
      - application/json; charset=utf-8
    status:
      code: 200
      message: OK
- request:
    body: '{"operations": [{"id": "28affbd7-e543-4813-925c-85abf28c9d97", "path":
      ["collection_id"], "args": "34349e7c-4b08-4123-81b0-8674b67bbb14", "command":
      "set", "table": "collection_view"}]}'
    headers:
      Content-Length:
      - '185'
      content-type:
      - application/json
      cookie:
      - PRIVATE
      x-notion-active-user-header:
      - a03b888f-5426-4e4f-b5ef-bed855b162f0
    method: POST
    uri: https://www.notion.so/api/v3/submitTransaction
  response:
    body:
      string: '{}'
    headers:
      Content-Length:
      - '2'
      Content-Type:
      - application/json; charset=utf-8
    status:
      code: 200
      message: OK
- request:
    body: '{"operations": [{"id": "5488da4b-0c98-484b-a16c-29466d7f8eca", "path":
      ["view_ids"], "args": ["28affbd7-e543-4813-925c-85abf28c9d97"], "command": "set",
      "table": "block"}, {"args": {"last_edited_by_id": "a03b888f-5426-4e4f-b5ef-bed855b162f0",
      "last_edited_by_table": "notion_user", "last_edited_time": 1653056540675}, "command":
      "update", "id": "5488da4b-0c98-484b-a16c-29466d7f8eca", "path": [], "table":
      "block"}]}'
    headers:
      Content-Length:
      - '416'
      content-type:
      - application/json
      cookie:
      - PRIVATE
      x-notion-active-user-header:
      - a03b888f-5426-4e4f-b5ef-bed855b162f0
    method: POST
    uri: https://www.notion.so/api/v3/submitTransaction
  response:
    body:
      string: '{}'
    headers:
      Content-Length:
      - '2'
      Content-Type:
      - application/json; charset=utf-8
    status:
      code: 200
      message: OK
- request:
    body: '{"operations": [{"id": "28affbd7-e543-4813-925c-85abf28c9d97", "path":
      ["format", "table_properties"], "args": [{"visible": true, "property": "title"},
      {"visible": true, "property": "T8I5"}], "command": "set", "table": "collection_view"}]}'
    headers:
      Content-Length:
      - '239'
      content-type:
      - application/json
      cookie:
      - PRIVATE
      x-notion-active-user-header:
      - a03b888f-5426-4e4f-b5ef-bed855b162f0
    method: POST
    uri: https://www.notion.so/api/v3/submitTransaction
  response:
    body:
      string: '{}'
    headers:
      Content-Length:
      - '2'
      Content-Type:
      - application/json; charset=utf-8
    status:
      code: 200
      message: OK
- request:
    body: '{"operations": [{"id": "34349e7c-4b08-4123-81b0-8674b67bbb14", "path":
      ["name"], "args": [["TESTING PAGE"]], "command": "set", "table": "collection"}]}'
    headers:
      Content-Length:
      - '151'
      content-type:
      - application/json
      cookie:
      - PRIVATE
      x-notion-active-user-header:
      - a03b888f-5426-4e4f-b5ef-bed855b162f0
    method: POST
    uri: https://www.notion.so/api/v3/submitTransaction
  response:
    body:
      string: '{}'
    headers:
      Content-Length:
      - '2'
      Content-Type:
      - application/json; charset=utf-8
    status:
      code: 200
      message: OK
- request:
    body: '{}'
    headers:
      Content-Length:
      - '2'
      content-type:
      - application/json
      cookie:
      - PRIVATE
    method: POST
    uri: https://www.notion.so/api/v3/loadUserContent
  response:
    body:
      string: '{"recordMap":{"notion_user":{"a03b888f-5426-4e4f-b5ef-bed855b162f0":{"role":"editor","value":{"id":"a03b888f-5426-4e4f-b5ef-bed855b162f0","version":7,"email":"test_py_notion@protonmail.com","onboarding_completed":true,"name":"test_py"}}},"user_root":{"a03b888f-5426-4e4f-b5ef-bed855b162f0":{"role":"editor","value":{"id":"a03b888f-5426-4e4f-b5ef-bed855b162f0","version":3,"space_views":["703440cc-f5cb-4f27-ba54-a9125a58e033"],"space_view_pointers":[{"id":"703440cc-f5cb-4f27-ba54-a9125a58e033","table":"space_view","spaceId":"d51d3ca5-7889-4c70-b906-3a5a37b60274"}]}}},"user_settings":{"a03b888f-5426-4e4f-b5ef-bed855b162f0":{"role":"editor","value":{"id":"a03b888f-5426-4e4f-b5ef-bed855b162f0","version":10,"settings":{"type":"personal","persona":"personal","team_role":"unfilled","time_zone":"Asia/Tashkent","signup_time":1638259864507,"cookie_consent":{"id":"2c2f9260-c9a6-4097-bc19-30e5395dfb02","permission":{"necessary":true,"targeting":false,"preference":false,"performance":false}},"preferred_locale":"en-US","used_desktop_web_app":true,"seen_views_intro_modal":true,"preferred_locale_origin":"autodetect","seen_persona_collection":true}}}},"space_view":{"703440cc-f5cb-4f27-ba54-a9125a58e033":{"role":"editor","value":{"id":"703440cc-f5cb-4f27-ba54-a9125a58e033","version":31,"space_id":"d51d3ca5-7889-4c70-b906-3a5a37b60274","parent_id":"a03b888f-5426-4e4f-b5ef-bed855b162f0","parent_table":"user_root","alive":true,"notify_mobile":false,"notify_desktop":true,"notify_email":false,"visited_templates":["7e89f436-7aac-4f66-b0a6-6e65ec868d2a","88c9c2b0-d732-4342-8963-0580a4725571","ba43b46e-4ad3-47f7-95f0-58a3ba01476f","2dddc8c5-a711-4aa2-b5b3-ff952a49bcfa","b7572331-51ab-4ed5-a931-5a7d34b08bf0"],"sidebar_hidden_templates":["7e89f436-7aac-4f66-b0a6-6e65ec868d2a","88c9c2b0-d732-4342-8963-0580a4725571","ba43b46e-4ad3-47f7-95f0-58a3ba01476f","2dddc8c5-a711-4aa2-b5b3-ff952a49bcfa","b7572331-51ab-4ed5-a931-5a7d34b08bf0"],"created_getting_started":true,"created_onboarding_templates":true,"private_pages":["5585f343-8ea5-469b-8a90-a05987977424"],"joined":true,"settings":{"on_app_start":"first_page"}}}},"space":{"d51d3ca5-7889-4c70-b906-3a5a37b60274":{"role":"editor","value":{"id":"d51d3ca5-7889-4c70-b906-3a5a37b60274","version":4418,"name":"test_py","permissions":[{"role":"editor","type":"user_permission","user_id":"a03b888f-5426-4e4f-b5ef-bed855b162f0"}],"beta_enabled":false,"pages":["5488da4b-0c98-484b-a16c-29466d7f8eca"],"created_time":1638259881592,"last_edited_time":1652698380000,"created_by_table":"notion_user","created_by_id":"a03b888f-5426-4e4f-b5ef-bed855b162f0","last_edited_by_table":"notion_user","last_edited_by_id":"a03b888f-5426-4e4f-b5ef-bed855b162f0","plan_type":"personal","invite_link_enabled":true}}},"block":{"5488da4b-0c98-484b-a16c-29466d7f8eca":{"role":"editor","value":{"id":"5488da4b-0c98-484b-a16c-29466d7f8eca","version":13,"type":"collection_view_page","content":["34349e7c-4b08-4123-81b0-8674b67bbb14","28affbd7-e543-4813-925c-85abf28c9d97"],"view_ids":["28affbd7-e543-4813-925c-85abf28c9d97"],"format":{"collection_pointer":{"id":"34349e7c-4b08-4123-81b0-8674b67bbb14","table":"collection","spaceId":"d51d3ca5-7889-4c70-b906-3a5a37b60274"}},"permissions":[{"role":"editor","type":"user_permission","user_id":"a03b888f-5426-4e4f-b5ef-bed855b162f0"}],"created_time":1653056538392,"last_edited_time":1653056540675,"parent_id":"d51d3ca5-7889-4c70-b906-3a5a37b60274","parent_table":"space","alive":true,"created_by_table":"notion_user","created_by_id":"a03b888f-5426-4e4f-b5ef-bed855b162f0","last_edited_by_table":"notion_user","last_edited_by_id":"a03b888f-5426-4e4f-b5ef-bed855b162f0","space_id":"d51d3ca5-7889-4c70-b906-3a5a37b60274"}}},"collection":{"34349e7c-4b08-4123-81b0-8674b67bbb14":{"role":"editor","value":{"id":"34349e7c-4b08-4123-81b0-8674b67bbb14","version":2,"name":[["TESTING
        PAGE"]],"schema":{"T8I5":{"name":"b","type":"text"},"title":{"name":"a","type":"title"}},"parent_id":"5488da4b-0c98-484b-a16c-29466d7f8eca","parent_table":"block","alive":true,"migrated":true,"space_id":"d51d3ca5-7889-4c70-b906-3a5a37b60274"}}}}}'
    headers:
      Content-Type:
      - application/json; charset=utf-8
      Transfer-Encoding:
      - chunked
      content-length:
      - '4086'
    status:
      code: 200
      message: OK
- request:
    body: '{"page": {"id": "5488da4b-0c98-484b-a16c-29466d7f8eca"}, "limit": 100,
      "cursor": {"stack": []}, "chunkNumber": 0, "verticalColumns": false}'
    headers:
      Content-Length:
      - '139'
      content-type:
      - application/json
      cookie:
      - PRIVATE
      x-notion-active-user-header:
      - a03b888f-5426-4e4f-b5ef-bed855b162f0
    method: POST
    uri: https://www.notion.so/api/v3/loadPageChunk
  response:
    body:
      string: '{"cursor":{"stack":[]},"recordMap":{"block":{"5488da4b-0c98-484b-a16c-29466d7f8eca":{"role":"editor","value":{"id":"5488da4b-0c98-484b-a16c-29466d7f8eca","version":13,"type":"collection_view_page","content":["34349e7c-4b08-4123-81b0-8674b67bbb14","28affbd7-e543-4813-925c-85abf28c9d97"],"view_ids":["28affbd7-e543-4813-925c-85abf28c9d97"],"format":{"collection_pointer":{"id":"34349e7c-4b08-4123-81b0-8674b67bbb14","table":"collection","spaceId":"d51d3ca5-7889-4c70-b906-3a5a37b60274"}},"permissions":[{"role":"editor","type":"user_permission","user_id":"a03b888f-5426-4e4f-b5ef-bed855b162f0"}],"created_time":1653056538392,"last_edited_time":1653056540675,"parent_id":"d51d3ca5-7889-4c70-b906-3a5a37b60274","parent_table":"space","alive":true,"created_by_table":"notion_user","created_by_id":"a03b888f-5426-4e4f-b5ef-bed855b162f0","last_edited_by_table":"notion_user","last_edited_by_id":"a03b888f-5426-4e4f-b5ef-bed855b162f0","space_id":"d51d3ca5-7889-4c70-b906-3a5a37b60274"}}},"space":{"d51d3ca5-7889-4c70-b906-3a5a37b60274":{"role":"editor","value":{"id":"d51d3ca5-7889-4c70-b906-3a5a37b60274","version":4418,"name":"test_py","permissions":[{"role":"editor","type":"user_permission","user_id":"a03b888f-5426-4e4f-b5ef-bed855b162f0"}],"beta_enabled":false,"pages":["5488da4b-0c98-484b-a16c-29466d7f8eca"],"created_time":1638259881592,"last_edited_time":1652698380000,"created_by_table":"notion_user","created_by_id":"a03b888f-5426-4e4f-b5ef-bed855b162f0","last_edited_by_table":"notion_user","last_edited_by_id":"a03b888f-5426-4e4f-b5ef-bed855b162f0","plan_type":"personal","invite_link_enabled":true}}},"collection":{"34349e7c-4b08-4123-81b0-8674b67bbb14":{"role":"editor","value":{"id":"34349e7c-4b08-4123-81b0-8674b67bbb14","version":2,"name":[["TESTING
        PAGE"]],"schema":{"T8I5":{"name":"b","type":"text"},"title":{"name":"a","type":"title"}},"parent_id":"5488da4b-0c98-484b-a16c-29466d7f8eca","parent_table":"block","alive":true,"migrated":true,"space_id":"d51d3ca5-7889-4c70-b906-3a5a37b60274"}}},"collection_view":{"28affbd7-e543-4813-925c-85abf28c9d97":{"role":"editor","value":{"id":"28affbd7-e543-4813-925c-85abf28c9d97","version":3,"type":"table","format":{"table_properties":[{"visible":true,"property":"title"},{"visible":true,"property":"T8I5"}]},"parent_id":"5488da4b-0c98-484b-a16c-29466d7f8eca","parent_table":"block","alive":true,"space_id":"d51d3ca5-7889-4c70-b906-3a5a37b60274","created_time":1653056539545,"created_by_table":"notion_user","created_by_id":"a03b888f-5426-4e4f-b5ef-bed855b162f0"}}}}}'
    headers:
      Content-Type:
      - application/json; charset=utf-8
      Transfer-Encoding:
      - chunked
      content-length:
      - '2522'
    status:
      code: 200
      message: OK
- request:
    body: '{}'
    headers:
      Content-Length:
      - '2'
      content-type:
      - application/json
      cookie:
      - PRIVATE
    method: POST
    uri: https://www.notion.so/api/v3/loadUserContent
  response:
    body:
      string: '{"recordMap":{"notion_user":{"a03b888f-5426-4e4f-b5ef-bed855b162f0":{"role":"editor","value":{"id":"a03b888f-5426-4e4f-b5ef-bed855b162f0","version":7,"email":"test_py_notion@protonmail.com","onboarding_completed":true,"name":"test_py"}}},"user_root":{"a03b888f-5426-4e4f-b5ef-bed855b162f0":{"role":"editor","value":{"id":"a03b888f-5426-4e4f-b5ef-bed855b162f0","version":3,"space_views":["703440cc-f5cb-4f27-ba54-a9125a58e033"],"space_view_pointers":[{"id":"703440cc-f5cb-4f27-ba54-a9125a58e033","table":"space_view","spaceId":"d51d3ca5-7889-4c70-b906-3a5a37b60274"}]}}},"user_settings":{"a03b888f-5426-4e4f-b5ef-bed855b162f0":{"role":"editor","value":{"id":"a03b888f-5426-4e4f-b5ef-bed855b162f0","version":10,"settings":{"type":"personal","persona":"personal","team_role":"unfilled","time_zone":"Asia/Tashkent","signup_time":1638259864507,"cookie_consent":{"id":"2c2f9260-c9a6-4097-bc19-30e5395dfb02","permission":{"necessary":true,"targeting":false,"preference":false,"performance":false}},"preferred_locale":"en-US","used_desktop_web_app":true,"seen_views_intro_modal":true,"preferred_locale_origin":"autodetect","seen_persona_collection":true}}}},"space_view":{"703440cc-f5cb-4f27-ba54-a9125a58e033":{"role":"editor","value":{"id":"703440cc-f5cb-4f27-ba54-a9125a58e033","version":31,"space_id":"d51d3ca5-7889-4c70-b906-3a5a37b60274","parent_id":"a03b888f-5426-4e4f-b5ef-bed855b162f0","parent_table":"user_root","alive":true,"notify_mobile":false,"notify_desktop":true,"notify_email":false,"visited_templates":["7e89f436-7aac-4f66-b0a6-6e65ec868d2a","88c9c2b0-d732-4342-8963-0580a4725571","ba43b46e-4ad3-47f7-95f0-58a3ba01476f","2dddc8c5-a711-4aa2-b5b3-ff952a49bcfa","b7572331-51ab-4ed5-a931-5a7d34b08bf0"],"sidebar_hidden_templates":["7e89f436-7aac-4f66-b0a6-6e65ec868d2a","88c9c2b0-d732-4342-8963-0580a4725571","ba43b46e-4ad3-47f7-95f0-58a3ba01476f","2dddc8c5-a711-4aa2-b5b3-ff952a49bcfa","b7572331-51ab-4ed5-a931-5a7d34b08bf0"],"created_getting_started":true,"created_onboarding_templates":true,"private_pages":["5585f343-8ea5-469b-8a90-a05987977424"],"joined":true,"settings":{"on_app_start":"first_page"}}}},"space":{"d51d3ca5-7889-4c70-b906-3a5a37b60274":{"role":"editor","value":{"id":"d51d3ca5-7889-4c70-b906-3a5a37b60274","version":4418,"name":"test_py","permissions":[{"role":"editor","type":"user_permission","user_id":"a03b888f-5426-4e4f-b5ef-bed855b162f0"}],"beta_enabled":false,"pages":["5488da4b-0c98-484b-a16c-29466d7f8eca"],"created_time":1638259881592,"last_edited_time":1652698380000,"created_by_table":"notion_user","created_by_id":"a03b888f-5426-4e4f-b5ef-bed855b162f0","last_edited_by_table":"notion_user","last_edited_by_id":"a03b888f-5426-4e4f-b5ef-bed855b162f0","plan_type":"personal","invite_link_enabled":true}}},"block":{"5488da4b-0c98-484b-a16c-29466d7f8eca":{"role":"editor","value":{"id":"5488da4b-0c98-484b-a16c-29466d7f8eca","version":13,"type":"collection_view_page","content":["34349e7c-4b08-4123-81b0-8674b67bbb14","28affbd7-e543-4813-925c-85abf28c9d97"],"view_ids":["28affbd7-e543-4813-925c-85abf28c9d97"],"format":{"collection_pointer":{"id":"34349e7c-4b08-4123-81b0-8674b67bbb14","table":"collection","spaceId":"d51d3ca5-7889-4c70-b906-3a5a37b60274"}},"permissions":[{"role":"editor","type":"user_permission","user_id":"a03b888f-5426-4e4f-b5ef-bed855b162f0"}],"created_time":1653056538392,"last_edited_time":1653056540675,"parent_id":"d51d3ca5-7889-4c70-b906-3a5a37b60274","parent_table":"space","alive":true,"created_by_table":"notion_user","created_by_id":"a03b888f-5426-4e4f-b5ef-bed855b162f0","last_edited_by_table":"notion_user","last_edited_by_id":"a03b888f-5426-4e4f-b5ef-bed855b162f0","space_id":"d51d3ca5-7889-4c70-b906-3a5a37b60274"}}},"collection":{"34349e7c-4b08-4123-81b0-8674b67bbb14":{"role":"editor","value":{"id":"34349e7c-4b08-4123-81b0-8674b67bbb14","version":2,"name":[["TESTING
        PAGE"]],"schema":{"T8I5":{"name":"b","type":"text"},"title":{"name":"a","type":"title"}},"parent_id":"5488da4b-0c98-484b-a16c-29466d7f8eca","parent_table":"block","alive":true,"migrated":true,"space_id":"d51d3ca5-7889-4c70-b906-3a5a37b60274"}}}}}'
    headers:
      Content-Type:
      - application/json; charset=utf-8
      Transfer-Encoding:
      - chunked
      content-length:
      - '4086'
    status:
      code: 200
      message: OK
- request:
    body: '{"page": {"id": "5488da4b-0c98-484b-a16c-29466d7f8eca"}, "limit": 100,
      "cursor": {"stack": []}, "chunkNumber": 0, "verticalColumns": false}'
    headers:
      Content-Length:
      - '139'
      content-type:
      - application/json
      cookie:
      - PRIVATE
      x-notion-active-user-header:
      - a03b888f-5426-4e4f-b5ef-bed855b162f0
    method: POST
    uri: https://www.notion.so/api/v3/loadPageChunk
  response:
    body:
      string: '{"cursor":{"stack":[]},"recordMap":{"block":{"5488da4b-0c98-484b-a16c-29466d7f8eca":{"role":"editor","value":{"id":"5488da4b-0c98-484b-a16c-29466d7f8eca","version":13,"type":"collection_view_page","content":["34349e7c-4b08-4123-81b0-8674b67bbb14","28affbd7-e543-4813-925c-85abf28c9d97"],"view_ids":["28affbd7-e543-4813-925c-85abf28c9d97"],"format":{"collection_pointer":{"id":"34349e7c-4b08-4123-81b0-8674b67bbb14","table":"collection","spaceId":"d51d3ca5-7889-4c70-b906-3a5a37b60274"}},"permissions":[{"role":"editor","type":"user_permission","user_id":"a03b888f-5426-4e4f-b5ef-bed855b162f0"}],"created_time":1653056538392,"last_edited_time":1653056540675,"parent_id":"d51d3ca5-7889-4c70-b906-3a5a37b60274","parent_table":"space","alive":true,"created_by_table":"notion_user","created_by_id":"a03b888f-5426-4e4f-b5ef-bed855b162f0","last_edited_by_table":"notion_user","last_edited_by_id":"a03b888f-5426-4e4f-b5ef-bed855b162f0","space_id":"d51d3ca5-7889-4c70-b906-3a5a37b60274"}}},"space":{"d51d3ca5-7889-4c70-b906-3a5a37b60274":{"role":"editor","value":{"id":"d51d3ca5-7889-4c70-b906-3a5a37b60274","version":4418,"name":"test_py","permissions":[{"role":"editor","type":"user_permission","user_id":"a03b888f-5426-4e4f-b5ef-bed855b162f0"}],"beta_enabled":false,"pages":["5488da4b-0c98-484b-a16c-29466d7f8eca"],"created_time":1638259881592,"last_edited_time":1652698380000,"created_by_table":"notion_user","created_by_id":"a03b888f-5426-4e4f-b5ef-bed855b162f0","last_edited_by_table":"notion_user","last_edited_by_id":"a03b888f-5426-4e4f-b5ef-bed855b162f0","plan_type":"personal","invite_link_enabled":true}}},"collection_view":{"28affbd7-e543-4813-925c-85abf28c9d97":{"role":"editor","value":{"id":"28affbd7-e543-4813-925c-85abf28c9d97","version":3,"type":"table","format":{"table_properties":[{"visible":true,"property":"title"},{"visible":true,"property":"T8I5"}]},"parent_id":"5488da4b-0c98-484b-a16c-29466d7f8eca","parent_table":"block","alive":true,"space_id":"d51d3ca5-7889-4c70-b906-3a5a37b60274","created_time":1653056539545,"created_by_table":"notion_user","created_by_id":"a03b888f-5426-4e4f-b5ef-bed855b162f0"}}},"collection":{"34349e7c-4b08-4123-81b0-8674b67bbb14":{"role":"editor","value":{"id":"34349e7c-4b08-4123-81b0-8674b67bbb14","version":2,"name":[["TESTING
        PAGE"]],"schema":{"T8I5":{"name":"b","type":"text"},"title":{"name":"a","type":"title"}},"parent_id":"5488da4b-0c98-484b-a16c-29466d7f8eca","parent_table":"block","alive":true,"migrated":true,"space_id":"d51d3ca5-7889-4c70-b906-3a5a37b60274"}}}}}'
    headers:
      Content-Type:
      - application/json; charset=utf-8
      Transfer-Encoding:
      - chunked
      content-length:
      - '2522'
    status:
      code: 200
      message: OK
- request:
    body: '{"requests": [{"table": "collection", "id": "34349e7c-4b08-4123-81b0-8674b67bbb14"}]}'
    headers:
      Content-Length:
      - '85'
      content-type:
      - application/json
      cookie:
      - PRIVATE
      x-notion-active-user-header:
      - a03b888f-5426-4e4f-b5ef-bed855b162f0
    method: POST
    uri: https://www.notion.so/api/v3/getRecordValues
  response:
    body:
      string: '{"results":[{"role":"editor","value":{"id":"34349e7c-4b08-4123-81b0-8674b67bbb14","version":2,"name":[["TESTING
        PAGE"]],"schema":{"T8I5":{"name":"b","type":"text"},"title":{"name":"a","type":"title"}},"parent_id":"5488da4b-0c98-484b-a16c-29466d7f8eca","parent_table":"block","alive":true,"migrated":true,"space_id":"d51d3ca5-7889-4c70-b906-3a5a37b60274"}}],"recordMapWithRoles":{"collection":{"34349e7c-4b08-4123-81b0-8674b67bbb14":{"role":"editor","value":{"id":"34349e7c-4b08-4123-81b0-8674b67bbb14","version":2,"name":[["TESTING
        PAGE"]],"schema":{"T8I5":{"name":"b","type":"text"},"title":{"name":"a","type":"title"}},"parent_id":"5488da4b-0c98-484b-a16c-29466d7f8eca","parent_table":"block","alive":true,"migrated":true,"space_id":"d51d3ca5-7889-4c70-b906-3a5a37b60274"}}},"block":{"5488da4b-0c98-484b-a16c-29466d7f8eca":{"role":"editor","value":{"id":"5488da4b-0c98-484b-a16c-29466d7f8eca","version":13,"type":"collection_view_page","content":["34349e7c-4b08-4123-81b0-8674b67bbb14","28affbd7-e543-4813-925c-85abf28c9d97"],"view_ids":["28affbd7-e543-4813-925c-85abf28c9d97"],"format":{"collection_pointer":{"id":"34349e7c-4b08-4123-81b0-8674b67bbb14","table":"collection","spaceId":"d51d3ca5-7889-4c70-b906-3a5a37b60274"}},"permissions":[{"role":"editor","type":"user_permission","user_id":"a03b888f-5426-4e4f-b5ef-bed855b162f0"}],"created_time":1653056538392,"last_edited_time":1653056540675,"parent_id":"d51d3ca5-7889-4c70-b906-3a5a37b60274","parent_table":"space","alive":true,"created_by_table":"notion_user","created_by_id":"a03b888f-5426-4e4f-b5ef-bed855b162f0","last_edited_by_table":"notion_user","last_edited_by_id":"a03b888f-5426-4e4f-b5ef-bed855b162f0","space_id":"d51d3ca5-7889-4c70-b906-3a5a37b60274"}}},"space":{"d51d3ca5-7889-4c70-b906-3a5a37b60274":{"role":"editor","value":{"id":"d51d3ca5-7889-4c70-b906-3a5a37b60274","version":4418,"name":"test_py","permissions":[{"role":"editor","type":"user_permission","user_id":"a03b888f-5426-4e4f-b5ef-bed855b162f0"}],"beta_enabled":false,"pages":["5488da4b-0c98-484b-a16c-29466d7f8eca"],"created_time":1638259881592,"last_edited_time":1652698380000,"created_by_table":"notion_user","created_by_id":"a03b888f-5426-4e4f-b5ef-bed855b162f0","last_edited_by_table":"notion_user","last_edited_by_id":"a03b888f-5426-4e4f-b5ef-bed855b162f0","plan_type":"personal","invite_link_enabled":true}}}}}'
    headers:
      Content-Type:
      - application/json; charset=utf-8
      Transfer-Encoding:
      - chunked
      content-length:
      - '2350'
    status:
      code: 200
      message: OK
- request:
    body: '{"collection": {"id": "34349e7c-4b08-4123-81b0-8674b67bbb14", "spaceId":
      "d51d3ca5-7889-4c70-b906-3a5a37b60274"}, "collectionView": {"id": "28affbd7-e543-4813-925c-85abf28c9d97",
      "spaceId": "d51d3ca5-7889-4c70-b906-3a5a37b60274"}, "loader": {"reducers": {"table:uncategorized:title:count":
      {"aggregation": {"aggregator": "count", "property": "title"}, "type": "aggregation"}},
      "searchQuery": "", "sort": [], "userTimeZone": "Asia/Tashkent", "type": "reducer"}}'
    headers:
      Content-Length:
      - '460'
      content-type:
      - application/json
      cookie:
      - PRIVATE
      x-notion-active-user-header:
      - a03b888f-5426-4e4f-b5ef-bed855b162f0
    method: POST
    uri: https://www.notion.so/api/v3/queryCollection
  response:
    body:
      string: '{"result":{"type":"reducer","reducerResults":{"table:uncategorized:title:count":{"type":"aggregation","aggregationResult":{"type":"number","value":0}}}},"recordMap":{}}'
    headers:
      Content-Type:
      - application/json; charset=utf-8
      Transfer-Encoding:
      - chunked
      content-encoding:
      - undefined
    status:
      code: 200
      message: OK
- request:
    body: '{"collection": {"id": "34349e7c-4b08-4123-81b0-8674b67bbb14", "spaceId":
      "d51d3ca5-7889-4c70-b906-3a5a37b60274"}, "collectionView": {"id": "28affbd7-e543-4813-925c-85abf28c9d97",
      "spaceId": "d51d3ca5-7889-4c70-b906-3a5a37b60274"}, "loader": {"reducers": {"collection_group_results":
      {"limit": 0, "type": "results"}}, "searchQuery": "", "sort": [], "userTimeZone":
      "Asia/Tashkent", "type": "reducer"}}'
    headers:
      Content-Length:
      - '400'
      content-type:
      - application/json
      cookie:
      - PRIVATE
      x-notion-active-user-header:
      - a03b888f-5426-4e4f-b5ef-bed855b162f0
    method: POST
    uri: https://www.notion.so/api/v3/queryCollection
  response:
    body:
      string: '{"result":{"type":"reducer","reducerResults":{"collection_group_results":{"type":"results","blockIds":[],"hasMore":false}}},"recordMap":{}}'
    headers:
      Content-Type:
      - application/json; charset=utf-8
      Transfer-Encoding:
      - chunked
      content-encoding:
      - undefined
    status:
      code: 200
      message: OK
- request:
    body: '{"operations": [{"id": "4ccb4c9c-db33-4178-8041-99daf32e66b3", "path":
      [], "args": {"id": "4ccb4c9c-db33-4178-8041-99daf32e66b3", "version": 1, "alive":
      true, "created_by_id": "a03b888f-5426-4e4f-b5ef-bed855b162f0", "created_by_table":
      "notion_user", "created_time": 1653056544133, "parent_id": "34349e7c-4b08-4123-81b0-8674b67bbb14",
      "parent_table": "collection", "type": "page"}, "command": "set", "table": "block"},
      {"args": {"last_edited_by_id": "a03b888f-5426-4e4f-b5ef-bed855b162f0", "last_edited_by_table":
      "notion_user", "last_edited_time": 1653056544133}, "command": "update", "id":
      "4ccb4c9c-db33-4178-8041-99daf32e66b3", "path": [], "table": "block"}, {"args":
      {"last_edited_by_id": "a03b888f-5426-4e4f-b5ef-bed855b162f0", "last_edited_by_table":
      "notion_user", "last_edited_time": 1653056544133}, "command": "update", "id":
      "4ccb4c9c-db33-4178-8041-99daf32e66b3", "path": [], "table": "block"}]}'
    headers:
      Content-Length:
      - '907'
      content-type:
      - application/json
      cookie:
      - PRIVATE
      x-notion-active-user-header:
      - a03b888f-5426-4e4f-b5ef-bed855b162f0
    method: POST
    uri: https://www.notion.so/api/v3/submitTransaction
  response:
    body:
      string: '{}'
    headers:
      Content-Length:
      - '2'
      Content-Type:
      - application/json; charset=utf-8
    status:
      code: 200
      message: OK
- request:
    body: '{"operations": [{"id": "4ccb4c9c-db33-4178-8041-99daf32e66b3", "path":
      ["properties", "title"], "args": [["1"]], "command": "set", "table": "block"},
      {"args": {"last_edited_by_id": "a03b888f-5426-4e4f-b5ef-bed855b162f0", "last_edited_by_table":
      "notion_user", "last_edited_time": 1653056544544}, "command": "update", "id":
      "4ccb4c9c-db33-4178-8041-99daf32e66b3", "path": [], "table": "block"}, {"id":
      "4ccb4c9c-db33-4178-8041-99daf32e66b3", "path": ["properties", "T8I5"], "args":
      [["2"]], "command": "set", "table": "block"}, {"args": {"last_edited_by_id":
      "a03b888f-5426-4e4f-b5ef-bed855b162f0", "last_edited_by_table": "notion_user",
      "last_edited_time": 1653056544544}, "command": "update", "id": "4ccb4c9c-db33-4178-8041-99daf32e66b3",
      "path": [], "table": "block"}, {"id": "28affbd7-e543-4813-925c-85abf28c9d97",
      "path": ["page_sort"], "args": ["4ccb4c9c-db33-4178-8041-99daf32e66b3"], "command":
      "set", "table": "collection_view"}, {"args": {"last_edited_by_id": "a03b888f-5426-4e4f-b5ef-bed855b162f0",
      "last_edited_by_table": "notion_user", "last_edited_time": 1653056544544}, "command":
      "update", "id": "4ccb4c9c-db33-4178-8041-99daf32e66b3", "path": [], "table":
      "block"}]}'
    headers:
      Content-Length:
      - '1182'
      content-type:
      - application/json
      cookie:
      - PRIVATE
      x-notion-active-user-header:
      - a03b888f-5426-4e4f-b5ef-bed855b162f0
    method: POST
    uri: https://www.notion.so/api/v3/submitTransaction
  response:
    body:
      string: '{}'
    headers:
      Content-Length:
      - '2'
      Content-Type:
      - application/json; charset=utf-8
    status:
      code: 200
      message: OK
- request:
    body: '{"collection": {"id": "34349e7c-4b08-4123-81b0-8674b67bbb14", "spaceId":
      "d51d3ca5-7889-4c70-b906-3a5a37b60274"}, "collectionView": {"id": "28affbd7-e543-4813-925c-85abf28c9d97",
      "spaceId": "d51d3ca5-7889-4c70-b906-3a5a37b60274"}, "loader": {"reducers": {"table:uncategorized:title:count":
      {"aggregation": {"aggregator": "count", "property": "title"}, "type": "aggregation"}},
      "searchQuery": "", "sort": [], "userTimeZone": "Asia/Tashkent", "type": "reducer"}}'
    headers:
      Content-Length:
      - '460'
      content-type:
      - application/json
      cookie:
      - PRIVATE
      x-notion-active-user-header:
      - a03b888f-5426-4e4f-b5ef-bed855b162f0
    method: POST
    uri: https://www.notion.so/api/v3/queryCollection
  response:
    body:
      string: '{"result":{"type":"reducer","reducerResults":{"table:uncategorized:title:count":{"type":"aggregation","aggregationResult":{"type":"number","value":1}}}},"recordMap":{}}'
    headers:
      Content-Type:
      - application/json; charset=utf-8
      Transfer-Encoding:
      - chunked
      content-encoding:
      - undefined
    status:
      code: 200
      message: OK
- request:
    body: '{"collection": {"id": "34349e7c-4b08-4123-81b0-8674b67bbb14", "spaceId":
      "d51d3ca5-7889-4c70-b906-3a5a37b60274"}, "collectionView": {"id": "28affbd7-e543-4813-925c-85abf28c9d97",
      "spaceId": "d51d3ca5-7889-4c70-b906-3a5a37b60274"}, "loader": {"reducers": {"collection_group_results":
      {"limit": 1, "type": "results"}}, "searchQuery": "", "sort": [], "userTimeZone":
      "Asia/Tashkent", "type": "reducer"}}'
    headers:
      Content-Length:
      - '400'
      content-type:
      - application/json
      cookie:
      - PRIVATE
      x-notion-active-user-header:
      - a03b888f-5426-4e4f-b5ef-bed855b162f0
    method: POST
    uri: https://www.notion.so/api/v3/queryCollection
  response:
    body:
      string: '{"result":{"type":"reducer","reducerResults":{"collection_group_results":{"type":"results","blockIds":["4ccb4c9c-db33-4178-8041-99daf32e66b3"],"hasMore":false}}},"recordMap":{"block":{"4ccb4c9c-db33-4178-8041-99daf32e66b3":{"role":"editor","value":{"id":"4ccb4c9c-db33-4178-8041-99daf32e66b3","version":8,"type":"page","properties":{"T8I5":[["2"]],"title":[["1"]]},"created_time":1653056544133,"last_edited_time":1653056544544,"parent_id":"34349e7c-4b08-4123-81b0-8674b67bbb14","parent_table":"collection","alive":true,"created_by_table":"notion_user","created_by_id":"a03b888f-5426-4e4f-b5ef-bed855b162f0","last_edited_by_table":"notion_user","last_edited_by_id":"a03b888f-5426-4e4f-b5ef-bed855b162f0","space_id":"d51d3ca5-7889-4c70-b906-3a5a37b60274"}},"5488da4b-0c98-484b-a16c-29466d7f8eca":{"role":"editor","value":{"id":"5488da4b-0c98-484b-a16c-29466d7f8eca","version":13,"type":"collection_view_page","content":["34349e7c-4b08-4123-81b0-8674b67bbb14","28affbd7-e543-4813-925c-85abf28c9d97"],"view_ids":["28affbd7-e543-4813-925c-85abf28c9d97"],"format":{"collection_pointer":{"id":"34349e7c-4b08-4123-81b0-8674b67bbb14","table":"collection","spaceId":"d51d3ca5-7889-4c70-b906-3a5a37b60274"}},"permissions":[{"role":"editor","type":"user_permission","user_id":"a03b888f-5426-4e4f-b5ef-bed855b162f0"}],"created_time":1653056538392,"last_edited_time":1653056540675,"parent_id":"d51d3ca5-7889-4c70-b906-3a5a37b60274","parent_table":"space","alive":true,"created_by_table":"notion_user","created_by_id":"a03b888f-5426-4e4f-b5ef-bed855b162f0","last_edited_by_table":"notion_user","last_edited_by_id":"a03b888f-5426-4e4f-b5ef-bed855b162f0","space_id":"d51d3ca5-7889-4c70-b906-3a5a37b60274"}}},"collection":{"34349e7c-4b08-4123-81b0-8674b67bbb14":{"role":"editor","value":{"id":"34349e7c-4b08-4123-81b0-8674b67bbb14","version":2,"name":[["TESTING
        PAGE"]],"schema":{"T8I5":{"name":"b","type":"text"},"title":{"name":"a","type":"title"}},"parent_id":"5488da4b-0c98-484b-a16c-29466d7f8eca","parent_table":"block","alive":true,"migrated":true,"space_id":"d51d3ca5-7889-4c70-b906-3a5a37b60274"}}},"space":{"d51d3ca5-7889-4c70-b906-3a5a37b60274":{"role":"editor","value":{"id":"d51d3ca5-7889-4c70-b906-3a5a37b60274","version":4418,"name":"test_py","permissions":[{"role":"editor","type":"user_permission","user_id":"a03b888f-5426-4e4f-b5ef-bed855b162f0"}],"beta_enabled":false,"pages":["5488da4b-0c98-484b-a16c-29466d7f8eca"],"created_time":1638259881592,"last_edited_time":1652698380000,"created_by_table":"notion_user","created_by_id":"a03b888f-5426-4e4f-b5ef-bed855b162f0","last_edited_by_table":"notion_user","last_edited_by_id":"a03b888f-5426-4e4f-b5ef-bed855b162f0","plan_type":"personal","invite_link_enabled":true}}}}}'
    headers:
      Content-Type:
      - application/json; charset=utf-8
      Transfer-Encoding:
      - chunked
      content-length:
      - '2717'
    status:
      code: 200
      message: OK
- request:
    body: '{"collection": {"id": "34349e7c-4b08-4123-81b0-8674b67bbb14", "spaceId":
      "d51d3ca5-7889-4c70-b906-3a5a37b60274"}, "collectionView": {"id": "28affbd7-e543-4813-925c-85abf28c9d97",
      "spaceId": "d51d3ca5-7889-4c70-b906-3a5a37b60274"}, "loader": {"reducers": {"table:uncategorized:title:count":
      {"aggregation": {"aggregator": "count", "property": "title"}, "type": "aggregation"}},
      "searchQuery": "", "sort": [], "userTimeZone": "Asia/Tashkent", "type": "reducer"}}'
    headers:
      Content-Length:
      - '460'
      content-type:
      - application/json
      cookie:
      - PRIVATE
      x-notion-active-user-header:
      - a03b888f-5426-4e4f-b5ef-bed855b162f0
    method: POST
    uri: https://www.notion.so/api/v3/queryCollection
  response:
    body:
      string: '{"result":{"type":"reducer","reducerResults":{"table:uncategorized:title:count":{"type":"aggregation","aggregationResult":{"type":"number","value":1}}}},"recordMap":{}}'
    headers:
      Content-Type:
      - application/json; charset=utf-8
      Transfer-Encoding:
      - chunked
      content-encoding:
      - undefined
    status:
      code: 200
      message: OK
- request:
    body: '{"collection": {"id": "34349e7c-4b08-4123-81b0-8674b67bbb14", "spaceId":
      "d51d3ca5-7889-4c70-b906-3a5a37b60274"}, "collectionView": {"id": "28affbd7-e543-4813-925c-85abf28c9d97",
      "spaceId": "d51d3ca5-7889-4c70-b906-3a5a37b60274"}, "loader": {"reducers": {"collection_group_results":
      {"limit": 1, "type": "results"}}, "searchQuery": "", "sort": [], "userTimeZone":
      "Asia/Tashkent", "type": "reducer"}}'
    headers:
      Content-Length:
      - '400'
      content-type:
      - application/json
      cookie:
      - PRIVATE
      x-notion-active-user-header:
      - a03b888f-5426-4e4f-b5ef-bed855b162f0
    method: POST
    uri: https://www.notion.so/api/v3/queryCollection
  response:
    body:
      string: '{"result":{"type":"reducer","reducerResults":{"collection_group_results":{"type":"results","blockIds":["4ccb4c9c-db33-4178-8041-99daf32e66b3"],"hasMore":false}}},"recordMap":{"block":{"4ccb4c9c-db33-4178-8041-99daf32e66b3":{"role":"editor","value":{"id":"4ccb4c9c-db33-4178-8041-99daf32e66b3","version":8,"type":"page","properties":{"T8I5":[["2"]],"title":[["1"]]},"created_time":1653056544133,"last_edited_time":1653056544544,"parent_id":"34349e7c-4b08-4123-81b0-8674b67bbb14","parent_table":"collection","alive":true,"created_by_table":"notion_user","created_by_id":"a03b888f-5426-4e4f-b5ef-bed855b162f0","last_edited_by_table":"notion_user","last_edited_by_id":"a03b888f-5426-4e4f-b5ef-bed855b162f0","space_id":"d51d3ca5-7889-4c70-b906-3a5a37b60274"}},"5488da4b-0c98-484b-a16c-29466d7f8eca":{"role":"editor","value":{"id":"5488da4b-0c98-484b-a16c-29466d7f8eca","version":13,"type":"collection_view_page","content":["34349e7c-4b08-4123-81b0-8674b67bbb14","28affbd7-e543-4813-925c-85abf28c9d97"],"view_ids":["28affbd7-e543-4813-925c-85abf28c9d97"],"format":{"collection_pointer":{"id":"34349e7c-4b08-4123-81b0-8674b67bbb14","table":"collection","spaceId":"d51d3ca5-7889-4c70-b906-3a5a37b60274"}},"permissions":[{"role":"editor","type":"user_permission","user_id":"a03b888f-5426-4e4f-b5ef-bed855b162f0"}],"created_time":1653056538392,"last_edited_time":1653056540675,"parent_id":"d51d3ca5-7889-4c70-b906-3a5a37b60274","parent_table":"space","alive":true,"created_by_table":"notion_user","created_by_id":"a03b888f-5426-4e4f-b5ef-bed855b162f0","last_edited_by_table":"notion_user","last_edited_by_id":"a03b888f-5426-4e4f-b5ef-bed855b162f0","space_id":"d51d3ca5-7889-4c70-b906-3a5a37b60274"}}},"collection":{"34349e7c-4b08-4123-81b0-8674b67bbb14":{"role":"editor","value":{"id":"34349e7c-4b08-4123-81b0-8674b67bbb14","version":2,"name":[["TESTING
        PAGE"]],"schema":{"T8I5":{"name":"b","type":"text"},"title":{"name":"a","type":"title"}},"parent_id":"5488da4b-0c98-484b-a16c-29466d7f8eca","parent_table":"block","alive":true,"migrated":true,"space_id":"d51d3ca5-7889-4c70-b906-3a5a37b60274"}}},"space":{"d51d3ca5-7889-4c70-b906-3a5a37b60274":{"role":"editor","value":{"id":"d51d3ca5-7889-4c70-b906-3a5a37b60274","version":4418,"name":"test_py","permissions":[{"role":"editor","type":"user_permission","user_id":"a03b888f-5426-4e4f-b5ef-bed855b162f0"}],"beta_enabled":false,"pages":["5488da4b-0c98-484b-a16c-29466d7f8eca"],"created_time":1638259881592,"last_edited_time":1652698380000,"created_by_table":"notion_user","created_by_id":"a03b888f-5426-4e4f-b5ef-bed855b162f0","last_edited_by_table":"notion_user","last_edited_by_id":"a03b888f-5426-4e4f-b5ef-bed855b162f0","plan_type":"personal","invite_link_enabled":true}}}}}'
    headers:
      Content-Type:
      - application/json; charset=utf-8
      Transfer-Encoding:
      - chunked
      content-length:
      - '2717'
    status:
      code: 200
      message: OK
- request:
    body: '{"collection": {"id": "34349e7c-4b08-4123-81b0-8674b67bbb14", "spaceId":
      "d51d3ca5-7889-4c70-b906-3a5a37b60274"}, "collectionView": {"id": "28affbd7-e543-4813-925c-85abf28c9d97",
      "spaceId": "d51d3ca5-7889-4c70-b906-3a5a37b60274"}, "loader": {"reducers": {"table:uncategorized:title:count":
      {"aggregation": {"aggregator": "count", "property": "title"}, "type": "aggregation"}},
      "searchQuery": "", "sort": [], "userTimeZone": "Asia/Tashkent", "type": "reducer"}}'
    headers:
      Content-Length:
      - '460'
      content-type:
      - application/json
      cookie:
      - PRIVATE
      x-notion-active-user-header:
      - a03b888f-5426-4e4f-b5ef-bed855b162f0
    method: POST
    uri: https://www.notion.so/api/v3/queryCollection
  response:
    body:
      string: '{"result":{"type":"reducer","reducerResults":{"table:uncategorized:title:count":{"type":"aggregation","aggregationResult":{"type":"number","value":1}}}},"recordMap":{}}'
    headers:
      Content-Type:
      - application/json; charset=utf-8
      Transfer-Encoding:
      - chunked
      content-encoding:
      - undefined
    status:
      code: 200
      message: OK
- request:
    body: '{"collection": {"id": "34349e7c-4b08-4123-81b0-8674b67bbb14", "spaceId":
      "d51d3ca5-7889-4c70-b906-3a5a37b60274"}, "collectionView": {"id": "28affbd7-e543-4813-925c-85abf28c9d97",
      "spaceId": "d51d3ca5-7889-4c70-b906-3a5a37b60274"}, "loader": {"reducers": {"collection_group_results":
      {"limit": 1, "type": "results"}}, "searchQuery": "", "sort": [], "userTimeZone":
      "Asia/Tashkent", "type": "reducer"}}'
    headers:
      Content-Length:
      - '400'
      content-type:
      - application/json
      cookie:
      - PRIVATE
      x-notion-active-user-header:
      - a03b888f-5426-4e4f-b5ef-bed855b162f0
    method: POST
    uri: https://www.notion.so/api/v3/queryCollection
  response:
    body:
      string: '{"result":{"type":"reducer","reducerResults":{"collection_group_results":{"type":"results","blockIds":["4ccb4c9c-db33-4178-8041-99daf32e66b3"],"hasMore":false}}},"recordMap":{"block":{"4ccb4c9c-db33-4178-8041-99daf32e66b3":{"role":"editor","value":{"id":"4ccb4c9c-db33-4178-8041-99daf32e66b3","version":8,"type":"page","properties":{"T8I5":[["2"]],"title":[["1"]]},"created_time":1653056544133,"last_edited_time":1653056544544,"parent_id":"34349e7c-4b08-4123-81b0-8674b67bbb14","parent_table":"collection","alive":true,"created_by_table":"notion_user","created_by_id":"a03b888f-5426-4e4f-b5ef-bed855b162f0","last_edited_by_table":"notion_user","last_edited_by_id":"a03b888f-5426-4e4f-b5ef-bed855b162f0","space_id":"d51d3ca5-7889-4c70-b906-3a5a37b60274"}},"5488da4b-0c98-484b-a16c-29466d7f8eca":{"role":"editor","value":{"id":"5488da4b-0c98-484b-a16c-29466d7f8eca","version":13,"type":"collection_view_page","content":["34349e7c-4b08-4123-81b0-8674b67bbb14","28affbd7-e543-4813-925c-85abf28c9d97"],"view_ids":["28affbd7-e543-4813-925c-85abf28c9d97"],"format":{"collection_pointer":{"id":"34349e7c-4b08-4123-81b0-8674b67bbb14","table":"collection","spaceId":"d51d3ca5-7889-4c70-b906-3a5a37b60274"}},"permissions":[{"role":"editor","type":"user_permission","user_id":"a03b888f-5426-4e4f-b5ef-bed855b162f0"}],"created_time":1653056538392,"last_edited_time":1653056540675,"parent_id":"d51d3ca5-7889-4c70-b906-3a5a37b60274","parent_table":"space","alive":true,"created_by_table":"notion_user","created_by_id":"a03b888f-5426-4e4f-b5ef-bed855b162f0","last_edited_by_table":"notion_user","last_edited_by_id":"a03b888f-5426-4e4f-b5ef-bed855b162f0","space_id":"d51d3ca5-7889-4c70-b906-3a5a37b60274"}}},"collection":{"34349e7c-4b08-4123-81b0-8674b67bbb14":{"role":"editor","value":{"id":"34349e7c-4b08-4123-81b0-8674b67bbb14","version":2,"name":[["TESTING
        PAGE"]],"schema":{"T8I5":{"name":"b","type":"text"},"title":{"name":"a","type":"title"}},"parent_id":"5488da4b-0c98-484b-a16c-29466d7f8eca","parent_table":"block","alive":true,"migrated":true,"space_id":"d51d3ca5-7889-4c70-b906-3a5a37b60274"}}},"space":{"d51d3ca5-7889-4c70-b906-3a5a37b60274":{"role":"editor","value":{"id":"d51d3ca5-7889-4c70-b906-3a5a37b60274","version":4418,"name":"test_py","permissions":[{"role":"editor","type":"user_permission","user_id":"a03b888f-5426-4e4f-b5ef-bed855b162f0"}],"beta_enabled":false,"pages":["5488da4b-0c98-484b-a16c-29466d7f8eca"],"created_time":1638259881592,"last_edited_time":1652698380000,"created_by_table":"notion_user","created_by_id":"a03b888f-5426-4e4f-b5ef-bed855b162f0","last_edited_by_table":"notion_user","last_edited_by_id":"a03b888f-5426-4e4f-b5ef-bed855b162f0","plan_type":"personal","invite_link_enabled":true}}}}}'
    headers:
      Content-Type:
      - application/json; charset=utf-8
      Transfer-Encoding:
      - chunked
      content-length:
      - '2717'
    status:
      code: 200
      message: OK
- request:
    body: '{"operations": [{"id": "5488da4b-0c98-484b-a16c-29466d7f8eca", "path":
      [], "args": {"alive": false}, "command": "update", "table": "block"}, {"args":
      {"last_edited_by_id": "a03b888f-5426-4e4f-b5ef-bed855b162f0", "last_edited_by_table":
      "notion_user", "last_edited_time": 1653056546962}, "command": "update", "id":
      "5488da4b-0c98-484b-a16c-29466d7f8eca", "path": [], "table": "block"}, {"id":
      "d51d3ca5-7889-4c70-b906-3a5a37b60274", "path": ["pages"], "args": {"id": "5488da4b-0c98-484b-a16c-29466d7f8eca"},
      "command": "listRemove", "table": "space"}, {"args": {"last_edited_by_id": "a03b888f-5426-4e4f-b5ef-bed855b162f0",
      "last_edited_by_table": "notion_user", "last_edited_time": 1653056546962}, "command":
      "update", "id": "5488da4b-0c98-484b-a16c-29466d7f8eca", "path": [], "table":
      "block"}]}'
    headers:
      Content-Length:
      - '795'
      content-type:
      - application/json
      cookie:
      - PRIVATE
      x-notion-active-user-header:
      - a03b888f-5426-4e4f-b5ef-bed855b162f0
    method: POST
    uri: https://www.notion.so/api/v3/submitTransaction
  response:
    body:
      string: '{}'
    headers:
      Content-Length:
      - '2'
      Content-Type:
      - application/json; charset=utf-8
    status:
      code: 200
      message: OK
- request:
    body: '{"blockIds": ["5488da4b-0c98-484b-a16c-29466d7f8eca"], "permanentlyDelete":
      true}'
    headers:
      Content-Length:
      - '81'
      content-type:
      - application/json
      cookie:
      - PRIVATE
      x-notion-active-user-header:
      - a03b888f-5426-4e4f-b5ef-bed855b162f0
    method: POST
    uri: https://www.notion.so/api/v3/deleteBlocks
  response:
    body:
      string: '{"recordMap":{}}'
    headers:
      Content-Length:
      - '16'
      Content-Type:
      - application/json; charset=utf-8
    status:
      code: 200
      message: OK
version: 1
