interactions:
- request:
    body: '{}'
    headers:
      Content-Length:
      - '2'
      content-type:
      - application/json
      cookie:
      - PRIVATE
    method: POST
    uri: https://www.notion.so/api/v3/loadUserContent
  response:
    body:
      string: '{"recordMap":{"notion_user":{"a03b888f-5426-4e4f-b5ef-bed855b162f0":{"role":"editor","value":{"id":"a03b888f-5426-4e4f-b5ef-bed855b162f0","version":7,"email":"test_py_notion@protonmail.com","onboarding_completed":true,"name":"test_py"}}},"user_root":{"a03b888f-5426-4e4f-b5ef-bed855b162f0":{"role":"editor","value":{"id":"a03b888f-5426-4e4f-b5ef-bed855b162f0","version":3,"space_views":["703440cc-f5cb-4f27-ba54-a9125a58e033"],"space_view_pointers":[{"id":"703440cc-f5cb-4f27-ba54-a9125a58e033","table":"space_view","spaceId":"d51d3ca5-7889-4c70-b906-3a5a37b60274"}]}}},"user_settings":{"a03b888f-5426-4e4f-b5ef-bed855b162f0":{"role":"editor","value":{"id":"a03b888f-5426-4e4f-b5ef-bed855b162f0","version":10,"settings":{"type":"personal","persona":"personal","team_role":"unfilled","time_zone":"Asia/Tashkent","signup_time":1638259864507,"cookie_consent":{"id":"2c2f9260-c9a6-4097-bc19-30e5395dfb02","permission":{"necessary":true,"targeting":false,"preference":false,"performance":false}},"preferred_locale":"en-US","used_desktop_web_app":true,"seen_views_intro_modal":true,"preferred_locale_origin":"autodetect","seen_persona_collection":true}}}},"space_view":{"703440cc-f5cb-4f27-ba54-a9125a58e033":{"role":"editor","value":{"id":"703440cc-f5cb-4f27-ba54-a9125a58e033","version":31,"space_id":"d51d3ca5-7889-4c70-b906-3a5a37b60274","parent_id":"a03b888f-5426-4e4f-b5ef-bed855b162f0","parent_table":"user_root","alive":true,"notify_mobile":false,"notify_desktop":true,"notify_email":false,"visited_templates":["7e89f436-7aac-4f66-b0a6-6e65ec868d2a","88c9c2b0-d732-4342-8963-0580a4725571","ba43b46e-4ad3-47f7-95f0-58a3ba01476f","2dddc8c5-a711-4aa2-b5b3-ff952a49bcfa","b7572331-51ab-4ed5-a931-5a7d34b08bf0"],"sidebar_hidden_templates":["7e89f436-7aac-4f66-b0a6-6e65ec868d2a","88c9c2b0-d732-4342-8963-0580a4725571","ba43b46e-4ad3-47f7-95f0-58a3ba01476f","2dddc8c5-a711-4aa2-b5b3-ff952a49bcfa","b7572331-51ab-4ed5-a931-5a7d34b08bf0"],"created_getting_started":true,"created_onboarding_templates":true,"private_pages":["5585f343-8ea5-469b-8a90-a05987977424"],"joined":true,"settings":{"on_app_start":"first_page"}}}},"space":{"d51d3ca5-7889-4c70-b906-3a5a37b60274":{"role":"editor","value":{"id":"d51d3ca5-7889-4c70-b906-3a5a37b60274","version":4699,"name":"test_py","permissions":[{"role":"editor","type":"user_permission","user_id":"a03b888f-5426-4e4f-b5ef-bed855b162f0"}],"beta_enabled":false,"created_time":1638259881592,"last_edited_time":1652698380000,"created_by_table":"notion_user","created_by_id":"a03b888f-5426-4e4f-b5ef-bed855b162f0","last_edited_by_table":"notion_user","last_edited_by_id":"a03b888f-5426-4e4f-b5ef-bed855b162f0","plan_type":"personal","invite_link_enabled":true}}}}}'
    headers:
      Content-Type:
      - application/json; charset=utf-8
      Transfer-Encoding:
      - chunked
      content-length:
      - '2694'
    status:
      code: 200
      message: OK
- request:
    body: '{}'
    headers:
      Content-Length:
      - '2'
      content-type:
      - application/json
      cookie:
      - PRIVATE
      x-notion-active-user-header:
      - a03b888f-5426-4e4f-b5ef-bed855b162f0
    method: POST
    uri: https://www.notion.so/api/v3/loadUserContent
  response:
    body:
      string: '{"recordMap":{"notion_user":{"a03b888f-5426-4e4f-b5ef-bed855b162f0":{"role":"editor","value":{"id":"a03b888f-5426-4e4f-b5ef-bed855b162f0","version":7,"email":"test_py_notion@protonmail.com","onboarding_completed":true,"name":"test_py"}}},"user_root":{"a03b888f-5426-4e4f-b5ef-bed855b162f0":{"role":"editor","value":{"id":"a03b888f-5426-4e4f-b5ef-bed855b162f0","version":3,"space_views":["703440cc-f5cb-4f27-ba54-a9125a58e033"],"space_view_pointers":[{"id":"703440cc-f5cb-4f27-ba54-a9125a58e033","table":"space_view","spaceId":"d51d3ca5-7889-4c70-b906-3a5a37b60274"}]}}},"user_settings":{"a03b888f-5426-4e4f-b5ef-bed855b162f0":{"role":"editor","value":{"id":"a03b888f-5426-4e4f-b5ef-bed855b162f0","version":10,"settings":{"type":"personal","persona":"personal","team_role":"unfilled","time_zone":"Asia/Tashkent","signup_time":1638259864507,"cookie_consent":{"id":"2c2f9260-c9a6-4097-bc19-30e5395dfb02","permission":{"necessary":true,"targeting":false,"preference":false,"performance":false}},"preferred_locale":"en-US","used_desktop_web_app":true,"seen_views_intro_modal":true,"preferred_locale_origin":"autodetect","seen_persona_collection":true}}}},"space_view":{"703440cc-f5cb-4f27-ba54-a9125a58e033":{"role":"editor","value":{"id":"703440cc-f5cb-4f27-ba54-a9125a58e033","version":31,"space_id":"d51d3ca5-7889-4c70-b906-3a5a37b60274","parent_id":"a03b888f-5426-4e4f-b5ef-bed855b162f0","parent_table":"user_root","alive":true,"notify_mobile":false,"notify_desktop":true,"notify_email":false,"visited_templates":["7e89f436-7aac-4f66-b0a6-6e65ec868d2a","88c9c2b0-d732-4342-8963-0580a4725571","ba43b46e-4ad3-47f7-95f0-58a3ba01476f","2dddc8c5-a711-4aa2-b5b3-ff952a49bcfa","b7572331-51ab-4ed5-a931-5a7d34b08bf0"],"sidebar_hidden_templates":["7e89f436-7aac-4f66-b0a6-6e65ec868d2a","88c9c2b0-d732-4342-8963-0580a4725571","ba43b46e-4ad3-47f7-95f0-58a3ba01476f","2dddc8c5-a711-4aa2-b5b3-ff952a49bcfa","b7572331-51ab-4ed5-a931-5a7d34b08bf0"],"created_getting_started":true,"created_onboarding_templates":true,"private_pages":["5585f343-8ea5-469b-8a90-a05987977424"],"joined":true,"settings":{"on_app_start":"first_page"}}}},"space":{"d51d3ca5-7889-4c70-b906-3a5a37b60274":{"role":"editor","value":{"id":"d51d3ca5-7889-4c70-b906-3a5a37b60274","version":4699,"name":"test_py","permissions":[{"role":"editor","type":"user_permission","user_id":"a03b888f-5426-4e4f-b5ef-bed855b162f0"}],"beta_enabled":false,"created_time":1638259881592,"last_edited_time":1652698380000,"created_by_table":"notion_user","created_by_id":"a03b888f-5426-4e4f-b5ef-bed855b162f0","last_edited_by_table":"notion_user","last_edited_by_id":"a03b888f-5426-4e4f-b5ef-bed855b162f0","plan_type":"personal","invite_link_enabled":true}}}}}'
    headers:
      Content-Type:
      - application/json; charset=utf-8
      Transfer-Encoding:
      - chunked
      content-length:
      - '2694'
    status:
      code: 200
      message: OK
- request:
    body: '{}'
    headers:
      Content-Length:
      - '2'
      content-type:
      - application/json
      cookie:
      - PRIVATE
    method: POST
    uri: https://www.notion.so/api/v3/loadUserContent
  response:
    body:
      string: '{"recordMap":{"notion_user":{"a03b888f-5426-4e4f-b5ef-bed855b162f0":{"role":"editor","value":{"id":"a03b888f-5426-4e4f-b5ef-bed855b162f0","version":7,"email":"test_py_notion@protonmail.com","onboarding_completed":true,"name":"test_py"}}},"user_root":{"a03b888f-5426-4e4f-b5ef-bed855b162f0":{"role":"editor","value":{"id":"a03b888f-5426-4e4f-b5ef-bed855b162f0","version":3,"space_views":["703440cc-f5cb-4f27-ba54-a9125a58e033"],"space_view_pointers":[{"id":"703440cc-f5cb-4f27-ba54-a9125a58e033","table":"space_view","spaceId":"d51d3ca5-7889-4c70-b906-3a5a37b60274"}]}}},"user_settings":{"a03b888f-5426-4e4f-b5ef-bed855b162f0":{"role":"editor","value":{"id":"a03b888f-5426-4e4f-b5ef-bed855b162f0","version":10,"settings":{"type":"personal","persona":"personal","team_role":"unfilled","time_zone":"Asia/Tashkent","signup_time":1638259864507,"cookie_consent":{"id":"2c2f9260-c9a6-4097-bc19-30e5395dfb02","permission":{"necessary":true,"targeting":false,"preference":false,"performance":false}},"preferred_locale":"en-US","used_desktop_web_app":true,"seen_views_intro_modal":true,"preferred_locale_origin":"autodetect","seen_persona_collection":true}}}},"space_view":{"703440cc-f5cb-4f27-ba54-a9125a58e033":{"role":"editor","value":{"id":"703440cc-f5cb-4f27-ba54-a9125a58e033","version":31,"space_id":"d51d3ca5-7889-4c70-b906-3a5a37b60274","parent_id":"a03b888f-5426-4e4f-b5ef-bed855b162f0","parent_table":"user_root","alive":true,"notify_mobile":false,"notify_desktop":true,"notify_email":false,"visited_templates":["7e89f436-7aac-4f66-b0a6-6e65ec868d2a","88c9c2b0-d732-4342-8963-0580a4725571","ba43b46e-4ad3-47f7-95f0-58a3ba01476f","2dddc8c5-a711-4aa2-b5b3-ff952a49bcfa","b7572331-51ab-4ed5-a931-5a7d34b08bf0"],"sidebar_hidden_templates":["7e89f436-7aac-4f66-b0a6-6e65ec868d2a","88c9c2b0-d732-4342-8963-0580a4725571","ba43b46e-4ad3-47f7-95f0-58a3ba01476f","2dddc8c5-a711-4aa2-b5b3-ff952a49bcfa","b7572331-51ab-4ed5-a931-5a7d34b08bf0"],"created_getting_started":true,"created_onboarding_templates":true,"private_pages":["5585f343-8ea5-469b-8a90-a05987977424"],"joined":true,"settings":{"on_app_start":"first_page"}}}},"space":{"d51d3ca5-7889-4c70-b906-3a5a37b60274":{"role":"editor","value":{"id":"d51d3ca5-7889-4c70-b906-3a5a37b60274","version":4699,"name":"test_py","permissions":[{"role":"editor","type":"user_permission","user_id":"a03b888f-5426-4e4f-b5ef-bed855b162f0"}],"beta_enabled":false,"created_time":1638259881592,"last_edited_time":1652698380000,"created_by_table":"notion_user","created_by_id":"a03b888f-5426-4e4f-b5ef-bed855b162f0","last_edited_by_table":"notion_user","last_edited_by_id":"a03b888f-5426-4e4f-b5ef-bed855b162f0","plan_type":"personal","invite_link_enabled":true}}}}}'
    headers:
      Content-Type:
      - application/json; charset=utf-8
      Transfer-Encoding:
      - chunked
      content-length:
      - '2694'
    status:
      code: 200
      message: OK
- request:
    body: '{"operations": [{"id": "7c1e8378-3357-42d2-92d1-c4fc75c251ca", "path":
      [], "args": {"id": "7c1e8378-3357-42d2-92d1-c4fc75c251ca", "version": 1, "alive":
      true, "created_by_id": "a03b888f-5426-4e4f-b5ef-bed855b162f0", "created_by_table":
      "notion_user", "created_time": 1653141571081, "parent_id": "d51d3ca5-7889-4c70-b906-3a5a37b60274",
      "parent_table": "space", "type": "collection_view_page", "permissions": [{"role":
      "editor", "type": "user_permission", "user_id": "a03b888f-5426-4e4f-b5ef-bed855b162f0"}]},
      "command": "set", "table": "block"}, {"args": {"last_edited_by_id": "a03b888f-5426-4e4f-b5ef-bed855b162f0",
      "last_edited_by_table": "notion_user", "last_edited_time": 1653141571081}, "command":
      "update", "id": "7c1e8378-3357-42d2-92d1-c4fc75c251ca", "path": [], "table":
      "block"}, {"id": "d51d3ca5-7889-4c70-b906-3a5a37b60274", "path": ["pages"],
      "args": {"id": "7c1e8378-3357-42d2-92d1-c4fc75c251ca"}, "command": "listAfter",
      "table": "space"}, {"args": {"last_edited_by_id": "a03b888f-5426-4e4f-b5ef-bed855b162f0",
      "last_edited_by_table": "notion_user", "last_edited_time": 1653141571081}, "command":
      "update", "id": "7c1e8378-3357-42d2-92d1-c4fc75c251ca", "path": [], "table":
      "block"}]}'
    headers:
      Content-Length:
      - '1198'
      content-type:
      - application/json
      cookie:
      - PRIVATE
      x-notion-active-user-header:
      - a03b888f-5426-4e4f-b5ef-bed855b162f0
    method: POST
    uri: https://www.notion.so/api/v3/submitTransaction
  response:
    body:
      string: '{}'
    headers:
      Content-Length:
      - '2'
      Content-Type:
      - application/json; charset=utf-8
    status:
      code: 200
      message: OK
- request:
    body: '{"operations": [{"id": "764195fb-88f1-42e3-91c8-14763fb33086", "path":
      [], "args": {"id": "764195fb-88f1-42e3-91c8-14763fb33086", "version": 1, "alive":
      true, "created_by_id": "a03b888f-5426-4e4f-b5ef-bed855b162f0", "created_by_table":
      "notion_user", "created_time": 1653141571489, "parent_id": "7c1e8378-3357-42d2-92d1-c4fc75c251ca",
      "parent_table": "block", "schema": {"title": {"name": "a", "type": "title"},
      "4yjh": {"name": "b", "type": "created_by"}, "cnbX": {"name": "c", "type": "last_edited_by"},
      "8IoQ": {"name": "d", "type": "rollup"}, "walT": {"name": "e", "type": "formula"}}},
      "command": "set", "table": "collection"}, {"id": "7c1e8378-3357-42d2-92d1-c4fc75c251ca",
      "path": ["content"], "args": {"id": "764195fb-88f1-42e3-91c8-14763fb33086"},
      "command": "listAfter", "table": "block"}, {"args": {"last_edited_by_id": "a03b888f-5426-4e4f-b5ef-bed855b162f0",
      "last_edited_by_table": "notion_user", "last_edited_time": 1653141571489}, "command":
      "update", "id": "7c1e8378-3357-42d2-92d1-c4fc75c251ca", "path": [], "table":
      "block"}, {"args": {"last_edited_by_id": "a03b888f-5426-4e4f-b5ef-bed855b162f0",
      "last_edited_by_table": "notion_user", "last_edited_time": 1653141571489}, "command":
      "update", "id": "7c1e8378-3357-42d2-92d1-c4fc75c251ca", "path": [], "table":
      "block"}]}'
    headers:
      Content-Length:
      - '1288'
      content-type:
      - application/json
      cookie:
      - PRIVATE
      x-notion-active-user-header:
      - a03b888f-5426-4e4f-b5ef-bed855b162f0
    method: POST
    uri: https://www.notion.so/api/v3/submitTransaction
  response:
    body:
      string: '{}'
    headers:
      Content-Length:
      - '2'
      Content-Type:
      - application/json; charset=utf-8
    status:
      code: 200
      message: OK
- request:
    body: '{"operations": [{"id": "7c1e8378-3357-42d2-92d1-c4fc75c251ca", "path":
      ["format", "collection_pointer", "id"], "args": "764195fb-88f1-42e3-91c8-14763fb33086",
      "command": "set", "table": "block"}, {"args": {"last_edited_by_id": "a03b888f-5426-4e4f-b5ef-bed855b162f0",
      "last_edited_by_table": "notion_user", "last_edited_time": 1653141571855}, "command":
      "update", "id": "7c1e8378-3357-42d2-92d1-c4fc75c251ca", "path": [], "table":
      "block"}]}'
    headers:
      Content-Length:
      - '440'
      content-type:
      - application/json
      cookie:
      - PRIVATE
      x-notion-active-user-header:
      - a03b888f-5426-4e4f-b5ef-bed855b162f0
    method: POST
    uri: https://www.notion.so/api/v3/submitTransaction
  response:
    body:
      string: '{}'
    headers:
      Content-Length:
      - '2'
      Content-Type:
      - application/json; charset=utf-8
    status:
      code: 200
      message: OK
- request:
    body: '{"operations": [{"id": "7112f2b3-631d-41b6-bc8d-0318b7ca8418", "path":
      [], "args": {"id": "7112f2b3-631d-41b6-bc8d-0318b7ca8418", "version": 1, "alive":
      true, "created_by_id": "a03b888f-5426-4e4f-b5ef-bed855b162f0", "created_by_table":
      "notion_user", "created_time": 1653141572186, "parent_id": "7c1e8378-3357-42d2-92d1-c4fc75c251ca",
      "parent_table": "block", "type": "table"}, "command": "set", "table": "collection_view"},
      {"id": "7c1e8378-3357-42d2-92d1-c4fc75c251ca", "path": ["content"], "args":
      {"id": "7112f2b3-631d-41b6-bc8d-0318b7ca8418"}, "command": "listAfter", "table":
      "block"}, {"args": {"last_edited_by_id": "a03b888f-5426-4e4f-b5ef-bed855b162f0",
      "last_edited_by_table": "notion_user", "last_edited_time": 1653141572186}, "command":
      "update", "id": "7c1e8378-3357-42d2-92d1-c4fc75c251ca", "path": [], "table":
      "block"}, {"args": {"last_edited_by_id": "a03b888f-5426-4e4f-b5ef-bed855b162f0",
      "last_edited_by_table": "notion_user", "last_edited_time": 1653141572186}, "command":
      "update", "id": "7c1e8378-3357-42d2-92d1-c4fc75c251ca", "path": [], "table":
      "block"}]}'
    headers:
      Content-Length:
      - '1080'
      content-type:
      - application/json
      cookie:
      - PRIVATE
      x-notion-active-user-header:
      - a03b888f-5426-4e4f-b5ef-bed855b162f0
    method: POST
    uri: https://www.notion.so/api/v3/submitTransaction
  response:
    body:
      string: '{}'
    headers:
      Content-Length:
      - '2'
      Content-Type:
      - application/json; charset=utf-8
    status:
      code: 200
      message: OK
- request:
    body: '{"operations": [{"id": "7112f2b3-631d-41b6-bc8d-0318b7ca8418", "path":
      ["collection_id"], "args": "764195fb-88f1-42e3-91c8-14763fb33086", "command":
      "set", "table": "collection_view"}]}'
    headers:
      Content-Length:
      - '185'
      content-type:
      - application/json
      cookie:
      - PRIVATE
      x-notion-active-user-header:
      - a03b888f-5426-4e4f-b5ef-bed855b162f0
    method: POST
    uri: https://www.notion.so/api/v3/submitTransaction
  response:
    body:
      string: '{}'
    headers:
      Content-Length:
      - '2'
      Content-Type:
      - application/json; charset=utf-8
    status:
      code: 200
      message: OK
- request:
    body: '{"operations": [{"id": "7c1e8378-3357-42d2-92d1-c4fc75c251ca", "path":
      ["view_ids"], "args": ["7112f2b3-631d-41b6-bc8d-0318b7ca8418"], "command": "set",
      "table": "block"}, {"args": {"last_edited_by_id": "a03b888f-5426-4e4f-b5ef-bed855b162f0",
      "last_edited_by_table": "notion_user", "last_edited_time": 1653141572919}, "command":
      "update", "id": "7c1e8378-3357-42d2-92d1-c4fc75c251ca", "path": [], "table":
      "block"}]}'
    headers:
      Content-Length:
      - '416'
      content-type:
      - application/json
      cookie:
      - PRIVATE
      x-notion-active-user-header:
      - a03b888f-5426-4e4f-b5ef-bed855b162f0
    method: POST
    uri: https://www.notion.so/api/v3/submitTransaction
  response:
    body:
      string: '{}'
    headers:
      Content-Length:
      - '2'
      Content-Type:
      - application/json; charset=utf-8
    status:
      code: 200
      message: OK
- request:
    body: '{"operations": [{"id": "7112f2b3-631d-41b6-bc8d-0318b7ca8418", "path":
      ["format", "table_properties"], "args": [{"visible": true, "property": "title"},
      {"visible": true, "property": "4yjh"}, {"visible": true, "property": "cnbX"},
      {"visible": true, "property": "8IoQ"}, {"visible": true, "property": "walT"}],
      "command": "set", "table": "collection_view"}]}'
    headers:
      Content-Length:
      - '356'
      content-type:
      - application/json
      cookie:
      - PRIVATE
      x-notion-active-user-header:
      - a03b888f-5426-4e4f-b5ef-bed855b162f0
    method: POST
    uri: https://www.notion.so/api/v3/submitTransaction
  response:
    body:
      string: '{}'
    headers:
      Content-Length:
      - '2'
      Content-Type:
      - application/json; charset=utf-8
    status:
      code: 200
      message: OK
- request:
    body: '{"operations": [{"id": "764195fb-88f1-42e3-91c8-14763fb33086", "path":
      ["name"], "args": [["test"]], "command": "set", "table": "collection"}]}'
    headers:
      Content-Length:
      - '143'
      content-type:
      - application/json
      cookie:
      - PRIVATE
      x-notion-active-user-header:
      - a03b888f-5426-4e4f-b5ef-bed855b162f0
    method: POST
    uri: https://www.notion.so/api/v3/submitTransaction
  response:
    body:
      string: '{}'
    headers:
      Content-Length:
      - '2'
      Content-Type:
      - application/json; charset=utf-8
    status:
      code: 200
      message: OK
- request:
    body: '{"page": {"id": "7c1e8378-3357-42d2-92d1-c4fc75c251ca"}, "limit": 100,
      "cursor": {"stack": []}, "chunkNumber": 0, "verticalColumns": false}'
    headers:
      Content-Length:
      - '139'
      content-type:
      - application/json
      cookie:
      - PRIVATE
      x-notion-active-user-header:
      - a03b888f-5426-4e4f-b5ef-bed855b162f0
    method: POST
    uri: https://www.notion.so/api/v3/loadPageChunk
  response:
    body:
      string: '{"cursor":{"stack":[]},"recordMap":{"block":{"7c1e8378-3357-42d2-92d1-c4fc75c251ca":{"role":"editor","value":{"id":"7c1e8378-3357-42d2-92d1-c4fc75c251ca","version":13,"type":"collection_view_page","content":["764195fb-88f1-42e3-91c8-14763fb33086","7112f2b3-631d-41b6-bc8d-0318b7ca8418"],"view_ids":["7112f2b3-631d-41b6-bc8d-0318b7ca8418"],"format":{"collection_pointer":{"id":"764195fb-88f1-42e3-91c8-14763fb33086","table":"collection","spaceId":"d51d3ca5-7889-4c70-b906-3a5a37b60274"}},"permissions":[{"role":"editor","type":"user_permission","user_id":"a03b888f-5426-4e4f-b5ef-bed855b162f0"}],"created_time":1653141571081,"last_edited_time":1653141572919,"parent_id":"d51d3ca5-7889-4c70-b906-3a5a37b60274","parent_table":"space","alive":true,"created_by_table":"notion_user","created_by_id":"a03b888f-5426-4e4f-b5ef-bed855b162f0","last_edited_by_table":"notion_user","last_edited_by_id":"a03b888f-5426-4e4f-b5ef-bed855b162f0","space_id":"d51d3ca5-7889-4c70-b906-3a5a37b60274"}}},"space":{"d51d3ca5-7889-4c70-b906-3a5a37b60274":{"role":"editor","value":{"id":"d51d3ca5-7889-4c70-b906-3a5a37b60274","version":4700,"name":"test_py","permissions":[{"role":"editor","type":"user_permission","user_id":"a03b888f-5426-4e4f-b5ef-bed855b162f0"}],"beta_enabled":false,"pages":["7c1e8378-3357-42d2-92d1-c4fc75c251ca"],"created_time":1638259881592,"last_edited_time":1652698380000,"created_by_table":"notion_user","created_by_id":"a03b888f-5426-4e4f-b5ef-bed855b162f0","last_edited_by_table":"notion_user","last_edited_by_id":"a03b888f-5426-4e4f-b5ef-bed855b162f0","plan_type":"personal","invite_link_enabled":true}}},"collection":{"764195fb-88f1-42e3-91c8-14763fb33086":{"role":"editor","value":{"id":"764195fb-88f1-42e3-91c8-14763fb33086","version":2,"name":[["test"]],"schema":{"4yjh":{"name":"b","type":"created_by"},"8IoQ":{"name":"d","type":"rollup"},"cnbX":{"name":"c","type":"last_edited_by"},"walT":{"name":"e","type":"formula"},"title":{"name":"a","type":"title"}},"parent_id":"7c1e8378-3357-42d2-92d1-c4fc75c251ca","parent_table":"block","alive":true,"migrated":true,"space_id":"d51d3ca5-7889-4c70-b906-3a5a37b60274"}}},"collection_view":{"7112f2b3-631d-41b6-bc8d-0318b7ca8418":{"role":"editor","value":{"id":"7112f2b3-631d-41b6-bc8d-0318b7ca8418","version":3,"type":"table","format":{"table_properties":[{"visible":true,"property":"title"},{"visible":true,"property":"4yjh"},{"visible":true,"property":"cnbX"},{"visible":true,"property":"8IoQ"},{"visible":true,"property":"walT"}]},"parent_id":"7c1e8378-3357-42d2-92d1-c4fc75c251ca","parent_table":"block","alive":true,"space_id":"d51d3ca5-7889-4c70-b906-3a5a37b60274","created_time":1653141572186,"created_by_table":"notion_user","created_by_id":"a03b888f-5426-4e4f-b5ef-bed855b162f0"}}}}}'
    headers:
      Content-Type:
      - application/json; charset=utf-8
      Transfer-Encoding:
      - chunked
      content-length:
      - '2742'
    status:
      code: 200
      message: OK
- request:
    body: '{"operations": [{"id": "7c1e8378-3357-42d2-92d1-c4fc75c251ca", "path":
      [], "args": {"alive": false}, "command": "update", "table": "block"}, {"args":
      {"last_edited_by_id": "a03b888f-5426-4e4f-b5ef-bed855b162f0", "last_edited_by_table":
      "notion_user", "last_edited_time": 1653141574208}, "command": "update", "id":
      "7c1e8378-3357-42d2-92d1-c4fc75c251ca", "path": [], "table": "block"}, {"id":
      "d51d3ca5-7889-4c70-b906-3a5a37b60274", "path": ["pages"], "args": {"id": "7c1e8378-3357-42d2-92d1-c4fc75c251ca"},
      "command": "listRemove", "table": "space"}, {"args": {"last_edited_by_id": "a03b888f-5426-4e4f-b5ef-bed855b162f0",
      "last_edited_by_table": "notion_user", "last_edited_time": 1653141574208}, "command":
      "update", "id": "7c1e8378-3357-42d2-92d1-c4fc75c251ca", "path": [], "table":
      "block"}]}'
    headers:
      Content-Length:
      - '795'
      content-type:
      - application/json
      cookie:
      - PRIVATE
      x-notion-active-user-header:
      - a03b888f-5426-4e4f-b5ef-bed855b162f0
    method: POST
    uri: https://www.notion.so/api/v3/submitTransaction
  response:
    body:
      string: '{}'
    headers:
      Content-Length:
      - '2'
      Content-Type:
      - application/json; charset=utf-8
    status:
      code: 200
      message: OK
- request:
    body: '{"blockIds": ["7c1e8378-3357-42d2-92d1-c4fc75c251ca"], "permanentlyDelete":
      true}'
    headers:
      Content-Length:
      - '81'
      content-type:
      - application/json
      cookie:
      - PRIVATE
      x-notion-active-user-header:
      - a03b888f-5426-4e4f-b5ef-bed855b162f0
    method: POST
    uri: https://www.notion.so/api/v3/deleteBlocks
  response:
    body:
      string: '{"recordMap":{}}'
    headers:
      Content-Length:
      - '16'
      Content-Type:
      - application/json; charset=utf-8
    status:
      code: 200
      message: OK
version: 1
