interactions:
- request:
    body: '{}'
    headers:
      Content-Length:
      - '2'
      Content-Type:
      - application/json
      cookie:
      - PRIVATE
    method: POST
    uri: https://www.notion.so/api/v3/loadUserContent
  response:
    body:
      string: '{"recordMap":{"notion_user":{"a03b888f-5426-4e4f-b5ef-bed855b162f0":{"role":"editor","value":{"id":"a03b888f-5426-4e4f-b5ef-bed855b162f0","version":7,"email":"test_py_notion@protonmail.com","onboarding_completed":true,"name":"test_py"}}},"user_root":{"a03b888f-5426-4e4f-b5ef-bed855b162f0":{"role":"editor","value":{"id":"a03b888f-5426-4e4f-b5ef-bed855b162f0","version":3,"space_views":["703440cc-f5cb-4f27-ba54-a9125a58e033"],"space_view_pointers":[{"id":"703440cc-f5cb-4f27-ba54-a9125a58e033","table":"space_view","spaceId":"d51d3ca5-7889-4c70-b906-3a5a37b60274"}]}}},"user_settings":{"a03b888f-5426-4e4f-b5ef-bed855b162f0":{"role":"editor","value":{"id":"a03b888f-5426-4e4f-b5ef-bed855b162f0","version":9,"settings":{"type":"personal","persona":"personal","team_role":"unfilled","time_zone":"Asia/Tashkent","signup_time":1638259864507,"cookie_consent":{"id":"2c2f9260-c9a6-4097-bc19-30e5395dfb02","permission":{"necessary":true,"targeting":false,"preference":false,"performance":false}},"preferred_locale":"en-US","used_desktop_web_app":true,"seen_views_intro_modal":true,"preferred_locale_origin":"autodetect"}}}},"space_view":{"703440cc-f5cb-4f27-ba54-a9125a58e033":{"role":"editor","value":{"id":"703440cc-f5cb-4f27-ba54-a9125a58e033","version":27,"space_id":"d51d3ca5-7889-4c70-b906-3a5a37b60274","parent_id":"a03b888f-5426-4e4f-b5ef-bed855b162f0","parent_table":"user_root","alive":true,"notify_mobile":false,"notify_desktop":true,"notify_email":false,"visited_templates":["7e89f436-7aac-4f66-b0a6-6e65ec868d2a","88c9c2b0-d732-4342-8963-0580a4725571","ba43b46e-4ad3-47f7-95f0-58a3ba01476f","2dddc8c5-a711-4aa2-b5b3-ff952a49bcfa","b7572331-51ab-4ed5-a931-5a7d34b08bf0"],"sidebar_hidden_templates":["7e89f436-7aac-4f66-b0a6-6e65ec868d2a","88c9c2b0-d732-4342-8963-0580a4725571","ba43b46e-4ad3-47f7-95f0-58a3ba01476f","2dddc8c5-a711-4aa2-b5b3-ff952a49bcfa","b7572331-51ab-4ed5-a931-5a7d34b08bf0"],"created_getting_started":true,"created_onboarding_templates":true,"private_pages":["03b83ede-64a9-4547-98cf-a22bad3f7568"],"joined":true,"settings":{"on_app_start":"first_page"}}}},"space":{"d51d3ca5-7889-4c70-b906-3a5a37b60274":{"role":"editor","value":{"id":"d51d3ca5-7889-4c70-b906-3a5a37b60274","version":1275,"name":"test_py","permissions":[{"role":"editor","type":"user_permission","user_id":"a03b888f-5426-4e4f-b5ef-bed855b162f0"}],"beta_enabled":false,"created_time":1638259881592,"last_edited_time":1651493580000,"created_by_table":"notion_user","created_by_id":"a03b888f-5426-4e4f-b5ef-bed855b162f0","last_edited_by_table":"notion_user","last_edited_by_id":"a03b888f-5426-4e4f-b5ef-bed855b162f0","plan_type":"personal","invite_link_enabled":true}}}}}'
    headers:
      Content-Type:
      - application/json; charset=utf-8
      Transfer-Encoding:
      - chunked
      content-length:
      - '2662'
    status:
      code: 200
      message: OK
- request:
    body: '{}'
    headers:
      Content-Length:
      - '2'
      Content-Type:
      - application/json
      cookie:
      - PRIVATE
    method: POST
    uri: https://www.notion.so/api/v3/loadUserContent
  response:
    body:
      string: '{"recordMap":{"notion_user":{"a03b888f-5426-4e4f-b5ef-bed855b162f0":{"role":"editor","value":{"id":"a03b888f-5426-4e4f-b5ef-bed855b162f0","version":7,"email":"test_py_notion@protonmail.com","onboarding_completed":true,"name":"test_py"}}},"user_root":{"a03b888f-5426-4e4f-b5ef-bed855b162f0":{"role":"editor","value":{"id":"a03b888f-5426-4e4f-b5ef-bed855b162f0","version":3,"space_views":["703440cc-f5cb-4f27-ba54-a9125a58e033"],"space_view_pointers":[{"id":"703440cc-f5cb-4f27-ba54-a9125a58e033","table":"space_view","spaceId":"d51d3ca5-7889-4c70-b906-3a5a37b60274"}]}}},"user_settings":{"a03b888f-5426-4e4f-b5ef-bed855b162f0":{"role":"editor","value":{"id":"a03b888f-5426-4e4f-b5ef-bed855b162f0","version":9,"settings":{"type":"personal","persona":"personal","team_role":"unfilled","time_zone":"Asia/Tashkent","signup_time":1638259864507,"cookie_consent":{"id":"2c2f9260-c9a6-4097-bc19-30e5395dfb02","permission":{"necessary":true,"targeting":false,"preference":false,"performance":false}},"preferred_locale":"en-US","used_desktop_web_app":true,"seen_views_intro_modal":true,"preferred_locale_origin":"autodetect"}}}},"space_view":{"703440cc-f5cb-4f27-ba54-a9125a58e033":{"role":"editor","value":{"id":"703440cc-f5cb-4f27-ba54-a9125a58e033","version":27,"space_id":"d51d3ca5-7889-4c70-b906-3a5a37b60274","parent_id":"a03b888f-5426-4e4f-b5ef-bed855b162f0","parent_table":"user_root","alive":true,"notify_mobile":false,"notify_desktop":true,"notify_email":false,"visited_templates":["7e89f436-7aac-4f66-b0a6-6e65ec868d2a","88c9c2b0-d732-4342-8963-0580a4725571","ba43b46e-4ad3-47f7-95f0-58a3ba01476f","2dddc8c5-a711-4aa2-b5b3-ff952a49bcfa","b7572331-51ab-4ed5-a931-5a7d34b08bf0"],"sidebar_hidden_templates":["7e89f436-7aac-4f66-b0a6-6e65ec868d2a","88c9c2b0-d732-4342-8963-0580a4725571","ba43b46e-4ad3-47f7-95f0-58a3ba01476f","2dddc8c5-a711-4aa2-b5b3-ff952a49bcfa","b7572331-51ab-4ed5-a931-5a7d34b08bf0"],"created_getting_started":true,"created_onboarding_templates":true,"private_pages":["03b83ede-64a9-4547-98cf-a22bad3f7568"],"joined":true,"settings":{"on_app_start":"first_page"}}}},"space":{"d51d3ca5-7889-4c70-b906-3a5a37b60274":{"role":"editor","value":{"id":"d51d3ca5-7889-4c70-b906-3a5a37b60274","version":1275,"name":"test_py","permissions":[{"role":"editor","type":"user_permission","user_id":"a03b888f-5426-4e4f-b5ef-bed855b162f0"}],"beta_enabled":false,"created_time":1638259881592,"last_edited_time":1651493580000,"created_by_table":"notion_user","created_by_id":"a03b888f-5426-4e4f-b5ef-bed855b162f0","last_edited_by_table":"notion_user","last_edited_by_id":"a03b888f-5426-4e4f-b5ef-bed855b162f0","plan_type":"personal","invite_link_enabled":true}}}}}'
    headers:
      Content-Type:
      - application/json; charset=utf-8
      Transfer-Encoding:
      - chunked
      content-length:
      - '2662'
    status:
      code: 200
      message: OK
- request:
    body: '{"operations": [{"id": "939e6bf1-bd90-49c7-912c-a8b72e5aa849", "path":
      [], "args": {"id": "939e6bf1-bd90-49c7-912c-a8b72e5aa849", "version": 1, "alive":
      true, "created_by_id": "a03b888f-5426-4e4f-b5ef-bed855b162f0", "created_by_table":
      "notion_user", "created_time": 1651556604197, "parent_id": "d51d3ca5-7889-4c70-b906-3a5a37b60274",
      "parent_table": "space", "type": "collection_view_page", "permissions": [{"role":
      "editor", "type": "user_permission", "user_id": "a03b888f-5426-4e4f-b5ef-bed855b162f0"}]},
      "command": "set", "table": "block"}, {"args": {"last_edited_by_id": "a03b888f-5426-4e4f-b5ef-bed855b162f0",
      "last_edited_by_table": "notion_user", "last_edited_time": 1651556604197}, "command":
      "update", "id": "939e6bf1-bd90-49c7-912c-a8b72e5aa849", "path": [], "table":
      "block"}, {"id": "d51d3ca5-7889-4c70-b906-3a5a37b60274", "path": ["pages"],
      "args": {"id": "939e6bf1-bd90-49c7-912c-a8b72e5aa849"}, "command": "listAfter",
      "table": "space"}, {"args": {"last_edited_by_id": "a03b888f-5426-4e4f-b5ef-bed855b162f0",
      "last_edited_by_table": "notion_user", "last_edited_time": 1651556604197}, "command":
      "update", "id": "939e6bf1-bd90-49c7-912c-a8b72e5aa849", "path": [], "table":
      "block"}]}'
    headers:
      Content-Length:
      - '1198'
      Content-Type:
      - application/json
      cookie:
      - PRIVATE
    method: POST
    uri: https://www.notion.so/api/v3/submitTransaction
  response:
    body:
      string: '{}'
    headers:
      Content-Length:
      - '2'
      Content-Type:
      - application/json; charset=utf-8
    status:
      code: 200
      message: OK
- request:
    body: '{"operations": [{"id": "5dc16b8d-2443-43eb-80f0-e7f49f59450c", "path":
      [], "args": {"id": "5dc16b8d-2443-43eb-80f0-e7f49f59450c", "version": 1, "alive":
      true, "created_by_id": "a03b888f-5426-4e4f-b5ef-bed855b162f0", "created_by_table":
      "notion_user", "created_time": 1651556604566, "parent_id": "939e6bf1-bd90-49c7-912c-a8b72e5aa849",
      "parent_table": "block", "schema": {"title": {"name": "a", "type": "title"},
      "JRcb": {"name": "b", "type": "text"}}}, "command": "set", "table": "collection"},
      {"id": "939e6bf1-bd90-49c7-912c-a8b72e5aa849", "path": ["content"], "args":
      {"id": "5dc16b8d-2443-43eb-80f0-e7f49f59450c"}, "command": "listAfter", "table":
      "block"}, {"args": {"last_edited_by_id": "a03b888f-5426-4e4f-b5ef-bed855b162f0",
      "last_edited_by_table": "notion_user", "last_edited_time": 1651556604566}, "command":
      "update", "id": "939e6bf1-bd90-49c7-912c-a8b72e5aa849", "path": [], "table":
      "block"}, {"args": {"last_edited_by_id": "a03b888f-5426-4e4f-b5ef-bed855b162f0",
      "last_edited_by_table": "notion_user", "last_edited_time": 1651556604566}, "command":
      "update", "id": "939e6bf1-bd90-49c7-912c-a8b72e5aa849", "path": [], "table":
      "block"}]}'
    headers:
      Content-Length:
      - '1150'
      Content-Type:
      - application/json
      cookie:
      - PRIVATE
    method: POST
    uri: https://www.notion.so/api/v3/submitTransaction
  response:
    body:
      string: '{}'
    headers:
      Content-Length:
      - '2'
      Content-Type:
      - application/json; charset=utf-8
    status:
      code: 200
      message: OK
- request:
    body: '{"operations": [{"id": "939e6bf1-bd90-49c7-912c-a8b72e5aa849", "path":
      ["format", "collection_pointer", "id"], "args": "5dc16b8d-2443-43eb-80f0-e7f49f59450c",
      "command": "set", "table": "block"}, {"args": {"last_edited_by_id": "a03b888f-5426-4e4f-b5ef-bed855b162f0",
      "last_edited_by_table": "notion_user", "last_edited_time": 1651556604929}, "command":
      "update", "id": "939e6bf1-bd90-49c7-912c-a8b72e5aa849", "path": [], "table":
      "block"}]}'
    headers:
      Content-Length:
      - '440'
      Content-Type:
      - application/json
      cookie:
      - PRIVATE
    method: POST
    uri: https://www.notion.so/api/v3/submitTransaction
  response:
    body:
      string: '{}'
    headers:
      Content-Length:
      - '2'
      Content-Type:
      - application/json; charset=utf-8
    status:
      code: 200
      message: OK
- request:
    body: '{"operations": [{"id": "aa226cc5-fd17-4793-971a-abebec0708ec", "path":
      [], "args": {"id": "aa226cc5-fd17-4793-971a-abebec0708ec", "version": 1, "alive":
      true, "created_by_id": "a03b888f-5426-4e4f-b5ef-bed855b162f0", "created_by_table":
      "notion_user", "created_time": 1651556605246, "parent_id": "939e6bf1-bd90-49c7-912c-a8b72e5aa849",
      "parent_table": "block", "type": "table"}, "command": "set", "table": "collection_view"},
      {"id": "939e6bf1-bd90-49c7-912c-a8b72e5aa849", "path": ["content"], "args":
      {"id": "aa226cc5-fd17-4793-971a-abebec0708ec"}, "command": "listAfter", "table":
      "block"}, {"args": {"last_edited_by_id": "a03b888f-5426-4e4f-b5ef-bed855b162f0",
      "last_edited_by_table": "notion_user", "last_edited_time": 1651556605246}, "command":
      "update", "id": "939e6bf1-bd90-49c7-912c-a8b72e5aa849", "path": [], "table":
      "block"}, {"args": {"last_edited_by_id": "a03b888f-5426-4e4f-b5ef-bed855b162f0",
      "last_edited_by_table": "notion_user", "last_edited_time": 1651556605246}, "command":
      "update", "id": "939e6bf1-bd90-49c7-912c-a8b72e5aa849", "path": [], "table":
      "block"}]}'
    headers:
      Content-Length:
      - '1080'
      Content-Type:
      - application/json
      cookie:
      - PRIVATE
    method: POST
    uri: https://www.notion.so/api/v3/submitTransaction
  response:
    body:
      string: '{}'
    headers:
      Content-Length:
      - '2'
      Content-Type:
      - application/json; charset=utf-8
    status:
      code: 200
      message: OK
- request:
    body: '{"operations": [{"id": "aa226cc5-fd17-4793-971a-abebec0708ec", "path":
      ["collection_id"], "args": "5dc16b8d-2443-43eb-80f0-e7f49f59450c", "command":
      "set", "table": "collection_view"}]}'
    headers:
      Content-Length:
      - '185'
      Content-Type:
      - application/json
      cookie:
      - PRIVATE
    method: POST
    uri: https://www.notion.so/api/v3/submitTransaction
  response:
    body:
      string: '{}'
    headers:
      Content-Length:
      - '2'
      Content-Type:
      - application/json; charset=utf-8
    status:
      code: 200
      message: OK
- request:
    body: '{"operations": [{"id": "939e6bf1-bd90-49c7-912c-a8b72e5aa849", "path":
      ["view_ids"], "args": ["aa226cc5-fd17-4793-971a-abebec0708ec"], "command": "set",
      "table": "block"}, {"args": {"last_edited_by_id": "a03b888f-5426-4e4f-b5ef-bed855b162f0",
      "last_edited_by_table": "notion_user", "last_edited_time": 1651556606216}, "command":
      "update", "id": "939e6bf1-bd90-49c7-912c-a8b72e5aa849", "path": [], "table":
      "block"}]}'
    headers:
      Content-Length:
      - '416'
      Content-Type:
      - application/json
      cookie:
      - PRIVATE
    method: POST
    uri: https://www.notion.so/api/v3/submitTransaction
  response:
    body:
      string: '{}'
    headers:
      Content-Length:
      - '2'
      Content-Type:
      - application/json; charset=utf-8
    status:
      code: 200
      message: OK
- request:
    body: '{"operations": [{"id": "5dc16b8d-2443-43eb-80f0-e7f49f59450c", "path":
      ["name"], "args": [["TESTING PAGE 2371da2b"]], "command": "set", "table": "collection"}]}'
    headers:
      Content-Length:
      - '160'
      Content-Type:
      - application/json
      cookie:
      - PRIVATE
    method: POST
    uri: https://www.notion.so/api/v3/submitTransaction
  response:
    body:
      string: '{}'
    headers:
      Content-Length:
      - '2'
      Content-Type:
      - application/json; charset=utf-8
    status:
      code: 200
      message: OK
- request:
    body: '{}'
    headers:
      Content-Length:
      - '2'
      Content-Type:
      - application/json
      cookie:
      - PRIVATE
    method: POST
    uri: https://www.notion.so/api/v3/loadUserContent
  response:
    body:
      string: '{"recordMap":{"notion_user":{"a03b888f-5426-4e4f-b5ef-bed855b162f0":{"role":"editor","value":{"id":"a03b888f-5426-4e4f-b5ef-bed855b162f0","version":7,"email":"test_py_notion@protonmail.com","onboarding_completed":true,"name":"test_py"}}},"user_root":{"a03b888f-5426-4e4f-b5ef-bed855b162f0":{"role":"editor","value":{"id":"a03b888f-5426-4e4f-b5ef-bed855b162f0","version":3,"space_views":["703440cc-f5cb-4f27-ba54-a9125a58e033"],"space_view_pointers":[{"id":"703440cc-f5cb-4f27-ba54-a9125a58e033","table":"space_view","spaceId":"d51d3ca5-7889-4c70-b906-3a5a37b60274"}]}}},"user_settings":{"a03b888f-5426-4e4f-b5ef-bed855b162f0":{"role":"editor","value":{"id":"a03b888f-5426-4e4f-b5ef-bed855b162f0","version":9,"settings":{"type":"personal","persona":"personal","team_role":"unfilled","time_zone":"Asia/Tashkent","signup_time":1638259864507,"cookie_consent":{"id":"2c2f9260-c9a6-4097-bc19-30e5395dfb02","permission":{"necessary":true,"targeting":false,"preference":false,"performance":false}},"preferred_locale":"en-US","used_desktop_web_app":true,"seen_views_intro_modal":true,"preferred_locale_origin":"autodetect"}}}},"space_view":{"703440cc-f5cb-4f27-ba54-a9125a58e033":{"role":"editor","value":{"id":"703440cc-f5cb-4f27-ba54-a9125a58e033","version":27,"space_id":"d51d3ca5-7889-4c70-b906-3a5a37b60274","parent_id":"a03b888f-5426-4e4f-b5ef-bed855b162f0","parent_table":"user_root","alive":true,"notify_mobile":false,"notify_desktop":true,"notify_email":false,"visited_templates":["7e89f436-7aac-4f66-b0a6-6e65ec868d2a","88c9c2b0-d732-4342-8963-0580a4725571","ba43b46e-4ad3-47f7-95f0-58a3ba01476f","2dddc8c5-a711-4aa2-b5b3-ff952a49bcfa","b7572331-51ab-4ed5-a931-5a7d34b08bf0"],"sidebar_hidden_templates":["7e89f436-7aac-4f66-b0a6-6e65ec868d2a","88c9c2b0-d732-4342-8963-0580a4725571","ba43b46e-4ad3-47f7-95f0-58a3ba01476f","2dddc8c5-a711-4aa2-b5b3-ff952a49bcfa","b7572331-51ab-4ed5-a931-5a7d34b08bf0"],"created_getting_started":true,"created_onboarding_templates":true,"private_pages":["03b83ede-64a9-4547-98cf-a22bad3f7568"],"joined":true,"settings":{"on_app_start":"first_page"}}}},"space":{"d51d3ca5-7889-4c70-b906-3a5a37b60274":{"role":"editor","value":{"id":"d51d3ca5-7889-4c70-b906-3a5a37b60274","version":1276,"name":"test_py","permissions":[{"role":"editor","type":"user_permission","user_id":"a03b888f-5426-4e4f-b5ef-bed855b162f0"}],"beta_enabled":false,"pages":["939e6bf1-bd90-49c7-912c-a8b72e5aa849"],"created_time":1638259881592,"last_edited_time":1651493580000,"created_by_table":"notion_user","created_by_id":"a03b888f-5426-4e4f-b5ef-bed855b162f0","last_edited_by_table":"notion_user","last_edited_by_id":"a03b888f-5426-4e4f-b5ef-bed855b162f0","plan_type":"personal","invite_link_enabled":true}}},"block":{"939e6bf1-bd90-49c7-912c-a8b72e5aa849":{"role":"editor","value":{"id":"939e6bf1-bd90-49c7-912c-a8b72e5aa849","version":13,"type":"collection_view_page","content":["5dc16b8d-2443-43eb-80f0-e7f49f59450c","aa226cc5-fd17-4793-971a-abebec0708ec"],"view_ids":["aa226cc5-fd17-4793-971a-abebec0708ec"],"format":{"collection_pointer":{"id":"5dc16b8d-2443-43eb-80f0-e7f49f59450c","table":"collection","spaceId":"d51d3ca5-7889-4c70-b906-3a5a37b60274"}},"permissions":[{"role":"editor","type":"user_permission","user_id":"a03b888f-5426-4e4f-b5ef-bed855b162f0"}],"created_time":1651556604197,"last_edited_time":1651556606216,"parent_id":"d51d3ca5-7889-4c70-b906-3a5a37b60274","parent_table":"space","alive":true,"created_by_table":"notion_user","created_by_id":"a03b888f-5426-4e4f-b5ef-bed855b162f0","last_edited_by_table":"notion_user","last_edited_by_id":"a03b888f-5426-4e4f-b5ef-bed855b162f0","space_id":"d51d3ca5-7889-4c70-b906-3a5a37b60274"}}},"collection":{"5dc16b8d-2443-43eb-80f0-e7f49f59450c":{"role":"editor","value":{"id":"5dc16b8d-2443-43eb-80f0-e7f49f59450c","version":2,"name":[["TESTING
        PAGE 2371da2b"]],"schema":{"JRcb":{"name":"b","type":"text"},"title":{"name":"a","type":"title"}},"parent_id":"939e6bf1-bd90-49c7-912c-a8b72e5aa849","parent_table":"block","alive":true,"migrated":true,"space_id":"d51d3ca5-7889-4c70-b906-3a5a37b60274"}}}}}'
    headers:
      Content-Type:
      - application/json; charset=utf-8
      Transfer-Encoding:
      - chunked
      content-length:
      - '4063'
    status:
      code: 200
      message: OK
- request:
    body: '{"page": {"id": "939e6bf1-bd90-49c7-912c-a8b72e5aa849"}, "limit": 100,
      "cursor": {"stack": []}, "chunkNumber": 0, "verticalColumns": false}'
    headers:
      Content-Length:
      - '139'
      Content-Type:
      - application/json
      cookie:
      - PRIVATE
    method: POST
    uri: https://www.notion.so/api/v3/loadPageChunk
  response:
    body:
      string: '{"cursor":{"stack":[]},"recordMap":{"block":{"939e6bf1-bd90-49c7-912c-a8b72e5aa849":{"role":"editor","value":{"id":"939e6bf1-bd90-49c7-912c-a8b72e5aa849","version":13,"type":"collection_view_page","content":["5dc16b8d-2443-43eb-80f0-e7f49f59450c","aa226cc5-fd17-4793-971a-abebec0708ec"],"view_ids":["aa226cc5-fd17-4793-971a-abebec0708ec"],"format":{"collection_pointer":{"id":"5dc16b8d-2443-43eb-80f0-e7f49f59450c","table":"collection","spaceId":"d51d3ca5-7889-4c70-b906-3a5a37b60274"}},"permissions":[{"role":"editor","type":"user_permission","user_id":"a03b888f-5426-4e4f-b5ef-bed855b162f0"}],"created_time":1651556604197,"last_edited_time":1651556606216,"parent_id":"d51d3ca5-7889-4c70-b906-3a5a37b60274","parent_table":"space","alive":true,"created_by_table":"notion_user","created_by_id":"a03b888f-5426-4e4f-b5ef-bed855b162f0","last_edited_by_table":"notion_user","last_edited_by_id":"a03b888f-5426-4e4f-b5ef-bed855b162f0","space_id":"d51d3ca5-7889-4c70-b906-3a5a37b60274"}}},"space":{"d51d3ca5-7889-4c70-b906-3a5a37b60274":{"role":"editor","value":{"id":"d51d3ca5-7889-4c70-b906-3a5a37b60274","version":1276,"name":"test_py","permissions":[{"role":"editor","type":"user_permission","user_id":"a03b888f-5426-4e4f-b5ef-bed855b162f0"}],"beta_enabled":false,"pages":["939e6bf1-bd90-49c7-912c-a8b72e5aa849"],"created_time":1638259881592,"last_edited_time":1651493580000,"created_by_table":"notion_user","created_by_id":"a03b888f-5426-4e4f-b5ef-bed855b162f0","last_edited_by_table":"notion_user","last_edited_by_id":"a03b888f-5426-4e4f-b5ef-bed855b162f0","plan_type":"personal","invite_link_enabled":true}}},"collection":{"5dc16b8d-2443-43eb-80f0-e7f49f59450c":{"role":"editor","value":{"id":"5dc16b8d-2443-43eb-80f0-e7f49f59450c","version":2,"name":[["TESTING
        PAGE 2371da2b"]],"schema":{"JRcb":{"name":"b","type":"text"},"title":{"name":"a","type":"title"}},"parent_id":"939e6bf1-bd90-49c7-912c-a8b72e5aa849","parent_table":"block","alive":true,"migrated":true,"space_id":"d51d3ca5-7889-4c70-b906-3a5a37b60274"}}},"collection_view":{"aa226cc5-fd17-4793-971a-abebec0708ec":{"role":"editor","value":{"id":"aa226cc5-fd17-4793-971a-abebec0708ec","version":2,"type":"table","parent_id":"939e6bf1-bd90-49c7-912c-a8b72e5aa849","parent_table":"block","alive":true,"space_id":"d51d3ca5-7889-4c70-b906-3a5a37b60274","created_time":1651556605246,"created_by_table":"notion_user","created_by_id":"a03b888f-5426-4e4f-b5ef-bed855b162f0"}}}}}'
    headers:
      Content-Type:
      - application/json; charset=utf-8
      Transfer-Encoding:
      - chunked
      content-length:
      - '2428'
    status:
      code: 200
      message: OK
- request:
    body: '{"operations": [{"id": "0070a2ff-362e-4619-8aee-f8948fef4454", "path":
      [], "args": {"id": "0070a2ff-362e-4619-8aee-f8948fef4454", "version": 1, "alive":
      true, "created_by_id": "a03b888f-5426-4e4f-b5ef-bed855b162f0", "created_by_table":
      "notion_user", "created_time": 1651556607750, "parent_id": "5dc16b8d-2443-43eb-80f0-e7f49f59450c",
      "parent_table": "collection", "type": "page"}, "command": "set", "table": "block"},
      {"args": {"last_edited_by_id": "a03b888f-5426-4e4f-b5ef-bed855b162f0", "last_edited_by_table":
      "notion_user", "last_edited_time": 1651556607750}, "command": "update", "id":
      "0070a2ff-362e-4619-8aee-f8948fef4454", "path": [], "table": "block"}, {"args":
      {"last_edited_by_id": "a03b888f-5426-4e4f-b5ef-bed855b162f0", "last_edited_by_table":
      "notion_user", "last_edited_time": 1651556607750}, "command": "update", "id":
      "0070a2ff-362e-4619-8aee-f8948fef4454", "path": [], "table": "block"}]}'
    headers:
      Content-Length:
      - '907'
      Content-Type:
      - application/json
      cookie:
      - PRIVATE
    method: POST
    uri: https://www.notion.so/api/v3/submitTransaction
  response:
    body:
      string: '{}'
    headers:
      Content-Length:
      - '2'
      Content-Type:
      - application/json; charset=utf-8
    status:
      code: 200
      message: OK
- request:
    body: '{"operations": [{"id": "0070a2ff-362e-4619-8aee-f8948fef4454", "path":
      ["properties", "title"], "args": [["a"]], "command": "set", "table": "block"},
      {"args": {"last_edited_by_id": "a03b888f-5426-4e4f-b5ef-bed855b162f0", "last_edited_by_table":
      "notion_user", "last_edited_time": 1651556608120}, "command": "update", "id":
      "0070a2ff-362e-4619-8aee-f8948fef4454", "path": [], "table": "block"}, {"id":
      "0070a2ff-362e-4619-8aee-f8948fef4454", "path": ["properties", "JRcb"], "args":
      [["b"]], "command": "set", "table": "block"}, {"args": {"last_edited_by_id":
      "a03b888f-5426-4e4f-b5ef-bed855b162f0", "last_edited_by_table": "notion_user",
      "last_edited_time": 1651556608120}, "command": "update", "id": "0070a2ff-362e-4619-8aee-f8948fef4454",
      "path": [], "table": "block"}, {"id": "aa226cc5-fd17-4793-971a-abebec0708ec",
      "path": ["page_sort"], "args": ["0070a2ff-362e-4619-8aee-f8948fef4454"], "command":
      "set", "table": "collection_view"}, {"args": {"last_edited_by_id": "a03b888f-5426-4e4f-b5ef-bed855b162f0",
      "last_edited_by_table": "notion_user", "last_edited_time": 1651556608120}, "command":
      "update", "id": "0070a2ff-362e-4619-8aee-f8948fef4454", "path": [], "table":
      "block"}]}'
    headers:
      Content-Length:
      - '1182'
      Content-Type:
      - application/json
      cookie:
      - PRIVATE
    method: POST
    uri: https://www.notion.so/api/v3/submitTransaction
  response:
    body:
      string: '{}'
    headers:
      Content-Length:
      - '2'
      Content-Type:
      - application/json; charset=utf-8
    status:
      code: 200
      message: OK
- request:
    body: '{"requests": [{"table": "collection", "id": "5dc16b8d-2443-43eb-80f0-e7f49f59450c"}]}'
    headers:
      Content-Length:
      - '85'
      Content-Type:
      - application/json
      cookie:
      - PRIVATE
    method: POST
    uri: https://www.notion.so/api/v3/getRecordValues
  response:
    body:
      string: '{"results":[{"role":"editor","value":{"id":"5dc16b8d-2443-43eb-80f0-e7f49f59450c","version":2,"name":[["TESTING
        PAGE 2371da2b"]],"schema":{"JRcb":{"name":"b","type":"text"},"title":{"name":"a","type":"title"}},"parent_id":"939e6bf1-bd90-49c7-912c-a8b72e5aa849","parent_table":"block","alive":true,"migrated":true,"space_id":"d51d3ca5-7889-4c70-b906-3a5a37b60274"}}],"recordMapWithRoles":{"collection":{"5dc16b8d-2443-43eb-80f0-e7f49f59450c":{"role":"editor","value":{"id":"5dc16b8d-2443-43eb-80f0-e7f49f59450c","version":2,"name":[["TESTING
        PAGE 2371da2b"]],"schema":{"JRcb":{"name":"b","type":"text"},"title":{"name":"a","type":"title"}},"parent_id":"939e6bf1-bd90-49c7-912c-a8b72e5aa849","parent_table":"block","alive":true,"migrated":true,"space_id":"d51d3ca5-7889-4c70-b906-3a5a37b60274"}}},"block":{"939e6bf1-bd90-49c7-912c-a8b72e5aa849":{"role":"editor","value":{"id":"939e6bf1-bd90-49c7-912c-a8b72e5aa849","version":13,"type":"collection_view_page","content":["5dc16b8d-2443-43eb-80f0-e7f49f59450c","aa226cc5-fd17-4793-971a-abebec0708ec"],"view_ids":["aa226cc5-fd17-4793-971a-abebec0708ec"],"format":{"collection_pointer":{"id":"5dc16b8d-2443-43eb-80f0-e7f49f59450c","table":"collection","spaceId":"d51d3ca5-7889-4c70-b906-3a5a37b60274"}},"permissions":[{"role":"editor","type":"user_permission","user_id":"a03b888f-5426-4e4f-b5ef-bed855b162f0"}],"created_time":1651556604197,"last_edited_time":1651556606216,"parent_id":"d51d3ca5-7889-4c70-b906-3a5a37b60274","parent_table":"space","alive":true,"created_by_table":"notion_user","created_by_id":"a03b888f-5426-4e4f-b5ef-bed855b162f0","last_edited_by_table":"notion_user","last_edited_by_id":"a03b888f-5426-4e4f-b5ef-bed855b162f0","space_id":"d51d3ca5-7889-4c70-b906-3a5a37b60274"}}},"space":{"d51d3ca5-7889-4c70-b906-3a5a37b60274":{"role":"editor","value":{"id":"d51d3ca5-7889-4c70-b906-3a5a37b60274","version":1276,"name":"test_py","permissions":[{"role":"editor","type":"user_permission","user_id":"a03b888f-5426-4e4f-b5ef-bed855b162f0"}],"beta_enabled":false,"pages":["939e6bf1-bd90-49c7-912c-a8b72e5aa849"],"created_time":1638259881592,"last_edited_time":1651493580000,"created_by_table":"notion_user","created_by_id":"a03b888f-5426-4e4f-b5ef-bed855b162f0","last_edited_by_table":"notion_user","last_edited_by_id":"a03b888f-5426-4e4f-b5ef-bed855b162f0","plan_type":"personal","invite_link_enabled":true}}}}}'
    headers:
      Content-Type:
      - application/json; charset=utf-8
      Transfer-Encoding:
      - chunked
      content-length:
      - '2368'
    status:
      code: 200
      message: OK
- request:
    body: '{"collection": {"id": "5dc16b8d-2443-43eb-80f0-e7f49f59450c", "spaceId":
      "d51d3ca5-7889-4c70-b906-3a5a37b60274"}, "collectionView": {"id": "aa226cc5-fd17-4793-971a-abebec0708ec",
      "spaceId": "d51d3ca5-7889-4c70-b906-3a5a37b60274"}, "loader": {"reducers": {"collection_group_results":
      {"limit": 100, "type": "results"}}, "searchQuery": "", "sort": [], "userTimeZone":
      "Asia/Tashkent", "type": "reducer"}}'
    headers:
      Content-Length:
      - '402'
      Content-Type:
      - application/json
      cookie:
      - PRIVATE
    method: POST
    uri: https://www.notion.so/api/v3/queryCollection
  response:
    body:
      string: '{"result":{"type":"reducer","reducerResults":{"collection_group_results":{"type":"results","blockIds":["0070a2ff-362e-4619-8aee-f8948fef4454"],"hasMore":false}}},"recordMap":{"block":{"0070a2ff-362e-4619-8aee-f8948fef4454":{"role":"editor","value":{"id":"0070a2ff-362e-4619-8aee-f8948fef4454","version":8,"type":"page","properties":{"JRcb":[["b"]],"title":[["a"]]},"created_time":1651556607750,"last_edited_time":1651556608120,"parent_id":"5dc16b8d-2443-43eb-80f0-e7f49f59450c","parent_table":"collection","alive":true,"created_by_table":"notion_user","created_by_id":"a03b888f-5426-4e4f-b5ef-bed855b162f0","last_edited_by_table":"notion_user","last_edited_by_id":"a03b888f-5426-4e4f-b5ef-bed855b162f0","space_id":"d51d3ca5-7889-4c70-b906-3a5a37b60274"}},"939e6bf1-bd90-49c7-912c-a8b72e5aa849":{"role":"editor","value":{"id":"939e6bf1-bd90-49c7-912c-a8b72e5aa849","version":13,"type":"collection_view_page","content":["5dc16b8d-2443-43eb-80f0-e7f49f59450c","aa226cc5-fd17-4793-971a-abebec0708ec"],"view_ids":["aa226cc5-fd17-4793-971a-abebec0708ec"],"format":{"collection_pointer":{"id":"5dc16b8d-2443-43eb-80f0-e7f49f59450c","table":"collection","spaceId":"d51d3ca5-7889-4c70-b906-3a5a37b60274"}},"permissions":[{"role":"editor","type":"user_permission","user_id":"a03b888f-5426-4e4f-b5ef-bed855b162f0"}],"created_time":1651556604197,"last_edited_time":1651556606216,"parent_id":"d51d3ca5-7889-4c70-b906-3a5a37b60274","parent_table":"space","alive":true,"created_by_table":"notion_user","created_by_id":"a03b888f-5426-4e4f-b5ef-bed855b162f0","last_edited_by_table":"notion_user","last_edited_by_id":"a03b888f-5426-4e4f-b5ef-bed855b162f0","space_id":"d51d3ca5-7889-4c70-b906-3a5a37b60274"}}},"collection":{"5dc16b8d-2443-43eb-80f0-e7f49f59450c":{"role":"editor","value":{"id":"5dc16b8d-2443-43eb-80f0-e7f49f59450c","version":2,"name":[["TESTING
        PAGE 2371da2b"]],"schema":{"JRcb":{"name":"b","type":"text"},"title":{"name":"a","type":"title"}},"parent_id":"939e6bf1-bd90-49c7-912c-a8b72e5aa849","parent_table":"block","alive":true,"migrated":true,"space_id":"d51d3ca5-7889-4c70-b906-3a5a37b60274"}}},"space":{"d51d3ca5-7889-4c70-b906-3a5a37b60274":{"role":"editor","value":{"id":"d51d3ca5-7889-4c70-b906-3a5a37b60274","version":1276,"name":"test_py","permissions":[{"role":"editor","type":"user_permission","user_id":"a03b888f-5426-4e4f-b5ef-bed855b162f0"}],"beta_enabled":false,"pages":["939e6bf1-bd90-49c7-912c-a8b72e5aa849"],"created_time":1638259881592,"last_edited_time":1651493580000,"created_by_table":"notion_user","created_by_id":"a03b888f-5426-4e4f-b5ef-bed855b162f0","last_edited_by_table":"notion_user","last_edited_by_id":"a03b888f-5426-4e4f-b5ef-bed855b162f0","plan_type":"personal","invite_link_enabled":true}}}}}'
    headers:
      Content-Type:
      - application/json; charset=utf-8
      Transfer-Encoding:
      - chunked
      content-length:
      - '2726'
    status:
      code: 200
      message: OK
- request:
    body: '{"operations": [{"id": "0070a2ff-362e-4619-8aee-f8948fef4454", "path":
      ["format", "page_icon"], "args": "https://via.placeholder.com/100", "command":
      "set", "table": "block"}, {"args": {"last_edited_by_id": "a03b888f-5426-4e4f-b5ef-bed855b162f0",
      "last_edited_by_table": "notion_user", "last_edited_time": 1651556609100}, "command":
      "update", "id": "0070a2ff-362e-4619-8aee-f8948fef4454", "path": [], "table":
      "block"}]}'
    headers:
      Content-Length:
      - '420'
      Content-Type:
      - application/json
      cookie:
      - PRIVATE
    method: POST
    uri: https://www.notion.so/api/v3/submitTransaction
  response:
    body:
      string: '{}'
    headers:
      Content-Length:
      - '2'
      Content-Type:
      - application/json; charset=utf-8
    status:
      code: 200
      message: OK
- request:
    body: '{"collection": {"id": "5dc16b8d-2443-43eb-80f0-e7f49f59450c", "spaceId":
      "d51d3ca5-7889-4c70-b906-3a5a37b60274"}, "collectionView": {"id": "aa226cc5-fd17-4793-971a-abebec0708ec",
      "spaceId": "d51d3ca5-7889-4c70-b906-3a5a37b60274"}, "loader": {"reducers": {"collection_group_results":
      {"limit": 100, "type": "results"}}, "searchQuery": "", "sort": [], "userTimeZone":
      "Asia/Tashkent", "type": "reducer"}}'
    headers:
      Content-Length:
      - '402'
      Content-Type:
      - application/json
      cookie:
      - PRIVATE
    method: POST
    uri: https://www.notion.so/api/v3/queryCollection
  response:
    body:
      string: '{"result":{"type":"reducer","reducerResults":{"collection_group_results":{"type":"results","blockIds":["0070a2ff-362e-4619-8aee-f8948fef4454"],"hasMore":false}}},"recordMap":{"block":{"0070a2ff-362e-4619-8aee-f8948fef4454":{"role":"editor","value":{"id":"0070a2ff-362e-4619-8aee-f8948fef4454","version":10,"type":"page","properties":{"JRcb":[["b"]],"title":[["a"]]},"format":{"page_icon":"https://via.placeholder.com/100"},"created_time":1651556607750,"last_edited_time":1651556609100,"parent_id":"5dc16b8d-2443-43eb-80f0-e7f49f59450c","parent_table":"collection","alive":true,"created_by_table":"notion_user","created_by_id":"a03b888f-5426-4e4f-b5ef-bed855b162f0","last_edited_by_table":"notion_user","last_edited_by_id":"a03b888f-5426-4e4f-b5ef-bed855b162f0","space_id":"d51d3ca5-7889-4c70-b906-3a5a37b60274"}},"939e6bf1-bd90-49c7-912c-a8b72e5aa849":{"role":"editor","value":{"id":"939e6bf1-bd90-49c7-912c-a8b72e5aa849","version":13,"type":"collection_view_page","content":["5dc16b8d-2443-43eb-80f0-e7f49f59450c","aa226cc5-fd17-4793-971a-abebec0708ec"],"view_ids":["aa226cc5-fd17-4793-971a-abebec0708ec"],"format":{"collection_pointer":{"id":"5dc16b8d-2443-43eb-80f0-e7f49f59450c","table":"collection","spaceId":"d51d3ca5-7889-4c70-b906-3a5a37b60274"}},"permissions":[{"role":"editor","type":"user_permission","user_id":"a03b888f-5426-4e4f-b5ef-bed855b162f0"}],"created_time":1651556604197,"last_edited_time":1651556606216,"parent_id":"d51d3ca5-7889-4c70-b906-3a5a37b60274","parent_table":"space","alive":true,"created_by_table":"notion_user","created_by_id":"a03b888f-5426-4e4f-b5ef-bed855b162f0","last_edited_by_table":"notion_user","last_edited_by_id":"a03b888f-5426-4e4f-b5ef-bed855b162f0","space_id":"d51d3ca5-7889-4c70-b906-3a5a37b60274"}}},"collection":{"5dc16b8d-2443-43eb-80f0-e7f49f59450c":{"role":"editor","value":{"id":"5dc16b8d-2443-43eb-80f0-e7f49f59450c","version":2,"name":[["TESTING
        PAGE 2371da2b"]],"schema":{"JRcb":{"name":"b","type":"text"},"title":{"name":"a","type":"title"}},"parent_id":"939e6bf1-bd90-49c7-912c-a8b72e5aa849","parent_table":"block","alive":true,"migrated":true,"space_id":"d51d3ca5-7889-4c70-b906-3a5a37b60274"}}},"space":{"d51d3ca5-7889-4c70-b906-3a5a37b60274":{"role":"editor","value":{"id":"d51d3ca5-7889-4c70-b906-3a5a37b60274","version":1276,"name":"test_py","permissions":[{"role":"editor","type":"user_permission","user_id":"a03b888f-5426-4e4f-b5ef-bed855b162f0"}],"beta_enabled":false,"pages":["939e6bf1-bd90-49c7-912c-a8b72e5aa849"],"created_time":1638259881592,"last_edited_time":1651493580000,"created_by_table":"notion_user","created_by_id":"a03b888f-5426-4e4f-b5ef-bed855b162f0","last_edited_by_table":"notion_user","last_edited_by_id":"a03b888f-5426-4e4f-b5ef-bed855b162f0","plan_type":"personal","invite_link_enabled":true}}}}}'
    headers:
      Content-Type:
      - application/json; charset=utf-8
      Transfer-Encoding:
      - chunked
      content-length:
      - '2784'
    status:
      code: 200
      message: OK
- request:
    body: '{"operations": [{"id": "939e6bf1-bd90-49c7-912c-a8b72e5aa849", "path":
      [], "args": {"alive": false}, "command": "update", "table": "block"}, {"args":
      {"last_edited_by_id": "a03b888f-5426-4e4f-b5ef-bed855b162f0", "last_edited_by_table":
      "notion_user", "last_edited_time": 1651556609894}, "command": "update", "id":
      "939e6bf1-bd90-49c7-912c-a8b72e5aa849", "path": [], "table": "block"}, {"id":
      "d51d3ca5-7889-4c70-b906-3a5a37b60274", "path": ["pages"], "args": {"id": "939e6bf1-bd90-49c7-912c-a8b72e5aa849"},
      "command": "listRemove", "table": "space"}, {"args": {"last_edited_by_id": "a03b888f-5426-4e4f-b5ef-bed855b162f0",
      "last_edited_by_table": "notion_user", "last_edited_time": 1651556609894}, "command":
      "update", "id": "939e6bf1-bd90-49c7-912c-a8b72e5aa849", "path": [], "table":
      "block"}]}'
    headers:
      Content-Length:
      - '795'
      Content-Type:
      - application/json
      cookie:
      - PRIVATE
    method: POST
    uri: https://www.notion.so/api/v3/submitTransaction
  response:
    body:
      string: '{}'
    headers:
      Content-Length:
      - '2'
      Content-Type:
      - application/json; charset=utf-8
    status:
      code: 200
      message: OK
- request:
    body: '{"blockIds": ["939e6bf1-bd90-49c7-912c-a8b72e5aa849"], "permanentlyDelete":
      true}'
    headers:
      Content-Length:
      - '81'
      Content-Type:
      - application/json
      cookie:
      - PRIVATE
    method: POST
    uri: https://www.notion.so/api/v3/deleteBlocks
  response:
    body:
      string: '{"recordMap":{}}'
    headers:
      Content-Length:
      - '16'
      Content-Type:
      - application/json; charset=utf-8
    status:
      code: 200
      message: OK
version: 1
