interactions:
- request:
    body: '{}'
    headers:
      Content-Length:
      - '2'
      Content-Type:
      - application/json
      cookie:
      - PRIVATE
    method: POST
    uri: https://www.notion.so/api/v3/loadUserContent
  response:
    body:
      string: '{"recordMap":{"notion_user":{"a03b888f-5426-4e4f-b5ef-bed855b162f0":{"role":"editor","value":{"id":"a03b888f-5426-4e4f-b5ef-bed855b162f0","version":7,"email":"test_py_notion@protonmail.com","onboarding_completed":true,"name":"test_py"}}},"user_root":{"a03b888f-5426-4e4f-b5ef-bed855b162f0":{"role":"editor","value":{"id":"a03b888f-5426-4e4f-b5ef-bed855b162f0","version":3,"space_views":["703440cc-f5cb-4f27-ba54-a9125a58e033"],"space_view_pointers":[{"id":"703440cc-f5cb-4f27-ba54-a9125a58e033","table":"space_view","spaceId":"d51d3ca5-7889-4c70-b906-3a5a37b60274"}]}}},"user_settings":{"a03b888f-5426-4e4f-b5ef-bed855b162f0":{"role":"editor","value":{"id":"a03b888f-5426-4e4f-b5ef-bed855b162f0","version":10,"settings":{"type":"personal","persona":"personal","team_role":"unfilled","time_zone":"Asia/Tashkent","signup_time":1638259864507,"cookie_consent":{"id":"2c2f9260-c9a6-4097-bc19-30e5395dfb02","permission":{"necessary":true,"targeting":false,"preference":false,"performance":false}},"preferred_locale":"en-US","used_desktop_web_app":true,"seen_views_intro_modal":true,"preferred_locale_origin":"autodetect","seen_persona_collection":true}}}},"space_view":{"703440cc-f5cb-4f27-ba54-a9125a58e033":{"role":"editor","value":{"id":"703440cc-f5cb-4f27-ba54-a9125a58e033","version":31,"space_id":"d51d3ca5-7889-4c70-b906-3a5a37b60274","parent_id":"a03b888f-5426-4e4f-b5ef-bed855b162f0","parent_table":"user_root","alive":true,"notify_mobile":false,"notify_desktop":true,"notify_email":false,"visited_templates":["7e89f436-7aac-4f66-b0a6-6e65ec868d2a","88c9c2b0-d732-4342-8963-0580a4725571","ba43b46e-4ad3-47f7-95f0-58a3ba01476f","2dddc8c5-a711-4aa2-b5b3-ff952a49bcfa","b7572331-51ab-4ed5-a931-5a7d34b08bf0"],"sidebar_hidden_templates":["7e89f436-7aac-4f66-b0a6-6e65ec868d2a","88c9c2b0-d732-4342-8963-0580a4725571","ba43b46e-4ad3-47f7-95f0-58a3ba01476f","2dddc8c5-a711-4aa2-b5b3-ff952a49bcfa","b7572331-51ab-4ed5-a931-5a7d34b08bf0"],"created_getting_started":true,"created_onboarding_templates":true,"private_pages":["5585f343-8ea5-469b-8a90-a05987977424"],"joined":true,"settings":{"on_app_start":"first_page"}}}},"space":{"d51d3ca5-7889-4c70-b906-3a5a37b60274":{"role":"editor","value":{"id":"d51d3ca5-7889-4c70-b906-3a5a37b60274","version":3029,"name":"test_py","permissions":[{"role":"editor","type":"user_permission","user_id":"a03b888f-5426-4e4f-b5ef-bed855b162f0"}],"beta_enabled":false,"created_time":1638259881592,"last_edited_time":1651932240000,"created_by_table":"notion_user","created_by_id":"a03b888f-5426-4e4f-b5ef-bed855b162f0","last_edited_by_table":"notion_user","last_edited_by_id":"a03b888f-5426-4e4f-b5ef-bed855b162f0","plan_type":"personal","invite_link_enabled":true}}}}}'
    headers:
      Content-Type:
      - application/json; charset=utf-8
      Transfer-Encoding:
      - chunked
      content-length:
      - '2694'
    status:
      code: 200
      message: OK
- request:
    body: '{}'
    headers:
      Content-Length:
      - '2'
      Content-Type:
      - application/json
      cookie:
      - PRIVATE
    method: POST
    uri: https://www.notion.so/api/v3/loadUserContent
  response:
    body:
      string: '{"recordMap":{"notion_user":{"a03b888f-5426-4e4f-b5ef-bed855b162f0":{"role":"editor","value":{"id":"a03b888f-5426-4e4f-b5ef-bed855b162f0","version":7,"email":"test_py_notion@protonmail.com","onboarding_completed":true,"name":"test_py"}}},"user_root":{"a03b888f-5426-4e4f-b5ef-bed855b162f0":{"role":"editor","value":{"id":"a03b888f-5426-4e4f-b5ef-bed855b162f0","version":3,"space_views":["703440cc-f5cb-4f27-ba54-a9125a58e033"],"space_view_pointers":[{"id":"703440cc-f5cb-4f27-ba54-a9125a58e033","table":"space_view","spaceId":"d51d3ca5-7889-4c70-b906-3a5a37b60274"}]}}},"user_settings":{"a03b888f-5426-4e4f-b5ef-bed855b162f0":{"role":"editor","value":{"id":"a03b888f-5426-4e4f-b5ef-bed855b162f0","version":10,"settings":{"type":"personal","persona":"personal","team_role":"unfilled","time_zone":"Asia/Tashkent","signup_time":1638259864507,"cookie_consent":{"id":"2c2f9260-c9a6-4097-bc19-30e5395dfb02","permission":{"necessary":true,"targeting":false,"preference":false,"performance":false}},"preferred_locale":"en-US","used_desktop_web_app":true,"seen_views_intro_modal":true,"preferred_locale_origin":"autodetect","seen_persona_collection":true}}}},"space_view":{"703440cc-f5cb-4f27-ba54-a9125a58e033":{"role":"editor","value":{"id":"703440cc-f5cb-4f27-ba54-a9125a58e033","version":31,"space_id":"d51d3ca5-7889-4c70-b906-3a5a37b60274","parent_id":"a03b888f-5426-4e4f-b5ef-bed855b162f0","parent_table":"user_root","alive":true,"notify_mobile":false,"notify_desktop":true,"notify_email":false,"visited_templates":["7e89f436-7aac-4f66-b0a6-6e65ec868d2a","88c9c2b0-d732-4342-8963-0580a4725571","ba43b46e-4ad3-47f7-95f0-58a3ba01476f","2dddc8c5-a711-4aa2-b5b3-ff952a49bcfa","b7572331-51ab-4ed5-a931-5a7d34b08bf0"],"sidebar_hidden_templates":["7e89f436-7aac-4f66-b0a6-6e65ec868d2a","88c9c2b0-d732-4342-8963-0580a4725571","ba43b46e-4ad3-47f7-95f0-58a3ba01476f","2dddc8c5-a711-4aa2-b5b3-ff952a49bcfa","b7572331-51ab-4ed5-a931-5a7d34b08bf0"],"created_getting_started":true,"created_onboarding_templates":true,"private_pages":["5585f343-8ea5-469b-8a90-a05987977424"],"joined":true,"settings":{"on_app_start":"first_page"}}}},"space":{"d51d3ca5-7889-4c70-b906-3a5a37b60274":{"role":"editor","value":{"id":"d51d3ca5-7889-4c70-b906-3a5a37b60274","version":3029,"name":"test_py","permissions":[{"role":"editor","type":"user_permission","user_id":"a03b888f-5426-4e4f-b5ef-bed855b162f0"}],"beta_enabled":false,"created_time":1638259881592,"last_edited_time":1651932240000,"created_by_table":"notion_user","created_by_id":"a03b888f-5426-4e4f-b5ef-bed855b162f0","last_edited_by_table":"notion_user","last_edited_by_id":"a03b888f-5426-4e4f-b5ef-bed855b162f0","plan_type":"personal","invite_link_enabled":true}}}}}'
    headers:
      Content-Type:
      - application/json; charset=utf-8
      Transfer-Encoding:
      - chunked
      content-length:
      - '2694'
    status:
      code: 200
      message: OK
- request:
    body: '{"operations": [{"id": "5276ecc4-6672-4208-97cc-7c765c8db4a0", "path":
      [], "args": {"id": "5276ecc4-6672-4208-97cc-7c765c8db4a0", "version": 1, "alive":
      true, "created_by_id": "a03b888f-5426-4e4f-b5ef-bed855b162f0", "created_by_table":
      "notion_user", "created_time": 1652089204158, "parent_id": "d51d3ca5-7889-4c70-b906-3a5a37b60274",
      "parent_table": "space", "type": "collection_view_page", "permissions": [{"role":
      "editor", "type": "user_permission", "user_id": "a03b888f-5426-4e4f-b5ef-bed855b162f0"}]},
      "command": "set", "table": "block"}, {"args": {"last_edited_by_id": "a03b888f-5426-4e4f-b5ef-bed855b162f0",
      "last_edited_by_table": "notion_user", "last_edited_time": 1652089204158}, "command":
      "update", "id": "5276ecc4-6672-4208-97cc-7c765c8db4a0", "path": [], "table":
      "block"}, {"id": "d51d3ca5-7889-4c70-b906-3a5a37b60274", "path": ["pages"],
      "args": {"id": "5276ecc4-6672-4208-97cc-7c765c8db4a0"}, "command": "listAfter",
      "table": "space"}, {"args": {"last_edited_by_id": "a03b888f-5426-4e4f-b5ef-bed855b162f0",
      "last_edited_by_table": "notion_user", "last_edited_time": 1652089204158}, "command":
      "update", "id": "5276ecc4-6672-4208-97cc-7c765c8db4a0", "path": [], "table":
      "block"}]}'
    headers:
      Content-Length:
      - '1198'
      Content-Type:
      - application/json
      cookie:
      - PRIVATE
    method: POST
    uri: https://www.notion.so/api/v3/submitTransaction
  response:
    body:
      string: '{}'
    headers:
      Content-Length:
      - '2'
      Content-Type:
      - application/json; charset=utf-8
    status:
      code: 200
      message: OK
- request:
    body: '{"operations": [{"id": "9010476d-27d5-4298-b743-3e99d8e53809", "path":
      [], "args": {"id": "9010476d-27d5-4298-b743-3e99d8e53809", "version": 1, "alive":
      true, "created_by_id": "a03b888f-5426-4e4f-b5ef-bed855b162f0", "created_by_table":
      "notion_user", "created_time": 1652089204611, "parent_id": "5276ecc4-6672-4208-97cc-7c765c8db4a0",
      "parent_table": "block", "schema": {"title": {"name": "a", "type": "title"},
      "WMa3": {"name": "b", "type": "text"}}}, "command": "set", "table": "collection"},
      {"id": "5276ecc4-6672-4208-97cc-7c765c8db4a0", "path": ["content"], "args":
      {"id": "9010476d-27d5-4298-b743-3e99d8e53809"}, "command": "listAfter", "table":
      "block"}, {"args": {"last_edited_by_id": "a03b888f-5426-4e4f-b5ef-bed855b162f0",
      "last_edited_by_table": "notion_user", "last_edited_time": 1652089204611}, "command":
      "update", "id": "5276ecc4-6672-4208-97cc-7c765c8db4a0", "path": [], "table":
      "block"}, {"args": {"last_edited_by_id": "a03b888f-5426-4e4f-b5ef-bed855b162f0",
      "last_edited_by_table": "notion_user", "last_edited_time": 1652089204611}, "command":
      "update", "id": "5276ecc4-6672-4208-97cc-7c765c8db4a0", "path": [], "table":
      "block"}]}'
    headers:
      Content-Length:
      - '1150'
      Content-Type:
      - application/json
      cookie:
      - PRIVATE
    method: POST
    uri: https://www.notion.so/api/v3/submitTransaction
  response:
    body:
      string: '{}'
    headers:
      Content-Length:
      - '2'
      Content-Type:
      - application/json; charset=utf-8
    status:
      code: 200
      message: OK
- request:
    body: '{"operations": [{"id": "5276ecc4-6672-4208-97cc-7c765c8db4a0", "path":
      ["format", "collection_pointer", "id"], "args": "9010476d-27d5-4298-b743-3e99d8e53809",
      "command": "set", "table": "block"}, {"args": {"last_edited_by_id": "a03b888f-5426-4e4f-b5ef-bed855b162f0",
      "last_edited_by_table": "notion_user", "last_edited_time": 1652089205151}, "command":
      "update", "id": "5276ecc4-6672-4208-97cc-7c765c8db4a0", "path": [], "table":
      "block"}]}'
    headers:
      Content-Length:
      - '440'
      Content-Type:
      - application/json
      cookie:
      - PRIVATE
    method: POST
    uri: https://www.notion.so/api/v3/submitTransaction
  response:
    body:
      string: '{}'
    headers:
      Content-Length:
      - '2'
      Content-Type:
      - application/json; charset=utf-8
    status:
      code: 200
      message: OK
- request:
    body: '{"operations": [{"id": "dad141aa-cf79-4724-a492-f3adf7c07896", "path":
      [], "args": {"id": "dad141aa-cf79-4724-a492-f3adf7c07896", "version": 1, "alive":
      true, "created_by_id": "a03b888f-5426-4e4f-b5ef-bed855b162f0", "created_by_table":
      "notion_user", "created_time": 1652089205551, "parent_id": "5276ecc4-6672-4208-97cc-7c765c8db4a0",
      "parent_table": "block", "type": "table"}, "command": "set", "table": "collection_view"},
      {"id": "5276ecc4-6672-4208-97cc-7c765c8db4a0", "path": ["content"], "args":
      {"id": "dad141aa-cf79-4724-a492-f3adf7c07896"}, "command": "listAfter", "table":
      "block"}, {"args": {"last_edited_by_id": "a03b888f-5426-4e4f-b5ef-bed855b162f0",
      "last_edited_by_table": "notion_user", "last_edited_time": 1652089205551}, "command":
      "update", "id": "5276ecc4-6672-4208-97cc-7c765c8db4a0", "path": [], "table":
      "block"}, {"args": {"last_edited_by_id": "a03b888f-5426-4e4f-b5ef-bed855b162f0",
      "last_edited_by_table": "notion_user", "last_edited_time": 1652089205551}, "command":
      "update", "id": "5276ecc4-6672-4208-97cc-7c765c8db4a0", "path": [], "table":
      "block"}]}'
    headers:
      Content-Length:
      - '1080'
      Content-Type:
      - application/json
      cookie:
      - PRIVATE
    method: POST
    uri: https://www.notion.so/api/v3/submitTransaction
  response:
    body:
      string: '{}'
    headers:
      Content-Length:
      - '2'
      Content-Type:
      - application/json; charset=utf-8
    status:
      code: 200
      message: OK
- request:
    body: '{"operations": [{"id": "dad141aa-cf79-4724-a492-f3adf7c07896", "path":
      ["collection_id"], "args": "9010476d-27d5-4298-b743-3e99d8e53809", "command":
      "set", "table": "collection_view"}]}'
    headers:
      Content-Length:
      - '185'
      Content-Type:
      - application/json
      cookie:
      - PRIVATE
    method: POST
    uri: https://www.notion.so/api/v3/submitTransaction
  response:
    body:
      string: '{}'
    headers:
      Content-Length:
      - '2'
      Content-Type:
      - application/json; charset=utf-8
    status:
      code: 200
      message: OK
- request:
    body: '{"operations": [{"id": "5276ecc4-6672-4208-97cc-7c765c8db4a0", "path":
      ["view_ids"], "args": ["dad141aa-cf79-4724-a492-f3adf7c07896"], "command": "set",
      "table": "block"}, {"args": {"last_edited_by_id": "a03b888f-5426-4e4f-b5ef-bed855b162f0",
      "last_edited_by_table": "notion_user", "last_edited_time": 1652089206432}, "command":
      "update", "id": "5276ecc4-6672-4208-97cc-7c765c8db4a0", "path": [], "table":
      "block"}]}'
    headers:
      Content-Length:
      - '416'
      Content-Type:
      - application/json
      cookie:
      - PRIVATE
    method: POST
    uri: https://www.notion.so/api/v3/submitTransaction
  response:
    body:
      string: '{}'
    headers:
      Content-Length:
      - '2'
      Content-Type:
      - application/json; charset=utf-8
    status:
      code: 200
      message: OK
- request:
    body: '{"operations": [{"id": "dad141aa-cf79-4724-a492-f3adf7c07896", "path":
      ["format", "table_properties"], "args": [{"visible": true, "property": "title"},
      {"visible": true, "property": "WMa3"}], "command": "set", "table": "collection_view"}]}'
    headers:
      Content-Length:
      - '239'
      Content-Type:
      - application/json
      cookie:
      - PRIVATE
    method: POST
    uri: https://www.notion.so/api/v3/submitTransaction
  response:
    body:
      string: '{}'
    headers:
      Content-Length:
      - '2'
      Content-Type:
      - application/json; charset=utf-8
    status:
      code: 200
      message: OK
- request:
    body: '{"operations": [{"id": "9010476d-27d5-4298-b743-3e99d8e53809", "path":
      ["name"], "args": [["TESTING PAGE"]], "command": "set", "table": "collection"}]}'
    headers:
      Content-Length:
      - '151'
      Content-Type:
      - application/json
      cookie:
      - PRIVATE
    method: POST
    uri: https://www.notion.so/api/v3/submitTransaction
  response:
    body:
      string: '{}'
    headers:
      Content-Length:
      - '2'
      Content-Type:
      - application/json; charset=utf-8
    status:
      code: 200
      message: OK
- request:
    body: '{}'
    headers:
      Content-Length:
      - '2'
      Content-Type:
      - application/json
      cookie:
      - PRIVATE
    method: POST
    uri: https://www.notion.so/api/v3/loadUserContent
  response:
    body:
      string: '{"recordMap":{"notion_user":{"a03b888f-5426-4e4f-b5ef-bed855b162f0":{"role":"editor","value":{"id":"a03b888f-5426-4e4f-b5ef-bed855b162f0","version":7,"email":"test_py_notion@protonmail.com","onboarding_completed":true,"name":"test_py"}}},"user_root":{"a03b888f-5426-4e4f-b5ef-bed855b162f0":{"role":"editor","value":{"id":"a03b888f-5426-4e4f-b5ef-bed855b162f0","version":3,"space_views":["703440cc-f5cb-4f27-ba54-a9125a58e033"],"space_view_pointers":[{"id":"703440cc-f5cb-4f27-ba54-a9125a58e033","table":"space_view","spaceId":"d51d3ca5-7889-4c70-b906-3a5a37b60274"}]}}},"user_settings":{"a03b888f-5426-4e4f-b5ef-bed855b162f0":{"role":"editor","value":{"id":"a03b888f-5426-4e4f-b5ef-bed855b162f0","version":10,"settings":{"type":"personal","persona":"personal","team_role":"unfilled","time_zone":"Asia/Tashkent","signup_time":1638259864507,"cookie_consent":{"id":"2c2f9260-c9a6-4097-bc19-30e5395dfb02","permission":{"necessary":true,"targeting":false,"preference":false,"performance":false}},"preferred_locale":"en-US","used_desktop_web_app":true,"seen_views_intro_modal":true,"preferred_locale_origin":"autodetect","seen_persona_collection":true}}}},"space_view":{"703440cc-f5cb-4f27-ba54-a9125a58e033":{"role":"editor","value":{"id":"703440cc-f5cb-4f27-ba54-a9125a58e033","version":31,"space_id":"d51d3ca5-7889-4c70-b906-3a5a37b60274","parent_id":"a03b888f-5426-4e4f-b5ef-bed855b162f0","parent_table":"user_root","alive":true,"notify_mobile":false,"notify_desktop":true,"notify_email":false,"visited_templates":["7e89f436-7aac-4f66-b0a6-6e65ec868d2a","88c9c2b0-d732-4342-8963-0580a4725571","ba43b46e-4ad3-47f7-95f0-58a3ba01476f","2dddc8c5-a711-4aa2-b5b3-ff952a49bcfa","b7572331-51ab-4ed5-a931-5a7d34b08bf0"],"sidebar_hidden_templates":["7e89f436-7aac-4f66-b0a6-6e65ec868d2a","88c9c2b0-d732-4342-8963-0580a4725571","ba43b46e-4ad3-47f7-95f0-58a3ba01476f","2dddc8c5-a711-4aa2-b5b3-ff952a49bcfa","b7572331-51ab-4ed5-a931-5a7d34b08bf0"],"created_getting_started":true,"created_onboarding_templates":true,"private_pages":["5585f343-8ea5-469b-8a90-a05987977424"],"joined":true,"settings":{"on_app_start":"first_page"}}}},"space":{"d51d3ca5-7889-4c70-b906-3a5a37b60274":{"role":"editor","value":{"id":"d51d3ca5-7889-4c70-b906-3a5a37b60274","version":3030,"name":"test_py","permissions":[{"role":"editor","type":"user_permission","user_id":"a03b888f-5426-4e4f-b5ef-bed855b162f0"}],"beta_enabled":false,"pages":["5276ecc4-6672-4208-97cc-7c765c8db4a0"],"created_time":1638259881592,"last_edited_time":1651932240000,"created_by_table":"notion_user","created_by_id":"a03b888f-5426-4e4f-b5ef-bed855b162f0","last_edited_by_table":"notion_user","last_edited_by_id":"a03b888f-5426-4e4f-b5ef-bed855b162f0","plan_type":"personal","invite_link_enabled":true}}},"block":{"5276ecc4-6672-4208-97cc-7c765c8db4a0":{"role":"editor","value":{"id":"5276ecc4-6672-4208-97cc-7c765c8db4a0","version":13,"type":"collection_view_page","content":["9010476d-27d5-4298-b743-3e99d8e53809","dad141aa-cf79-4724-a492-f3adf7c07896"],"view_ids":["dad141aa-cf79-4724-a492-f3adf7c07896"],"format":{"collection_pointer":{"id":"9010476d-27d5-4298-b743-3e99d8e53809","table":"collection","spaceId":"d51d3ca5-7889-4c70-b906-3a5a37b60274"}},"permissions":[{"role":"editor","type":"user_permission","user_id":"a03b888f-5426-4e4f-b5ef-bed855b162f0"}],"created_time":1652089204158,"last_edited_time":1652089206432,"parent_id":"d51d3ca5-7889-4c70-b906-3a5a37b60274","parent_table":"space","alive":true,"created_by_table":"notion_user","created_by_id":"a03b888f-5426-4e4f-b5ef-bed855b162f0","last_edited_by_table":"notion_user","last_edited_by_id":"a03b888f-5426-4e4f-b5ef-bed855b162f0","space_id":"d51d3ca5-7889-4c70-b906-3a5a37b60274"}}},"collection":{"9010476d-27d5-4298-b743-3e99d8e53809":{"role":"editor","value":{"id":"9010476d-27d5-4298-b743-3e99d8e53809","version":2,"name":[["TESTING
        PAGE"]],"schema":{"WMa3":{"name":"b","type":"text"},"title":{"name":"a","type":"title"}},"parent_id":"5276ecc4-6672-4208-97cc-7c765c8db4a0","parent_table":"block","alive":true,"migrated":true,"space_id":"d51d3ca5-7889-4c70-b906-3a5a37b60274"}}}}}'
    headers:
      Content-Type:
      - application/json; charset=utf-8
      Transfer-Encoding:
      - chunked
      content-length:
      - '4086'
    status:
      code: 200
      message: OK
- request:
    body: '{"page": {"id": "5276ecc4-6672-4208-97cc-7c765c8db4a0"}, "limit": 100,
      "cursor": {"stack": []}, "chunkNumber": 0, "verticalColumns": false}'
    headers:
      Content-Length:
      - '139'
      Content-Type:
      - application/json
      cookie:
      - PRIVATE
    method: POST
    uri: https://www.notion.so/api/v3/loadPageChunk
  response:
    body:
      string: '{"cursor":{"stack":[]},"recordMap":{"block":{"5276ecc4-6672-4208-97cc-7c765c8db4a0":{"role":"editor","value":{"id":"5276ecc4-6672-4208-97cc-7c765c8db4a0","version":13,"type":"collection_view_page","content":["9010476d-27d5-4298-b743-3e99d8e53809","dad141aa-cf79-4724-a492-f3adf7c07896"],"view_ids":["dad141aa-cf79-4724-a492-f3adf7c07896"],"format":{"collection_pointer":{"id":"9010476d-27d5-4298-b743-3e99d8e53809","table":"collection","spaceId":"d51d3ca5-7889-4c70-b906-3a5a37b60274"}},"permissions":[{"role":"editor","type":"user_permission","user_id":"a03b888f-5426-4e4f-b5ef-bed855b162f0"}],"created_time":1652089204158,"last_edited_time":1652089206432,"parent_id":"d51d3ca5-7889-4c70-b906-3a5a37b60274","parent_table":"space","alive":true,"created_by_table":"notion_user","created_by_id":"a03b888f-5426-4e4f-b5ef-bed855b162f0","last_edited_by_table":"notion_user","last_edited_by_id":"a03b888f-5426-4e4f-b5ef-bed855b162f0","space_id":"d51d3ca5-7889-4c70-b906-3a5a37b60274"}}},"space":{"d51d3ca5-7889-4c70-b906-3a5a37b60274":{"role":"editor","value":{"id":"d51d3ca5-7889-4c70-b906-3a5a37b60274","version":3030,"name":"test_py","permissions":[{"role":"editor","type":"user_permission","user_id":"a03b888f-5426-4e4f-b5ef-bed855b162f0"}],"beta_enabled":false,"pages":["5276ecc4-6672-4208-97cc-7c765c8db4a0"],"created_time":1638259881592,"last_edited_time":1651932240000,"created_by_table":"notion_user","created_by_id":"a03b888f-5426-4e4f-b5ef-bed855b162f0","last_edited_by_table":"notion_user","last_edited_by_id":"a03b888f-5426-4e4f-b5ef-bed855b162f0","plan_type":"personal","invite_link_enabled":true}}},"collection":{"9010476d-27d5-4298-b743-3e99d8e53809":{"role":"editor","value":{"id":"9010476d-27d5-4298-b743-3e99d8e53809","version":2,"name":[["TESTING
        PAGE"]],"schema":{"WMa3":{"name":"b","type":"text"},"title":{"name":"a","type":"title"}},"parent_id":"5276ecc4-6672-4208-97cc-7c765c8db4a0","parent_table":"block","alive":true,"migrated":true,"space_id":"d51d3ca5-7889-4c70-b906-3a5a37b60274"}}},"collection_view":{"dad141aa-cf79-4724-a492-f3adf7c07896":{"role":"editor","value":{"id":"dad141aa-cf79-4724-a492-f3adf7c07896","version":3,"type":"table","format":{"table_properties":[{"visible":true,"property":"title"},{"visible":true,"property":"WMa3"}]},"parent_id":"5276ecc4-6672-4208-97cc-7c765c8db4a0","parent_table":"block","alive":true,"space_id":"d51d3ca5-7889-4c70-b906-3a5a37b60274","created_time":1652089205551,"created_by_table":"notion_user","created_by_id":"a03b888f-5426-4e4f-b5ef-bed855b162f0"}}}}}'
    headers:
      Content-Type:
      - application/json; charset=utf-8
      Transfer-Encoding:
      - chunked
      content-length:
      - '2522'
    status:
      code: 200
      message: OK
- request:
    body: '{}'
    headers:
      Content-Length:
      - '2'
      Content-Type:
      - application/json
      cookie:
      - PRIVATE
    method: POST
    uri: https://www.notion.so/api/v3/loadUserContent
  response:
    body:
      string: '{"recordMap":{"notion_user":{"a03b888f-5426-4e4f-b5ef-bed855b162f0":{"role":"editor","value":{"id":"a03b888f-5426-4e4f-b5ef-bed855b162f0","version":7,"email":"test_py_notion@protonmail.com","onboarding_completed":true,"name":"test_py"}}},"user_root":{"a03b888f-5426-4e4f-b5ef-bed855b162f0":{"role":"editor","value":{"id":"a03b888f-5426-4e4f-b5ef-bed855b162f0","version":3,"space_views":["703440cc-f5cb-4f27-ba54-a9125a58e033"],"space_view_pointers":[{"id":"703440cc-f5cb-4f27-ba54-a9125a58e033","table":"space_view","spaceId":"d51d3ca5-7889-4c70-b906-3a5a37b60274"}]}}},"user_settings":{"a03b888f-5426-4e4f-b5ef-bed855b162f0":{"role":"editor","value":{"id":"a03b888f-5426-4e4f-b5ef-bed855b162f0","version":10,"settings":{"type":"personal","persona":"personal","team_role":"unfilled","time_zone":"Asia/Tashkent","signup_time":1638259864507,"cookie_consent":{"id":"2c2f9260-c9a6-4097-bc19-30e5395dfb02","permission":{"necessary":true,"targeting":false,"preference":false,"performance":false}},"preferred_locale":"en-US","used_desktop_web_app":true,"seen_views_intro_modal":true,"preferred_locale_origin":"autodetect","seen_persona_collection":true}}}},"space_view":{"703440cc-f5cb-4f27-ba54-a9125a58e033":{"role":"editor","value":{"id":"703440cc-f5cb-4f27-ba54-a9125a58e033","version":31,"space_id":"d51d3ca5-7889-4c70-b906-3a5a37b60274","parent_id":"a03b888f-5426-4e4f-b5ef-bed855b162f0","parent_table":"user_root","alive":true,"notify_mobile":false,"notify_desktop":true,"notify_email":false,"visited_templates":["7e89f436-7aac-4f66-b0a6-6e65ec868d2a","88c9c2b0-d732-4342-8963-0580a4725571","ba43b46e-4ad3-47f7-95f0-58a3ba01476f","2dddc8c5-a711-4aa2-b5b3-ff952a49bcfa","b7572331-51ab-4ed5-a931-5a7d34b08bf0"],"sidebar_hidden_templates":["7e89f436-7aac-4f66-b0a6-6e65ec868d2a","88c9c2b0-d732-4342-8963-0580a4725571","ba43b46e-4ad3-47f7-95f0-58a3ba01476f","2dddc8c5-a711-4aa2-b5b3-ff952a49bcfa","b7572331-51ab-4ed5-a931-5a7d34b08bf0"],"created_getting_started":true,"created_onboarding_templates":true,"private_pages":["5585f343-8ea5-469b-8a90-a05987977424"],"joined":true,"settings":{"on_app_start":"first_page"}}}},"space":{"d51d3ca5-7889-4c70-b906-3a5a37b60274":{"role":"editor","value":{"id":"d51d3ca5-7889-4c70-b906-3a5a37b60274","version":3030,"name":"test_py","permissions":[{"role":"editor","type":"user_permission","user_id":"a03b888f-5426-4e4f-b5ef-bed855b162f0"}],"beta_enabled":false,"pages":["5276ecc4-6672-4208-97cc-7c765c8db4a0"],"created_time":1638259881592,"last_edited_time":1651932240000,"created_by_table":"notion_user","created_by_id":"a03b888f-5426-4e4f-b5ef-bed855b162f0","last_edited_by_table":"notion_user","last_edited_by_id":"a03b888f-5426-4e4f-b5ef-bed855b162f0","plan_type":"personal","invite_link_enabled":true}}},"block":{"5276ecc4-6672-4208-97cc-7c765c8db4a0":{"role":"editor","value":{"id":"5276ecc4-6672-4208-97cc-7c765c8db4a0","version":13,"type":"collection_view_page","content":["9010476d-27d5-4298-b743-3e99d8e53809","dad141aa-cf79-4724-a492-f3adf7c07896"],"view_ids":["dad141aa-cf79-4724-a492-f3adf7c07896"],"format":{"collection_pointer":{"id":"9010476d-27d5-4298-b743-3e99d8e53809","table":"collection","spaceId":"d51d3ca5-7889-4c70-b906-3a5a37b60274"}},"permissions":[{"role":"editor","type":"user_permission","user_id":"a03b888f-5426-4e4f-b5ef-bed855b162f0"}],"created_time":1652089204158,"last_edited_time":1652089206432,"parent_id":"d51d3ca5-7889-4c70-b906-3a5a37b60274","parent_table":"space","alive":true,"created_by_table":"notion_user","created_by_id":"a03b888f-5426-4e4f-b5ef-bed855b162f0","last_edited_by_table":"notion_user","last_edited_by_id":"a03b888f-5426-4e4f-b5ef-bed855b162f0","space_id":"d51d3ca5-7889-4c70-b906-3a5a37b60274"}}},"collection":{"9010476d-27d5-4298-b743-3e99d8e53809":{"role":"editor","value":{"id":"9010476d-27d5-4298-b743-3e99d8e53809","version":2,"name":[["TESTING
        PAGE"]],"schema":{"WMa3":{"name":"b","type":"text"},"title":{"name":"a","type":"title"}},"parent_id":"5276ecc4-6672-4208-97cc-7c765c8db4a0","parent_table":"block","alive":true,"migrated":true,"space_id":"d51d3ca5-7889-4c70-b906-3a5a37b60274"}}}}}'
    headers:
      Content-Type:
      - application/json; charset=utf-8
      Transfer-Encoding:
      - chunked
      content-length:
      - '4086'
    status:
      code: 200
      message: OK
- request:
    body: '{"page": {"id": "5276ecc4-6672-4208-97cc-7c765c8db4a0"}, "limit": 100,
      "cursor": {"stack": []}, "chunkNumber": 0, "verticalColumns": false}'
    headers:
      Content-Length:
      - '139'
      Content-Type:
      - application/json
      cookie:
      - PRIVATE
    method: POST
    uri: https://www.notion.so/api/v3/loadPageChunk
  response:
    body:
      string: '{"cursor":{"stack":[]},"recordMap":{"block":{"5276ecc4-6672-4208-97cc-7c765c8db4a0":{"role":"editor","value":{"id":"5276ecc4-6672-4208-97cc-7c765c8db4a0","version":13,"type":"collection_view_page","content":["9010476d-27d5-4298-b743-3e99d8e53809","dad141aa-cf79-4724-a492-f3adf7c07896"],"view_ids":["dad141aa-cf79-4724-a492-f3adf7c07896"],"format":{"collection_pointer":{"id":"9010476d-27d5-4298-b743-3e99d8e53809","table":"collection","spaceId":"d51d3ca5-7889-4c70-b906-3a5a37b60274"}},"permissions":[{"role":"editor","type":"user_permission","user_id":"a03b888f-5426-4e4f-b5ef-bed855b162f0"}],"created_time":1652089204158,"last_edited_time":1652089206432,"parent_id":"d51d3ca5-7889-4c70-b906-3a5a37b60274","parent_table":"space","alive":true,"created_by_table":"notion_user","created_by_id":"a03b888f-5426-4e4f-b5ef-bed855b162f0","last_edited_by_table":"notion_user","last_edited_by_id":"a03b888f-5426-4e4f-b5ef-bed855b162f0","space_id":"d51d3ca5-7889-4c70-b906-3a5a37b60274"}}},"space":{"d51d3ca5-7889-4c70-b906-3a5a37b60274":{"role":"editor","value":{"id":"d51d3ca5-7889-4c70-b906-3a5a37b60274","version":3030,"name":"test_py","permissions":[{"role":"editor","type":"user_permission","user_id":"a03b888f-5426-4e4f-b5ef-bed855b162f0"}],"beta_enabled":false,"pages":["5276ecc4-6672-4208-97cc-7c765c8db4a0"],"created_time":1638259881592,"last_edited_time":1651932240000,"created_by_table":"notion_user","created_by_id":"a03b888f-5426-4e4f-b5ef-bed855b162f0","last_edited_by_table":"notion_user","last_edited_by_id":"a03b888f-5426-4e4f-b5ef-bed855b162f0","plan_type":"personal","invite_link_enabled":true}}},"collection_view":{"dad141aa-cf79-4724-a492-f3adf7c07896":{"role":"editor","value":{"id":"dad141aa-cf79-4724-a492-f3adf7c07896","version":3,"type":"table","format":{"table_properties":[{"visible":true,"property":"title"},{"visible":true,"property":"WMa3"}]},"parent_id":"5276ecc4-6672-4208-97cc-7c765c8db4a0","parent_table":"block","alive":true,"space_id":"d51d3ca5-7889-4c70-b906-3a5a37b60274","created_time":1652089205551,"created_by_table":"notion_user","created_by_id":"a03b888f-5426-4e4f-b5ef-bed855b162f0"}}},"collection":{"9010476d-27d5-4298-b743-3e99d8e53809":{"role":"editor","value":{"id":"9010476d-27d5-4298-b743-3e99d8e53809","version":2,"name":[["TESTING
        PAGE"]],"schema":{"WMa3":{"name":"b","type":"text"},"title":{"name":"a","type":"title"}},"parent_id":"5276ecc4-6672-4208-97cc-7c765c8db4a0","parent_table":"block","alive":true,"migrated":true,"space_id":"d51d3ca5-7889-4c70-b906-3a5a37b60274"}}}}}'
    headers:
      Content-Type:
      - application/json; charset=utf-8
      Transfer-Encoding:
      - chunked
      content-length:
      - '2522'
    status:
      code: 200
      message: OK
- request:
    body: '{"operations": [{"id": "f2a4554d-9a11-4520-b5dc-3034994f7a30", "path":
      [], "args": {"id": "f2a4554d-9a11-4520-b5dc-3034994f7a30", "version": 1, "alive":
      true, "created_by_id": "a03b888f-5426-4e4f-b5ef-bed855b162f0", "created_by_table":
      "notion_user", "created_time": 1652089210473, "parent_id": "9010476d-27d5-4298-b743-3e99d8e53809",
      "parent_table": "collection", "type": "page"}, "command": "set", "table": "block"},
      {"args": {"last_edited_by_id": "a03b888f-5426-4e4f-b5ef-bed855b162f0", "last_edited_by_table":
      "notion_user", "last_edited_time": 1652089210473}, "command": "update", "id":
      "f2a4554d-9a11-4520-b5dc-3034994f7a30", "path": [], "table": "block"}, {"args":
      {"last_edited_by_id": "a03b888f-5426-4e4f-b5ef-bed855b162f0", "last_edited_by_table":
      "notion_user", "last_edited_time": 1652089210473}, "command": "update", "id":
      "f2a4554d-9a11-4520-b5dc-3034994f7a30", "path": [], "table": "block"}]}'
    headers:
      Content-Length:
      - '907'
      Content-Type:
      - application/json
      cookie:
      - PRIVATE
    method: POST
    uri: https://www.notion.so/api/v3/submitTransaction
  response:
    body:
      string: '{}'
    headers:
      Content-Length:
      - '2'
      Content-Type:
      - application/json; charset=utf-8
    status:
      code: 200
      message: OK
- request:
    body: '{"operations": [{"id": "f2a4554d-9a11-4520-b5dc-3034994f7a30", "path":
      ["properties", "title"], "args": [["1"]], "command": "set", "table": "block"},
      {"args": {"last_edited_by_id": "a03b888f-5426-4e4f-b5ef-bed855b162f0", "last_edited_by_table":
      "notion_user", "last_edited_time": 1652089210942}, "command": "update", "id":
      "f2a4554d-9a11-4520-b5dc-3034994f7a30", "path": [], "table": "block"}, {"id":
      "f2a4554d-9a11-4520-b5dc-3034994f7a30", "path": ["properties", "WMa3"], "args":
      [["2"]], "command": "set", "table": "block"}, {"args": {"last_edited_by_id":
      "a03b888f-5426-4e4f-b5ef-bed855b162f0", "last_edited_by_table": "notion_user",
      "last_edited_time": 1652089210942}, "command": "update", "id": "f2a4554d-9a11-4520-b5dc-3034994f7a30",
      "path": [], "table": "block"}, {"id": "dad141aa-cf79-4724-a492-f3adf7c07896",
      "path": ["page_sort"], "args": ["f2a4554d-9a11-4520-b5dc-3034994f7a30"], "command":
      "set", "table": "collection_view"}, {"args": {"last_edited_by_id": "a03b888f-5426-4e4f-b5ef-bed855b162f0",
      "last_edited_by_table": "notion_user", "last_edited_time": 1652089210942}, "command":
      "update", "id": "f2a4554d-9a11-4520-b5dc-3034994f7a30", "path": [], "table":
      "block"}]}'
    headers:
      Content-Length:
      - '1182'
      Content-Type:
      - application/json
      cookie:
      - PRIVATE
    method: POST
    uri: https://www.notion.so/api/v3/submitTransaction
  response:
    body:
      string: '{}'
    headers:
      Content-Length:
      - '2'
      Content-Type:
      - application/json; charset=utf-8
    status:
      code: 200
      message: OK
- request:
    body: '{"collection": {"id": "9010476d-27d5-4298-b743-3e99d8e53809", "spaceId":
      "d51d3ca5-7889-4c70-b906-3a5a37b60274"}, "collectionView": {"id": "dad141aa-cf79-4724-a492-f3adf7c07896",
      "spaceId": "d51d3ca5-7889-4c70-b906-3a5a37b60274"}, "loader": {"reducers": {"table:uncategorized:title:count":
      {"aggregation": {"aggregator": "count", "property": "title"}, "type": "aggregation"}},
      "searchQuery": "", "sort": [], "userTimeZone": "Asia/Tashkent", "type": "reducer"}}'
    headers:
      Content-Length:
      - '460'
      Content-Type:
      - application/json
      cookie:
      - PRIVATE
    method: POST
    uri: https://www.notion.so/api/v3/queryCollection
  response:
    body:
      string: '{"result":{"type":"reducer","reducerResults":{"table:uncategorized:title:count":{"type":"aggregation","aggregationResult":{"type":"number","value":1}}}},"recordMap":{}}'
    headers:
      Content-Type:
      - application/json; charset=utf-8
      Transfer-Encoding:
      - chunked
      content-encoding:
      - undefined
    status:
      code: 200
      message: OK
- request:
    body: '{"collection": {"id": "9010476d-27d5-4298-b743-3e99d8e53809", "spaceId":
      "d51d3ca5-7889-4c70-b906-3a5a37b60274"}, "collectionView": {"id": "dad141aa-cf79-4724-a492-f3adf7c07896",
      "spaceId": "d51d3ca5-7889-4c70-b906-3a5a37b60274"}, "loader": {"reducers": {"collection_group_results":
      {"limit": 1, "type": "results"}}, "searchQuery": "", "sort": [], "userTimeZone":
      "Asia/Tashkent", "type": "reducer"}}'
    headers:
      Content-Length:
      - '400'
      Content-Type:
      - application/json
      cookie:
      - PRIVATE
    method: POST
    uri: https://www.notion.so/api/v3/queryCollection
  response:
    body:
      string: '{"result":{"type":"reducer","reducerResults":{"collection_group_results":{"type":"results","blockIds":["f2a4554d-9a11-4520-b5dc-3034994f7a30"],"hasMore":false}}},"recordMap":{"block":{"f2a4554d-9a11-4520-b5dc-3034994f7a30":{"role":"editor","value":{"id":"f2a4554d-9a11-4520-b5dc-3034994f7a30","version":8,"type":"page","properties":{"WMa3":[["2"]],"title":[["1"]]},"created_time":1652089210473,"last_edited_time":1652089210942,"parent_id":"9010476d-27d5-4298-b743-3e99d8e53809","parent_table":"collection","alive":true,"created_by_table":"notion_user","created_by_id":"a03b888f-5426-4e4f-b5ef-bed855b162f0","last_edited_by_table":"notion_user","last_edited_by_id":"a03b888f-5426-4e4f-b5ef-bed855b162f0","space_id":"d51d3ca5-7889-4c70-b906-3a5a37b60274"}},"5276ecc4-6672-4208-97cc-7c765c8db4a0":{"role":"editor","value":{"id":"5276ecc4-6672-4208-97cc-7c765c8db4a0","version":13,"type":"collection_view_page","content":["9010476d-27d5-4298-b743-3e99d8e53809","dad141aa-cf79-4724-a492-f3adf7c07896"],"view_ids":["dad141aa-cf79-4724-a492-f3adf7c07896"],"format":{"collection_pointer":{"id":"9010476d-27d5-4298-b743-3e99d8e53809","table":"collection","spaceId":"d51d3ca5-7889-4c70-b906-3a5a37b60274"}},"permissions":[{"role":"editor","type":"user_permission","user_id":"a03b888f-5426-4e4f-b5ef-bed855b162f0"}],"created_time":1652089204158,"last_edited_time":1652089206432,"parent_id":"d51d3ca5-7889-4c70-b906-3a5a37b60274","parent_table":"space","alive":true,"created_by_table":"notion_user","created_by_id":"a03b888f-5426-4e4f-b5ef-bed855b162f0","last_edited_by_table":"notion_user","last_edited_by_id":"a03b888f-5426-4e4f-b5ef-bed855b162f0","space_id":"d51d3ca5-7889-4c70-b906-3a5a37b60274"}}},"collection":{"9010476d-27d5-4298-b743-3e99d8e53809":{"role":"editor","value":{"id":"9010476d-27d5-4298-b743-3e99d8e53809","version":2,"name":[["TESTING
        PAGE"]],"schema":{"WMa3":{"name":"b","type":"text"},"title":{"name":"a","type":"title"}},"parent_id":"5276ecc4-6672-4208-97cc-7c765c8db4a0","parent_table":"block","alive":true,"migrated":true,"space_id":"d51d3ca5-7889-4c70-b906-3a5a37b60274"}}},"space":{"d51d3ca5-7889-4c70-b906-3a5a37b60274":{"role":"editor","value":{"id":"d51d3ca5-7889-4c70-b906-3a5a37b60274","version":3030,"name":"test_py","permissions":[{"role":"editor","type":"user_permission","user_id":"a03b888f-5426-4e4f-b5ef-bed855b162f0"}],"beta_enabled":false,"pages":["5276ecc4-6672-4208-97cc-7c765c8db4a0"],"created_time":1638259881592,"last_edited_time":1651932240000,"created_by_table":"notion_user","created_by_id":"a03b888f-5426-4e4f-b5ef-bed855b162f0","last_edited_by_table":"notion_user","last_edited_by_id":"a03b888f-5426-4e4f-b5ef-bed855b162f0","plan_type":"personal","invite_link_enabled":true}}}}}'
    headers:
      Content-Type:
      - application/json; charset=utf-8
      Transfer-Encoding:
      - chunked
      content-length:
      - '2717'
    status:
      code: 200
      message: OK
- request:
    body: '{"operations": [{"id": "5276ecc4-6672-4208-97cc-7c765c8db4a0", "path":
      [], "args": {"alive": false}, "command": "update", "table": "block"}, {"args":
      {"last_edited_by_id": "a03b888f-5426-4e4f-b5ef-bed855b162f0", "last_edited_by_table":
      "notion_user", "last_edited_time": 1652089212179}, "command": "update", "id":
      "5276ecc4-6672-4208-97cc-7c765c8db4a0", "path": [], "table": "block"}, {"id":
      "d51d3ca5-7889-4c70-b906-3a5a37b60274", "path": ["pages"], "args": {"id": "5276ecc4-6672-4208-97cc-7c765c8db4a0"},
      "command": "listRemove", "table": "space"}, {"args": {"last_edited_by_id": "a03b888f-5426-4e4f-b5ef-bed855b162f0",
      "last_edited_by_table": "notion_user", "last_edited_time": 1652089212179}, "command":
      "update", "id": "5276ecc4-6672-4208-97cc-7c765c8db4a0", "path": [], "table":
      "block"}]}'
    headers:
      Content-Length:
      - '795'
      Content-Type:
      - application/json
      cookie:
      - PRIVATE
    method: POST
    uri: https://www.notion.so/api/v3/submitTransaction
  response:
    body:
      string: '{}'
    headers:
      Content-Length:
      - '2'
      Content-Type:
      - application/json; charset=utf-8
    status:
      code: 200
      message: OK
- request:
    body: '{"blockIds": ["5276ecc4-6672-4208-97cc-7c765c8db4a0"], "permanentlyDelete":
      true}'
    headers:
      Content-Length:
      - '81'
      Content-Type:
      - application/json
      cookie:
      - PRIVATE
    method: POST
    uri: https://www.notion.so/api/v3/deleteBlocks
  response:
    body:
      string: '{"recordMap":{}}'
    headers:
      Content-Length:
      - '16'
      Content-Type:
      - application/json; charset=utf-8
    status:
      code: 200
      message: OK
version: 1
