interactions:
- request:
    body: '{}'
    headers:
      Content-Length:
      - '2'
      Content-Type:
      - application/json
      cookie:
      - PRIVATE
    method: POST
    uri: https://www.notion.so/api/v3/loadUserContent
  response:
    body:
      string: '{"recordMap":{"notion_user":{"a03b888f-5426-4e4f-b5ef-bed855b162f0":{"role":"editor","value":{"id":"a03b888f-5426-4e4f-b5ef-bed855b162f0","version":7,"email":"test_py_notion@protonmail.com","onboarding_completed":true,"name":"test_py"}}},"user_root":{"a03b888f-5426-4e4f-b5ef-bed855b162f0":{"role":"editor","value":{"id":"a03b888f-5426-4e4f-b5ef-bed855b162f0","version":3,"space_views":["703440cc-f5cb-4f27-ba54-a9125a58e033"],"space_view_pointers":[{"id":"703440cc-f5cb-4f27-ba54-a9125a58e033","table":"space_view","spaceId":"d51d3ca5-7889-4c70-b906-3a5a37b60274"}]}}},"user_settings":{"a03b888f-5426-4e4f-b5ef-bed855b162f0":{"role":"editor","value":{"id":"a03b888f-5426-4e4f-b5ef-bed855b162f0","version":10,"settings":{"type":"personal","persona":"personal","team_role":"unfilled","time_zone":"Asia/Tashkent","signup_time":1638259864507,"cookie_consent":{"id":"2c2f9260-c9a6-4097-bc19-30e5395dfb02","permission":{"necessary":true,"targeting":false,"preference":false,"performance":false}},"preferred_locale":"en-US","used_desktop_web_app":true,"seen_views_intro_modal":true,"preferred_locale_origin":"autodetect","seen_persona_collection":true}}}},"space_view":{"703440cc-f5cb-4f27-ba54-a9125a58e033":{"role":"editor","value":{"id":"703440cc-f5cb-4f27-ba54-a9125a58e033","version":38,"space_id":"d51d3ca5-7889-4c70-b906-3a5a37b60274","parent_id":"a03b888f-5426-4e4f-b5ef-bed855b162f0","parent_table":"user_root","alive":true,"notify_mobile":false,"notify_desktop":true,"notify_email":false,"visited_templates":["7e89f436-7aac-4f66-b0a6-6e65ec868d2a","88c9c2b0-d732-4342-8963-0580a4725571","ba43b46e-4ad3-47f7-95f0-58a3ba01476f","2dddc8c5-a711-4aa2-b5b3-ff952a49bcfa","b7572331-51ab-4ed5-a931-5a7d34b08bf0"],"sidebar_hidden_templates":["7e89f436-7aac-4f66-b0a6-6e65ec868d2a","88c9c2b0-d732-4342-8963-0580a4725571","ba43b46e-4ad3-47f7-95f0-58a3ba01476f","2dddc8c5-a711-4aa2-b5b3-ff952a49bcfa","b7572331-51ab-4ed5-a931-5a7d34b08bf0"],"created_getting_started":true,"created_onboarding_templates":true,"joined":true,"settings":{"on_app_start":"first_page"}}}},"space":{"d51d3ca5-7889-4c70-b906-3a5a37b60274":{"role":"editor","value":{"id":"d51d3ca5-7889-4c70-b906-3a5a37b60274","version":5916,"name":"test_py","permissions":[{"role":"editor","type":"user_permission","user_id":"a03b888f-5426-4e4f-b5ef-bed855b162f0"}],"beta_enabled":false,"created_time":1638259881592,"last_edited_time":1657343400000,"created_by_table":"notion_user","created_by_id":"a03b888f-5426-4e4f-b5ef-bed855b162f0","last_edited_by_table":"notion_user","last_edited_by_id":"a03b888f-5426-4e4f-b5ef-bed855b162f0","plan_type":"personal","invite_link_enabled":true,"subscription_tier":"personal_free"}}}}}'
    headers:
      Content-Type:
      - application/json; charset=utf-8
      Transfer-Encoding:
      - chunked
      content-length:
      - '2673'
    status:
      code: 200
      message: OK
- request:
    body: '{}'
    headers:
      Content-Length:
      - '2'
      Content-Type:
      - application/json
      cookie:
      - PRIVATE
      x-notion-active-user-header:
      - a03b888f-5426-4e4f-b5ef-bed855b162f0
    method: POST
    uri: https://www.notion.so/api/v3/loadUserContent
  response:
    body:
      string: '{"recordMap":{"notion_user":{"a03b888f-5426-4e4f-b5ef-bed855b162f0":{"role":"editor","value":{"id":"a03b888f-5426-4e4f-b5ef-bed855b162f0","version":7,"email":"test_py_notion@protonmail.com","onboarding_completed":true,"name":"test_py"}}},"user_root":{"a03b888f-5426-4e4f-b5ef-bed855b162f0":{"role":"editor","value":{"id":"a03b888f-5426-4e4f-b5ef-bed855b162f0","version":3,"space_views":["703440cc-f5cb-4f27-ba54-a9125a58e033"],"space_view_pointers":[{"id":"703440cc-f5cb-4f27-ba54-a9125a58e033","table":"space_view","spaceId":"d51d3ca5-7889-4c70-b906-3a5a37b60274"}]}}},"user_settings":{"a03b888f-5426-4e4f-b5ef-bed855b162f0":{"role":"editor","value":{"id":"a03b888f-5426-4e4f-b5ef-bed855b162f0","version":10,"settings":{"type":"personal","persona":"personal","team_role":"unfilled","time_zone":"Asia/Tashkent","signup_time":1638259864507,"cookie_consent":{"id":"2c2f9260-c9a6-4097-bc19-30e5395dfb02","permission":{"necessary":true,"targeting":false,"preference":false,"performance":false}},"preferred_locale":"en-US","used_desktop_web_app":true,"seen_views_intro_modal":true,"preferred_locale_origin":"autodetect","seen_persona_collection":true}}}},"space_view":{"703440cc-f5cb-4f27-ba54-a9125a58e033":{"role":"editor","value":{"id":"703440cc-f5cb-4f27-ba54-a9125a58e033","version":38,"space_id":"d51d3ca5-7889-4c70-b906-3a5a37b60274","parent_id":"a03b888f-5426-4e4f-b5ef-bed855b162f0","parent_table":"user_root","alive":true,"notify_mobile":false,"notify_desktop":true,"notify_email":false,"visited_templates":["7e89f436-7aac-4f66-b0a6-6e65ec868d2a","88c9c2b0-d732-4342-8963-0580a4725571","ba43b46e-4ad3-47f7-95f0-58a3ba01476f","2dddc8c5-a711-4aa2-b5b3-ff952a49bcfa","b7572331-51ab-4ed5-a931-5a7d34b08bf0"],"sidebar_hidden_templates":["7e89f436-7aac-4f66-b0a6-6e65ec868d2a","88c9c2b0-d732-4342-8963-0580a4725571","ba43b46e-4ad3-47f7-95f0-58a3ba01476f","2dddc8c5-a711-4aa2-b5b3-ff952a49bcfa","b7572331-51ab-4ed5-a931-5a7d34b08bf0"],"created_getting_started":true,"created_onboarding_templates":true,"joined":true,"settings":{"on_app_start":"first_page"}}}},"space":{"d51d3ca5-7889-4c70-b906-3a5a37b60274":{"role":"editor","value":{"id":"d51d3ca5-7889-4c70-b906-3a5a37b60274","version":5916,"name":"test_py","permissions":[{"role":"editor","type":"user_permission","user_id":"a03b888f-5426-4e4f-b5ef-bed855b162f0"}],"beta_enabled":false,"created_time":1638259881592,"last_edited_time":1657343400000,"created_by_table":"notion_user","created_by_id":"a03b888f-5426-4e4f-b5ef-bed855b162f0","last_edited_by_table":"notion_user","last_edited_by_id":"a03b888f-5426-4e4f-b5ef-bed855b162f0","plan_type":"personal","invite_link_enabled":true,"subscription_tier":"personal_free"}}}}}'
    headers:
      Content-Type:
      - application/json; charset=utf-8
      Transfer-Encoding:
      - chunked
      content-length:
      - '2673'
    status:
      code: 200
      message: OK
- request:
    body: '{"operations": [{"id": "6c03ea0c-e9a4-48b7-9d70-41b7e998ad00", "path":
      [], "args": {"id": "6c03ea0c-e9a4-48b7-9d70-41b7e998ad00", "version": 1, "alive":
      true, "created_by_id": "a03b888f-5426-4e4f-b5ef-bed855b162f0", "created_by_table":
      "notion_user", "created_time": 1658401006212, "parent_id": "d51d3ca5-7889-4c70-b906-3a5a37b60274",
      "parent_table": "space", "type": "collection_view_page", "permissions": [{"role":
      "editor", "type": "user_permission", "user_id": "a03b888f-5426-4e4f-b5ef-bed855b162f0"}]},
      "command": "set", "table": "block"}, {"args": {"last_edited_by_id": "a03b888f-5426-4e4f-b5ef-bed855b162f0",
      "last_edited_by_table": "notion_user", "last_edited_time": 1658401006212}, "command":
      "update", "id": "6c03ea0c-e9a4-48b7-9d70-41b7e998ad00", "path": [], "table":
      "block"}, {"id": "d51d3ca5-7889-4c70-b906-3a5a37b60274", "path": ["pages"],
      "args": {"id": "6c03ea0c-e9a4-48b7-9d70-41b7e998ad00"}, "command": "listAfter",
      "table": "space"}, {"args": {"last_edited_by_id": "a03b888f-5426-4e4f-b5ef-bed855b162f0",
      "last_edited_by_table": "notion_user", "last_edited_time": 1658401006212}, "command":
      "update", "id": "6c03ea0c-e9a4-48b7-9d70-41b7e998ad00", "path": [], "table":
      "block"}]}'
    headers:
      Content-Length:
      - '1198'
      Content-Type:
      - application/json
      cookie:
      - PRIVATE
      x-notion-active-user-header:
      - a03b888f-5426-4e4f-b5ef-bed855b162f0
    method: POST
    uri: https://www.notion.so/api/v3/submitTransaction
  response:
    body:
      string: '{}'
    headers:
      Content-Length:
      - '2'
      Content-Type:
      - application/json; charset=utf-8
    status:
      code: 200
      message: OK
- request:
    body: '{"operations": [{"id": "9be604bb-887f-42b4-b8f5-bccaf28d0666", "path":
      [], "args": {"id": "9be604bb-887f-42b4-b8f5-bccaf28d0666", "version": 1, "alive":
      true, "created_by_id": "a03b888f-5426-4e4f-b5ef-bed855b162f0", "created_by_table":
      "notion_user", "created_time": 1658401006879, "parent_id": "6c03ea0c-e9a4-48b7-9d70-41b7e998ad00",
      "parent_table": "block", "schema": {"title": {"name": "a", "type": "title"},
      "Bqzk": {"name": "b", "type": "text"}}}, "command": "set", "table": "collection"},
      {"id": "6c03ea0c-e9a4-48b7-9d70-41b7e998ad00", "path": ["content"], "args":
      {"id": "9be604bb-887f-42b4-b8f5-bccaf28d0666"}, "command": "listAfter", "table":
      "block"}, {"args": {"last_edited_by_id": "a03b888f-5426-4e4f-b5ef-bed855b162f0",
      "last_edited_by_table": "notion_user", "last_edited_time": 1658401006879}, "command":
      "update", "id": "6c03ea0c-e9a4-48b7-9d70-41b7e998ad00", "path": [], "table":
      "block"}, {"args": {"last_edited_by_id": "a03b888f-5426-4e4f-b5ef-bed855b162f0",
      "last_edited_by_table": "notion_user", "last_edited_time": 1658401006879}, "command":
      "update", "id": "6c03ea0c-e9a4-48b7-9d70-41b7e998ad00", "path": [], "table":
      "block"}]}'
    headers:
      Content-Length:
      - '1150'
      Content-Type:
      - application/json
      cookie:
      - PRIVATE
      x-notion-active-user-header:
      - a03b888f-5426-4e4f-b5ef-bed855b162f0
    method: POST
    uri: https://www.notion.so/api/v3/submitTransaction
  response:
    body:
      string: '{}'
    headers:
      Content-Length:
      - '2'
      Content-Type:
      - application/json; charset=utf-8
    status:
      code: 200
      message: OK
- request:
    body: '{"operations": [{"id": "6c03ea0c-e9a4-48b7-9d70-41b7e998ad00", "path":
      ["format", "collection_pointer", "id"], "args": "9be604bb-887f-42b4-b8f5-bccaf28d0666",
      "command": "set", "table": "block"}, {"args": {"last_edited_by_id": "a03b888f-5426-4e4f-b5ef-bed855b162f0",
      "last_edited_by_table": "notion_user", "last_edited_time": 1658401007642}, "command":
      "update", "id": "6c03ea0c-e9a4-48b7-9d70-41b7e998ad00", "path": [], "table":
      "block"}]}'
    headers:
      Content-Length:
      - '440'
      Content-Type:
      - application/json
      cookie:
      - PRIVATE
      x-notion-active-user-header:
      - a03b888f-5426-4e4f-b5ef-bed855b162f0
    method: POST
    uri: https://www.notion.so/api/v3/submitTransaction
  response:
    body:
      string: '{}'
    headers:
      Content-Length:
      - '2'
      Content-Type:
      - application/json; charset=utf-8
    status:
      code: 200
      message: OK
- request:
    body: '{"operations": [{"id": "9f436ab6-cfb6-4272-aab3-3b2402db6a81", "path":
      [], "args": {"id": "9f436ab6-cfb6-4272-aab3-3b2402db6a81", "version": 1, "alive":
      true, "created_by_id": "a03b888f-5426-4e4f-b5ef-bed855b162f0", "created_by_table":
      "notion_user", "created_time": 1658401008202, "parent_id": "6c03ea0c-e9a4-48b7-9d70-41b7e998ad00",
      "parent_table": "block", "type": "table"}, "command": "set", "table": "collection_view"},
      {"id": "6c03ea0c-e9a4-48b7-9d70-41b7e998ad00", "path": ["content"], "args":
      {"id": "9f436ab6-cfb6-4272-aab3-3b2402db6a81"}, "command": "listAfter", "table":
      "block"}, {"args": {"last_edited_by_id": "a03b888f-5426-4e4f-b5ef-bed855b162f0",
      "last_edited_by_table": "notion_user", "last_edited_time": 1658401008202}, "command":
      "update", "id": "6c03ea0c-e9a4-48b7-9d70-41b7e998ad00", "path": [], "table":
      "block"}, {"args": {"last_edited_by_id": "a03b888f-5426-4e4f-b5ef-bed855b162f0",
      "last_edited_by_table": "notion_user", "last_edited_time": 1658401008202}, "command":
      "update", "id": "6c03ea0c-e9a4-48b7-9d70-41b7e998ad00", "path": [], "table":
      "block"}]}'
    headers:
      Content-Length:
      - '1080'
      Content-Type:
      - application/json
      cookie:
      - PRIVATE
      x-notion-active-user-header:
      - a03b888f-5426-4e4f-b5ef-bed855b162f0
    method: POST
    uri: https://www.notion.so/api/v3/submitTransaction
  response:
    body:
      string: '{}'
    headers:
      Content-Length:
      - '2'
      Content-Type:
      - application/json; charset=utf-8
    status:
      code: 200
      message: OK
- request:
    body: '{"operations": [{"id": "9f436ab6-cfb6-4272-aab3-3b2402db6a81", "path":
      ["collection_id"], "args": "9be604bb-887f-42b4-b8f5-bccaf28d0666", "command":
      "set", "table": "collection_view"}]}'
    headers:
      Content-Length:
      - '185'
      Content-Type:
      - application/json
      cookie:
      - PRIVATE
      x-notion-active-user-header:
      - a03b888f-5426-4e4f-b5ef-bed855b162f0
    method: POST
    uri: https://www.notion.so/api/v3/submitTransaction
  response:
    body:
      string: '{}'
    headers:
      Content-Length:
      - '2'
      Content-Type:
      - application/json; charset=utf-8
    status:
      code: 200
      message: OK
- request:
    body: '{"operations": [{"id": "6c03ea0c-e9a4-48b7-9d70-41b7e998ad00", "path":
      ["view_ids"], "args": ["9f436ab6-cfb6-4272-aab3-3b2402db6a81"], "command": "set",
      "table": "block"}, {"args": {"last_edited_by_id": "a03b888f-5426-4e4f-b5ef-bed855b162f0",
      "last_edited_by_table": "notion_user", "last_edited_time": 1658401009355}, "command":
      "update", "id": "6c03ea0c-e9a4-48b7-9d70-41b7e998ad00", "path": [], "table":
      "block"}]}'
    headers:
      Content-Length:
      - '416'
      Content-Type:
      - application/json
      cookie:
      - PRIVATE
      x-notion-active-user-header:
      - a03b888f-5426-4e4f-b5ef-bed855b162f0
    method: POST
    uri: https://www.notion.so/api/v3/submitTransaction
  response:
    body:
      string: '{}'
    headers:
      Content-Length:
      - '2'
      Content-Type:
      - application/json; charset=utf-8
    status:
      code: 200
      message: OK
- request:
    body: '{"operations": [{"id": "9f436ab6-cfb6-4272-aab3-3b2402db6a81", "path":
      ["format", "table_properties"], "args": [{"visible": true, "property": "title"},
      {"visible": true, "property": "Bqzk"}], "command": "set", "table": "collection_view"}]}'
    headers:
      Content-Length:
      - '239'
      Content-Type:
      - application/json
      cookie:
      - PRIVATE
      x-notion-active-user-header:
      - a03b888f-5426-4e4f-b5ef-bed855b162f0
    method: POST
    uri: https://www.notion.so/api/v3/submitTransaction
  response:
    body:
      string: '{}'
    headers:
      Content-Length:
      - '2'
      Content-Type:
      - application/json; charset=utf-8
    status:
      code: 200
      message: OK
- request:
    body: '{"operations": [{"id": "9be604bb-887f-42b4-b8f5-bccaf28d0666", "path":
      ["name"], "args": [["TESTING PAGE"]], "command": "set", "table": "collection"}]}'
    headers:
      Content-Length:
      - '151'
      Content-Type:
      - application/json
      cookie:
      - PRIVATE
      x-notion-active-user-header:
      - a03b888f-5426-4e4f-b5ef-bed855b162f0
    method: POST
    uri: https://www.notion.so/api/v3/submitTransaction
  response:
    body:
      string: '{}'
    headers:
      Content-Length:
      - '2'
      Content-Type:
      - application/json; charset=utf-8
    status:
      code: 200
      message: OK
- request:
    body: '{}'
    headers:
      Content-Length:
      - '2'
      Content-Type:
      - application/json
      cookie:
      - PRIVATE
    method: POST
    uri: https://www.notion.so/api/v3/loadUserContent
  response:
    body:
      string: '{"recordMap":{"notion_user":{"a03b888f-5426-4e4f-b5ef-bed855b162f0":{"role":"editor","value":{"id":"a03b888f-5426-4e4f-b5ef-bed855b162f0","version":7,"email":"test_py_notion@protonmail.com","onboarding_completed":true,"name":"test_py"}}},"user_root":{"a03b888f-5426-4e4f-b5ef-bed855b162f0":{"role":"editor","value":{"id":"a03b888f-5426-4e4f-b5ef-bed855b162f0","version":3,"space_views":["703440cc-f5cb-4f27-ba54-a9125a58e033"],"space_view_pointers":[{"id":"703440cc-f5cb-4f27-ba54-a9125a58e033","table":"space_view","spaceId":"d51d3ca5-7889-4c70-b906-3a5a37b60274"}]}}},"user_settings":{"a03b888f-5426-4e4f-b5ef-bed855b162f0":{"role":"editor","value":{"id":"a03b888f-5426-4e4f-b5ef-bed855b162f0","version":10,"settings":{"type":"personal","persona":"personal","team_role":"unfilled","time_zone":"Asia/Tashkent","signup_time":1638259864507,"cookie_consent":{"id":"2c2f9260-c9a6-4097-bc19-30e5395dfb02","permission":{"necessary":true,"targeting":false,"preference":false,"performance":false}},"preferred_locale":"en-US","used_desktop_web_app":true,"seen_views_intro_modal":true,"preferred_locale_origin":"autodetect","seen_persona_collection":true}}}},"space_view":{"703440cc-f5cb-4f27-ba54-a9125a58e033":{"role":"editor","value":{"id":"703440cc-f5cb-4f27-ba54-a9125a58e033","version":38,"space_id":"d51d3ca5-7889-4c70-b906-3a5a37b60274","parent_id":"a03b888f-5426-4e4f-b5ef-bed855b162f0","parent_table":"user_root","alive":true,"notify_mobile":false,"notify_desktop":true,"notify_email":false,"visited_templates":["7e89f436-7aac-4f66-b0a6-6e65ec868d2a","88c9c2b0-d732-4342-8963-0580a4725571","ba43b46e-4ad3-47f7-95f0-58a3ba01476f","2dddc8c5-a711-4aa2-b5b3-ff952a49bcfa","b7572331-51ab-4ed5-a931-5a7d34b08bf0"],"sidebar_hidden_templates":["7e89f436-7aac-4f66-b0a6-6e65ec868d2a","88c9c2b0-d732-4342-8963-0580a4725571","ba43b46e-4ad3-47f7-95f0-58a3ba01476f","2dddc8c5-a711-4aa2-b5b3-ff952a49bcfa","b7572331-51ab-4ed5-a931-5a7d34b08bf0"],"created_getting_started":true,"created_onboarding_templates":true,"joined":true,"settings":{"on_app_start":"first_page"}}}},"space":{"d51d3ca5-7889-4c70-b906-3a5a37b60274":{"role":"editor","value":{"id":"d51d3ca5-7889-4c70-b906-3a5a37b60274","version":5917,"name":"test_py","permissions":[{"role":"editor","type":"user_permission","user_id":"a03b888f-5426-4e4f-b5ef-bed855b162f0"}],"beta_enabled":false,"pages":["6c03ea0c-e9a4-48b7-9d70-41b7e998ad00"],"created_time":1638259881592,"last_edited_time":1657343400000,"created_by_table":"notion_user","created_by_id":"a03b888f-5426-4e4f-b5ef-bed855b162f0","last_edited_by_table":"notion_user","last_edited_by_id":"a03b888f-5426-4e4f-b5ef-bed855b162f0","plan_type":"personal","invite_link_enabled":true,"subscription_tier":"personal_free"}}},"block":{"6c03ea0c-e9a4-48b7-9d70-41b7e998ad00":{"role":"editor","value":{"id":"6c03ea0c-e9a4-48b7-9d70-41b7e998ad00","version":13,"type":"collection_view_page","content":["9be604bb-887f-42b4-b8f5-bccaf28d0666","9f436ab6-cfb6-4272-aab3-3b2402db6a81"],"view_ids":["9f436ab6-cfb6-4272-aab3-3b2402db6a81"],"format":{"collection_pointer":{"id":"9be604bb-887f-42b4-b8f5-bccaf28d0666","table":"collection","spaceId":"d51d3ca5-7889-4c70-b906-3a5a37b60274"}},"permissions":[{"role":"editor","type":"user_permission","user_id":"a03b888f-5426-4e4f-b5ef-bed855b162f0"}],"created_time":1658401006212,"last_edited_time":1658401009355,"parent_id":"d51d3ca5-7889-4c70-b906-3a5a37b60274","parent_table":"space","alive":true,"created_by_table":"notion_user","created_by_id":"a03b888f-5426-4e4f-b5ef-bed855b162f0","last_edited_by_table":"notion_user","last_edited_by_id":"a03b888f-5426-4e4f-b5ef-bed855b162f0","space_id":"d51d3ca5-7889-4c70-b906-3a5a37b60274"}}},"collection":{"9be604bb-887f-42b4-b8f5-bccaf28d0666":{"role":"editor","value":{"id":"9be604bb-887f-42b4-b8f5-bccaf28d0666","version":2,"name":[["TESTING
        PAGE"]],"schema":{"Bqzk":{"name":"b","type":"text"},"title":{"name":"a","type":"title"}},"parent_id":"6c03ea0c-e9a4-48b7-9d70-41b7e998ad00","parent_table":"block","alive":true,"migrated":true,"space_id":"d51d3ca5-7889-4c70-b906-3a5a37b60274"}}}}}'
    headers:
      Content-Type:
      - application/json; charset=utf-8
      Transfer-Encoding:
      - chunked
      content-length:
      - '4065'
    status:
      code: 200
      message: OK
- request:
    body: '{"page": {"id": "6c03ea0c-e9a4-48b7-9d70-41b7e998ad00"}, "limit": 100,
      "cursor": {"stack": []}, "chunkNumber": 0, "verticalColumns": false}'
    headers:
      Content-Length:
      - '139'
      Content-Type:
      - application/json
      cookie:
      - PRIVATE
      x-notion-active-user-header:
      - a03b888f-5426-4e4f-b5ef-bed855b162f0
    method: POST
    uri: https://www.notion.so/api/v3/loadPageChunk
  response:
    body:
      string: '{"cursor":{"stack":[]},"recordMap":{"block":{"6c03ea0c-e9a4-48b7-9d70-41b7e998ad00":{"role":"editor","value":{"id":"6c03ea0c-e9a4-48b7-9d70-41b7e998ad00","version":13,"type":"collection_view_page","content":["9be604bb-887f-42b4-b8f5-bccaf28d0666","9f436ab6-cfb6-4272-aab3-3b2402db6a81"],"view_ids":["9f436ab6-cfb6-4272-aab3-3b2402db6a81"],"format":{"collection_pointer":{"id":"9be604bb-887f-42b4-b8f5-bccaf28d0666","table":"collection","spaceId":"d51d3ca5-7889-4c70-b906-3a5a37b60274"}},"permissions":[{"role":"editor","type":"user_permission","user_id":"a03b888f-5426-4e4f-b5ef-bed855b162f0"}],"created_time":1658401006212,"last_edited_time":1658401009355,"parent_id":"d51d3ca5-7889-4c70-b906-3a5a37b60274","parent_table":"space","alive":true,"created_by_table":"notion_user","created_by_id":"a03b888f-5426-4e4f-b5ef-bed855b162f0","last_edited_by_table":"notion_user","last_edited_by_id":"a03b888f-5426-4e4f-b5ef-bed855b162f0","space_id":"d51d3ca5-7889-4c70-b906-3a5a37b60274"}}},"space":{"d51d3ca5-7889-4c70-b906-3a5a37b60274":{"role":"editor","value":{"id":"d51d3ca5-7889-4c70-b906-3a5a37b60274","version":5917,"name":"test_py","permissions":[{"role":"editor","type":"user_permission","user_id":"a03b888f-5426-4e4f-b5ef-bed855b162f0"}],"beta_enabled":false,"pages":["6c03ea0c-e9a4-48b7-9d70-41b7e998ad00"],"created_time":1638259881592,"last_edited_time":1657343400000,"created_by_table":"notion_user","created_by_id":"a03b888f-5426-4e4f-b5ef-bed855b162f0","last_edited_by_table":"notion_user","last_edited_by_id":"a03b888f-5426-4e4f-b5ef-bed855b162f0","plan_type":"personal","invite_link_enabled":true,"subscription_tier":"personal_free"}}},"collection":{"9be604bb-887f-42b4-b8f5-bccaf28d0666":{"role":"editor","value":{"id":"9be604bb-887f-42b4-b8f5-bccaf28d0666","version":2,"name":[["TESTING
        PAGE"]],"schema":{"Bqzk":{"name":"b","type":"text"},"title":{"name":"a","type":"title"}},"parent_id":"6c03ea0c-e9a4-48b7-9d70-41b7e998ad00","parent_table":"block","alive":true,"migrated":true,"space_id":"d51d3ca5-7889-4c70-b906-3a5a37b60274"}}},"collection_view":{"9f436ab6-cfb6-4272-aab3-3b2402db6a81":{"role":"editor","value":{"id":"9f436ab6-cfb6-4272-aab3-3b2402db6a81","version":3,"type":"table","format":{"table_properties":[{"visible":true,"property":"title"},{"visible":true,"property":"Bqzk"}]},"parent_id":"6c03ea0c-e9a4-48b7-9d70-41b7e998ad00","parent_table":"block","alive":true,"space_id":"d51d3ca5-7889-4c70-b906-3a5a37b60274","created_time":1658401008202,"created_by_table":"notion_user","created_by_id":"a03b888f-5426-4e4f-b5ef-bed855b162f0"}}}}}'
    headers:
      Content-Type:
      - application/json; charset=utf-8
      Transfer-Encoding:
      - chunked
      content-length:
      - '2558'
    status:
      code: 200
      message: OK
- request:
    body: '{"operations": [{"id": "6b70a4ec-1231-4936-a783-b02e5ecead2b", "path":
      [], "args": {"id": "6b70a4ec-1231-4936-a783-b02e5ecead2b", "version": 1, "alive":
      true, "created_by_id": "a03b888f-5426-4e4f-b5ef-bed855b162f0", "created_by_table":
      "notion_user", "created_time": 1658401012831, "parent_id": "9be604bb-887f-42b4-b8f5-bccaf28d0666",
      "parent_table": "collection", "type": "page"}, "command": "set", "table": "block"},
      {"args": {"last_edited_by_id": "a03b888f-5426-4e4f-b5ef-bed855b162f0", "last_edited_by_table":
      "notion_user", "last_edited_time": 1658401012831}, "command": "update", "id":
      "6b70a4ec-1231-4936-a783-b02e5ecead2b", "path": [], "table": "block"}, {"args":
      {"last_edited_by_id": "a03b888f-5426-4e4f-b5ef-bed855b162f0", "last_edited_by_table":
      "notion_user", "last_edited_time": 1658401012831}, "command": "update", "id":
      "6b70a4ec-1231-4936-a783-b02e5ecead2b", "path": [], "table": "block"}]}'
    headers:
      Content-Length:
      - '907'
      Content-Type:
      - application/json
      cookie:
      - PRIVATE
      x-notion-active-user-header:
      - a03b888f-5426-4e4f-b5ef-bed855b162f0
    method: POST
    uri: https://www.notion.so/api/v3/submitTransaction
  response:
    body:
      string: '{}'
    headers:
      Content-Length:
      - '2'
      Content-Type:
      - application/json; charset=utf-8
    status:
      code: 200
      message: OK
- request:
    body: '{"operations": [{"id": "6b70a4ec-1231-4936-a783-b02e5ecead2b", "path":
      ["properties", "meta", "icon"], "args": {"type": "url", "url": "\u26d4"}, "command":
      "set", "table": "block"}, {"args": {"last_edited_by_id": "a03b888f-5426-4e4f-b5ef-bed855b162f0",
      "last_edited_by_table": "notion_user", "last_edited_time": 1658401014170}, "command":
      "update", "id": "6b70a4ec-1231-4936-a783-b02e5ecead2b", "path": [], "table":
      "block"}, {"id": "6b70a4ec-1231-4936-a783-b02e5ecead2b", "path": ["format",
      "page_icon"], "args": "\u26d4", "command": "set", "table": "block"}, {"args":
      {"last_edited_by_id": "a03b888f-5426-4e4f-b5ef-bed855b162f0", "last_edited_by_table":
      "notion_user", "last_edited_time": 1658401014170}, "command": "update", "id":
      "6b70a4ec-1231-4936-a783-b02e5ecead2b", "path": [], "table": "block"}, {"id":
      "6b70a4ec-1231-4936-a783-b02e5ecead2b", "path": ["properties", "title"], "args":
      [["a"]], "command": "set", "table": "block"}, {"args": {"last_edited_by_id":
      "a03b888f-5426-4e4f-b5ef-bed855b162f0", "last_edited_by_table": "notion_user",
      "last_edited_time": 1658401014170}, "command": "update", "id": "6b70a4ec-1231-4936-a783-b02e5ecead2b",
      "path": [], "table": "block"}, {"id": "6b70a4ec-1231-4936-a783-b02e5ecead2b",
      "path": ["properties", "Bqzk"], "args": [["b"]], "command": "set", "table":
      "block"}, {"args": {"last_edited_by_id": "a03b888f-5426-4e4f-b5ef-bed855b162f0",
      "last_edited_by_table": "notion_user", "last_edited_time": 1658401014170}, "command":
      "update", "id": "6b70a4ec-1231-4936-a783-b02e5ecead2b", "path": [], "table":
      "block"}, {"id": "9f436ab6-cfb6-4272-aab3-3b2402db6a81", "path": ["page_sort"],
      "args": ["6b70a4ec-1231-4936-a783-b02e5ecead2b"], "command": "set", "table":
      "collection_view"}, {"args": {"last_edited_by_id": "a03b888f-5426-4e4f-b5ef-bed855b162f0",
      "last_edited_by_table": "notion_user", "last_edited_time": 1658401014170}, "command":
      "update", "id": "6b70a4ec-1231-4936-a783-b02e5ecead2b", "path": [], "table":
      "block"}]}'
    headers:
      Content-Length:
      - '1971'
      Content-Type:
      - application/json
      cookie:
      - PRIVATE
      x-notion-active-user-header:
      - a03b888f-5426-4e4f-b5ef-bed855b162f0
    method: POST
    uri: https://www.notion.so/api/v3/submitTransaction
  response:
    body:
      string: '{}'
    headers:
      Content-Length:
      - '2'
      Content-Type:
      - application/json; charset=utf-8
    status:
      code: 200
      message: OK
- request:
    body: '{"collection": {"id": "9be604bb-887f-42b4-b8f5-bccaf28d0666", "spaceId":
      "d51d3ca5-7889-4c70-b906-3a5a37b60274"}, "collectionView": {"id": "9f436ab6-cfb6-4272-aab3-3b2402db6a81",
      "spaceId": "d51d3ca5-7889-4c70-b906-3a5a37b60274"}, "loader": {"reducers": {"table:uncategorized:title:count":
      {"aggregation": {"aggregator": "count", "property": "title"}, "type": "aggregation"}},
      "searchQuery": "", "sort": [], "userTimeZone": "Asia/Tashkent", "type": "reducer"}}'
    headers:
      Content-Length:
      - '460'
      Content-Type:
      - application/json
      cookie:
      - PRIVATE
      x-notion-active-user-header:
      - a03b888f-5426-4e4f-b5ef-bed855b162f0
    method: POST
    uri: https://www.notion.so/api/v3/queryCollection
  response:
    body:
      string: '{"result":{"type":"reducer","reducerResults":{"table:uncategorized:title:count":{"type":"aggregation","aggregationResult":{"type":"number","value":1}}},"sizeHint":1},"recordMap":{}}'
    headers:
      Content-Type:
      - application/json; charset=utf-8
      Transfer-Encoding:
      - chunked
      content-encoding:
      - undefined
    status:
      code: 200
      message: OK
- request:
    body: '{"collection": {"id": "9be604bb-887f-42b4-b8f5-bccaf28d0666", "spaceId":
      "d51d3ca5-7889-4c70-b906-3a5a37b60274"}, "collectionView": {"id": "9f436ab6-cfb6-4272-aab3-3b2402db6a81",
      "spaceId": "d51d3ca5-7889-4c70-b906-3a5a37b60274"}, "loader": {"reducers": {"collection_group_results":
      {"limit": 1, "type": "results"}}, "searchQuery": "", "sort": [], "userTimeZone":
      "Asia/Tashkent", "type": "reducer"}}'
    headers:
      Content-Length:
      - '400'
      Content-Type:
      - application/json
      cookie:
      - PRIVATE
      x-notion-active-user-header:
      - a03b888f-5426-4e4f-b5ef-bed855b162f0
    method: POST
    uri: https://www.notion.so/api/v3/queryCollection
  response:
    body:
      string: "{\"result\":{\"type\":\"reducer\",\"reducerResults\":{\"collection_group_results\":{\"type\":\"results\",\"blockIds\":[\"6b70a4ec-1231-4936-a783-b02e5ecead2b\"],\"hasMore\":false}},\"sizeHint\":1},\"recordMap\":{\"block\":{\"6b70a4ec-1231-4936-a783-b02e5ecead2b\":{\"role\":\"editor\",\"value\":{\"id\":\"6b70a4ec-1231-4936-a783-b02e5ecead2b\",\"version\":12,\"type\":\"page\",\"properties\":{\"Bqzk\":[[\"b\"]],\"meta\":{\"icon\":{\"url\":\"\u26D4\",\"type\":\"url\"}},\"title\":[[\"a\"]]},\"format\":{\"page_icon\":\"\u26D4\"},\"created_time\":1658401012831,\"last_edited_time\":1658401014170,\"parent_id\":\"9be604bb-887f-42b4-b8f5-bccaf28d0666\",\"parent_table\":\"collection\",\"alive\":true,\"created_by_table\":\"notion_user\",\"created_by_id\":\"a03b888f-5426-4e4f-b5ef-bed855b162f0\",\"last_edited_by_table\":\"notion_user\",\"last_edited_by_id\":\"a03b888f-5426-4e4f-b5ef-bed855b162f0\",\"space_id\":\"d51d3ca5-7889-4c70-b906-3a5a37b60274\"}},\"6c03ea0c-e9a4-48b7-9d70-41b7e998ad00\":{\"role\":\"editor\",\"value\":{\"id\":\"6c03ea0c-e9a4-48b7-9d70-41b7e998ad00\",\"version\":13,\"type\":\"collection_view_page\",\"content\":[\"9be604bb-887f-42b4-b8f5-bccaf28d0666\",\"9f436ab6-cfb6-4272-aab3-3b2402db6a81\"],\"view_ids\":[\"9f436ab6-cfb6-4272-aab3-3b2402db6a81\"],\"format\":{\"collection_pointer\":{\"id\":\"9be604bb-887f-42b4-b8f5-bccaf28d0666\",\"table\":\"collection\",\"spaceId\":\"d51d3ca5-7889-4c70-b906-3a5a37b60274\"}},\"permissions\":[{\"role\":\"editor\",\"type\":\"user_permission\",\"user_id\":\"a03b888f-5426-4e4f-b5ef-bed855b162f0\"}],\"created_time\":1658401006212,\"last_edited_time\":1658401009355,\"parent_id\":\"d51d3ca5-7889-4c70-b906-3a5a37b60274\",\"parent_table\":\"space\",\"alive\":true,\"created_by_table\":\"notion_user\",\"created_by_id\":\"a03b888f-5426-4e4f-b5ef-bed855b162f0\",\"last_edited_by_table\":\"notion_user\",\"last_edited_by_id\":\"a03b888f-5426-4e4f-b5ef-bed855b162f0\",\"space_id\":\"d51d3ca5-7889-4c70-b906-3a5a37b60274\"}}},\"collection\":{\"9be604bb-887f-42b4-b8f5-bccaf28d0666\":{\"role\":\"editor\",\"value\":{\"id\":\"9be604bb-887f-42b4-b8f5-bccaf28d0666\",\"version\":2,\"name\":[[\"TESTING
        PAGE\"]],\"schema\":{\"Bqzk\":{\"name\":\"b\",\"type\":\"text\"},\"title\":{\"name\":\"a\",\"type\":\"title\"}},\"parent_id\":\"6c03ea0c-e9a4-48b7-9d70-41b7e998ad00\",\"parent_table\":\"block\",\"alive\":true,\"migrated\":true,\"space_id\":\"d51d3ca5-7889-4c70-b906-3a5a37b60274\"}}},\"space\":{\"d51d3ca5-7889-4c70-b906-3a5a37b60274\":{\"role\":\"editor\",\"value\":{\"id\":\"d51d3ca5-7889-4c70-b906-3a5a37b60274\",\"version\":5917,\"name\":\"test_py\",\"permissions\":[{\"role\":\"editor\",\"type\":\"user_permission\",\"user_id\":\"a03b888f-5426-4e4f-b5ef-bed855b162f0\"}],\"beta_enabled\":false,\"pages\":[\"6c03ea0c-e9a4-48b7-9d70-41b7e998ad00\"],\"created_time\":1638259881592,\"last_edited_time\":1657343400000,\"created_by_table\":\"notion_user\",\"created_by_id\":\"a03b888f-5426-4e4f-b5ef-bed855b162f0\",\"last_edited_by_table\":\"notion_user\",\"last_edited_by_id\":\"a03b888f-5426-4e4f-b5ef-bed855b162f0\",\"plan_type\":\"personal\",\"invite_link_enabled\":true,\"subscription_tier\":\"personal_free\"}}}}}"
    headers:
      Content-Type:
      - application/json; charset=utf-8
      Transfer-Encoding:
      - chunked
      content-length:
      - '2839'
    status:
      code: 200
      message: OK
- request:
    body: '{"collection": {"id": "9be604bb-887f-42b4-b8f5-bccaf28d0666", "spaceId":
      "d51d3ca5-7889-4c70-b906-3a5a37b60274"}, "collectionView": {"id": "9f436ab6-cfb6-4272-aab3-3b2402db6a81",
      "spaceId": "d51d3ca5-7889-4c70-b906-3a5a37b60274"}, "loader": {"reducers": {"table:uncategorized:title:count":
      {"aggregation": {"aggregator": "count", "property": "title"}, "type": "aggregation"}},
      "searchQuery": "", "sort": [], "userTimeZone": "Asia/Tashkent", "type": "reducer"}}'
    headers:
      Content-Length:
      - '460'
      Content-Type:
      - application/json
      cookie:
      - PRIVATE
      x-notion-active-user-header:
      - a03b888f-5426-4e4f-b5ef-bed855b162f0
    method: POST
    uri: https://www.notion.so/api/v3/queryCollection
  response:
    body:
      string: '{"result":{"type":"reducer","reducerResults":{"table:uncategorized:title:count":{"type":"aggregation","aggregationResult":{"type":"number","value":1}}},"sizeHint":1},"recordMap":{}}'
    headers:
      Content-Type:
      - application/json; charset=utf-8
      Transfer-Encoding:
      - chunked
      content-encoding:
      - undefined
    status:
      code: 200
      message: OK
- request:
    body: '{"collection": {"id": "9be604bb-887f-42b4-b8f5-bccaf28d0666", "spaceId":
      "d51d3ca5-7889-4c70-b906-3a5a37b60274"}, "collectionView": {"id": "9f436ab6-cfb6-4272-aab3-3b2402db6a81",
      "spaceId": "d51d3ca5-7889-4c70-b906-3a5a37b60274"}, "loader": {"reducers": {"collection_group_results":
      {"limit": 1, "type": "results"}}, "searchQuery": "", "sort": [], "userTimeZone":
      "Asia/Tashkent", "type": "reducer"}}'
    headers:
      Content-Length:
      - '400'
      Content-Type:
      - application/json
      cookie:
      - PRIVATE
      x-notion-active-user-header:
      - a03b888f-5426-4e4f-b5ef-bed855b162f0
    method: POST
    uri: https://www.notion.so/api/v3/queryCollection
  response:
    body:
      string: "{\"result\":{\"type\":\"reducer\",\"reducerResults\":{\"collection_group_results\":{\"type\":\"results\",\"blockIds\":[\"6b70a4ec-1231-4936-a783-b02e5ecead2b\"],\"hasMore\":false}},\"sizeHint\":1},\"recordMap\":{\"block\":{\"6b70a4ec-1231-4936-a783-b02e5ecead2b\":{\"role\":\"editor\",\"value\":{\"id\":\"6b70a4ec-1231-4936-a783-b02e5ecead2b\",\"version\":12,\"type\":\"page\",\"properties\":{\"Bqzk\":[[\"b\"]],\"meta\":{\"icon\":{\"url\":\"\u26D4\",\"type\":\"url\"}},\"title\":[[\"a\"]]},\"format\":{\"page_icon\":\"\u26D4\"},\"created_time\":1658401012831,\"last_edited_time\":1658401014170,\"parent_id\":\"9be604bb-887f-42b4-b8f5-bccaf28d0666\",\"parent_table\":\"collection\",\"alive\":true,\"created_by_table\":\"notion_user\",\"created_by_id\":\"a03b888f-5426-4e4f-b5ef-bed855b162f0\",\"last_edited_by_table\":\"notion_user\",\"last_edited_by_id\":\"a03b888f-5426-4e4f-b5ef-bed855b162f0\",\"space_id\":\"d51d3ca5-7889-4c70-b906-3a5a37b60274\"}},\"6c03ea0c-e9a4-48b7-9d70-41b7e998ad00\":{\"role\":\"editor\",\"value\":{\"id\":\"6c03ea0c-e9a4-48b7-9d70-41b7e998ad00\",\"version\":13,\"type\":\"collection_view_page\",\"content\":[\"9be604bb-887f-42b4-b8f5-bccaf28d0666\",\"9f436ab6-cfb6-4272-aab3-3b2402db6a81\"],\"view_ids\":[\"9f436ab6-cfb6-4272-aab3-3b2402db6a81\"],\"format\":{\"collection_pointer\":{\"id\":\"9be604bb-887f-42b4-b8f5-bccaf28d0666\",\"table\":\"collection\",\"spaceId\":\"d51d3ca5-7889-4c70-b906-3a5a37b60274\"}},\"permissions\":[{\"role\":\"editor\",\"type\":\"user_permission\",\"user_id\":\"a03b888f-5426-4e4f-b5ef-bed855b162f0\"}],\"created_time\":1658401006212,\"last_edited_time\":1658401009355,\"parent_id\":\"d51d3ca5-7889-4c70-b906-3a5a37b60274\",\"parent_table\":\"space\",\"alive\":true,\"created_by_table\":\"notion_user\",\"created_by_id\":\"a03b888f-5426-4e4f-b5ef-bed855b162f0\",\"last_edited_by_table\":\"notion_user\",\"last_edited_by_id\":\"a03b888f-5426-4e4f-b5ef-bed855b162f0\",\"space_id\":\"d51d3ca5-7889-4c70-b906-3a5a37b60274\"}}},\"collection\":{\"9be604bb-887f-42b4-b8f5-bccaf28d0666\":{\"role\":\"editor\",\"value\":{\"id\":\"9be604bb-887f-42b4-b8f5-bccaf28d0666\",\"version\":2,\"name\":[[\"TESTING
        PAGE\"]],\"schema\":{\"Bqzk\":{\"name\":\"b\",\"type\":\"text\"},\"title\":{\"name\":\"a\",\"type\":\"title\"}},\"parent_id\":\"6c03ea0c-e9a4-48b7-9d70-41b7e998ad00\",\"parent_table\":\"block\",\"alive\":true,\"migrated\":true,\"space_id\":\"d51d3ca5-7889-4c70-b906-3a5a37b60274\"}}},\"space\":{\"d51d3ca5-7889-4c70-b906-3a5a37b60274\":{\"role\":\"editor\",\"value\":{\"id\":\"d51d3ca5-7889-4c70-b906-3a5a37b60274\",\"version\":5917,\"name\":\"test_py\",\"permissions\":[{\"role\":\"editor\",\"type\":\"user_permission\",\"user_id\":\"a03b888f-5426-4e4f-b5ef-bed855b162f0\"}],\"beta_enabled\":false,\"pages\":[\"6c03ea0c-e9a4-48b7-9d70-41b7e998ad00\"],\"created_time\":1638259881592,\"last_edited_time\":1657343400000,\"created_by_table\":\"notion_user\",\"created_by_id\":\"a03b888f-5426-4e4f-b5ef-bed855b162f0\",\"last_edited_by_table\":\"notion_user\",\"last_edited_by_id\":\"a03b888f-5426-4e4f-b5ef-bed855b162f0\",\"plan_type\":\"personal\",\"invite_link_enabled\":true,\"subscription_tier\":\"personal_free\"}}}}}"
    headers:
      Content-Type:
      - application/json; charset=utf-8
      Transfer-Encoding:
      - chunked
      content-length:
      - '2839'
    status:
      code: 200
      message: OK
- request:
    body: '{"collection": {"id": "9be604bb-887f-42b4-b8f5-bccaf28d0666", "spaceId":
      "d51d3ca5-7889-4c70-b906-3a5a37b60274"}, "collectionView": {"id": "9f436ab6-cfb6-4272-aab3-3b2402db6a81",
      "spaceId": "d51d3ca5-7889-4c70-b906-3a5a37b60274"}, "loader": {"reducers": {"table:uncategorized:title:count":
      {"aggregation": {"aggregator": "count", "property": "title"}, "type": "aggregation"}},
      "searchQuery": "", "sort": [], "userTimeZone": "Asia/Tashkent", "type": "reducer"}}'
    headers:
      Content-Length:
      - '460'
      Content-Type:
      - application/json
      cookie:
      - PRIVATE
      x-notion-active-user-header:
      - a03b888f-5426-4e4f-b5ef-bed855b162f0
    method: POST
    uri: https://www.notion.so/api/v3/queryCollection
  response:
    body:
      string: '{"result":{"type":"reducer","reducerResults":{"table:uncategorized:title:count":{"type":"aggregation","aggregationResult":{"type":"number","value":1}}},"sizeHint":1},"recordMap":{}}'
    headers:
      Content-Type:
      - application/json; charset=utf-8
      Transfer-Encoding:
      - chunked
      content-encoding:
      - undefined
    status:
      code: 200
      message: OK
- request:
    body: '{"collection": {"id": "9be604bb-887f-42b4-b8f5-bccaf28d0666", "spaceId":
      "d51d3ca5-7889-4c70-b906-3a5a37b60274"}, "collectionView": {"id": "9f436ab6-cfb6-4272-aab3-3b2402db6a81",
      "spaceId": "d51d3ca5-7889-4c70-b906-3a5a37b60274"}, "loader": {"reducers": {"collection_group_results":
      {"limit": 1, "type": "results"}}, "searchQuery": "", "sort": [], "userTimeZone":
      "Asia/Tashkent", "type": "reducer"}}'
    headers:
      Content-Length:
      - '400'
      Content-Type:
      - application/json
      cookie:
      - PRIVATE
      x-notion-active-user-header:
      - a03b888f-5426-4e4f-b5ef-bed855b162f0
    method: POST
    uri: https://www.notion.so/api/v3/queryCollection
  response:
    body:
      string: "{\"result\":{\"type\":\"reducer\",\"reducerResults\":{\"collection_group_results\":{\"type\":\"results\",\"blockIds\":[\"6b70a4ec-1231-4936-a783-b02e5ecead2b\"],\"hasMore\":false}},\"sizeHint\":1},\"recordMap\":{\"block\":{\"6b70a4ec-1231-4936-a783-b02e5ecead2b\":{\"role\":\"editor\",\"value\":{\"id\":\"6b70a4ec-1231-4936-a783-b02e5ecead2b\",\"version\":12,\"type\":\"page\",\"properties\":{\"Bqzk\":[[\"b\"]],\"meta\":{\"icon\":{\"url\":\"\u26D4\",\"type\":\"url\"}},\"title\":[[\"a\"]]},\"format\":{\"page_icon\":\"\u26D4\"},\"created_time\":1658401012831,\"last_edited_time\":1658401014170,\"parent_id\":\"9be604bb-887f-42b4-b8f5-bccaf28d0666\",\"parent_table\":\"collection\",\"alive\":true,\"created_by_table\":\"notion_user\",\"created_by_id\":\"a03b888f-5426-4e4f-b5ef-bed855b162f0\",\"last_edited_by_table\":\"notion_user\",\"last_edited_by_id\":\"a03b888f-5426-4e4f-b5ef-bed855b162f0\",\"space_id\":\"d51d3ca5-7889-4c70-b906-3a5a37b60274\"}},\"6c03ea0c-e9a4-48b7-9d70-41b7e998ad00\":{\"role\":\"editor\",\"value\":{\"id\":\"6c03ea0c-e9a4-48b7-9d70-41b7e998ad00\",\"version\":13,\"type\":\"collection_view_page\",\"content\":[\"9be604bb-887f-42b4-b8f5-bccaf28d0666\",\"9f436ab6-cfb6-4272-aab3-3b2402db6a81\"],\"view_ids\":[\"9f436ab6-cfb6-4272-aab3-3b2402db6a81\"],\"format\":{\"collection_pointer\":{\"id\":\"9be604bb-887f-42b4-b8f5-bccaf28d0666\",\"table\":\"collection\",\"spaceId\":\"d51d3ca5-7889-4c70-b906-3a5a37b60274\"}},\"permissions\":[{\"role\":\"editor\",\"type\":\"user_permission\",\"user_id\":\"a03b888f-5426-4e4f-b5ef-bed855b162f0\"}],\"created_time\":1658401006212,\"last_edited_time\":1658401009355,\"parent_id\":\"d51d3ca5-7889-4c70-b906-3a5a37b60274\",\"parent_table\":\"space\",\"alive\":true,\"created_by_table\":\"notion_user\",\"created_by_id\":\"a03b888f-5426-4e4f-b5ef-bed855b162f0\",\"last_edited_by_table\":\"notion_user\",\"last_edited_by_id\":\"a03b888f-5426-4e4f-b5ef-bed855b162f0\",\"space_id\":\"d51d3ca5-7889-4c70-b906-3a5a37b60274\"}}},\"collection\":{\"9be604bb-887f-42b4-b8f5-bccaf28d0666\":{\"role\":\"editor\",\"value\":{\"id\":\"9be604bb-887f-42b4-b8f5-bccaf28d0666\",\"version\":2,\"name\":[[\"TESTING
        PAGE\"]],\"schema\":{\"Bqzk\":{\"name\":\"b\",\"type\":\"text\"},\"title\":{\"name\":\"a\",\"type\":\"title\"}},\"parent_id\":\"6c03ea0c-e9a4-48b7-9d70-41b7e998ad00\",\"parent_table\":\"block\",\"alive\":true,\"migrated\":true,\"space_id\":\"d51d3ca5-7889-4c70-b906-3a5a37b60274\"}}},\"space\":{\"d51d3ca5-7889-4c70-b906-3a5a37b60274\":{\"role\":\"editor\",\"value\":{\"id\":\"d51d3ca5-7889-4c70-b906-3a5a37b60274\",\"version\":5917,\"name\":\"test_py\",\"permissions\":[{\"role\":\"editor\",\"type\":\"user_permission\",\"user_id\":\"a03b888f-5426-4e4f-b5ef-bed855b162f0\"}],\"beta_enabled\":false,\"pages\":[\"6c03ea0c-e9a4-48b7-9d70-41b7e998ad00\"],\"created_time\":1638259881592,\"last_edited_time\":1657343400000,\"created_by_table\":\"notion_user\",\"created_by_id\":\"a03b888f-5426-4e4f-b5ef-bed855b162f0\",\"last_edited_by_table\":\"notion_user\",\"last_edited_by_id\":\"a03b888f-5426-4e4f-b5ef-bed855b162f0\",\"plan_type\":\"personal\",\"invite_link_enabled\":true,\"subscription_tier\":\"personal_free\"}}}}}"
    headers:
      Content-Type:
      - application/json; charset=utf-8
      Transfer-Encoding:
      - chunked
      content-length:
      - '2839'
    status:
      code: 200
      message: OK
- request:
    body: '{"collection": {"id": "9be604bb-887f-42b4-b8f5-bccaf28d0666", "spaceId":
      "d51d3ca5-7889-4c70-b906-3a5a37b60274"}, "collectionView": {"id": "9f436ab6-cfb6-4272-aab3-3b2402db6a81",
      "spaceId": "d51d3ca5-7889-4c70-b906-3a5a37b60274"}, "loader": {"reducers": {"table:uncategorized:title:count":
      {"aggregation": {"aggregator": "count", "property": "title"}, "type": "aggregation"}},
      "searchQuery": "", "sort": [], "userTimeZone": "Asia/Tashkent", "type": "reducer"}}'
    headers:
      Content-Length:
      - '460'
      Content-Type:
      - application/json
      cookie:
      - PRIVATE
      x-notion-active-user-header:
      - a03b888f-5426-4e4f-b5ef-bed855b162f0
    method: POST
    uri: https://www.notion.so/api/v3/queryCollection
  response:
    body:
      string: '{"result":{"type":"reducer","reducerResults":{"table:uncategorized:title:count":{"type":"aggregation","aggregationResult":{"type":"number","value":1}}},"sizeHint":1},"recordMap":{}}'
    headers:
      Content-Type:
      - application/json; charset=utf-8
      Transfer-Encoding:
      - chunked
      content-encoding:
      - undefined
    status:
      code: 200
      message: OK
- request:
    body: '{"collection": {"id": "9be604bb-887f-42b4-b8f5-bccaf28d0666", "spaceId":
      "d51d3ca5-7889-4c70-b906-3a5a37b60274"}, "collectionView": {"id": "9f436ab6-cfb6-4272-aab3-3b2402db6a81",
      "spaceId": "d51d3ca5-7889-4c70-b906-3a5a37b60274"}, "loader": {"reducers": {"collection_group_results":
      {"limit": 1, "type": "results"}}, "searchQuery": "", "sort": [], "userTimeZone":
      "Asia/Tashkent", "type": "reducer"}}'
    headers:
      Content-Length:
      - '400'
      Content-Type:
      - application/json
      cookie:
      - PRIVATE
      x-notion-active-user-header:
      - a03b888f-5426-4e4f-b5ef-bed855b162f0
    method: POST
    uri: https://www.notion.so/api/v3/queryCollection
  response:
    body:
      string: "{\"result\":{\"type\":\"reducer\",\"reducerResults\":{\"collection_group_results\":{\"type\":\"results\",\"blockIds\":[\"6b70a4ec-1231-4936-a783-b02e5ecead2b\"],\"hasMore\":false}},\"sizeHint\":1},\"recordMap\":{\"block\":{\"6b70a4ec-1231-4936-a783-b02e5ecead2b\":{\"role\":\"editor\",\"value\":{\"id\":\"6b70a4ec-1231-4936-a783-b02e5ecead2b\",\"version\":12,\"type\":\"page\",\"properties\":{\"Bqzk\":[[\"b\"]],\"meta\":{\"icon\":{\"url\":\"\u26D4\",\"type\":\"url\"}},\"title\":[[\"a\"]]},\"format\":{\"page_icon\":\"\u26D4\"},\"created_time\":1658401012831,\"last_edited_time\":1658401014170,\"parent_id\":\"9be604bb-887f-42b4-b8f5-bccaf28d0666\",\"parent_table\":\"collection\",\"alive\":true,\"created_by_table\":\"notion_user\",\"created_by_id\":\"a03b888f-5426-4e4f-b5ef-bed855b162f0\",\"last_edited_by_table\":\"notion_user\",\"last_edited_by_id\":\"a03b888f-5426-4e4f-b5ef-bed855b162f0\",\"space_id\":\"d51d3ca5-7889-4c70-b906-3a5a37b60274\"}},\"6c03ea0c-e9a4-48b7-9d70-41b7e998ad00\":{\"role\":\"editor\",\"value\":{\"id\":\"6c03ea0c-e9a4-48b7-9d70-41b7e998ad00\",\"version\":13,\"type\":\"collection_view_page\",\"content\":[\"9be604bb-887f-42b4-b8f5-bccaf28d0666\",\"9f436ab6-cfb6-4272-aab3-3b2402db6a81\"],\"view_ids\":[\"9f436ab6-cfb6-4272-aab3-3b2402db6a81\"],\"format\":{\"collection_pointer\":{\"id\":\"9be604bb-887f-42b4-b8f5-bccaf28d0666\",\"table\":\"collection\",\"spaceId\":\"d51d3ca5-7889-4c70-b906-3a5a37b60274\"}},\"permissions\":[{\"role\":\"editor\",\"type\":\"user_permission\",\"user_id\":\"a03b888f-5426-4e4f-b5ef-bed855b162f0\"}],\"created_time\":1658401006212,\"last_edited_time\":1658401009355,\"parent_id\":\"d51d3ca5-7889-4c70-b906-3a5a37b60274\",\"parent_table\":\"space\",\"alive\":true,\"created_by_table\":\"notion_user\",\"created_by_id\":\"a03b888f-5426-4e4f-b5ef-bed855b162f0\",\"last_edited_by_table\":\"notion_user\",\"last_edited_by_id\":\"a03b888f-5426-4e4f-b5ef-bed855b162f0\",\"space_id\":\"d51d3ca5-7889-4c70-b906-3a5a37b60274\"}}},\"collection\":{\"9be604bb-887f-42b4-b8f5-bccaf28d0666\":{\"role\":\"editor\",\"value\":{\"id\":\"9be604bb-887f-42b4-b8f5-bccaf28d0666\",\"version\":2,\"name\":[[\"TESTING
        PAGE\"]],\"schema\":{\"Bqzk\":{\"name\":\"b\",\"type\":\"text\"},\"title\":{\"name\":\"a\",\"type\":\"title\"}},\"parent_id\":\"6c03ea0c-e9a4-48b7-9d70-41b7e998ad00\",\"parent_table\":\"block\",\"alive\":true,\"migrated\":true,\"space_id\":\"d51d3ca5-7889-4c70-b906-3a5a37b60274\"}}},\"space\":{\"d51d3ca5-7889-4c70-b906-3a5a37b60274\":{\"role\":\"editor\",\"value\":{\"id\":\"d51d3ca5-7889-4c70-b906-3a5a37b60274\",\"version\":5917,\"name\":\"test_py\",\"permissions\":[{\"role\":\"editor\",\"type\":\"user_permission\",\"user_id\":\"a03b888f-5426-4e4f-b5ef-bed855b162f0\"}],\"beta_enabled\":false,\"pages\":[\"6c03ea0c-e9a4-48b7-9d70-41b7e998ad00\"],\"created_time\":1638259881592,\"last_edited_time\":1657343400000,\"created_by_table\":\"notion_user\",\"created_by_id\":\"a03b888f-5426-4e4f-b5ef-bed855b162f0\",\"last_edited_by_table\":\"notion_user\",\"last_edited_by_id\":\"a03b888f-5426-4e4f-b5ef-bed855b162f0\",\"plan_type\":\"personal\",\"invite_link_enabled\":true,\"subscription_tier\":\"personal_free\"}}}}}"
    headers:
      Content-Type:
      - application/json; charset=utf-8
      Transfer-Encoding:
      - chunked
      content-length:
      - '2839'
    status:
      code: 200
      message: OK
- request:
    body: '{"collection": {"id": "9be604bb-887f-42b4-b8f5-bccaf28d0666", "spaceId":
      "d51d3ca5-7889-4c70-b906-3a5a37b60274"}, "collectionView": {"id": "9f436ab6-cfb6-4272-aab3-3b2402db6a81",
      "spaceId": "d51d3ca5-7889-4c70-b906-3a5a37b60274"}, "loader": {"reducers": {"table:uncategorized:title:count":
      {"aggregation": {"aggregator": "count", "property": "title"}, "type": "aggregation"}},
      "searchQuery": "", "sort": [], "userTimeZone": "Asia/Tashkent", "type": "reducer"}}'
    headers:
      Content-Length:
      - '460'
      Content-Type:
      - application/json
      cookie:
      - PRIVATE
      x-notion-active-user-header:
      - a03b888f-5426-4e4f-b5ef-bed855b162f0
    method: POST
    uri: https://www.notion.so/api/v3/queryCollection
  response:
    body:
      string: '{"result":{"type":"reducer","reducerResults":{"table:uncategorized:title:count":{"type":"aggregation","aggregationResult":{"type":"number","value":1}}},"sizeHint":1},"recordMap":{}}'
    headers:
      Content-Type:
      - application/json; charset=utf-8
      Transfer-Encoding:
      - chunked
      content-encoding:
      - undefined
    status:
      code: 200
      message: OK
- request:
    body: '{"collection": {"id": "9be604bb-887f-42b4-b8f5-bccaf28d0666", "spaceId":
      "d51d3ca5-7889-4c70-b906-3a5a37b60274"}, "collectionView": {"id": "9f436ab6-cfb6-4272-aab3-3b2402db6a81",
      "spaceId": "d51d3ca5-7889-4c70-b906-3a5a37b60274"}, "loader": {"reducers": {"collection_group_results":
      {"limit": 1, "type": "results"}}, "searchQuery": "", "sort": [], "userTimeZone":
      "Asia/Tashkent", "type": "reducer"}}'
    headers:
      Content-Length:
      - '400'
      Content-Type:
      - application/json
      cookie:
      - PRIVATE
      x-notion-active-user-header:
      - a03b888f-5426-4e4f-b5ef-bed855b162f0
    method: POST
    uri: https://www.notion.so/api/v3/queryCollection
  response:
    body:
      string: "{\"result\":{\"type\":\"reducer\",\"reducerResults\":{\"collection_group_results\":{\"type\":\"results\",\"blockIds\":[\"6b70a4ec-1231-4936-a783-b02e5ecead2b\"],\"hasMore\":false}},\"sizeHint\":1},\"recordMap\":{\"block\":{\"6b70a4ec-1231-4936-a783-b02e5ecead2b\":{\"role\":\"editor\",\"value\":{\"id\":\"6b70a4ec-1231-4936-a783-b02e5ecead2b\",\"version\":12,\"type\":\"page\",\"properties\":{\"Bqzk\":[[\"b\"]],\"meta\":{\"icon\":{\"url\":\"\u26D4\",\"type\":\"url\"}},\"title\":[[\"a\"]]},\"format\":{\"page_icon\":\"\u26D4\"},\"created_time\":1658401012831,\"last_edited_time\":1658401014170,\"parent_id\":\"9be604bb-887f-42b4-b8f5-bccaf28d0666\",\"parent_table\":\"collection\",\"alive\":true,\"created_by_table\":\"notion_user\",\"created_by_id\":\"a03b888f-5426-4e4f-b5ef-bed855b162f0\",\"last_edited_by_table\":\"notion_user\",\"last_edited_by_id\":\"a03b888f-5426-4e4f-b5ef-bed855b162f0\",\"space_id\":\"d51d3ca5-7889-4c70-b906-3a5a37b60274\"}},\"6c03ea0c-e9a4-48b7-9d70-41b7e998ad00\":{\"role\":\"editor\",\"value\":{\"id\":\"6c03ea0c-e9a4-48b7-9d70-41b7e998ad00\",\"version\":13,\"type\":\"collection_view_page\",\"content\":[\"9be604bb-887f-42b4-b8f5-bccaf28d0666\",\"9f436ab6-cfb6-4272-aab3-3b2402db6a81\"],\"view_ids\":[\"9f436ab6-cfb6-4272-aab3-3b2402db6a81\"],\"format\":{\"collection_pointer\":{\"id\":\"9be604bb-887f-42b4-b8f5-bccaf28d0666\",\"table\":\"collection\",\"spaceId\":\"d51d3ca5-7889-4c70-b906-3a5a37b60274\"}},\"permissions\":[{\"role\":\"editor\",\"type\":\"user_permission\",\"user_id\":\"a03b888f-5426-4e4f-b5ef-bed855b162f0\"}],\"created_time\":1658401006212,\"last_edited_time\":1658401009355,\"parent_id\":\"d51d3ca5-7889-4c70-b906-3a5a37b60274\",\"parent_table\":\"space\",\"alive\":true,\"created_by_table\":\"notion_user\",\"created_by_id\":\"a03b888f-5426-4e4f-b5ef-bed855b162f0\",\"last_edited_by_table\":\"notion_user\",\"last_edited_by_id\":\"a03b888f-5426-4e4f-b5ef-bed855b162f0\",\"space_id\":\"d51d3ca5-7889-4c70-b906-3a5a37b60274\"}}},\"collection\":{\"9be604bb-887f-42b4-b8f5-bccaf28d0666\":{\"role\":\"editor\",\"value\":{\"id\":\"9be604bb-887f-42b4-b8f5-bccaf28d0666\",\"version\":2,\"name\":[[\"TESTING
        PAGE\"]],\"schema\":{\"Bqzk\":{\"name\":\"b\",\"type\":\"text\"},\"title\":{\"name\":\"a\",\"type\":\"title\"}},\"parent_id\":\"6c03ea0c-e9a4-48b7-9d70-41b7e998ad00\",\"parent_table\":\"block\",\"alive\":true,\"migrated\":true,\"space_id\":\"d51d3ca5-7889-4c70-b906-3a5a37b60274\"}}},\"space\":{\"d51d3ca5-7889-4c70-b906-3a5a37b60274\":{\"role\":\"editor\",\"value\":{\"id\":\"d51d3ca5-7889-4c70-b906-3a5a37b60274\",\"version\":5917,\"name\":\"test_py\",\"permissions\":[{\"role\":\"editor\",\"type\":\"user_permission\",\"user_id\":\"a03b888f-5426-4e4f-b5ef-bed855b162f0\"}],\"beta_enabled\":false,\"pages\":[\"6c03ea0c-e9a4-48b7-9d70-41b7e998ad00\"],\"created_time\":1638259881592,\"last_edited_time\":1657343400000,\"created_by_table\":\"notion_user\",\"created_by_id\":\"a03b888f-5426-4e4f-b5ef-bed855b162f0\",\"last_edited_by_table\":\"notion_user\",\"last_edited_by_id\":\"a03b888f-5426-4e4f-b5ef-bed855b162f0\",\"plan_type\":\"personal\",\"invite_link_enabled\":true,\"subscription_tier\":\"personal_free\"}}}}}"
    headers:
      Content-Type:
      - application/json; charset=utf-8
      Transfer-Encoding:
      - chunked
      content-length:
      - '2839'
    status:
      code: 200
      message: OK
- request:
    body: '{"operations": [{"id": "6c03ea0c-e9a4-48b7-9d70-41b7e998ad00", "path":
      [], "args": {"alive": false}, "command": "update", "table": "block"}, {"args":
      {"last_edited_by_id": "a03b888f-5426-4e4f-b5ef-bed855b162f0", "last_edited_by_table":
      "notion_user", "last_edited_time": 1658401021193}, "command": "update", "id":
      "6c03ea0c-e9a4-48b7-9d70-41b7e998ad00", "path": [], "table": "block"}, {"id":
      "d51d3ca5-7889-4c70-b906-3a5a37b60274", "path": ["pages"], "args": {"id": "6c03ea0c-e9a4-48b7-9d70-41b7e998ad00"},
      "command": "listRemove", "table": "space"}, {"args": {"last_edited_by_id": "a03b888f-5426-4e4f-b5ef-bed855b162f0",
      "last_edited_by_table": "notion_user", "last_edited_time": 1658401021193}, "command":
      "update", "id": "6c03ea0c-e9a4-48b7-9d70-41b7e998ad00", "path": [], "table":
      "block"}]}'
    headers:
      Content-Length:
      - '795'
      Content-Type:
      - application/json
      cookie:
      - PRIVATE
      x-notion-active-user-header:
      - a03b888f-5426-4e4f-b5ef-bed855b162f0
    method: POST
    uri: https://www.notion.so/api/v3/submitTransaction
  response:
    body:
      string: '{}'
    headers:
      Content-Length:
      - '2'
      Content-Type:
      - application/json; charset=utf-8
    status:
      code: 200
      message: OK
- request:
    body: '{"blockIds": ["6c03ea0c-e9a4-48b7-9d70-41b7e998ad00"], "permanentlyDelete":
      true}'
    headers:
      Content-Length:
      - '81'
      Content-Type:
      - application/json
      cookie:
      - PRIVATE
      x-notion-active-user-header:
      - a03b888f-5426-4e4f-b5ef-bed855b162f0
    method: POST
    uri: https://www.notion.so/api/v3/deleteBlocks
  response:
    body:
      string: '{"recordMap":{}}'
    headers:
      Content-Length:
      - '16'
      Content-Type:
      - application/json; charset=utf-8
    status:
      code: 200
      message: OK
version: 1
