interactions:
- request:
    body: '{}'
    headers:
      Content-Length:
      - '2'
      content-type:
      - application/json
      cookie:
      - PRIVATE
    method: POST
    uri: https://www.notion.so/api/v3/loadUserContent
  response:
    body:
      string: '{"recordMap":{"notion_user":{"a03b888f-5426-4e4f-b5ef-bed855b162f0":{"role":"editor","value":{"id":"a03b888f-5426-4e4f-b5ef-bed855b162f0","version":7,"email":"test_py_notion@protonmail.com","onboarding_completed":true,"name":"test_py"}}},"user_root":{"a03b888f-5426-4e4f-b5ef-bed855b162f0":{"role":"editor","value":{"id":"a03b888f-5426-4e4f-b5ef-bed855b162f0","version":3,"space_views":["703440cc-f5cb-4f27-ba54-a9125a58e033"],"space_view_pointers":[{"id":"703440cc-f5cb-4f27-ba54-a9125a58e033","table":"space_view","spaceId":"d51d3ca5-7889-4c70-b906-3a5a37b60274"}]}}},"user_settings":{"a03b888f-5426-4e4f-b5ef-bed855b162f0":{"role":"editor","value":{"id":"a03b888f-5426-4e4f-b5ef-bed855b162f0","version":10,"settings":{"type":"personal","persona":"personal","team_role":"unfilled","time_zone":"Asia/Tashkent","signup_time":1638259864507,"cookie_consent":{"id":"2c2f9260-c9a6-4097-bc19-30e5395dfb02","permission":{"necessary":true,"targeting":false,"preference":false,"performance":false}},"preferred_locale":"en-US","used_desktop_web_app":true,"seen_views_intro_modal":true,"preferred_locale_origin":"autodetect","seen_persona_collection":true}}}},"space_view":{"703440cc-f5cb-4f27-ba54-a9125a58e033":{"role":"editor","value":{"id":"703440cc-f5cb-4f27-ba54-a9125a58e033","version":31,"space_id":"d51d3ca5-7889-4c70-b906-3a5a37b60274","parent_id":"a03b888f-5426-4e4f-b5ef-bed855b162f0","parent_table":"user_root","alive":true,"notify_mobile":false,"notify_desktop":true,"notify_email":false,"visited_templates":["7e89f436-7aac-4f66-b0a6-6e65ec868d2a","88c9c2b0-d732-4342-8963-0580a4725571","ba43b46e-4ad3-47f7-95f0-58a3ba01476f","2dddc8c5-a711-4aa2-b5b3-ff952a49bcfa","b7572331-51ab-4ed5-a931-5a7d34b08bf0"],"sidebar_hidden_templates":["7e89f436-7aac-4f66-b0a6-6e65ec868d2a","88c9c2b0-d732-4342-8963-0580a4725571","ba43b46e-4ad3-47f7-95f0-58a3ba01476f","2dddc8c5-a711-4aa2-b5b3-ff952a49bcfa","b7572331-51ab-4ed5-a931-5a7d34b08bf0"],"created_getting_started":true,"created_onboarding_templates":true,"private_pages":["5585f343-8ea5-469b-8a90-a05987977424"],"joined":true,"settings":{"on_app_start":"first_page"}}}},"space":{"d51d3ca5-7889-4c70-b906-3a5a37b60274":{"role":"editor","value":{"id":"d51d3ca5-7889-4c70-b906-3a5a37b60274","version":3975,"name":"test_py","permissions":[{"role":"editor","type":"user_permission","user_id":"a03b888f-5426-4e4f-b5ef-bed855b162f0"}],"beta_enabled":false,"created_time":1638259881592,"last_edited_time":1652698380000,"created_by_table":"notion_user","created_by_id":"a03b888f-5426-4e4f-b5ef-bed855b162f0","last_edited_by_table":"notion_user","last_edited_by_id":"a03b888f-5426-4e4f-b5ef-bed855b162f0","plan_type":"personal","invite_link_enabled":true}}}}}'
    headers:
      Content-Type:
      - application/json; charset=utf-8
      Transfer-Encoding:
      - chunked
      content-length:
      - '2694'
    status:
      code: 200
      message: OK
- request:
    body: '{}'
    headers:
      Content-Length:
      - '2'
      content-type:
      - application/json
      cookie:
      - PRIVATE
      x-notion-active-user-header:
      - a03b888f-5426-4e4f-b5ef-bed855b162f0
    method: POST
    uri: https://www.notion.so/api/v3/loadUserContent
  response:
    body:
      string: '{"recordMap":{"notion_user":{"a03b888f-5426-4e4f-b5ef-bed855b162f0":{"role":"editor","value":{"id":"a03b888f-5426-4e4f-b5ef-bed855b162f0","version":7,"email":"test_py_notion@protonmail.com","onboarding_completed":true,"name":"test_py"}}},"user_root":{"a03b888f-5426-4e4f-b5ef-bed855b162f0":{"role":"editor","value":{"id":"a03b888f-5426-4e4f-b5ef-bed855b162f0","version":3,"space_views":["703440cc-f5cb-4f27-ba54-a9125a58e033"],"space_view_pointers":[{"id":"703440cc-f5cb-4f27-ba54-a9125a58e033","table":"space_view","spaceId":"d51d3ca5-7889-4c70-b906-3a5a37b60274"}]}}},"user_settings":{"a03b888f-5426-4e4f-b5ef-bed855b162f0":{"role":"editor","value":{"id":"a03b888f-5426-4e4f-b5ef-bed855b162f0","version":10,"settings":{"type":"personal","persona":"personal","team_role":"unfilled","time_zone":"Asia/Tashkent","signup_time":1638259864507,"cookie_consent":{"id":"2c2f9260-c9a6-4097-bc19-30e5395dfb02","permission":{"necessary":true,"targeting":false,"preference":false,"performance":false}},"preferred_locale":"en-US","used_desktop_web_app":true,"seen_views_intro_modal":true,"preferred_locale_origin":"autodetect","seen_persona_collection":true}}}},"space_view":{"703440cc-f5cb-4f27-ba54-a9125a58e033":{"role":"editor","value":{"id":"703440cc-f5cb-4f27-ba54-a9125a58e033","version":31,"space_id":"d51d3ca5-7889-4c70-b906-3a5a37b60274","parent_id":"a03b888f-5426-4e4f-b5ef-bed855b162f0","parent_table":"user_root","alive":true,"notify_mobile":false,"notify_desktop":true,"notify_email":false,"visited_templates":["7e89f436-7aac-4f66-b0a6-6e65ec868d2a","88c9c2b0-d732-4342-8963-0580a4725571","ba43b46e-4ad3-47f7-95f0-58a3ba01476f","2dddc8c5-a711-4aa2-b5b3-ff952a49bcfa","b7572331-51ab-4ed5-a931-5a7d34b08bf0"],"sidebar_hidden_templates":["7e89f436-7aac-4f66-b0a6-6e65ec868d2a","88c9c2b0-d732-4342-8963-0580a4725571","ba43b46e-4ad3-47f7-95f0-58a3ba01476f","2dddc8c5-a711-4aa2-b5b3-ff952a49bcfa","b7572331-51ab-4ed5-a931-5a7d34b08bf0"],"created_getting_started":true,"created_onboarding_templates":true,"private_pages":["5585f343-8ea5-469b-8a90-a05987977424"],"joined":true,"settings":{"on_app_start":"first_page"}}}},"space":{"d51d3ca5-7889-4c70-b906-3a5a37b60274":{"role":"editor","value":{"id":"d51d3ca5-7889-4c70-b906-3a5a37b60274","version":3975,"name":"test_py","permissions":[{"role":"editor","type":"user_permission","user_id":"a03b888f-5426-4e4f-b5ef-bed855b162f0"}],"beta_enabled":false,"created_time":1638259881592,"last_edited_time":1652698380000,"created_by_table":"notion_user","created_by_id":"a03b888f-5426-4e4f-b5ef-bed855b162f0","last_edited_by_table":"notion_user","last_edited_by_id":"a03b888f-5426-4e4f-b5ef-bed855b162f0","plan_type":"personal","invite_link_enabled":true}}}}}'
    headers:
      Content-Type:
      - application/json; charset=utf-8
      Transfer-Encoding:
      - chunked
      content-length:
      - '2694'
    status:
      code: 200
      message: OK
- request:
    body: '{"operations": [{"id": "a71ddd59-4d6e-41e0-9012-06f9d585d199", "path":
      [], "args": {"id": "a71ddd59-4d6e-41e0-9012-06f9d585d199", "version": 1, "alive":
      true, "created_by_id": "a03b888f-5426-4e4f-b5ef-bed855b162f0", "created_by_table":
      "notion_user", "created_time": 1652969416553, "parent_id": "d51d3ca5-7889-4c70-b906-3a5a37b60274",
      "parent_table": "space", "type": "collection_view_page", "permissions": [{"role":
      "editor", "type": "user_permission", "user_id": "a03b888f-5426-4e4f-b5ef-bed855b162f0"}]},
      "command": "set", "table": "block"}, {"args": {"last_edited_by_id": "a03b888f-5426-4e4f-b5ef-bed855b162f0",
      "last_edited_by_table": "notion_user", "last_edited_time": 1652969416553}, "command":
      "update", "id": "a71ddd59-4d6e-41e0-9012-06f9d585d199", "path": [], "table":
      "block"}, {"id": "d51d3ca5-7889-4c70-b906-3a5a37b60274", "path": ["pages"],
      "args": {"id": "a71ddd59-4d6e-41e0-9012-06f9d585d199"}, "command": "listAfter",
      "table": "space"}, {"args": {"last_edited_by_id": "a03b888f-5426-4e4f-b5ef-bed855b162f0",
      "last_edited_by_table": "notion_user", "last_edited_time": 1652969416553}, "command":
      "update", "id": "a71ddd59-4d6e-41e0-9012-06f9d585d199", "path": [], "table":
      "block"}]}'
    headers:
      Content-Length:
      - '1198'
      content-type:
      - application/json
      cookie:
      - PRIVATE
      x-notion-active-user-header:
      - a03b888f-5426-4e4f-b5ef-bed855b162f0
    method: POST
    uri: https://www.notion.so/api/v3/submitTransaction
  response:
    body:
      string: '{}'
    headers:
      Content-Length:
      - '2'
      Content-Type:
      - application/json; charset=utf-8
    status:
      code: 200
      message: OK
- request:
    body: '{"operations": [{"id": "8a5f513f-4c9d-4914-8fcb-9a276ef1de72", "path":
      [], "args": {"id": "8a5f513f-4c9d-4914-8fcb-9a276ef1de72", "version": 1, "alive":
      true, "created_by_id": "a03b888f-5426-4e4f-b5ef-bed855b162f0", "created_by_table":
      "notion_user", "created_time": 1652969416956, "parent_id": "a71ddd59-4d6e-41e0-9012-06f9d585d199",
      "parent_table": "block", "schema": {"title": {"name": "a", "type": "title"},
      "LlDX": {"name": "b", "type": "text"}}}, "command": "set", "table": "collection"},
      {"id": "a71ddd59-4d6e-41e0-9012-06f9d585d199", "path": ["content"], "args":
      {"id": "8a5f513f-4c9d-4914-8fcb-9a276ef1de72"}, "command": "listAfter", "table":
      "block"}, {"args": {"last_edited_by_id": "a03b888f-5426-4e4f-b5ef-bed855b162f0",
      "last_edited_by_table": "notion_user", "last_edited_time": 1652969416956}, "command":
      "update", "id": "a71ddd59-4d6e-41e0-9012-06f9d585d199", "path": [], "table":
      "block"}, {"args": {"last_edited_by_id": "a03b888f-5426-4e4f-b5ef-bed855b162f0",
      "last_edited_by_table": "notion_user", "last_edited_time": 1652969416956}, "command":
      "update", "id": "a71ddd59-4d6e-41e0-9012-06f9d585d199", "path": [], "table":
      "block"}]}'
    headers:
      Content-Length:
      - '1150'
      content-type:
      - application/json
      cookie:
      - PRIVATE
      x-notion-active-user-header:
      - a03b888f-5426-4e4f-b5ef-bed855b162f0
    method: POST
    uri: https://www.notion.so/api/v3/submitTransaction
  response:
    body:
      string: '{}'
    headers:
      Content-Length:
      - '2'
      Content-Type:
      - application/json; charset=utf-8
    status:
      code: 200
      message: OK
- request:
    body: '{"operations": [{"id": "a71ddd59-4d6e-41e0-9012-06f9d585d199", "path":
      ["format", "collection_pointer", "id"], "args": "8a5f513f-4c9d-4914-8fcb-9a276ef1de72",
      "command": "set", "table": "block"}, {"args": {"last_edited_by_id": "a03b888f-5426-4e4f-b5ef-bed855b162f0",
      "last_edited_by_table": "notion_user", "last_edited_time": 1652969417311}, "command":
      "update", "id": "a71ddd59-4d6e-41e0-9012-06f9d585d199", "path": [], "table":
      "block"}]}'
    headers:
      Content-Length:
      - '440'
      content-type:
      - application/json
      cookie:
      - PRIVATE
      x-notion-active-user-header:
      - a03b888f-5426-4e4f-b5ef-bed855b162f0
    method: POST
    uri: https://www.notion.so/api/v3/submitTransaction
  response:
    body:
      string: '{}'
    headers:
      Content-Length:
      - '2'
      Content-Type:
      - application/json; charset=utf-8
    status:
      code: 200
      message: OK
- request:
    body: '{"operations": [{"id": "475b0460-9de5-422f-93dc-ef61debef510", "path":
      [], "args": {"id": "475b0460-9de5-422f-93dc-ef61debef510", "version": 1, "alive":
      true, "created_by_id": "a03b888f-5426-4e4f-b5ef-bed855b162f0", "created_by_table":
      "notion_user", "created_time": 1652969417648, "parent_id": "a71ddd59-4d6e-41e0-9012-06f9d585d199",
      "parent_table": "block", "type": "table"}, "command": "set", "table": "collection_view"},
      {"id": "a71ddd59-4d6e-41e0-9012-06f9d585d199", "path": ["content"], "args":
      {"id": "475b0460-9de5-422f-93dc-ef61debef510"}, "command": "listAfter", "table":
      "block"}, {"args": {"last_edited_by_id": "a03b888f-5426-4e4f-b5ef-bed855b162f0",
      "last_edited_by_table": "notion_user", "last_edited_time": 1652969417648}, "command":
      "update", "id": "a71ddd59-4d6e-41e0-9012-06f9d585d199", "path": [], "table":
      "block"}, {"args": {"last_edited_by_id": "a03b888f-5426-4e4f-b5ef-bed855b162f0",
      "last_edited_by_table": "notion_user", "last_edited_time": 1652969417648}, "command":
      "update", "id": "a71ddd59-4d6e-41e0-9012-06f9d585d199", "path": [], "table":
      "block"}]}'
    headers:
      Content-Length:
      - '1080'
      content-type:
      - application/json
      cookie:
      - PRIVATE
      x-notion-active-user-header:
      - a03b888f-5426-4e4f-b5ef-bed855b162f0
    method: POST
    uri: https://www.notion.so/api/v3/submitTransaction
  response:
    body:
      string: '{}'
    headers:
      Content-Length:
      - '2'
      Content-Type:
      - application/json; charset=utf-8
    status:
      code: 200
      message: OK
- request:
    body: '{"operations": [{"id": "475b0460-9de5-422f-93dc-ef61debef510", "path":
      ["collection_id"], "args": "8a5f513f-4c9d-4914-8fcb-9a276ef1de72", "command":
      "set", "table": "collection_view"}]}'
    headers:
      Content-Length:
      - '185'
      content-type:
      - application/json
      cookie:
      - PRIVATE
      x-notion-active-user-header:
      - a03b888f-5426-4e4f-b5ef-bed855b162f0
    method: POST
    uri: https://www.notion.so/api/v3/submitTransaction
  response:
    body:
      string: '{}'
    headers:
      Content-Length:
      - '2'
      Content-Type:
      - application/json; charset=utf-8
    status:
      code: 200
      message: OK
- request:
    body: '{"operations": [{"id": "a71ddd59-4d6e-41e0-9012-06f9d585d199", "path":
      ["view_ids"], "args": ["475b0460-9de5-422f-93dc-ef61debef510"], "command": "set",
      "table": "block"}, {"args": {"last_edited_by_id": "a03b888f-5426-4e4f-b5ef-bed855b162f0",
      "last_edited_by_table": "notion_user", "last_edited_time": 1652969418386}, "command":
      "update", "id": "a71ddd59-4d6e-41e0-9012-06f9d585d199", "path": [], "table":
      "block"}]}'
    headers:
      Content-Length:
      - '416'
      content-type:
      - application/json
      cookie:
      - PRIVATE
      x-notion-active-user-header:
      - a03b888f-5426-4e4f-b5ef-bed855b162f0
    method: POST
    uri: https://www.notion.so/api/v3/submitTransaction
  response:
    body:
      string: '{}'
    headers:
      Content-Length:
      - '2'
      Content-Type:
      - application/json; charset=utf-8
    status:
      code: 200
      message: OK
- request:
    body: '{"operations": [{"id": "475b0460-9de5-422f-93dc-ef61debef510", "path":
      ["format", "table_properties"], "args": [{"visible": true, "property": "title"},
      {"visible": true, "property": "LlDX"}], "command": "set", "table": "collection_view"}]}'
    headers:
      Content-Length:
      - '239'
      content-type:
      - application/json
      cookie:
      - PRIVATE
      x-notion-active-user-header:
      - a03b888f-5426-4e4f-b5ef-bed855b162f0
    method: POST
    uri: https://www.notion.so/api/v3/submitTransaction
  response:
    body:
      string: '{}'
    headers:
      Content-Length:
      - '2'
      Content-Type:
      - application/json; charset=utf-8
    status:
      code: 200
      message: OK
- request:
    body: '{"operations": [{"id": "8a5f513f-4c9d-4914-8fcb-9a276ef1de72", "path":
      ["name"], "args": [["TESTING PAGE"]], "command": "set", "table": "collection"}]}'
    headers:
      Content-Length:
      - '151'
      content-type:
      - application/json
      cookie:
      - PRIVATE
      x-notion-active-user-header:
      - a03b888f-5426-4e4f-b5ef-bed855b162f0
    method: POST
    uri: https://www.notion.so/api/v3/submitTransaction
  response:
    body:
      string: '{}'
    headers:
      Content-Length:
      - '2'
      Content-Type:
      - application/json; charset=utf-8
    status:
      code: 200
      message: OK
- request:
    body: '{}'
    headers:
      Content-Length:
      - '2'
      content-type:
      - application/json
      cookie:
      - PRIVATE
    method: POST
    uri: https://www.notion.so/api/v3/loadUserContent
  response:
    body:
      string: '{"recordMap":{"notion_user":{"a03b888f-5426-4e4f-b5ef-bed855b162f0":{"role":"editor","value":{"id":"a03b888f-5426-4e4f-b5ef-bed855b162f0","version":7,"email":"test_py_notion@protonmail.com","onboarding_completed":true,"name":"test_py"}}},"user_root":{"a03b888f-5426-4e4f-b5ef-bed855b162f0":{"role":"editor","value":{"id":"a03b888f-5426-4e4f-b5ef-bed855b162f0","version":3,"space_views":["703440cc-f5cb-4f27-ba54-a9125a58e033"],"space_view_pointers":[{"id":"703440cc-f5cb-4f27-ba54-a9125a58e033","table":"space_view","spaceId":"d51d3ca5-7889-4c70-b906-3a5a37b60274"}]}}},"user_settings":{"a03b888f-5426-4e4f-b5ef-bed855b162f0":{"role":"editor","value":{"id":"a03b888f-5426-4e4f-b5ef-bed855b162f0","version":10,"settings":{"type":"personal","persona":"personal","team_role":"unfilled","time_zone":"Asia/Tashkent","signup_time":1638259864507,"cookie_consent":{"id":"2c2f9260-c9a6-4097-bc19-30e5395dfb02","permission":{"necessary":true,"targeting":false,"preference":false,"performance":false}},"preferred_locale":"en-US","used_desktop_web_app":true,"seen_views_intro_modal":true,"preferred_locale_origin":"autodetect","seen_persona_collection":true}}}},"space_view":{"703440cc-f5cb-4f27-ba54-a9125a58e033":{"role":"editor","value":{"id":"703440cc-f5cb-4f27-ba54-a9125a58e033","version":31,"space_id":"d51d3ca5-7889-4c70-b906-3a5a37b60274","parent_id":"a03b888f-5426-4e4f-b5ef-bed855b162f0","parent_table":"user_root","alive":true,"notify_mobile":false,"notify_desktop":true,"notify_email":false,"visited_templates":["7e89f436-7aac-4f66-b0a6-6e65ec868d2a","88c9c2b0-d732-4342-8963-0580a4725571","ba43b46e-4ad3-47f7-95f0-58a3ba01476f","2dddc8c5-a711-4aa2-b5b3-ff952a49bcfa","b7572331-51ab-4ed5-a931-5a7d34b08bf0"],"sidebar_hidden_templates":["7e89f436-7aac-4f66-b0a6-6e65ec868d2a","88c9c2b0-d732-4342-8963-0580a4725571","ba43b46e-4ad3-47f7-95f0-58a3ba01476f","2dddc8c5-a711-4aa2-b5b3-ff952a49bcfa","b7572331-51ab-4ed5-a931-5a7d34b08bf0"],"created_getting_started":true,"created_onboarding_templates":true,"private_pages":["5585f343-8ea5-469b-8a90-a05987977424"],"joined":true,"settings":{"on_app_start":"first_page"}}}},"space":{"d51d3ca5-7889-4c70-b906-3a5a37b60274":{"role":"editor","value":{"id":"d51d3ca5-7889-4c70-b906-3a5a37b60274","version":3976,"name":"test_py","permissions":[{"role":"editor","type":"user_permission","user_id":"a03b888f-5426-4e4f-b5ef-bed855b162f0"}],"beta_enabled":false,"pages":["a71ddd59-4d6e-41e0-9012-06f9d585d199"],"created_time":1638259881592,"last_edited_time":1652698380000,"created_by_table":"notion_user","created_by_id":"a03b888f-5426-4e4f-b5ef-bed855b162f0","last_edited_by_table":"notion_user","last_edited_by_id":"a03b888f-5426-4e4f-b5ef-bed855b162f0","plan_type":"personal","invite_link_enabled":true}}},"block":{"a71ddd59-4d6e-41e0-9012-06f9d585d199":{"role":"editor","value":{"id":"a71ddd59-4d6e-41e0-9012-06f9d585d199","version":13,"type":"collection_view_page","content":["8a5f513f-4c9d-4914-8fcb-9a276ef1de72","475b0460-9de5-422f-93dc-ef61debef510"],"view_ids":["475b0460-9de5-422f-93dc-ef61debef510"],"format":{"collection_pointer":{"id":"8a5f513f-4c9d-4914-8fcb-9a276ef1de72","table":"collection","spaceId":"d51d3ca5-7889-4c70-b906-3a5a37b60274"}},"permissions":[{"role":"editor","type":"user_permission","user_id":"a03b888f-5426-4e4f-b5ef-bed855b162f0"}],"created_time":1652969416553,"last_edited_time":1652969418386,"parent_id":"d51d3ca5-7889-4c70-b906-3a5a37b60274","parent_table":"space","alive":true,"created_by_table":"notion_user","created_by_id":"a03b888f-5426-4e4f-b5ef-bed855b162f0","last_edited_by_table":"notion_user","last_edited_by_id":"a03b888f-5426-4e4f-b5ef-bed855b162f0","space_id":"d51d3ca5-7889-4c70-b906-3a5a37b60274"}}},"collection":{"8a5f513f-4c9d-4914-8fcb-9a276ef1de72":{"role":"editor","value":{"id":"8a5f513f-4c9d-4914-8fcb-9a276ef1de72","version":2,"name":[["TESTING
        PAGE"]],"schema":{"LlDX":{"name":"b","type":"text"},"title":{"name":"a","type":"title"}},"parent_id":"a71ddd59-4d6e-41e0-9012-06f9d585d199","parent_table":"block","alive":true,"migrated":true,"space_id":"d51d3ca5-7889-4c70-b906-3a5a37b60274"}}}}}'
    headers:
      Content-Type:
      - application/json; charset=utf-8
      Transfer-Encoding:
      - chunked
      content-length:
      - '4086'
    status:
      code: 200
      message: OK
- request:
    body: '{"page": {"id": "a71ddd59-4d6e-41e0-9012-06f9d585d199"}, "limit": 100,
      "cursor": {"stack": []}, "chunkNumber": 0, "verticalColumns": false}'
    headers:
      Content-Length:
      - '139'
      content-type:
      - application/json
      cookie:
      - PRIVATE
      x-notion-active-user-header:
      - a03b888f-5426-4e4f-b5ef-bed855b162f0
    method: POST
    uri: https://www.notion.so/api/v3/loadPageChunk
  response:
    body:
      string: '{"cursor":{"stack":[]},"recordMap":{"block":{"a71ddd59-4d6e-41e0-9012-06f9d585d199":{"role":"editor","value":{"id":"a71ddd59-4d6e-41e0-9012-06f9d585d199","version":13,"type":"collection_view_page","content":["8a5f513f-4c9d-4914-8fcb-9a276ef1de72","475b0460-9de5-422f-93dc-ef61debef510"],"view_ids":["475b0460-9de5-422f-93dc-ef61debef510"],"format":{"collection_pointer":{"id":"8a5f513f-4c9d-4914-8fcb-9a276ef1de72","table":"collection","spaceId":"d51d3ca5-7889-4c70-b906-3a5a37b60274"}},"permissions":[{"role":"editor","type":"user_permission","user_id":"a03b888f-5426-4e4f-b5ef-bed855b162f0"}],"created_time":1652969416553,"last_edited_time":1652969418386,"parent_id":"d51d3ca5-7889-4c70-b906-3a5a37b60274","parent_table":"space","alive":true,"created_by_table":"notion_user","created_by_id":"a03b888f-5426-4e4f-b5ef-bed855b162f0","last_edited_by_table":"notion_user","last_edited_by_id":"a03b888f-5426-4e4f-b5ef-bed855b162f0","space_id":"d51d3ca5-7889-4c70-b906-3a5a37b60274"}}},"space":{"d51d3ca5-7889-4c70-b906-3a5a37b60274":{"role":"editor","value":{"id":"d51d3ca5-7889-4c70-b906-3a5a37b60274","version":3976,"name":"test_py","permissions":[{"role":"editor","type":"user_permission","user_id":"a03b888f-5426-4e4f-b5ef-bed855b162f0"}],"beta_enabled":false,"pages":["a71ddd59-4d6e-41e0-9012-06f9d585d199"],"created_time":1638259881592,"last_edited_time":1652698380000,"created_by_table":"notion_user","created_by_id":"a03b888f-5426-4e4f-b5ef-bed855b162f0","last_edited_by_table":"notion_user","last_edited_by_id":"a03b888f-5426-4e4f-b5ef-bed855b162f0","plan_type":"personal","invite_link_enabled":true}}},"collection":{"8a5f513f-4c9d-4914-8fcb-9a276ef1de72":{"role":"editor","value":{"id":"8a5f513f-4c9d-4914-8fcb-9a276ef1de72","version":2,"name":[["TESTING
        PAGE"]],"schema":{"LlDX":{"name":"b","type":"text"},"title":{"name":"a","type":"title"}},"parent_id":"a71ddd59-4d6e-41e0-9012-06f9d585d199","parent_table":"block","alive":true,"migrated":true,"space_id":"d51d3ca5-7889-4c70-b906-3a5a37b60274"}}},"collection_view":{"475b0460-9de5-422f-93dc-ef61debef510":{"role":"editor","value":{"id":"475b0460-9de5-422f-93dc-ef61debef510","version":3,"type":"table","format":{"table_properties":[{"visible":true,"property":"title"},{"visible":true,"property":"LlDX"}]},"parent_id":"a71ddd59-4d6e-41e0-9012-06f9d585d199","parent_table":"block","alive":true,"space_id":"d51d3ca5-7889-4c70-b906-3a5a37b60274","created_time":1652969417648,"created_by_table":"notion_user","created_by_id":"a03b888f-5426-4e4f-b5ef-bed855b162f0"}}}}}'
    headers:
      Content-Type:
      - application/json; charset=utf-8
      Transfer-Encoding:
      - chunked
      content-length:
      - '2522'
    status:
      code: 200
      message: OK
- request:
    body: '{}'
    headers:
      Content-Length:
      - '2'
      content-type:
      - application/json
      cookie:
      - PRIVATE
    method: POST
    uri: https://www.notion.so/api/v3/loadUserContent
  response:
    body:
      string: '{"recordMap":{"notion_user":{"a03b888f-5426-4e4f-b5ef-bed855b162f0":{"role":"editor","value":{"id":"a03b888f-5426-4e4f-b5ef-bed855b162f0","version":7,"email":"test_py_notion@protonmail.com","onboarding_completed":true,"name":"test_py"}}},"user_root":{"a03b888f-5426-4e4f-b5ef-bed855b162f0":{"role":"editor","value":{"id":"a03b888f-5426-4e4f-b5ef-bed855b162f0","version":3,"space_views":["703440cc-f5cb-4f27-ba54-a9125a58e033"],"space_view_pointers":[{"id":"703440cc-f5cb-4f27-ba54-a9125a58e033","table":"space_view","spaceId":"d51d3ca5-7889-4c70-b906-3a5a37b60274"}]}}},"user_settings":{"a03b888f-5426-4e4f-b5ef-bed855b162f0":{"role":"editor","value":{"id":"a03b888f-5426-4e4f-b5ef-bed855b162f0","version":10,"settings":{"type":"personal","persona":"personal","team_role":"unfilled","time_zone":"Asia/Tashkent","signup_time":1638259864507,"cookie_consent":{"id":"2c2f9260-c9a6-4097-bc19-30e5395dfb02","permission":{"necessary":true,"targeting":false,"preference":false,"performance":false}},"preferred_locale":"en-US","used_desktop_web_app":true,"seen_views_intro_modal":true,"preferred_locale_origin":"autodetect","seen_persona_collection":true}}}},"space_view":{"703440cc-f5cb-4f27-ba54-a9125a58e033":{"role":"editor","value":{"id":"703440cc-f5cb-4f27-ba54-a9125a58e033","version":31,"space_id":"d51d3ca5-7889-4c70-b906-3a5a37b60274","parent_id":"a03b888f-5426-4e4f-b5ef-bed855b162f0","parent_table":"user_root","alive":true,"notify_mobile":false,"notify_desktop":true,"notify_email":false,"visited_templates":["7e89f436-7aac-4f66-b0a6-6e65ec868d2a","88c9c2b0-d732-4342-8963-0580a4725571","ba43b46e-4ad3-47f7-95f0-58a3ba01476f","2dddc8c5-a711-4aa2-b5b3-ff952a49bcfa","b7572331-51ab-4ed5-a931-5a7d34b08bf0"],"sidebar_hidden_templates":["7e89f436-7aac-4f66-b0a6-6e65ec868d2a","88c9c2b0-d732-4342-8963-0580a4725571","ba43b46e-4ad3-47f7-95f0-58a3ba01476f","2dddc8c5-a711-4aa2-b5b3-ff952a49bcfa","b7572331-51ab-4ed5-a931-5a7d34b08bf0"],"created_getting_started":true,"created_onboarding_templates":true,"private_pages":["5585f343-8ea5-469b-8a90-a05987977424"],"joined":true,"settings":{"on_app_start":"first_page"}}}},"space":{"d51d3ca5-7889-4c70-b906-3a5a37b60274":{"role":"editor","value":{"id":"d51d3ca5-7889-4c70-b906-3a5a37b60274","version":3976,"name":"test_py","permissions":[{"role":"editor","type":"user_permission","user_id":"a03b888f-5426-4e4f-b5ef-bed855b162f0"}],"beta_enabled":false,"pages":["a71ddd59-4d6e-41e0-9012-06f9d585d199"],"created_time":1638259881592,"last_edited_time":1652698380000,"created_by_table":"notion_user","created_by_id":"a03b888f-5426-4e4f-b5ef-bed855b162f0","last_edited_by_table":"notion_user","last_edited_by_id":"a03b888f-5426-4e4f-b5ef-bed855b162f0","plan_type":"personal","invite_link_enabled":true}}},"block":{"a71ddd59-4d6e-41e0-9012-06f9d585d199":{"role":"editor","value":{"id":"a71ddd59-4d6e-41e0-9012-06f9d585d199","version":13,"type":"collection_view_page","content":["8a5f513f-4c9d-4914-8fcb-9a276ef1de72","475b0460-9de5-422f-93dc-ef61debef510"],"view_ids":["475b0460-9de5-422f-93dc-ef61debef510"],"format":{"collection_pointer":{"id":"8a5f513f-4c9d-4914-8fcb-9a276ef1de72","table":"collection","spaceId":"d51d3ca5-7889-4c70-b906-3a5a37b60274"}},"permissions":[{"role":"editor","type":"user_permission","user_id":"a03b888f-5426-4e4f-b5ef-bed855b162f0"}],"created_time":1652969416553,"last_edited_time":1652969418386,"parent_id":"d51d3ca5-7889-4c70-b906-3a5a37b60274","parent_table":"space","alive":true,"created_by_table":"notion_user","created_by_id":"a03b888f-5426-4e4f-b5ef-bed855b162f0","last_edited_by_table":"notion_user","last_edited_by_id":"a03b888f-5426-4e4f-b5ef-bed855b162f0","space_id":"d51d3ca5-7889-4c70-b906-3a5a37b60274"}}},"collection":{"8a5f513f-4c9d-4914-8fcb-9a276ef1de72":{"role":"editor","value":{"id":"8a5f513f-4c9d-4914-8fcb-9a276ef1de72","version":2,"name":[["TESTING
        PAGE"]],"schema":{"LlDX":{"name":"b","type":"text"},"title":{"name":"a","type":"title"}},"parent_id":"a71ddd59-4d6e-41e0-9012-06f9d585d199","parent_table":"block","alive":true,"migrated":true,"space_id":"d51d3ca5-7889-4c70-b906-3a5a37b60274"}}}}}'
    headers:
      Content-Type:
      - application/json; charset=utf-8
      Transfer-Encoding:
      - chunked
      content-length:
      - '4086'
    status:
      code: 200
      message: OK
- request:
    body: '{"page": {"id": "a71ddd59-4d6e-41e0-9012-06f9d585d199"}, "limit": 100,
      "cursor": {"stack": []}, "chunkNumber": 0, "verticalColumns": false}'
    headers:
      Content-Length:
      - '139'
      content-type:
      - application/json
      cookie:
      - PRIVATE
      x-notion-active-user-header:
      - a03b888f-5426-4e4f-b5ef-bed855b162f0
    method: POST
    uri: https://www.notion.so/api/v3/loadPageChunk
  response:
    body:
      string: '{"cursor":{"stack":[]},"recordMap":{"block":{"a71ddd59-4d6e-41e0-9012-06f9d585d199":{"role":"editor","value":{"id":"a71ddd59-4d6e-41e0-9012-06f9d585d199","version":13,"type":"collection_view_page","content":["8a5f513f-4c9d-4914-8fcb-9a276ef1de72","475b0460-9de5-422f-93dc-ef61debef510"],"view_ids":["475b0460-9de5-422f-93dc-ef61debef510"],"format":{"collection_pointer":{"id":"8a5f513f-4c9d-4914-8fcb-9a276ef1de72","table":"collection","spaceId":"d51d3ca5-7889-4c70-b906-3a5a37b60274"}},"permissions":[{"role":"editor","type":"user_permission","user_id":"a03b888f-5426-4e4f-b5ef-bed855b162f0"}],"created_time":1652969416553,"last_edited_time":1652969418386,"parent_id":"d51d3ca5-7889-4c70-b906-3a5a37b60274","parent_table":"space","alive":true,"created_by_table":"notion_user","created_by_id":"a03b888f-5426-4e4f-b5ef-bed855b162f0","last_edited_by_table":"notion_user","last_edited_by_id":"a03b888f-5426-4e4f-b5ef-bed855b162f0","space_id":"d51d3ca5-7889-4c70-b906-3a5a37b60274"}}},"space":{"d51d3ca5-7889-4c70-b906-3a5a37b60274":{"role":"editor","value":{"id":"d51d3ca5-7889-4c70-b906-3a5a37b60274","version":3976,"name":"test_py","permissions":[{"role":"editor","type":"user_permission","user_id":"a03b888f-5426-4e4f-b5ef-bed855b162f0"}],"beta_enabled":false,"pages":["a71ddd59-4d6e-41e0-9012-06f9d585d199"],"created_time":1638259881592,"last_edited_time":1652698380000,"created_by_table":"notion_user","created_by_id":"a03b888f-5426-4e4f-b5ef-bed855b162f0","last_edited_by_table":"notion_user","last_edited_by_id":"a03b888f-5426-4e4f-b5ef-bed855b162f0","plan_type":"personal","invite_link_enabled":true}}},"collection_view":{"475b0460-9de5-422f-93dc-ef61debef510":{"role":"editor","value":{"id":"475b0460-9de5-422f-93dc-ef61debef510","version":3,"type":"table","format":{"table_properties":[{"visible":true,"property":"title"},{"visible":true,"property":"LlDX"}]},"parent_id":"a71ddd59-4d6e-41e0-9012-06f9d585d199","parent_table":"block","alive":true,"space_id":"d51d3ca5-7889-4c70-b906-3a5a37b60274","created_time":1652969417648,"created_by_table":"notion_user","created_by_id":"a03b888f-5426-4e4f-b5ef-bed855b162f0"}}},"collection":{"8a5f513f-4c9d-4914-8fcb-9a276ef1de72":{"role":"editor","value":{"id":"8a5f513f-4c9d-4914-8fcb-9a276ef1de72","version":2,"name":[["TESTING
        PAGE"]],"schema":{"LlDX":{"name":"b","type":"text"},"title":{"name":"a","type":"title"}},"parent_id":"a71ddd59-4d6e-41e0-9012-06f9d585d199","parent_table":"block","alive":true,"migrated":true,"space_id":"d51d3ca5-7889-4c70-b906-3a5a37b60274"}}}}}'
    headers:
      Content-Type:
      - application/json; charset=utf-8
      Transfer-Encoding:
      - chunked
      content-length:
      - '2522'
    status:
      code: 200
      message: OK
- request:
    body: '{"requests": [{"table": "collection", "id": "8a5f513f-4c9d-4914-8fcb-9a276ef1de72"}]}'
    headers:
      Content-Length:
      - '85'
      content-type:
      - application/json
      cookie:
      - PRIVATE
      x-notion-active-user-header:
      - a03b888f-5426-4e4f-b5ef-bed855b162f0
    method: POST
    uri: https://www.notion.so/api/v3/getRecordValues
  response:
    body:
      string: '{"results":[{"role":"editor","value":{"id":"8a5f513f-4c9d-4914-8fcb-9a276ef1de72","version":2,"name":[["TESTING
        PAGE"]],"schema":{"LlDX":{"name":"b","type":"text"},"title":{"name":"a","type":"title"}},"parent_id":"a71ddd59-4d6e-41e0-9012-06f9d585d199","parent_table":"block","alive":true,"migrated":true,"space_id":"d51d3ca5-7889-4c70-b906-3a5a37b60274"}}],"recordMapWithRoles":{"collection":{"8a5f513f-4c9d-4914-8fcb-9a276ef1de72":{"role":"editor","value":{"id":"8a5f513f-4c9d-4914-8fcb-9a276ef1de72","version":2,"name":[["TESTING
        PAGE"]],"schema":{"LlDX":{"name":"b","type":"text"},"title":{"name":"a","type":"title"}},"parent_id":"a71ddd59-4d6e-41e0-9012-06f9d585d199","parent_table":"block","alive":true,"migrated":true,"space_id":"d51d3ca5-7889-4c70-b906-3a5a37b60274"}}},"block":{"a71ddd59-4d6e-41e0-9012-06f9d585d199":{"role":"editor","value":{"id":"a71ddd59-4d6e-41e0-9012-06f9d585d199","version":13,"type":"collection_view_page","content":["8a5f513f-4c9d-4914-8fcb-9a276ef1de72","475b0460-9de5-422f-93dc-ef61debef510"],"view_ids":["475b0460-9de5-422f-93dc-ef61debef510"],"format":{"collection_pointer":{"id":"8a5f513f-4c9d-4914-8fcb-9a276ef1de72","table":"collection","spaceId":"d51d3ca5-7889-4c70-b906-3a5a37b60274"}},"permissions":[{"role":"editor","type":"user_permission","user_id":"a03b888f-5426-4e4f-b5ef-bed855b162f0"}],"created_time":1652969416553,"last_edited_time":1652969418386,"parent_id":"d51d3ca5-7889-4c70-b906-3a5a37b60274","parent_table":"space","alive":true,"created_by_table":"notion_user","created_by_id":"a03b888f-5426-4e4f-b5ef-bed855b162f0","last_edited_by_table":"notion_user","last_edited_by_id":"a03b888f-5426-4e4f-b5ef-bed855b162f0","space_id":"d51d3ca5-7889-4c70-b906-3a5a37b60274"}}},"space":{"d51d3ca5-7889-4c70-b906-3a5a37b60274":{"role":"editor","value":{"id":"d51d3ca5-7889-4c70-b906-3a5a37b60274","version":3976,"name":"test_py","permissions":[{"role":"editor","type":"user_permission","user_id":"a03b888f-5426-4e4f-b5ef-bed855b162f0"}],"beta_enabled":false,"pages":["a71ddd59-4d6e-41e0-9012-06f9d585d199"],"created_time":1638259881592,"last_edited_time":1652698380000,"created_by_table":"notion_user","created_by_id":"a03b888f-5426-4e4f-b5ef-bed855b162f0","last_edited_by_table":"notion_user","last_edited_by_id":"a03b888f-5426-4e4f-b5ef-bed855b162f0","plan_type":"personal","invite_link_enabled":true}}}}}'
    headers:
      Content-Type:
      - application/json; charset=utf-8
      Transfer-Encoding:
      - chunked
      content-length:
      - '2350'
    status:
      code: 200
      message: OK
- request:
    body: '{"collection": {"id": "8a5f513f-4c9d-4914-8fcb-9a276ef1de72", "spaceId":
      "d51d3ca5-7889-4c70-b906-3a5a37b60274"}, "collectionView": {"id": "475b0460-9de5-422f-93dc-ef61debef510",
      "spaceId": "d51d3ca5-7889-4c70-b906-3a5a37b60274"}, "loader": {"reducers": {"table:uncategorized:title:count":
      {"aggregation": {"aggregator": "count", "property": "title"}, "type": "aggregation"}},
      "searchQuery": "", "sort": [], "userTimeZone": "Asia/Tashkent", "type": "reducer"}}'
    headers:
      Content-Length:
      - '460'
      content-type:
      - application/json
      cookie:
      - PRIVATE
      x-notion-active-user-header:
      - a03b888f-5426-4e4f-b5ef-bed855b162f0
    method: POST
    uri: https://www.notion.so/api/v3/queryCollection
  response:
    body:
      string: '{"result":{"type":"reducer","reducerResults":{"table:uncategorized:title:count":{"type":"aggregation","aggregationResult":{"type":"number","value":0}}}},"recordMap":{}}'
    headers:
      Content-Type:
      - application/json; charset=utf-8
      Transfer-Encoding:
      - chunked
      content-encoding:
      - undefined
    status:
      code: 200
      message: OK
- request:
    body: '{"collection": {"id": "8a5f513f-4c9d-4914-8fcb-9a276ef1de72", "spaceId":
      "d51d3ca5-7889-4c70-b906-3a5a37b60274"}, "collectionView": {"id": "475b0460-9de5-422f-93dc-ef61debef510",
      "spaceId": "d51d3ca5-7889-4c70-b906-3a5a37b60274"}, "loader": {"reducers": {"collection_group_results":
      {"limit": 0, "type": "results"}}, "searchQuery": "", "sort": [], "userTimeZone":
      "Asia/Tashkent", "type": "reducer"}}'
    headers:
      Content-Length:
      - '400'
      content-type:
      - application/json
      cookie:
      - PRIVATE
      x-notion-active-user-header:
      - a03b888f-5426-4e4f-b5ef-bed855b162f0
    method: POST
    uri: https://www.notion.so/api/v3/queryCollection
  response:
    body:
      string: '{"result":{"type":"reducer","reducerResults":{"collection_group_results":{"type":"results","blockIds":[],"hasMore":false}}},"recordMap":{}}'
    headers:
      Content-Type:
      - application/json; charset=utf-8
      Transfer-Encoding:
      - chunked
      content-encoding:
      - undefined
    status:
      code: 200
      message: OK
- request:
    body: '{"operations": [{"id": "998b807c-7b61-44ca-ae3f-50abb924ac3c", "path":
      [], "args": {"id": "998b807c-7b61-44ca-ae3f-50abb924ac3c", "version": 1, "alive":
      true, "created_by_id": "a03b888f-5426-4e4f-b5ef-bed855b162f0", "created_by_table":
      "notion_user", "created_time": 1652969421952, "parent_id": "8a5f513f-4c9d-4914-8fcb-9a276ef1de72",
      "parent_table": "collection", "type": "page"}, "command": "set", "table": "block"},
      {"args": {"last_edited_by_id": "a03b888f-5426-4e4f-b5ef-bed855b162f0", "last_edited_by_table":
      "notion_user", "last_edited_time": 1652969421952}, "command": "update", "id":
      "998b807c-7b61-44ca-ae3f-50abb924ac3c", "path": [], "table": "block"}, {"args":
      {"last_edited_by_id": "a03b888f-5426-4e4f-b5ef-bed855b162f0", "last_edited_by_table":
      "notion_user", "last_edited_time": 1652969421952}, "command": "update", "id":
      "998b807c-7b61-44ca-ae3f-50abb924ac3c", "path": [], "table": "block"}]}'
    headers:
      Content-Length:
      - '907'
      content-type:
      - application/json
      cookie:
      - PRIVATE
      x-notion-active-user-header:
      - a03b888f-5426-4e4f-b5ef-bed855b162f0
    method: POST
    uri: https://www.notion.so/api/v3/submitTransaction
  response:
    body:
      string: '{}'
    headers:
      Content-Length:
      - '2'
      Content-Type:
      - application/json; charset=utf-8
    status:
      code: 200
      message: OK
- request:
    body: '{"operations": [{"id": "998b807c-7b61-44ca-ae3f-50abb924ac3c", "path":
      ["properties", "title"], "args": [["a"]], "command": "set", "table": "block"},
      {"args": {"last_edited_by_id": "a03b888f-5426-4e4f-b5ef-bed855b162f0", "last_edited_by_table":
      "notion_user", "last_edited_time": 1652969422942}, "command": "update", "id":
      "998b807c-7b61-44ca-ae3f-50abb924ac3c", "path": [], "table": "block"}, {"id":
      "998b807c-7b61-44ca-ae3f-50abb924ac3c", "path": ["properties", "LlDX"], "args":
      [["b"]], "command": "set", "table": "block"}, {"args": {"last_edited_by_id":
      "a03b888f-5426-4e4f-b5ef-bed855b162f0", "last_edited_by_table": "notion_user",
      "last_edited_time": 1652969422942}, "command": "update", "id": "998b807c-7b61-44ca-ae3f-50abb924ac3c",
      "path": [], "table": "block"}, {"id": "475b0460-9de5-422f-93dc-ef61debef510",
      "path": ["page_sort"], "args": ["998b807c-7b61-44ca-ae3f-50abb924ac3c"], "command":
      "set", "table": "collection_view"}, {"args": {"last_edited_by_id": "a03b888f-5426-4e4f-b5ef-bed855b162f0",
      "last_edited_by_table": "notion_user", "last_edited_time": 1652969422942}, "command":
      "update", "id": "998b807c-7b61-44ca-ae3f-50abb924ac3c", "path": [], "table":
      "block"}]}'
    headers:
      Content-Length:
      - '1182'
      content-type:
      - application/json
      cookie:
      - PRIVATE
      x-notion-active-user-header:
      - a03b888f-5426-4e4f-b5ef-bed855b162f0
    method: POST
    uri: https://www.notion.so/api/v3/submitTransaction
  response:
    body:
      string: '{}'
    headers:
      Content-Length:
      - '2'
      Content-Type:
      - application/json; charset=utf-8
    status:
      code: 200
      message: OK
- request:
    body: '{"operations": [{"id": "998b807c-7b61-44ca-ae3f-50abb924ac3c", "path":
      ["properties", "meta", "cover_block"], "args": {"type": "url", "url": "https://via.placeholder.com/100"},
      "command": "set", "table": "block"}, {"args": {"last_edited_by_id": "a03b888f-5426-4e4f-b5ef-bed855b162f0",
      "last_edited_by_table": "notion_user", "last_edited_time": 1652969423264}, "command":
      "update", "id": "998b807c-7b61-44ca-ae3f-50abb924ac3c", "path": [], "table":
      "block"}]}'
    headers:
      Content-Length:
      - '458'
      content-type:
      - application/json
      cookie:
      - PRIVATE
      x-notion-active-user-header:
      - a03b888f-5426-4e4f-b5ef-bed855b162f0
    method: POST
    uri: https://www.notion.so/api/v3/submitTransaction
  response:
    body:
      string: '{}'
    headers:
      Content-Length:
      - '2'
      Content-Type:
      - application/json; charset=utf-8
    status:
      code: 200
      message: OK
- request:
    body: '{"operations": [{"id": "8a8fb387-688c-4e4a-86a5-6aef23bfd892", "path":
      [], "args": {"id": "8a8fb387-688c-4e4a-86a5-6aef23bfd892", "version": 1, "alive":
      true, "created_by_id": "a03b888f-5426-4e4f-b5ef-bed855b162f0", "created_by_table":
      "notion_user", "created_time": 1652969423619, "parent_id": "998b807c-7b61-44ca-ae3f-50abb924ac3c",
      "parent_table": "block", "type": "image", "child_list_key": null}, "command":
      "set", "table": "block"}, {"args": {"last_edited_by_id": "a03b888f-5426-4e4f-b5ef-bed855b162f0",
      "last_edited_by_table": "notion_user", "last_edited_time": 1652969423619}, "command":
      "update", "id": "8a8fb387-688c-4e4a-86a5-6aef23bfd892", "path": [], "table":
      "block"}, {"id": "998b807c-7b61-44ca-ae3f-50abb924ac3c", "path": ["content"],
      "args": {"id": "8a8fb387-688c-4e4a-86a5-6aef23bfd892"}, "command": "listAfter",
      "table": "block"}, {"args": {"last_edited_by_id": "a03b888f-5426-4e4f-b5ef-bed855b162f0",
      "last_edited_by_table": "notion_user", "last_edited_time": 1652969423619}, "command":
      "update", "id": "998b807c-7b61-44ca-ae3f-50abb924ac3c", "path": [], "table":
      "block"}, {"args": {"last_edited_by_id": "a03b888f-5426-4e4f-b5ef-bed855b162f0",
      "last_edited_by_table": "notion_user", "last_edited_time": 1652969423619}, "command":
      "update", "id": "998b807c-7b61-44ca-ae3f-50abb924ac3c", "path": [], "table":
      "block"}, {"args": {"last_edited_by_id": "a03b888f-5426-4e4f-b5ef-bed855b162f0",
      "last_edited_by_table": "notion_user", "last_edited_time": 1652969423619}, "command":
      "update", "id": "8a8fb387-688c-4e4a-86a5-6aef23bfd892", "path": [], "table":
      "block"}]}'
    headers:
      Content-Length:
      - '1582'
      content-type:
      - application/json
      cookie:
      - PRIVATE
      x-notion-active-user-header:
      - a03b888f-5426-4e4f-b5ef-bed855b162f0
    method: POST
    uri: https://www.notion.so/api/v3/submitTransaction
  response:
    body:
      string: '{}'
    headers:
      Content-Length:
      - '2'
      Content-Type:
      - application/json; charset=utf-8
    status:
      code: 200
      message: OK
- request:
    body: '{"operations": [{"id": "8a8fb387-688c-4e4a-86a5-6aef23bfd892", "path":
      ["format", "display_source"], "args": "https://via.placeholder.com/100", "command":
      "set", "table": "block"}, {"args": {"last_edited_by_id": "a03b888f-5426-4e4f-b5ef-bed855b162f0",
      "last_edited_by_table": "notion_user", "last_edited_time": 1652969424066}, "command":
      "update", "id": "8a8fb387-688c-4e4a-86a5-6aef23bfd892", "path": [], "table":
      "block"}, {"id": "8a8fb387-688c-4e4a-86a5-6aef23bfd892", "path": ["properties",
      "source"], "args": [["https://via.placeholder.com/100"]], "command": "set",
      "table": "block"}, {"args": {"last_edited_by_id": "a03b888f-5426-4e4f-b5ef-bed855b162f0",
      "last_edited_by_table": "notion_user", "last_edited_time": 1652969424066}, "command":
      "update", "id": "8a8fb387-688c-4e4a-86a5-6aef23bfd892", "path": [], "table":
      "block"}, {"args": {"last_edited_by_id": "a03b888f-5426-4e4f-b5ef-bed855b162f0",
      "last_edited_by_table": "notion_user", "last_edited_time": 1652969424066}, "command":
      "update", "id": "8a8fb387-688c-4e4a-86a5-6aef23bfd892", "path": [], "table":
      "block"}]}'
    headers:
      Content-Length:
      - '1078'
      content-type:
      - application/json
      cookie:
      - PRIVATE
      x-notion-active-user-header:
      - a03b888f-5426-4e4f-b5ef-bed855b162f0
    method: POST
    uri: https://www.notion.so/api/v3/submitTransaction
  response:
    body:
      string: '{}'
    headers:
      Content-Length:
      - '2'
      Content-Type:
      - application/json; charset=utf-8
    status:
      code: 200
      message: OK
- request:
    body: '{"operations": [{"id": "8a8fb387-688c-4e4a-86a5-6aef23bfd892", "path":
      ["properties", "is_cover_block"], "args": true, "command": "set", "table": "block"},
      {"args": {"last_edited_by_id": "a03b888f-5426-4e4f-b5ef-bed855b162f0", "last_edited_by_table":
      "notion_user", "last_edited_time": 1652969424471}, "command": "update", "id":
      "8a8fb387-688c-4e4a-86a5-6aef23bfd892", "path": [], "table": "block"}]}'
    headers:
      Content-Length:
      - '400'
      content-type:
      - application/json
      cookie:
      - PRIVATE
      x-notion-active-user-header:
      - a03b888f-5426-4e4f-b5ef-bed855b162f0
    method: POST
    uri: https://www.notion.so/api/v3/submitTransaction
  response:
    body:
      string: '{}'
    headers:
      Content-Length:
      - '2'
      Content-Type:
      - application/json; charset=utf-8
    status:
      code: 200
      message: OK
- request:
    body: '{"collection": {"id": "8a5f513f-4c9d-4914-8fcb-9a276ef1de72", "spaceId":
      "d51d3ca5-7889-4c70-b906-3a5a37b60274"}, "collectionView": {"id": "475b0460-9de5-422f-93dc-ef61debef510",
      "spaceId": "d51d3ca5-7889-4c70-b906-3a5a37b60274"}, "loader": {"reducers": {"table:uncategorized:title:count":
      {"aggregation": {"aggregator": "count", "property": "title"}, "type": "aggregation"}},
      "searchQuery": "", "sort": [], "userTimeZone": "Asia/Tashkent", "type": "reducer"}}'
    headers:
      Content-Length:
      - '460'
      content-type:
      - application/json
      cookie:
      - PRIVATE
      x-notion-active-user-header:
      - a03b888f-5426-4e4f-b5ef-bed855b162f0
    method: POST
    uri: https://www.notion.so/api/v3/queryCollection
  response:
    body:
      string: '{"result":{"type":"reducer","reducerResults":{"table:uncategorized:title:count":{"type":"aggregation","aggregationResult":{"type":"number","value":1}}}},"recordMap":{}}'
    headers:
      Content-Type:
      - application/json; charset=utf-8
      Transfer-Encoding:
      - chunked
      content-encoding:
      - undefined
    status:
      code: 200
      message: OK
- request:
    body: '{"collection": {"id": "8a5f513f-4c9d-4914-8fcb-9a276ef1de72", "spaceId":
      "d51d3ca5-7889-4c70-b906-3a5a37b60274"}, "collectionView": {"id": "475b0460-9de5-422f-93dc-ef61debef510",
      "spaceId": "d51d3ca5-7889-4c70-b906-3a5a37b60274"}, "loader": {"reducers": {"collection_group_results":
      {"limit": 1, "type": "results"}}, "searchQuery": "", "sort": [], "userTimeZone":
      "Asia/Tashkent", "type": "reducer"}}'
    headers:
      Content-Length:
      - '400'
      content-type:
      - application/json
      cookie:
      - PRIVATE
      x-notion-active-user-header:
      - a03b888f-5426-4e4f-b5ef-bed855b162f0
    method: POST
    uri: https://www.notion.so/api/v3/queryCollection
  response:
    body:
      string: '{"result":{"type":"reducer","reducerResults":{"collection_group_results":{"type":"results","blockIds":["998b807c-7b61-44ca-ae3f-50abb924ac3c"],"hasMore":false}}},"recordMap":{"block":{"998b807c-7b61-44ca-ae3f-50abb924ac3c":{"role":"editor","value":{"id":"998b807c-7b61-44ca-ae3f-50abb924ac3c","version":13,"type":"page","properties":{"LlDX":[["b"]],"meta":{"cover_block":{"url":"https://via.placeholder.com/100","type":"url"}},"title":[["a"]]},"content":["8a8fb387-688c-4e4a-86a5-6aef23bfd892"],"created_time":1652969421952,"last_edited_time":1652969423619,"parent_id":"8a5f513f-4c9d-4914-8fcb-9a276ef1de72","parent_table":"collection","alive":true,"created_by_table":"notion_user","created_by_id":"a03b888f-5426-4e4f-b5ef-bed855b162f0","last_edited_by_table":"notion_user","last_edited_by_id":"a03b888f-5426-4e4f-b5ef-bed855b162f0","space_id":"d51d3ca5-7889-4c70-b906-3a5a37b60274"}},"a71ddd59-4d6e-41e0-9012-06f9d585d199":{"role":"editor","value":{"id":"a71ddd59-4d6e-41e0-9012-06f9d585d199","version":13,"type":"collection_view_page","content":["8a5f513f-4c9d-4914-8fcb-9a276ef1de72","475b0460-9de5-422f-93dc-ef61debef510"],"view_ids":["475b0460-9de5-422f-93dc-ef61debef510"],"format":{"collection_pointer":{"id":"8a5f513f-4c9d-4914-8fcb-9a276ef1de72","table":"collection","spaceId":"d51d3ca5-7889-4c70-b906-3a5a37b60274"}},"permissions":[{"role":"editor","type":"user_permission","user_id":"a03b888f-5426-4e4f-b5ef-bed855b162f0"}],"created_time":1652969416553,"last_edited_time":1652969418386,"parent_id":"d51d3ca5-7889-4c70-b906-3a5a37b60274","parent_table":"space","alive":true,"created_by_table":"notion_user","created_by_id":"a03b888f-5426-4e4f-b5ef-bed855b162f0","last_edited_by_table":"notion_user","last_edited_by_id":"a03b888f-5426-4e4f-b5ef-bed855b162f0","space_id":"d51d3ca5-7889-4c70-b906-3a5a37b60274"}}},"collection":{"8a5f513f-4c9d-4914-8fcb-9a276ef1de72":{"role":"editor","value":{"id":"8a5f513f-4c9d-4914-8fcb-9a276ef1de72","version":2,"name":[["TESTING
        PAGE"]],"schema":{"LlDX":{"name":"b","type":"text"},"title":{"name":"a","type":"title"}},"parent_id":"a71ddd59-4d6e-41e0-9012-06f9d585d199","parent_table":"block","alive":true,"migrated":true,"space_id":"d51d3ca5-7889-4c70-b906-3a5a37b60274"}}},"space":{"d51d3ca5-7889-4c70-b906-3a5a37b60274":{"role":"editor","value":{"id":"d51d3ca5-7889-4c70-b906-3a5a37b60274","version":3976,"name":"test_py","permissions":[{"role":"editor","type":"user_permission","user_id":"a03b888f-5426-4e4f-b5ef-bed855b162f0"}],"beta_enabled":false,"pages":["a71ddd59-4d6e-41e0-9012-06f9d585d199"],"created_time":1638259881592,"last_edited_time":1652698380000,"created_by_table":"notion_user","created_by_id":"a03b888f-5426-4e4f-b5ef-bed855b162f0","last_edited_by_table":"notion_user","last_edited_by_id":"a03b888f-5426-4e4f-b5ef-bed855b162f0","plan_type":"personal","invite_link_enabled":true}}}}}'
    headers:
      Content-Type:
      - application/json; charset=utf-8
      Transfer-Encoding:
      - chunked
      content-length:
      - '2847'
    status:
      code: 200
      message: OK
- request:
    body: '{"requests": [{"table": "block", "id": "8a8fb387-688c-4e4a-86a5-6aef23bfd892"}]}'
    headers:
      Content-Length:
      - '80'
      content-type:
      - application/json
      cookie:
      - PRIVATE
      x-notion-active-user-header:
      - a03b888f-5426-4e4f-b5ef-bed855b162f0
    method: POST
    uri: https://www.notion.so/api/v3/getRecordValues
  response:
    body:
      string: '{"results":[{"role":"editor","value":{"id":"8a8fb387-688c-4e4a-86a5-6aef23bfd892","version":10,"type":"image","properties":{"source":[["https://via.placeholder.com/100"]],"is_cover_block":true},"format":{"display_source":"https://via.placeholder.com/100"},"created_time":1652969423619,"last_edited_time":1652969424471,"parent_id":"998b807c-7b61-44ca-ae3f-50abb924ac3c","parent_table":"block","alive":true,"created_by_table":"notion_user","created_by_id":"a03b888f-5426-4e4f-b5ef-bed855b162f0","last_edited_by_table":"notion_user","last_edited_by_id":"a03b888f-5426-4e4f-b5ef-bed855b162f0","space_id":"d51d3ca5-7889-4c70-b906-3a5a37b60274"}}],"recordMapWithRoles":{"block":{"8a8fb387-688c-4e4a-86a5-6aef23bfd892":{"role":"editor","value":{"id":"8a8fb387-688c-4e4a-86a5-6aef23bfd892","version":10,"type":"image","properties":{"source":[["https://via.placeholder.com/100"]],"is_cover_block":true},"format":{"display_source":"https://via.placeholder.com/100"},"created_time":1652969423619,"last_edited_time":1652969424471,"parent_id":"998b807c-7b61-44ca-ae3f-50abb924ac3c","parent_table":"block","alive":true,"created_by_table":"notion_user","created_by_id":"a03b888f-5426-4e4f-b5ef-bed855b162f0","last_edited_by_table":"notion_user","last_edited_by_id":"a03b888f-5426-4e4f-b5ef-bed855b162f0","space_id":"d51d3ca5-7889-4c70-b906-3a5a37b60274"}},"998b807c-7b61-44ca-ae3f-50abb924ac3c":{"role":"editor","value":{"id":"998b807c-7b61-44ca-ae3f-50abb924ac3c","version":13,"type":"page","properties":{"LlDX":[["b"]],"meta":{"cover_block":{"url":"https://via.placeholder.com/100","type":"url"}},"title":[["a"]]},"content":["8a8fb387-688c-4e4a-86a5-6aef23bfd892"],"created_time":1652969421952,"last_edited_time":1652969423619,"parent_id":"8a5f513f-4c9d-4914-8fcb-9a276ef1de72","parent_table":"collection","alive":true,"created_by_table":"notion_user","created_by_id":"a03b888f-5426-4e4f-b5ef-bed855b162f0","last_edited_by_table":"notion_user","last_edited_by_id":"a03b888f-5426-4e4f-b5ef-bed855b162f0","space_id":"d51d3ca5-7889-4c70-b906-3a5a37b60274"}},"a71ddd59-4d6e-41e0-9012-06f9d585d199":{"role":"editor","value":{"id":"a71ddd59-4d6e-41e0-9012-06f9d585d199","version":13,"type":"collection_view_page","content":["8a5f513f-4c9d-4914-8fcb-9a276ef1de72","475b0460-9de5-422f-93dc-ef61debef510"],"view_ids":["475b0460-9de5-422f-93dc-ef61debef510"],"format":{"collection_pointer":{"id":"8a5f513f-4c9d-4914-8fcb-9a276ef1de72","table":"collection","spaceId":"d51d3ca5-7889-4c70-b906-3a5a37b60274"}},"permissions":[{"role":"editor","type":"user_permission","user_id":"a03b888f-5426-4e4f-b5ef-bed855b162f0"}],"created_time":1652969416553,"last_edited_time":1652969418386,"parent_id":"d51d3ca5-7889-4c70-b906-3a5a37b60274","parent_table":"space","alive":true,"created_by_table":"notion_user","created_by_id":"a03b888f-5426-4e4f-b5ef-bed855b162f0","last_edited_by_table":"notion_user","last_edited_by_id":"a03b888f-5426-4e4f-b5ef-bed855b162f0","space_id":"d51d3ca5-7889-4c70-b906-3a5a37b60274"}}},"collection":{"8a5f513f-4c9d-4914-8fcb-9a276ef1de72":{"role":"editor","value":{"id":"8a5f513f-4c9d-4914-8fcb-9a276ef1de72","version":2,"name":[["TESTING
        PAGE"]],"schema":{"LlDX":{"name":"b","type":"text"},"title":{"name":"a","type":"title"}},"parent_id":"a71ddd59-4d6e-41e0-9012-06f9d585d199","parent_table":"block","alive":true,"migrated":true,"space_id":"d51d3ca5-7889-4c70-b906-3a5a37b60274"}}},"space":{"d51d3ca5-7889-4c70-b906-3a5a37b60274":{"role":"editor","value":{"id":"d51d3ca5-7889-4c70-b906-3a5a37b60274","version":3976,"name":"test_py","permissions":[{"role":"editor","type":"user_permission","user_id":"a03b888f-5426-4e4f-b5ef-bed855b162f0"}],"beta_enabled":false,"pages":["a71ddd59-4d6e-41e0-9012-06f9d585d199"],"created_time":1638259881592,"last_edited_time":1652698380000,"created_by_table":"notion_user","created_by_id":"a03b888f-5426-4e4f-b5ef-bed855b162f0","last_edited_by_table":"notion_user","last_edited_by_id":"a03b888f-5426-4e4f-b5ef-bed855b162f0","plan_type":"personal","invite_link_enabled":true}}}}}'
    headers:
      Content-Type:
      - application/json; charset=utf-8
      Transfer-Encoding:
      - chunked
      content-length:
      - '4004'
    status:
      code: 200
      message: OK
- request:
    body: '{"operations": [{"id": "a71ddd59-4d6e-41e0-9012-06f9d585d199", "path":
      [], "args": {"alive": false}, "command": "update", "table": "block"}, {"args":
      {"last_edited_by_id": "a03b888f-5426-4e4f-b5ef-bed855b162f0", "last_edited_by_table":
      "notion_user", "last_edited_time": 1652969425749}, "command": "update", "id":
      "a71ddd59-4d6e-41e0-9012-06f9d585d199", "path": [], "table": "block"}, {"id":
      "d51d3ca5-7889-4c70-b906-3a5a37b60274", "path": ["pages"], "args": {"id": "a71ddd59-4d6e-41e0-9012-06f9d585d199"},
      "command": "listRemove", "table": "space"}, {"args": {"last_edited_by_id": "a03b888f-5426-4e4f-b5ef-bed855b162f0",
      "last_edited_by_table": "notion_user", "last_edited_time": 1652969425749}, "command":
      "update", "id": "a71ddd59-4d6e-41e0-9012-06f9d585d199", "path": [], "table":
      "block"}]}'
    headers:
      Content-Length:
      - '795'
      content-type:
      - application/json
      cookie:
      - PRIVATE
      x-notion-active-user-header:
      - a03b888f-5426-4e4f-b5ef-bed855b162f0
    method: POST
    uri: https://www.notion.so/api/v3/submitTransaction
  response:
    body:
      string: '{}'
    headers:
      Content-Length:
      - '2'
      Content-Type:
      - application/json; charset=utf-8
    status:
      code: 200
      message: OK
- request:
    body: '{"blockIds": ["a71ddd59-4d6e-41e0-9012-06f9d585d199"], "permanentlyDelete":
      true}'
    headers:
      Content-Length:
      - '81'
      content-type:
      - application/json
      cookie:
      - PRIVATE
      x-notion-active-user-header:
      - a03b888f-5426-4e4f-b5ef-bed855b162f0
    method: POST
    uri: https://www.notion.so/api/v3/deleteBlocks
  response:
    body:
      string: '{"recordMap":{}}'
    headers:
      Content-Length:
      - '16'
      Content-Type:
      - application/json; charset=utf-8
    status:
      code: 200
      message: OK
version: 1
