interactions:
- request:
    body: '{}'
    headers:
      Content-Length:
      - '2'
      content-type:
      - application/json
      cookie:
      - PRIVATE
    method: POST
    uri: https://www.notion.so/api/v3/loadUserContent
  response:
    body:
      string: '{"recordMap":{"notion_user":{"a03b888f-5426-4e4f-b5ef-bed855b162f0":{"role":"editor","value":{"id":"a03b888f-5426-4e4f-b5ef-bed855b162f0","version":7,"email":"test_py_notion@protonmail.com","onboarding_completed":true,"name":"test_py"}}},"user_root":{"a03b888f-5426-4e4f-b5ef-bed855b162f0":{"role":"editor","value":{"id":"a03b888f-5426-4e4f-b5ef-bed855b162f0","version":3,"space_views":["703440cc-f5cb-4f27-ba54-a9125a58e033"],"space_view_pointers":[{"id":"703440cc-f5cb-4f27-ba54-a9125a58e033","table":"space_view","spaceId":"d51d3ca5-7889-4c70-b906-3a5a37b60274"}]}}},"user_settings":{"a03b888f-5426-4e4f-b5ef-bed855b162f0":{"role":"editor","value":{"id":"a03b888f-5426-4e4f-b5ef-bed855b162f0","version":10,"settings":{"type":"personal","persona":"personal","team_role":"unfilled","time_zone":"Asia/Tashkent","signup_time":1638259864507,"cookie_consent":{"id":"2c2f9260-c9a6-4097-bc19-30e5395dfb02","permission":{"necessary":true,"targeting":false,"preference":false,"performance":false}},"preferred_locale":"en-US","used_desktop_web_app":true,"seen_views_intro_modal":true,"preferred_locale_origin":"autodetect","seen_persona_collection":true}}}},"space_view":{"703440cc-f5cb-4f27-ba54-a9125a58e033":{"role":"editor","value":{"id":"703440cc-f5cb-4f27-ba54-a9125a58e033","version":31,"space_id":"d51d3ca5-7889-4c70-b906-3a5a37b60274","parent_id":"a03b888f-5426-4e4f-b5ef-bed855b162f0","parent_table":"user_root","alive":true,"notify_mobile":false,"notify_desktop":true,"notify_email":false,"visited_templates":["7e89f436-7aac-4f66-b0a6-6e65ec868d2a","88c9c2b0-d732-4342-8963-0580a4725571","ba43b46e-4ad3-47f7-95f0-58a3ba01476f","2dddc8c5-a711-4aa2-b5b3-ff952a49bcfa","b7572331-51ab-4ed5-a931-5a7d34b08bf0"],"sidebar_hidden_templates":["7e89f436-7aac-4f66-b0a6-6e65ec868d2a","88c9c2b0-d732-4342-8963-0580a4725571","ba43b46e-4ad3-47f7-95f0-58a3ba01476f","2dddc8c5-a711-4aa2-b5b3-ff952a49bcfa","b7572331-51ab-4ed5-a931-5a7d34b08bf0"],"created_getting_started":true,"created_onboarding_templates":true,"private_pages":["5585f343-8ea5-469b-8a90-a05987977424"],"joined":true,"settings":{"on_app_start":"first_page"}}}},"space":{"d51d3ca5-7889-4c70-b906-3a5a37b60274":{"role":"editor","value":{"id":"d51d3ca5-7889-4c70-b906-3a5a37b60274","version":4405,"name":"test_py","permissions":[{"role":"editor","type":"user_permission","user_id":"a03b888f-5426-4e4f-b5ef-bed855b162f0"}],"beta_enabled":false,"created_time":1638259881592,"last_edited_time":1652698380000,"created_by_table":"notion_user","created_by_id":"a03b888f-5426-4e4f-b5ef-bed855b162f0","last_edited_by_table":"notion_user","last_edited_by_id":"a03b888f-5426-4e4f-b5ef-bed855b162f0","plan_type":"personal","invite_link_enabled":true}}}}}'
    headers:
      Content-Type:
      - application/json; charset=utf-8
      Transfer-Encoding:
      - chunked
      content-length:
      - '2694'
    status:
      code: 200
      message: OK
- request:
    body: '{}'
    headers:
      Content-Length:
      - '2'
      content-type:
      - application/json
      cookie:
      - PRIVATE
      x-notion-active-user-header:
      - a03b888f-5426-4e4f-b5ef-bed855b162f0
    method: POST
    uri: https://www.notion.so/api/v3/loadUserContent
  response:
    body:
      string: '{"recordMap":{"notion_user":{"a03b888f-5426-4e4f-b5ef-bed855b162f0":{"role":"editor","value":{"id":"a03b888f-5426-4e4f-b5ef-bed855b162f0","version":7,"email":"test_py_notion@protonmail.com","onboarding_completed":true,"name":"test_py"}}},"user_root":{"a03b888f-5426-4e4f-b5ef-bed855b162f0":{"role":"editor","value":{"id":"a03b888f-5426-4e4f-b5ef-bed855b162f0","version":3,"space_views":["703440cc-f5cb-4f27-ba54-a9125a58e033"],"space_view_pointers":[{"id":"703440cc-f5cb-4f27-ba54-a9125a58e033","table":"space_view","spaceId":"d51d3ca5-7889-4c70-b906-3a5a37b60274"}]}}},"user_settings":{"a03b888f-5426-4e4f-b5ef-bed855b162f0":{"role":"editor","value":{"id":"a03b888f-5426-4e4f-b5ef-bed855b162f0","version":10,"settings":{"type":"personal","persona":"personal","team_role":"unfilled","time_zone":"Asia/Tashkent","signup_time":1638259864507,"cookie_consent":{"id":"2c2f9260-c9a6-4097-bc19-30e5395dfb02","permission":{"necessary":true,"targeting":false,"preference":false,"performance":false}},"preferred_locale":"en-US","used_desktop_web_app":true,"seen_views_intro_modal":true,"preferred_locale_origin":"autodetect","seen_persona_collection":true}}}},"space_view":{"703440cc-f5cb-4f27-ba54-a9125a58e033":{"role":"editor","value":{"id":"703440cc-f5cb-4f27-ba54-a9125a58e033","version":31,"space_id":"d51d3ca5-7889-4c70-b906-3a5a37b60274","parent_id":"a03b888f-5426-4e4f-b5ef-bed855b162f0","parent_table":"user_root","alive":true,"notify_mobile":false,"notify_desktop":true,"notify_email":false,"visited_templates":["7e89f436-7aac-4f66-b0a6-6e65ec868d2a","88c9c2b0-d732-4342-8963-0580a4725571","ba43b46e-4ad3-47f7-95f0-58a3ba01476f","2dddc8c5-a711-4aa2-b5b3-ff952a49bcfa","b7572331-51ab-4ed5-a931-5a7d34b08bf0"],"sidebar_hidden_templates":["7e89f436-7aac-4f66-b0a6-6e65ec868d2a","88c9c2b0-d732-4342-8963-0580a4725571","ba43b46e-4ad3-47f7-95f0-58a3ba01476f","2dddc8c5-a711-4aa2-b5b3-ff952a49bcfa","b7572331-51ab-4ed5-a931-5a7d34b08bf0"],"created_getting_started":true,"created_onboarding_templates":true,"private_pages":["5585f343-8ea5-469b-8a90-a05987977424"],"joined":true,"settings":{"on_app_start":"first_page"}}}},"space":{"d51d3ca5-7889-4c70-b906-3a5a37b60274":{"role":"editor","value":{"id":"d51d3ca5-7889-4c70-b906-3a5a37b60274","version":4405,"name":"test_py","permissions":[{"role":"editor","type":"user_permission","user_id":"a03b888f-5426-4e4f-b5ef-bed855b162f0"}],"beta_enabled":false,"created_time":1638259881592,"last_edited_time":1652698380000,"created_by_table":"notion_user","created_by_id":"a03b888f-5426-4e4f-b5ef-bed855b162f0","last_edited_by_table":"notion_user","last_edited_by_id":"a03b888f-5426-4e4f-b5ef-bed855b162f0","plan_type":"personal","invite_link_enabled":true}}}}}'
    headers:
      Content-Type:
      - application/json; charset=utf-8
      Transfer-Encoding:
      - chunked
      content-length:
      - '2694'
    status:
      code: 200
      message: OK
- request:
    body: '{}'
    headers:
      Content-Length:
      - '2'
      content-type:
      - application/json
      cookie:
      - PRIVATE
    method: POST
    uri: https://www.notion.so/api/v3/loadUserContent
  response:
    body:
      string: '{"recordMap":{"notion_user":{"a03b888f-5426-4e4f-b5ef-bed855b162f0":{"role":"editor","value":{"id":"a03b888f-5426-4e4f-b5ef-bed855b162f0","version":7,"email":"test_py_notion@protonmail.com","onboarding_completed":true,"name":"test_py"}}},"user_root":{"a03b888f-5426-4e4f-b5ef-bed855b162f0":{"role":"editor","value":{"id":"a03b888f-5426-4e4f-b5ef-bed855b162f0","version":3,"space_views":["703440cc-f5cb-4f27-ba54-a9125a58e033"],"space_view_pointers":[{"id":"703440cc-f5cb-4f27-ba54-a9125a58e033","table":"space_view","spaceId":"d51d3ca5-7889-4c70-b906-3a5a37b60274"}]}}},"user_settings":{"a03b888f-5426-4e4f-b5ef-bed855b162f0":{"role":"editor","value":{"id":"a03b888f-5426-4e4f-b5ef-bed855b162f0","version":10,"settings":{"type":"personal","persona":"personal","team_role":"unfilled","time_zone":"Asia/Tashkent","signup_time":1638259864507,"cookie_consent":{"id":"2c2f9260-c9a6-4097-bc19-30e5395dfb02","permission":{"necessary":true,"targeting":false,"preference":false,"performance":false}},"preferred_locale":"en-US","used_desktop_web_app":true,"seen_views_intro_modal":true,"preferred_locale_origin":"autodetect","seen_persona_collection":true}}}},"space_view":{"703440cc-f5cb-4f27-ba54-a9125a58e033":{"role":"editor","value":{"id":"703440cc-f5cb-4f27-ba54-a9125a58e033","version":31,"space_id":"d51d3ca5-7889-4c70-b906-3a5a37b60274","parent_id":"a03b888f-5426-4e4f-b5ef-bed855b162f0","parent_table":"user_root","alive":true,"notify_mobile":false,"notify_desktop":true,"notify_email":false,"visited_templates":["7e89f436-7aac-4f66-b0a6-6e65ec868d2a","88c9c2b0-d732-4342-8963-0580a4725571","ba43b46e-4ad3-47f7-95f0-58a3ba01476f","2dddc8c5-a711-4aa2-b5b3-ff952a49bcfa","b7572331-51ab-4ed5-a931-5a7d34b08bf0"],"sidebar_hidden_templates":["7e89f436-7aac-4f66-b0a6-6e65ec868d2a","88c9c2b0-d732-4342-8963-0580a4725571","ba43b46e-4ad3-47f7-95f0-58a3ba01476f","2dddc8c5-a711-4aa2-b5b3-ff952a49bcfa","b7572331-51ab-4ed5-a931-5a7d34b08bf0"],"created_getting_started":true,"created_onboarding_templates":true,"private_pages":["5585f343-8ea5-469b-8a90-a05987977424"],"joined":true,"settings":{"on_app_start":"first_page"}}}},"space":{"d51d3ca5-7889-4c70-b906-3a5a37b60274":{"role":"editor","value":{"id":"d51d3ca5-7889-4c70-b906-3a5a37b60274","version":4405,"name":"test_py","permissions":[{"role":"editor","type":"user_permission","user_id":"a03b888f-5426-4e4f-b5ef-bed855b162f0"}],"beta_enabled":false,"created_time":1638259881592,"last_edited_time":1652698380000,"created_by_table":"notion_user","created_by_id":"a03b888f-5426-4e4f-b5ef-bed855b162f0","last_edited_by_table":"notion_user","last_edited_by_id":"a03b888f-5426-4e4f-b5ef-bed855b162f0","plan_type":"personal","invite_link_enabled":true}}}}}'
    headers:
      Content-Type:
      - application/json; charset=utf-8
      Transfer-Encoding:
      - chunked
      content-length:
      - '2694'
    status:
      code: 200
      message: OK
- request:
    body: '{"operations": [{"id": "e15de4d2-309d-4102-bf92-9939c9fb1e11", "path":
      [], "args": {"id": "e15de4d2-309d-4102-bf92-9939c9fb1e11", "version": 1, "alive":
      true, "created_by_id": "a03b888f-5426-4e4f-b5ef-bed855b162f0", "created_by_table":
      "notion_user", "created_time": 1653056426157, "parent_id": "d51d3ca5-7889-4c70-b906-3a5a37b60274",
      "parent_table": "space", "type": "collection_view_page", "permissions": [{"role":
      "editor", "type": "user_permission", "user_id": "a03b888f-5426-4e4f-b5ef-bed855b162f0"}]},
      "command": "set", "table": "block"}, {"args": {"last_edited_by_id": "a03b888f-5426-4e4f-b5ef-bed855b162f0",
      "last_edited_by_table": "notion_user", "last_edited_time": 1653056426157}, "command":
      "update", "id": "e15de4d2-309d-4102-bf92-9939c9fb1e11", "path": [], "table":
      "block"}, {"id": "d51d3ca5-7889-4c70-b906-3a5a37b60274", "path": ["pages"],
      "args": {"id": "e15de4d2-309d-4102-bf92-9939c9fb1e11"}, "command": "listAfter",
      "table": "space"}, {"args": {"last_edited_by_id": "a03b888f-5426-4e4f-b5ef-bed855b162f0",
      "last_edited_by_table": "notion_user", "last_edited_time": 1653056426157}, "command":
      "update", "id": "e15de4d2-309d-4102-bf92-9939c9fb1e11", "path": [], "table":
      "block"}]}'
    headers:
      Content-Length:
      - '1198'
      content-type:
      - application/json
      cookie:
      - PRIVATE
      x-notion-active-user-header:
      - a03b888f-5426-4e4f-b5ef-bed855b162f0
    method: POST
    uri: https://www.notion.so/api/v3/submitTransaction
  response:
    body:
      string: '{}'
    headers:
      Content-Length:
      - '2'
      Content-Type:
      - application/json; charset=utf-8
    status:
      code: 200
      message: OK
- request:
    body: '{"operations": [{"id": "9a724b78-ee06-4437-a86d-b10a063f81f6", "path":
      [], "args": {"id": "9a724b78-ee06-4437-a86d-b10a063f81f6", "version": 1, "alive":
      true, "created_by_id": "a03b888f-5426-4e4f-b5ef-bed855b162f0", "created_by_table":
      "notion_user", "created_time": 1653056426526, "parent_id": "e15de4d2-309d-4102-bf92-9939c9fb1e11",
      "parent_table": "block", "schema": {"title": {"name": "a", "type": "title"},
      "dvuJ": {"name": "b", "type": "text"}}}, "command": "set", "table": "collection"},
      {"id": "e15de4d2-309d-4102-bf92-9939c9fb1e11", "path": ["content"], "args":
      {"id": "9a724b78-ee06-4437-a86d-b10a063f81f6"}, "command": "listAfter", "table":
      "block"}, {"args": {"last_edited_by_id": "a03b888f-5426-4e4f-b5ef-bed855b162f0",
      "last_edited_by_table": "notion_user", "last_edited_time": 1653056426526}, "command":
      "update", "id": "e15de4d2-309d-4102-bf92-9939c9fb1e11", "path": [], "table":
      "block"}, {"args": {"last_edited_by_id": "a03b888f-5426-4e4f-b5ef-bed855b162f0",
      "last_edited_by_table": "notion_user", "last_edited_time": 1653056426526}, "command":
      "update", "id": "e15de4d2-309d-4102-bf92-9939c9fb1e11", "path": [], "table":
      "block"}]}'
    headers:
      Content-Length:
      - '1150'
      content-type:
      - application/json
      cookie:
      - PRIVATE
      x-notion-active-user-header:
      - a03b888f-5426-4e4f-b5ef-bed855b162f0
    method: POST
    uri: https://www.notion.so/api/v3/submitTransaction
  response:
    body:
      string: '{}'
    headers:
      Content-Length:
      - '2'
      Content-Type:
      - application/json; charset=utf-8
    status:
      code: 200
      message: OK
- request:
    body: '{"operations": [{"id": "e15de4d2-309d-4102-bf92-9939c9fb1e11", "path":
      ["format", "collection_pointer", "id"], "args": "9a724b78-ee06-4437-a86d-b10a063f81f6",
      "command": "set", "table": "block"}, {"args": {"last_edited_by_id": "a03b888f-5426-4e4f-b5ef-bed855b162f0",
      "last_edited_by_table": "notion_user", "last_edited_time": 1653056426925}, "command":
      "update", "id": "e15de4d2-309d-4102-bf92-9939c9fb1e11", "path": [], "table":
      "block"}]}'
    headers:
      Content-Length:
      - '440'
      content-type:
      - application/json
      cookie:
      - PRIVATE
      x-notion-active-user-header:
      - a03b888f-5426-4e4f-b5ef-bed855b162f0
    method: POST
    uri: https://www.notion.so/api/v3/submitTransaction
  response:
    body:
      string: '{}'
    headers:
      Content-Length:
      - '2'
      Content-Type:
      - application/json; charset=utf-8
    status:
      code: 200
      message: OK
- request:
    body: '{"operations": [{"id": "3fbab107-8789-4e87-ac18-4b1bcd1fb447", "path":
      [], "args": {"id": "3fbab107-8789-4e87-ac18-4b1bcd1fb447", "version": 1, "alive":
      true, "created_by_id": "a03b888f-5426-4e4f-b5ef-bed855b162f0", "created_by_table":
      "notion_user", "created_time": 1653056427258, "parent_id": "e15de4d2-309d-4102-bf92-9939c9fb1e11",
      "parent_table": "block", "type": "table"}, "command": "set", "table": "collection_view"},
      {"id": "e15de4d2-309d-4102-bf92-9939c9fb1e11", "path": ["content"], "args":
      {"id": "3fbab107-8789-4e87-ac18-4b1bcd1fb447"}, "command": "listAfter", "table":
      "block"}, {"args": {"last_edited_by_id": "a03b888f-5426-4e4f-b5ef-bed855b162f0",
      "last_edited_by_table": "notion_user", "last_edited_time": 1653056427258}, "command":
      "update", "id": "e15de4d2-309d-4102-bf92-9939c9fb1e11", "path": [], "table":
      "block"}, {"args": {"last_edited_by_id": "a03b888f-5426-4e4f-b5ef-bed855b162f0",
      "last_edited_by_table": "notion_user", "last_edited_time": 1653056427258}, "command":
      "update", "id": "e15de4d2-309d-4102-bf92-9939c9fb1e11", "path": [], "table":
      "block"}]}'
    headers:
      Content-Length:
      - '1080'
      content-type:
      - application/json
      cookie:
      - PRIVATE
      x-notion-active-user-header:
      - a03b888f-5426-4e4f-b5ef-bed855b162f0
    method: POST
    uri: https://www.notion.so/api/v3/submitTransaction
  response:
    body:
      string: '{}'
    headers:
      Content-Length:
      - '2'
      Content-Type:
      - application/json; charset=utf-8
    status:
      code: 200
      message: OK
- request:
    body: '{"operations": [{"id": "3fbab107-8789-4e87-ac18-4b1bcd1fb447", "path":
      ["collection_id"], "args": "9a724b78-ee06-4437-a86d-b10a063f81f6", "command":
      "set", "table": "collection_view"}]}'
    headers:
      Content-Length:
      - '185'
      content-type:
      - application/json
      cookie:
      - PRIVATE
      x-notion-active-user-header:
      - a03b888f-5426-4e4f-b5ef-bed855b162f0
    method: POST
    uri: https://www.notion.so/api/v3/submitTransaction
  response:
    body:
      string: '{}'
    headers:
      Content-Length:
      - '2'
      Content-Type:
      - application/json; charset=utf-8
    status:
      code: 200
      message: OK
- request:
    body: '{"operations": [{"id": "e15de4d2-309d-4102-bf92-9939c9fb1e11", "path":
      ["view_ids"], "args": ["3fbab107-8789-4e87-ac18-4b1bcd1fb447"], "command": "set",
      "table": "block"}, {"args": {"last_edited_by_id": "a03b888f-5426-4e4f-b5ef-bed855b162f0",
      "last_edited_by_table": "notion_user", "last_edited_time": 1653056428027}, "command":
      "update", "id": "e15de4d2-309d-4102-bf92-9939c9fb1e11", "path": [], "table":
      "block"}]}'
    headers:
      Content-Length:
      - '416'
      content-type:
      - application/json
      cookie:
      - PRIVATE
      x-notion-active-user-header:
      - a03b888f-5426-4e4f-b5ef-bed855b162f0
    method: POST
    uri: https://www.notion.so/api/v3/submitTransaction
  response:
    body:
      string: '{}'
    headers:
      Content-Length:
      - '2'
      Content-Type:
      - application/json; charset=utf-8
    status:
      code: 200
      message: OK
- request:
    body: '{"operations": [{"id": "3fbab107-8789-4e87-ac18-4b1bcd1fb447", "path":
      ["format", "table_properties"], "args": [{"visible": true, "property": "title"},
      {"visible": true, "property": "dvuJ"}], "command": "set", "table": "collection_view"}]}'
    headers:
      Content-Length:
      - '239'
      content-type:
      - application/json
      cookie:
      - PRIVATE
      x-notion-active-user-header:
      - a03b888f-5426-4e4f-b5ef-bed855b162f0
    method: POST
    uri: https://www.notion.so/api/v3/submitTransaction
  response:
    body:
      string: '{}'
    headers:
      Content-Length:
      - '2'
      Content-Type:
      - application/json; charset=utf-8
    status:
      code: 200
      message: OK
- request:
    body: '{"operations": [{"id": "9a724b78-ee06-4437-a86d-b10a063f81f6", "path":
      ["name"], "args": [["TESTING PAGE"]], "command": "set", "table": "collection"}]}'
    headers:
      Content-Length:
      - '151'
      content-type:
      - application/json
      cookie:
      - PRIVATE
      x-notion-active-user-header:
      - a03b888f-5426-4e4f-b5ef-bed855b162f0
    method: POST
    uri: https://www.notion.so/api/v3/submitTransaction
  response:
    body:
      string: '{}'
    headers:
      Content-Length:
      - '2'
      Content-Type:
      - application/json; charset=utf-8
    status:
      code: 200
      message: OK
- request:
    body: '{"page": {"id": "e15de4d2-309d-4102-bf92-9939c9fb1e11"}, "limit": 100,
      "cursor": {"stack": []}, "chunkNumber": 0, "verticalColumns": false}'
    headers:
      Content-Length:
      - '139'
      content-type:
      - application/json
      cookie:
      - PRIVATE
      x-notion-active-user-header:
      - a03b888f-5426-4e4f-b5ef-bed855b162f0
    method: POST
    uri: https://www.notion.so/api/v3/loadPageChunk
  response:
    body:
      string: '{"cursor":{"stack":[]},"recordMap":{"block":{"e15de4d2-309d-4102-bf92-9939c9fb1e11":{"role":"editor","value":{"id":"e15de4d2-309d-4102-bf92-9939c9fb1e11","version":13,"type":"collection_view_page","content":["9a724b78-ee06-4437-a86d-b10a063f81f6","3fbab107-8789-4e87-ac18-4b1bcd1fb447"],"view_ids":["3fbab107-8789-4e87-ac18-4b1bcd1fb447"],"format":{"collection_pointer":{"id":"9a724b78-ee06-4437-a86d-b10a063f81f6","table":"collection","spaceId":"d51d3ca5-7889-4c70-b906-3a5a37b60274"}},"permissions":[{"role":"editor","type":"user_permission","user_id":"a03b888f-5426-4e4f-b5ef-bed855b162f0"}],"created_time":1653056426157,"last_edited_time":1653056428027,"parent_id":"d51d3ca5-7889-4c70-b906-3a5a37b60274","parent_table":"space","alive":true,"created_by_table":"notion_user","created_by_id":"a03b888f-5426-4e4f-b5ef-bed855b162f0","last_edited_by_table":"notion_user","last_edited_by_id":"a03b888f-5426-4e4f-b5ef-bed855b162f0","space_id":"d51d3ca5-7889-4c70-b906-3a5a37b60274"}}},"space":{"d51d3ca5-7889-4c70-b906-3a5a37b60274":{"role":"editor","value":{"id":"d51d3ca5-7889-4c70-b906-3a5a37b60274","version":4406,"name":"test_py","permissions":[{"role":"editor","type":"user_permission","user_id":"a03b888f-5426-4e4f-b5ef-bed855b162f0"}],"beta_enabled":false,"pages":["e15de4d2-309d-4102-bf92-9939c9fb1e11"],"created_time":1638259881592,"last_edited_time":1652698380000,"created_by_table":"notion_user","created_by_id":"a03b888f-5426-4e4f-b5ef-bed855b162f0","last_edited_by_table":"notion_user","last_edited_by_id":"a03b888f-5426-4e4f-b5ef-bed855b162f0","plan_type":"personal","invite_link_enabled":true}}},"collection":{"9a724b78-ee06-4437-a86d-b10a063f81f6":{"role":"editor","value":{"id":"9a724b78-ee06-4437-a86d-b10a063f81f6","version":2,"name":[["TESTING
        PAGE"]],"schema":{"dvuJ":{"name":"b","type":"text"},"title":{"name":"a","type":"title"}},"parent_id":"e15de4d2-309d-4102-bf92-9939c9fb1e11","parent_table":"block","alive":true,"migrated":true,"space_id":"d51d3ca5-7889-4c70-b906-3a5a37b60274"}}},"collection_view":{"3fbab107-8789-4e87-ac18-4b1bcd1fb447":{"role":"editor","value":{"id":"3fbab107-8789-4e87-ac18-4b1bcd1fb447","version":3,"type":"table","format":{"table_properties":[{"visible":true,"property":"title"},{"visible":true,"property":"dvuJ"}]},"parent_id":"e15de4d2-309d-4102-bf92-9939c9fb1e11","parent_table":"block","alive":true,"space_id":"d51d3ca5-7889-4c70-b906-3a5a37b60274","created_time":1653056427258,"created_by_table":"notion_user","created_by_id":"a03b888f-5426-4e4f-b5ef-bed855b162f0"}}}}}'
    headers:
      Content-Type:
      - application/json; charset=utf-8
      Transfer-Encoding:
      - chunked
      content-length:
      - '2522'
    status:
      code: 200
      message: OK
- request:
    body: '{}'
    headers:
      Content-Length:
      - '2'
      content-type:
      - application/json
      cookie:
      - PRIVATE
    method: POST
    uri: https://www.notion.so/api/v3/loadUserContent
  response:
    body:
      string: '{"recordMap":{"notion_user":{"a03b888f-5426-4e4f-b5ef-bed855b162f0":{"role":"editor","value":{"id":"a03b888f-5426-4e4f-b5ef-bed855b162f0","version":7,"email":"test_py_notion@protonmail.com","onboarding_completed":true,"name":"test_py"}}},"user_root":{"a03b888f-5426-4e4f-b5ef-bed855b162f0":{"role":"editor","value":{"id":"a03b888f-5426-4e4f-b5ef-bed855b162f0","version":3,"space_views":["703440cc-f5cb-4f27-ba54-a9125a58e033"],"space_view_pointers":[{"id":"703440cc-f5cb-4f27-ba54-a9125a58e033","table":"space_view","spaceId":"d51d3ca5-7889-4c70-b906-3a5a37b60274"}]}}},"user_settings":{"a03b888f-5426-4e4f-b5ef-bed855b162f0":{"role":"editor","value":{"id":"a03b888f-5426-4e4f-b5ef-bed855b162f0","version":10,"settings":{"type":"personal","persona":"personal","team_role":"unfilled","time_zone":"Asia/Tashkent","signup_time":1638259864507,"cookie_consent":{"id":"2c2f9260-c9a6-4097-bc19-30e5395dfb02","permission":{"necessary":true,"targeting":false,"preference":false,"performance":false}},"preferred_locale":"en-US","used_desktop_web_app":true,"seen_views_intro_modal":true,"preferred_locale_origin":"autodetect","seen_persona_collection":true}}}},"space_view":{"703440cc-f5cb-4f27-ba54-a9125a58e033":{"role":"editor","value":{"id":"703440cc-f5cb-4f27-ba54-a9125a58e033","version":31,"space_id":"d51d3ca5-7889-4c70-b906-3a5a37b60274","parent_id":"a03b888f-5426-4e4f-b5ef-bed855b162f0","parent_table":"user_root","alive":true,"notify_mobile":false,"notify_desktop":true,"notify_email":false,"visited_templates":["7e89f436-7aac-4f66-b0a6-6e65ec868d2a","88c9c2b0-d732-4342-8963-0580a4725571","ba43b46e-4ad3-47f7-95f0-58a3ba01476f","2dddc8c5-a711-4aa2-b5b3-ff952a49bcfa","b7572331-51ab-4ed5-a931-5a7d34b08bf0"],"sidebar_hidden_templates":["7e89f436-7aac-4f66-b0a6-6e65ec868d2a","88c9c2b0-d732-4342-8963-0580a4725571","ba43b46e-4ad3-47f7-95f0-58a3ba01476f","2dddc8c5-a711-4aa2-b5b3-ff952a49bcfa","b7572331-51ab-4ed5-a931-5a7d34b08bf0"],"created_getting_started":true,"created_onboarding_templates":true,"private_pages":["5585f343-8ea5-469b-8a90-a05987977424"],"joined":true,"settings":{"on_app_start":"first_page"}}}},"space":{"d51d3ca5-7889-4c70-b906-3a5a37b60274":{"role":"editor","value":{"id":"d51d3ca5-7889-4c70-b906-3a5a37b60274","version":4406,"name":"test_py","permissions":[{"role":"editor","type":"user_permission","user_id":"a03b888f-5426-4e4f-b5ef-bed855b162f0"}],"beta_enabled":false,"pages":["e15de4d2-309d-4102-bf92-9939c9fb1e11"],"created_time":1638259881592,"last_edited_time":1652698380000,"created_by_table":"notion_user","created_by_id":"a03b888f-5426-4e4f-b5ef-bed855b162f0","last_edited_by_table":"notion_user","last_edited_by_id":"a03b888f-5426-4e4f-b5ef-bed855b162f0","plan_type":"personal","invite_link_enabled":true}}},"block":{"e15de4d2-309d-4102-bf92-9939c9fb1e11":{"role":"editor","value":{"id":"e15de4d2-309d-4102-bf92-9939c9fb1e11","version":13,"type":"collection_view_page","content":["9a724b78-ee06-4437-a86d-b10a063f81f6","3fbab107-8789-4e87-ac18-4b1bcd1fb447"],"view_ids":["3fbab107-8789-4e87-ac18-4b1bcd1fb447"],"format":{"collection_pointer":{"id":"9a724b78-ee06-4437-a86d-b10a063f81f6","table":"collection","spaceId":"d51d3ca5-7889-4c70-b906-3a5a37b60274"}},"permissions":[{"role":"editor","type":"user_permission","user_id":"a03b888f-5426-4e4f-b5ef-bed855b162f0"}],"created_time":1653056426157,"last_edited_time":1653056428027,"parent_id":"d51d3ca5-7889-4c70-b906-3a5a37b60274","parent_table":"space","alive":true,"created_by_table":"notion_user","created_by_id":"a03b888f-5426-4e4f-b5ef-bed855b162f0","last_edited_by_table":"notion_user","last_edited_by_id":"a03b888f-5426-4e4f-b5ef-bed855b162f0","space_id":"d51d3ca5-7889-4c70-b906-3a5a37b60274"}}},"collection":{"9a724b78-ee06-4437-a86d-b10a063f81f6":{"role":"editor","value":{"id":"9a724b78-ee06-4437-a86d-b10a063f81f6","version":2,"name":[["TESTING
        PAGE"]],"schema":{"dvuJ":{"name":"b","type":"text"},"title":{"name":"a","type":"title"}},"parent_id":"e15de4d2-309d-4102-bf92-9939c9fb1e11","parent_table":"block","alive":true,"migrated":true,"space_id":"d51d3ca5-7889-4c70-b906-3a5a37b60274"}}}}}'
    headers:
      Content-Type:
      - application/json; charset=utf-8
      Transfer-Encoding:
      - chunked
      content-length:
      - '4086'
    status:
      code: 200
      message: OK
- request:
    body: '{"page": {"id": "e15de4d2-309d-4102-bf92-9939c9fb1e11"}, "limit": 100,
      "cursor": {"stack": []}, "chunkNumber": 0, "verticalColumns": false}'
    headers:
      Content-Length:
      - '139'
      content-type:
      - application/json
      cookie:
      - PRIVATE
      x-notion-active-user-header:
      - a03b888f-5426-4e4f-b5ef-bed855b162f0
    method: POST
    uri: https://www.notion.so/api/v3/loadPageChunk
  response:
    body:
      string: '{"cursor":{"stack":[]},"recordMap":{"block":{"e15de4d2-309d-4102-bf92-9939c9fb1e11":{"role":"editor","value":{"id":"e15de4d2-309d-4102-bf92-9939c9fb1e11","version":13,"type":"collection_view_page","content":["9a724b78-ee06-4437-a86d-b10a063f81f6","3fbab107-8789-4e87-ac18-4b1bcd1fb447"],"view_ids":["3fbab107-8789-4e87-ac18-4b1bcd1fb447"],"format":{"collection_pointer":{"id":"9a724b78-ee06-4437-a86d-b10a063f81f6","table":"collection","spaceId":"d51d3ca5-7889-4c70-b906-3a5a37b60274"}},"permissions":[{"role":"editor","type":"user_permission","user_id":"a03b888f-5426-4e4f-b5ef-bed855b162f0"}],"created_time":1653056426157,"last_edited_time":1653056428027,"parent_id":"d51d3ca5-7889-4c70-b906-3a5a37b60274","parent_table":"space","alive":true,"created_by_table":"notion_user","created_by_id":"a03b888f-5426-4e4f-b5ef-bed855b162f0","last_edited_by_table":"notion_user","last_edited_by_id":"a03b888f-5426-4e4f-b5ef-bed855b162f0","space_id":"d51d3ca5-7889-4c70-b906-3a5a37b60274"}}},"space":{"d51d3ca5-7889-4c70-b906-3a5a37b60274":{"role":"editor","value":{"id":"d51d3ca5-7889-4c70-b906-3a5a37b60274","version":4406,"name":"test_py","permissions":[{"role":"editor","type":"user_permission","user_id":"a03b888f-5426-4e4f-b5ef-bed855b162f0"}],"beta_enabled":false,"pages":["e15de4d2-309d-4102-bf92-9939c9fb1e11"],"created_time":1638259881592,"last_edited_time":1652698380000,"created_by_table":"notion_user","created_by_id":"a03b888f-5426-4e4f-b5ef-bed855b162f0","last_edited_by_table":"notion_user","last_edited_by_id":"a03b888f-5426-4e4f-b5ef-bed855b162f0","plan_type":"personal","invite_link_enabled":true}}},"collection_view":{"3fbab107-8789-4e87-ac18-4b1bcd1fb447":{"role":"editor","value":{"id":"3fbab107-8789-4e87-ac18-4b1bcd1fb447","version":3,"type":"table","format":{"table_properties":[{"visible":true,"property":"title"},{"visible":true,"property":"dvuJ"}]},"parent_id":"e15de4d2-309d-4102-bf92-9939c9fb1e11","parent_table":"block","alive":true,"space_id":"d51d3ca5-7889-4c70-b906-3a5a37b60274","created_time":1653056427258,"created_by_table":"notion_user","created_by_id":"a03b888f-5426-4e4f-b5ef-bed855b162f0"}}},"collection":{"9a724b78-ee06-4437-a86d-b10a063f81f6":{"role":"editor","value":{"id":"9a724b78-ee06-4437-a86d-b10a063f81f6","version":2,"name":[["TESTING
        PAGE"]],"schema":{"dvuJ":{"name":"b","type":"text"},"title":{"name":"a","type":"title"}},"parent_id":"e15de4d2-309d-4102-bf92-9939c9fb1e11","parent_table":"block","alive":true,"migrated":true,"space_id":"d51d3ca5-7889-4c70-b906-3a5a37b60274"}}}}}'
    headers:
      Content-Type:
      - application/json; charset=utf-8
      Transfer-Encoding:
      - chunked
      content-length:
      - '2522'
    status:
      code: 200
      message: OK
- request:
    body: '{"requests": [{"table": "collection", "id": "9a724b78-ee06-4437-a86d-b10a063f81f6"}]}'
    headers:
      Content-Length:
      - '85'
      content-type:
      - application/json
      cookie:
      - PRIVATE
      x-notion-active-user-header:
      - a03b888f-5426-4e4f-b5ef-bed855b162f0
    method: POST
    uri: https://www.notion.so/api/v3/getRecordValues
  response:
    body:
      string: '{"results":[{"role":"editor","value":{"id":"9a724b78-ee06-4437-a86d-b10a063f81f6","version":2,"name":[["TESTING
        PAGE"]],"schema":{"dvuJ":{"name":"b","type":"text"},"title":{"name":"a","type":"title"}},"parent_id":"e15de4d2-309d-4102-bf92-9939c9fb1e11","parent_table":"block","alive":true,"migrated":true,"space_id":"d51d3ca5-7889-4c70-b906-3a5a37b60274"}}],"recordMapWithRoles":{"collection":{"9a724b78-ee06-4437-a86d-b10a063f81f6":{"role":"editor","value":{"id":"9a724b78-ee06-4437-a86d-b10a063f81f6","version":2,"name":[["TESTING
        PAGE"]],"schema":{"dvuJ":{"name":"b","type":"text"},"title":{"name":"a","type":"title"}},"parent_id":"e15de4d2-309d-4102-bf92-9939c9fb1e11","parent_table":"block","alive":true,"migrated":true,"space_id":"d51d3ca5-7889-4c70-b906-3a5a37b60274"}}},"block":{"e15de4d2-309d-4102-bf92-9939c9fb1e11":{"role":"editor","value":{"id":"e15de4d2-309d-4102-bf92-9939c9fb1e11","version":13,"type":"collection_view_page","content":["9a724b78-ee06-4437-a86d-b10a063f81f6","3fbab107-8789-4e87-ac18-4b1bcd1fb447"],"view_ids":["3fbab107-8789-4e87-ac18-4b1bcd1fb447"],"format":{"collection_pointer":{"id":"9a724b78-ee06-4437-a86d-b10a063f81f6","table":"collection","spaceId":"d51d3ca5-7889-4c70-b906-3a5a37b60274"}},"permissions":[{"role":"editor","type":"user_permission","user_id":"a03b888f-5426-4e4f-b5ef-bed855b162f0"}],"created_time":1653056426157,"last_edited_time":1653056428027,"parent_id":"d51d3ca5-7889-4c70-b906-3a5a37b60274","parent_table":"space","alive":true,"created_by_table":"notion_user","created_by_id":"a03b888f-5426-4e4f-b5ef-bed855b162f0","last_edited_by_table":"notion_user","last_edited_by_id":"a03b888f-5426-4e4f-b5ef-bed855b162f0","space_id":"d51d3ca5-7889-4c70-b906-3a5a37b60274"}}},"space":{"d51d3ca5-7889-4c70-b906-3a5a37b60274":{"role":"editor","value":{"id":"d51d3ca5-7889-4c70-b906-3a5a37b60274","version":4406,"name":"test_py","permissions":[{"role":"editor","type":"user_permission","user_id":"a03b888f-5426-4e4f-b5ef-bed855b162f0"}],"beta_enabled":false,"pages":["e15de4d2-309d-4102-bf92-9939c9fb1e11"],"created_time":1638259881592,"last_edited_time":1652698380000,"created_by_table":"notion_user","created_by_id":"a03b888f-5426-4e4f-b5ef-bed855b162f0","last_edited_by_table":"notion_user","last_edited_by_id":"a03b888f-5426-4e4f-b5ef-bed855b162f0","plan_type":"personal","invite_link_enabled":true}}}}}'
    headers:
      Content-Type:
      - application/json; charset=utf-8
      Transfer-Encoding:
      - chunked
      content-length:
      - '2350'
    status:
      code: 200
      message: OK
- request:
    body: '{"collection": {"id": "9a724b78-ee06-4437-a86d-b10a063f81f6", "spaceId":
      "d51d3ca5-7889-4c70-b906-3a5a37b60274"}, "collectionView": {"id": "3fbab107-8789-4e87-ac18-4b1bcd1fb447",
      "spaceId": "d51d3ca5-7889-4c70-b906-3a5a37b60274"}, "loader": {"reducers": {"table:uncategorized:title:count":
      {"aggregation": {"aggregator": "count", "property": "title"}, "type": "aggregation"}},
      "searchQuery": "", "sort": [], "userTimeZone": "Asia/Tashkent", "type": "reducer"}}'
    headers:
      Content-Length:
      - '460'
      content-type:
      - application/json
      cookie:
      - PRIVATE
      x-notion-active-user-header:
      - a03b888f-5426-4e4f-b5ef-bed855b162f0
    method: POST
    uri: https://www.notion.so/api/v3/queryCollection
  response:
    body:
      string: '{"result":{"type":"reducer","reducerResults":{"table:uncategorized:title:count":{"type":"aggregation","aggregationResult":{"type":"number","value":0}}}},"recordMap":{}}'
    headers:
      Content-Type:
      - application/json; charset=utf-8
      Transfer-Encoding:
      - chunked
      content-encoding:
      - undefined
    status:
      code: 200
      message: OK
- request:
    body: '{"collection": {"id": "9a724b78-ee06-4437-a86d-b10a063f81f6", "spaceId":
      "d51d3ca5-7889-4c70-b906-3a5a37b60274"}, "collectionView": {"id": "3fbab107-8789-4e87-ac18-4b1bcd1fb447",
      "spaceId": "d51d3ca5-7889-4c70-b906-3a5a37b60274"}, "loader": {"reducers": {"collection_group_results":
      {"limit": 0, "type": "results"}}, "searchQuery": "", "sort": [], "userTimeZone":
      "Asia/Tashkent", "type": "reducer"}}'
    headers:
      Content-Length:
      - '400'
      content-type:
      - application/json
      cookie:
      - PRIVATE
      x-notion-active-user-header:
      - a03b888f-5426-4e4f-b5ef-bed855b162f0
    method: POST
    uri: https://www.notion.so/api/v3/queryCollection
  response:
    body:
      string: '{"result":{"type":"reducer","reducerResults":{"collection_group_results":{"type":"results","blockIds":[],"hasMore":false}}},"recordMap":{}}'
    headers:
      Content-Type:
      - application/json; charset=utf-8
      Transfer-Encoding:
      - chunked
      content-encoding:
      - undefined
    status:
      code: 200
      message: OK
- request:
    body: '{"operations": [{"id": "ce55ffa9-5b1d-481b-9275-8313c121ab38", "path":
      [], "args": {"id": "ce55ffa9-5b1d-481b-9275-8313c121ab38", "version": 1, "alive":
      true, "created_by_id": "a03b888f-5426-4e4f-b5ef-bed855b162f0", "created_by_table":
      "notion_user", "created_time": 1653056436542, "parent_id": "9a724b78-ee06-4437-a86d-b10a063f81f6",
      "parent_table": "collection", "type": "page"}, "command": "set", "table": "block"},
      {"args": {"last_edited_by_id": "a03b888f-5426-4e4f-b5ef-bed855b162f0", "last_edited_by_table":
      "notion_user", "last_edited_time": 1653056436542}, "command": "update", "id":
      "ce55ffa9-5b1d-481b-9275-8313c121ab38", "path": [], "table": "block"}, {"args":
      {"last_edited_by_id": "a03b888f-5426-4e4f-b5ef-bed855b162f0", "last_edited_by_table":
      "notion_user", "last_edited_time": 1653056436542}, "command": "update", "id":
      "ce55ffa9-5b1d-481b-9275-8313c121ab38", "path": [], "table": "block"}]}'
    headers:
      Content-Length:
      - '907'
      content-type:
      - application/json
      cookie:
      - PRIVATE
      x-notion-active-user-header:
      - a03b888f-5426-4e4f-b5ef-bed855b162f0
    method: POST
    uri: https://www.notion.so/api/v3/submitTransaction
  response:
    body:
      string: '{}'
    headers:
      Content-Length:
      - '2'
      Content-Type:
      - application/json; charset=utf-8
    status:
      code: 200
      message: OK
- request:
    body: '{"operations": [{"id": "ce55ffa9-5b1d-481b-9275-8313c121ab38", "path":
      ["properties", "title"], "args": [["a"]], "command": "set", "table": "block"},
      {"args": {"last_edited_by_id": "a03b888f-5426-4e4f-b5ef-bed855b162f0", "last_edited_by_table":
      "notion_user", "last_edited_time": 1653056436907}, "command": "update", "id":
      "ce55ffa9-5b1d-481b-9275-8313c121ab38", "path": [], "table": "block"}, {"id":
      "ce55ffa9-5b1d-481b-9275-8313c121ab38", "path": ["properties", "dvuJ"], "args":
      [["b"]], "command": "set", "table": "block"}, {"args": {"last_edited_by_id":
      "a03b888f-5426-4e4f-b5ef-bed855b162f0", "last_edited_by_table": "notion_user",
      "last_edited_time": 1653056436907}, "command": "update", "id": "ce55ffa9-5b1d-481b-9275-8313c121ab38",
      "path": [], "table": "block"}, {"id": "3fbab107-8789-4e87-ac18-4b1bcd1fb447",
      "path": ["page_sort"], "args": ["ce55ffa9-5b1d-481b-9275-8313c121ab38"], "command":
      "set", "table": "collection_view"}, {"args": {"last_edited_by_id": "a03b888f-5426-4e4f-b5ef-bed855b162f0",
      "last_edited_by_table": "notion_user", "last_edited_time": 1653056436907}, "command":
      "update", "id": "ce55ffa9-5b1d-481b-9275-8313c121ab38", "path": [], "table":
      "block"}]}'
    headers:
      Content-Length:
      - '1182'
      content-type:
      - application/json
      cookie:
      - PRIVATE
      x-notion-active-user-header:
      - a03b888f-5426-4e4f-b5ef-bed855b162f0
    method: POST
    uri: https://www.notion.so/api/v3/submitTransaction
  response:
    body:
      string: '{}'
    headers:
      Content-Length:
      - '2'
      Content-Type:
      - application/json; charset=utf-8
    status:
      code: 200
      message: OK
- request:
    body: '{"blockId": "ce55ffa9-5b1d-481b-9275-8313c121ab38"}'
    headers:
      Content-Length:
      - '51'
      content-type:
      - application/json
      cookie:
      - PRIVATE
      x-notion-active-user-header:
      - a03b888f-5426-4e4f-b5ef-bed855b162f0
    method: POST
    uri: https://www.notion.so/api/v3/getPublicPageData
  response:
    body:
      string: '{"spaceName":"test_py","spaceId":"d51d3ca5-7889-4c70-b906-3a5a37b60274","spaceDomain":"laced-taxi-315","canJoinSpace":true,"userHasExplicitAccess":true,"collectionId":"9a724b78-ee06-4437-a86d-b10a063f81f6","collectionSchema":{"dvuJ":{"name":"b","type":"text"},"title":{"name":"a","type":"title"}},"betaEnabled":false,"canRequestAccess":true,"requireLogin":false,"publicAccessRole":"none"}'
    headers:
      Content-Type:
      - application/json; charset=utf-8
      Transfer-Encoding:
      - chunked
      content-length:
      - '388'
    status:
      code: 200
      message: OK
- request:
    body: '{"bucket": "secure", "name": "test_image1.gif", "contentType": "image/gif",
      "record": {"table": "block", "id": "ce55ffa9-5b1d-481b-9275-8313c121ab38", "spaceId":
      "d51d3ca5-7889-4c70-b906-3a5a37b60274"}}'
    headers:
      Content-Length:
      - '202'
      content-type:
      - application/json
      cookie:
      - PRIVATE
      x-notion-active-user-header:
      - a03b888f-5426-4e4f-b5ef-bed855b162f0
    method: POST
    uri: https://www.notion.so/api/v3/getUploadFileUrl
  response:
    body:
      string: '{"url":"https://s3-us-west-2.amazonaws.com/secure.notion-static.com/843060ca-38ee-44c2-a793-6c7454385b6b/test_image1.gif","signedGetUrl":"https://s3.us-west-2.amazonaws.com/secure.notion-static.com/843060ca-38ee-44c2-a793-6c7454385b6b/test_image1.gif?X-Amz-Algorithm=AWS4-HMAC-SHA256&X-Amz-Content-Sha256=UNSIGNED-PAYLOAD&X-Amz-Credential=AKIAT73L2G45EIPT3X45%2F20220520%2Fus-west-2%2Fs3%2Faws4_request&X-Amz-Date=20220520T142041Z&X-Amz-Expires=86400&X-Amz-Signature=1490d11c297a2c5eb097c28f77dfc4fb77c294b4fa8f8fb2f2828c0596d10b5c&X-Amz-SignedHeaders=host&x-id=GetObject","signedPutUrl":"https://s3.us-west-2.amazonaws.com/secure.notion-static.com/843060ca-38ee-44c2-a793-6c7454385b6b/test_image1.gif?X-Amz-Algorithm=AWS4-HMAC-SHA256&X-Amz-Content-Sha256=UNSIGNED-PAYLOAD&X-Amz-Credential=AKIAT73L2G45EIPT3X45%2F20220520%2Fus-west-2%2Fs3%2Faws4_request&X-Amz-Date=20220520T142041Z&X-Amz-Expires=86400&X-Amz-Signature=783584f5af2c096e9bfda39ae73a8425b1ee85b606dba6d727cf2f10090e5da4&X-Amz-SignedHeaders=host&x-id=PutObject"}'
    headers:
      Content-Type:
      - application/json; charset=utf-8
      Transfer-Encoding:
      - chunked
      content-length:
      - '1024'
    status:
      code: 200
      message: OK
- request:
    body: !!binary |
      R0lGODlhAQABAAAAACH5BAEAAAAALAAAAAABAAEAAAIA
    headers:
      Content-Length:
      - '33'
      Content-type:
      - image/gif
    method: PUT
    uri: https://s3.us-west-2.amazonaws.com/secure.notion-static.com/843060ca-38ee-44c2-a793-6c7454385b6b/test_image1.gif?X-Amz-Algorithm=AWS4-HMAC-SHA256&X-Amz-Content-Sha256=UNSIGNED-PAYLOAD&X-Amz-Credential=AKIAT73L2G45EIPT3X45%2F20220520%2Fus-west-2%2Fs3%2Faws4_request&X-Amz-Date=20220520T142041Z&X-Amz-Expires=86400&X-Amz-Signature=783584f5af2c096e9bfda39ae73a8425b1ee85b606dba6d727cf2f10090e5da4&X-Amz-SignedHeaders=host&x-id=PutObject
  response:
    body:
      string: ''
    headers:
      Content-Length:
      - '0'
      x-amz-id-2:
      - o2bXuK9UM1DODC5F7jqjLSUtB8nTHwV//b9Tk24KLGuxV9AHPdP9Lol5R9LhfDwRjTG+BHBp/0Y=
      x-amz-request-id:
      - TDYZFZ5Z5Y20KGEJ
      x-amz-server-side-encryption:
      - aws:kms
      x-amz-server-side-encryption-aws-kms-key-id:
      - arn:aws:kms:us-west-2:274567149370:key/c62b8624-5469-4833-99f5-90d727474375
      x-amz-server-side-encryption-bucket-key-enabled:
      - 'true'
      x-amz-version-id:
      - k8E.h6f0KGj3Lsk24HqZA0._Smz41liZ
    status:
      code: 200
      message: OK
- request:
    body: '{"operations": [{"id": "ce55ffa9-5b1d-481b-9275-8313c121ab38", "path":
      ["properties", "meta", "cover_block"], "args": {"type": "file", "file_id": "843060ca-38ee-44c2-a793-6c7454385b6b",
      "sha256": "bf7c178697d05163c48c177f5c58e49f7f08dfc6e618ddba632a45822ab5c051"},
      "command": "set", "table": "block"}, {"args": {"last_edited_by_id": "a03b888f-5426-4e4f-b5ef-bed855b162f0",
      "last_edited_by_table": "notion_user", "last_edited_time": 1653056441677}, "command":
      "update", "id": "ce55ffa9-5b1d-481b-9275-8313c121ab38", "path": [], "table":
      "block"}]}'
    headers:
      Content-Length:
      - '546'
      content-type:
      - application/json
      cookie:
      - PRIVATE
      x-notion-active-user-header:
      - a03b888f-5426-4e4f-b5ef-bed855b162f0
    method: POST
    uri: https://www.notion.so/api/v3/submitTransaction
  response:
    body:
      string: '{}'
    headers:
      Content-Length:
      - '2'
      Content-Type:
      - application/json; charset=utf-8
    status:
      code: 200
      message: OK
- request:
    body: '{"operations": [{"id": "c9ccdb42-05a9-42fd-b94d-65f06d93a0e7", "path":
      [], "args": {"id": "c9ccdb42-05a9-42fd-b94d-65f06d93a0e7", "version": 1, "alive":
      true, "created_by_id": "a03b888f-5426-4e4f-b5ef-bed855b162f0", "created_by_table":
      "notion_user", "created_time": 1653056442216, "parent_id": "ce55ffa9-5b1d-481b-9275-8313c121ab38",
      "parent_table": "block", "type": "image", "child_list_key": null}, "command":
      "set", "table": "block"}, {"args": {"last_edited_by_id": "a03b888f-5426-4e4f-b5ef-bed855b162f0",
      "last_edited_by_table": "notion_user", "last_edited_time": 1653056442216}, "command":
      "update", "id": "c9ccdb42-05a9-42fd-b94d-65f06d93a0e7", "path": [], "table":
      "block"}, {"id": "ce55ffa9-5b1d-481b-9275-8313c121ab38", "path": ["content"],
      "args": {"id": "c9ccdb42-05a9-42fd-b94d-65f06d93a0e7"}, "command": "listAfter",
      "table": "block"}, {"args": {"last_edited_by_id": "a03b888f-5426-4e4f-b5ef-bed855b162f0",
      "last_edited_by_table": "notion_user", "last_edited_time": 1653056442216}, "command":
      "update", "id": "ce55ffa9-5b1d-481b-9275-8313c121ab38", "path": [], "table":
      "block"}, {"args": {"last_edited_by_id": "a03b888f-5426-4e4f-b5ef-bed855b162f0",
      "last_edited_by_table": "notion_user", "last_edited_time": 1653056442216}, "command":
      "update", "id": "c9ccdb42-05a9-42fd-b94d-65f06d93a0e7", "path": [], "table":
      "block"}, {"args": {"last_edited_by_id": "a03b888f-5426-4e4f-b5ef-bed855b162f0",
      "last_edited_by_table": "notion_user", "last_edited_time": 1653056442216}, "command":
      "update", "id": "ce55ffa9-5b1d-481b-9275-8313c121ab38", "path": [], "table":
      "block"}]}'
    headers:
      Content-Length:
      - '1582'
      content-type:
      - application/json
      cookie:
      - PRIVATE
      x-notion-active-user-header:
      - a03b888f-5426-4e4f-b5ef-bed855b162f0
    method: POST
    uri: https://www.notion.so/api/v3/submitTransaction
  response:
    body:
      string: '{}'
    headers:
      Content-Length:
      - '2'
      Content-Type:
      - application/json; charset=utf-8
    status:
      code: 200
      message: OK
- request:
    body: '{"operations": [{"id": "c9ccdb42-05a9-42fd-b94d-65f06d93a0e7", "path":
      ["format", "display_source"], "args": "https://s3-us-west-2.amazonaws.com/secure.notion-static.com/843060ca-38ee-44c2-a793-6c7454385b6b/test_image1.gif",
      "command": "set", "table": "block"}, {"args": {"last_edited_by_id": "a03b888f-5426-4e4f-b5ef-bed855b162f0",
      "last_edited_by_table": "notion_user", "last_edited_time": 1653056442611}, "command":
      "update", "id": "c9ccdb42-05a9-42fd-b94d-65f06d93a0e7", "path": [], "table":
      "block"}, {"id": "c9ccdb42-05a9-42fd-b94d-65f06d93a0e7", "path": ["properties",
      "source"], "args": [["https://s3-us-west-2.amazonaws.com/secure.notion-static.com/843060ca-38ee-44c2-a793-6c7454385b6b/test_image1.gif"]],
      "command": "set", "table": "block"}, {"args": {"last_edited_by_id": "a03b888f-5426-4e4f-b5ef-bed855b162f0",
      "last_edited_by_table": "notion_user", "last_edited_time": 1653056442612}, "command":
      "update", "id": "c9ccdb42-05a9-42fd-b94d-65f06d93a0e7", "path": [], "table":
      "block"}, {"id": "c9ccdb42-05a9-42fd-b94d-65f06d93a0e7", "path": ["file_ids",
      0], "args": "843060ca-38ee-44c2-a793-6c7454385b6b", "command": "set", "table":
      "block"}, {"args": {"last_edited_by_id": "a03b888f-5426-4e4f-b5ef-bed855b162f0",
      "last_edited_by_table": "notion_user", "last_edited_time": 1653056442612}, "command":
      "update", "id": "c9ccdb42-05a9-42fd-b94d-65f06d93a0e7", "path": [], "table":
      "block"}, {"args": {"last_edited_by_id": "a03b888f-5426-4e4f-b5ef-bed855b162f0",
      "last_edited_by_table": "notion_user", "last_edited_time": 1653056442612}, "command":
      "update", "id": "c9ccdb42-05a9-42fd-b94d-65f06d93a0e7", "path": [], "table":
      "block"}]}'
    headers:
      Content-Length:
      - '1641'
      content-type:
      - application/json
      cookie:
      - PRIVATE
      x-notion-active-user-header:
      - a03b888f-5426-4e4f-b5ef-bed855b162f0
    method: POST
    uri: https://www.notion.so/api/v3/submitTransaction
  response:
    body:
      string: '{}'
    headers:
      Content-Length:
      - '2'
      Content-Type:
      - application/json; charset=utf-8
    status:
      code: 200
      message: OK
- request:
    body: '{"operations": [{"id": "c9ccdb42-05a9-42fd-b94d-65f06d93a0e7", "path":
      ["properties", "is_cover_block"], "args": true, "command": "set", "table": "block"},
      {"args": {"last_edited_by_id": "a03b888f-5426-4e4f-b5ef-bed855b162f0", "last_edited_by_table":
      "notion_user", "last_edited_time": 1653056443274}, "command": "update", "id":
      "c9ccdb42-05a9-42fd-b94d-65f06d93a0e7", "path": [], "table": "block"}]}'
    headers:
      Content-Length:
      - '400'
      content-type:
      - application/json
      cookie:
      - PRIVATE
      x-notion-active-user-header:
      - a03b888f-5426-4e4f-b5ef-bed855b162f0
    method: POST
    uri: https://www.notion.so/api/v3/submitTransaction
  response:
    body:
      string: '{}'
    headers:
      Content-Length:
      - '2'
      Content-Type:
      - application/json; charset=utf-8
    status:
      code: 200
      message: OK
- request:
    body: '{"page": {"id": "e15de4d2-309d-4102-bf92-9939c9fb1e11"}, "limit": 100,
      "cursor": {"stack": []}, "chunkNumber": 0, "verticalColumns": false}'
    headers:
      Content-Length:
      - '139'
      content-type:
      - application/json
      cookie:
      - PRIVATE
      x-notion-active-user-header:
      - a03b888f-5426-4e4f-b5ef-bed855b162f0
    method: POST
    uri: https://www.notion.so/api/v3/loadPageChunk
  response:
    body:
      string: '{"cursor":{"stack":[]},"recordMap":{"block":{"e15de4d2-309d-4102-bf92-9939c9fb1e11":{"role":"editor","value":{"id":"e15de4d2-309d-4102-bf92-9939c9fb1e11","version":13,"type":"collection_view_page","content":["9a724b78-ee06-4437-a86d-b10a063f81f6","3fbab107-8789-4e87-ac18-4b1bcd1fb447"],"view_ids":["3fbab107-8789-4e87-ac18-4b1bcd1fb447"],"format":{"collection_pointer":{"id":"9a724b78-ee06-4437-a86d-b10a063f81f6","table":"collection","spaceId":"d51d3ca5-7889-4c70-b906-3a5a37b60274"}},"permissions":[{"role":"editor","type":"user_permission","user_id":"a03b888f-5426-4e4f-b5ef-bed855b162f0"}],"created_time":1653056426157,"last_edited_time":1653056428027,"parent_id":"d51d3ca5-7889-4c70-b906-3a5a37b60274","parent_table":"space","alive":true,"created_by_table":"notion_user","created_by_id":"a03b888f-5426-4e4f-b5ef-bed855b162f0","last_edited_by_table":"notion_user","last_edited_by_id":"a03b888f-5426-4e4f-b5ef-bed855b162f0","space_id":"d51d3ca5-7889-4c70-b906-3a5a37b60274"}}},"space":{"d51d3ca5-7889-4c70-b906-3a5a37b60274":{"role":"editor","value":{"id":"d51d3ca5-7889-4c70-b906-3a5a37b60274","version":4406,"name":"test_py","permissions":[{"role":"editor","type":"user_permission","user_id":"a03b888f-5426-4e4f-b5ef-bed855b162f0"}],"beta_enabled":false,"pages":["e15de4d2-309d-4102-bf92-9939c9fb1e11"],"created_time":1638259881592,"last_edited_time":1652698380000,"created_by_table":"notion_user","created_by_id":"a03b888f-5426-4e4f-b5ef-bed855b162f0","last_edited_by_table":"notion_user","last_edited_by_id":"a03b888f-5426-4e4f-b5ef-bed855b162f0","plan_type":"personal","invite_link_enabled":true}}},"collection_view":{"3fbab107-8789-4e87-ac18-4b1bcd1fb447":{"role":"editor","value":{"id":"3fbab107-8789-4e87-ac18-4b1bcd1fb447","version":4,"type":"table","format":{"table_properties":[{"visible":true,"property":"title"},{"visible":true,"property":"dvuJ"}]},"parent_id":"e15de4d2-309d-4102-bf92-9939c9fb1e11","parent_table":"block","alive":true,"page_sort":["ce55ffa9-5b1d-481b-9275-8313c121ab38"],"space_id":"d51d3ca5-7889-4c70-b906-3a5a37b60274","created_time":1653056427258,"created_by_table":"notion_user","created_by_id":"a03b888f-5426-4e4f-b5ef-bed855b162f0"}}},"collection":{"9a724b78-ee06-4437-a86d-b10a063f81f6":{"role":"editor","value":{"id":"9a724b78-ee06-4437-a86d-b10a063f81f6","version":2,"name":[["TESTING
        PAGE"]],"schema":{"dvuJ":{"name":"b","type":"text"},"title":{"name":"a","type":"title"}},"parent_id":"e15de4d2-309d-4102-bf92-9939c9fb1e11","parent_table":"block","alive":true,"migrated":true,"space_id":"d51d3ca5-7889-4c70-b906-3a5a37b60274"}}}}}'
    headers:
      Content-Type:
      - application/json; charset=utf-8
      Transfer-Encoding:
      - chunked
      content-length:
      - '2575'
    status:
      code: 200
      message: OK
- request:
    body: '{}'
    headers:
      Content-Length:
      - '2'
      content-type:
      - application/json
      cookie:
      - PRIVATE
    method: POST
    uri: https://www.notion.so/api/v3/loadUserContent
  response:
    body:
      string: '{"recordMap":{"notion_user":{"a03b888f-5426-4e4f-b5ef-bed855b162f0":{"role":"editor","value":{"id":"a03b888f-5426-4e4f-b5ef-bed855b162f0","version":7,"email":"test_py_notion@protonmail.com","onboarding_completed":true,"name":"test_py"}}},"user_root":{"a03b888f-5426-4e4f-b5ef-bed855b162f0":{"role":"editor","value":{"id":"a03b888f-5426-4e4f-b5ef-bed855b162f0","version":3,"space_views":["703440cc-f5cb-4f27-ba54-a9125a58e033"],"space_view_pointers":[{"id":"703440cc-f5cb-4f27-ba54-a9125a58e033","table":"space_view","spaceId":"d51d3ca5-7889-4c70-b906-3a5a37b60274"}]}}},"user_settings":{"a03b888f-5426-4e4f-b5ef-bed855b162f0":{"role":"editor","value":{"id":"a03b888f-5426-4e4f-b5ef-bed855b162f0","version":10,"settings":{"type":"personal","persona":"personal","team_role":"unfilled","time_zone":"Asia/Tashkent","signup_time":1638259864507,"cookie_consent":{"id":"2c2f9260-c9a6-4097-bc19-30e5395dfb02","permission":{"necessary":true,"targeting":false,"preference":false,"performance":false}},"preferred_locale":"en-US","used_desktop_web_app":true,"seen_views_intro_modal":true,"preferred_locale_origin":"autodetect","seen_persona_collection":true}}}},"space_view":{"703440cc-f5cb-4f27-ba54-a9125a58e033":{"role":"editor","value":{"id":"703440cc-f5cb-4f27-ba54-a9125a58e033","version":31,"space_id":"d51d3ca5-7889-4c70-b906-3a5a37b60274","parent_id":"a03b888f-5426-4e4f-b5ef-bed855b162f0","parent_table":"user_root","alive":true,"notify_mobile":false,"notify_desktop":true,"notify_email":false,"visited_templates":["7e89f436-7aac-4f66-b0a6-6e65ec868d2a","88c9c2b0-d732-4342-8963-0580a4725571","ba43b46e-4ad3-47f7-95f0-58a3ba01476f","2dddc8c5-a711-4aa2-b5b3-ff952a49bcfa","b7572331-51ab-4ed5-a931-5a7d34b08bf0"],"sidebar_hidden_templates":["7e89f436-7aac-4f66-b0a6-6e65ec868d2a","88c9c2b0-d732-4342-8963-0580a4725571","ba43b46e-4ad3-47f7-95f0-58a3ba01476f","2dddc8c5-a711-4aa2-b5b3-ff952a49bcfa","b7572331-51ab-4ed5-a931-5a7d34b08bf0"],"created_getting_started":true,"created_onboarding_templates":true,"private_pages":["5585f343-8ea5-469b-8a90-a05987977424"],"joined":true,"settings":{"on_app_start":"first_page"}}}},"space":{"d51d3ca5-7889-4c70-b906-3a5a37b60274":{"role":"editor","value":{"id":"d51d3ca5-7889-4c70-b906-3a5a37b60274","version":4406,"name":"test_py","permissions":[{"role":"editor","type":"user_permission","user_id":"a03b888f-5426-4e4f-b5ef-bed855b162f0"}],"beta_enabled":false,"pages":["e15de4d2-309d-4102-bf92-9939c9fb1e11"],"created_time":1638259881592,"last_edited_time":1652698380000,"created_by_table":"notion_user","created_by_id":"a03b888f-5426-4e4f-b5ef-bed855b162f0","last_edited_by_table":"notion_user","last_edited_by_id":"a03b888f-5426-4e4f-b5ef-bed855b162f0","plan_type":"personal","invite_link_enabled":true}}},"block":{"e15de4d2-309d-4102-bf92-9939c9fb1e11":{"role":"editor","value":{"id":"e15de4d2-309d-4102-bf92-9939c9fb1e11","version":13,"type":"collection_view_page","content":["9a724b78-ee06-4437-a86d-b10a063f81f6","3fbab107-8789-4e87-ac18-4b1bcd1fb447"],"view_ids":["3fbab107-8789-4e87-ac18-4b1bcd1fb447"],"format":{"collection_pointer":{"id":"9a724b78-ee06-4437-a86d-b10a063f81f6","table":"collection","spaceId":"d51d3ca5-7889-4c70-b906-3a5a37b60274"}},"permissions":[{"role":"editor","type":"user_permission","user_id":"a03b888f-5426-4e4f-b5ef-bed855b162f0"}],"created_time":1653056426157,"last_edited_time":1653056428027,"parent_id":"d51d3ca5-7889-4c70-b906-3a5a37b60274","parent_table":"space","alive":true,"created_by_table":"notion_user","created_by_id":"a03b888f-5426-4e4f-b5ef-bed855b162f0","last_edited_by_table":"notion_user","last_edited_by_id":"a03b888f-5426-4e4f-b5ef-bed855b162f0","space_id":"d51d3ca5-7889-4c70-b906-3a5a37b60274"}}},"collection":{"9a724b78-ee06-4437-a86d-b10a063f81f6":{"role":"editor","value":{"id":"9a724b78-ee06-4437-a86d-b10a063f81f6","version":2,"name":[["TESTING
        PAGE"]],"schema":{"dvuJ":{"name":"b","type":"text"},"title":{"name":"a","type":"title"}},"parent_id":"e15de4d2-309d-4102-bf92-9939c9fb1e11","parent_table":"block","alive":true,"migrated":true,"space_id":"d51d3ca5-7889-4c70-b906-3a5a37b60274"}}}}}'
    headers:
      Content-Type:
      - application/json; charset=utf-8
      Transfer-Encoding:
      - chunked
      content-length:
      - '4086'
    status:
      code: 200
      message: OK
- request:
    body: '{"page": {"id": "e15de4d2-309d-4102-bf92-9939c9fb1e11"}, "limit": 100,
      "cursor": {"stack": []}, "chunkNumber": 0, "verticalColumns": false}'
    headers:
      Content-Length:
      - '139'
      content-type:
      - application/json
      cookie:
      - PRIVATE
      x-notion-active-user-header:
      - a03b888f-5426-4e4f-b5ef-bed855b162f0
    method: POST
    uri: https://www.notion.so/api/v3/loadPageChunk
  response:
    body:
      string: '{"cursor":{"stack":[]},"recordMap":{"block":{"e15de4d2-309d-4102-bf92-9939c9fb1e11":{"role":"editor","value":{"id":"e15de4d2-309d-4102-bf92-9939c9fb1e11","version":13,"type":"collection_view_page","content":["9a724b78-ee06-4437-a86d-b10a063f81f6","3fbab107-8789-4e87-ac18-4b1bcd1fb447"],"view_ids":["3fbab107-8789-4e87-ac18-4b1bcd1fb447"],"format":{"collection_pointer":{"id":"9a724b78-ee06-4437-a86d-b10a063f81f6","table":"collection","spaceId":"d51d3ca5-7889-4c70-b906-3a5a37b60274"}},"permissions":[{"role":"editor","type":"user_permission","user_id":"a03b888f-5426-4e4f-b5ef-bed855b162f0"}],"created_time":1653056426157,"last_edited_time":1653056428027,"parent_id":"d51d3ca5-7889-4c70-b906-3a5a37b60274","parent_table":"space","alive":true,"created_by_table":"notion_user","created_by_id":"a03b888f-5426-4e4f-b5ef-bed855b162f0","last_edited_by_table":"notion_user","last_edited_by_id":"a03b888f-5426-4e4f-b5ef-bed855b162f0","space_id":"d51d3ca5-7889-4c70-b906-3a5a37b60274"}}},"space":{"d51d3ca5-7889-4c70-b906-3a5a37b60274":{"role":"editor","value":{"id":"d51d3ca5-7889-4c70-b906-3a5a37b60274","version":4406,"name":"test_py","permissions":[{"role":"editor","type":"user_permission","user_id":"a03b888f-5426-4e4f-b5ef-bed855b162f0"}],"beta_enabled":false,"pages":["e15de4d2-309d-4102-bf92-9939c9fb1e11"],"created_time":1638259881592,"last_edited_time":1652698380000,"created_by_table":"notion_user","created_by_id":"a03b888f-5426-4e4f-b5ef-bed855b162f0","last_edited_by_table":"notion_user","last_edited_by_id":"a03b888f-5426-4e4f-b5ef-bed855b162f0","plan_type":"personal","invite_link_enabled":true}}},"collection_view":{"3fbab107-8789-4e87-ac18-4b1bcd1fb447":{"role":"editor","value":{"id":"3fbab107-8789-4e87-ac18-4b1bcd1fb447","version":4,"type":"table","format":{"table_properties":[{"visible":true,"property":"title"},{"visible":true,"property":"dvuJ"}]},"parent_id":"e15de4d2-309d-4102-bf92-9939c9fb1e11","parent_table":"block","alive":true,"page_sort":["ce55ffa9-5b1d-481b-9275-8313c121ab38"],"space_id":"d51d3ca5-7889-4c70-b906-3a5a37b60274","created_time":1653056427258,"created_by_table":"notion_user","created_by_id":"a03b888f-5426-4e4f-b5ef-bed855b162f0"}}},"collection":{"9a724b78-ee06-4437-a86d-b10a063f81f6":{"role":"editor","value":{"id":"9a724b78-ee06-4437-a86d-b10a063f81f6","version":2,"name":[["TESTING
        PAGE"]],"schema":{"dvuJ":{"name":"b","type":"text"},"title":{"name":"a","type":"title"}},"parent_id":"e15de4d2-309d-4102-bf92-9939c9fb1e11","parent_table":"block","alive":true,"migrated":true,"space_id":"d51d3ca5-7889-4c70-b906-3a5a37b60274"}}}}}'
    headers:
      Content-Type:
      - application/json; charset=utf-8
      Transfer-Encoding:
      - chunked
      content-length:
      - '2575'
    status:
      code: 200
      message: OK
- request:
    body: '{}'
    headers:
      Content-Length:
      - '2'
      content-type:
      - application/json
      cookie:
      - PRIVATE
    method: POST
    uri: https://www.notion.so/api/v3/loadUserContent
  response:
    body:
      string: '{"recordMap":{"notion_user":{"a03b888f-5426-4e4f-b5ef-bed855b162f0":{"role":"editor","value":{"id":"a03b888f-5426-4e4f-b5ef-bed855b162f0","version":7,"email":"test_py_notion@protonmail.com","onboarding_completed":true,"name":"test_py"}}},"user_root":{"a03b888f-5426-4e4f-b5ef-bed855b162f0":{"role":"editor","value":{"id":"a03b888f-5426-4e4f-b5ef-bed855b162f0","version":3,"space_views":["703440cc-f5cb-4f27-ba54-a9125a58e033"],"space_view_pointers":[{"id":"703440cc-f5cb-4f27-ba54-a9125a58e033","table":"space_view","spaceId":"d51d3ca5-7889-4c70-b906-3a5a37b60274"}]}}},"user_settings":{"a03b888f-5426-4e4f-b5ef-bed855b162f0":{"role":"editor","value":{"id":"a03b888f-5426-4e4f-b5ef-bed855b162f0","version":10,"settings":{"type":"personal","persona":"personal","team_role":"unfilled","time_zone":"Asia/Tashkent","signup_time":1638259864507,"cookie_consent":{"id":"2c2f9260-c9a6-4097-bc19-30e5395dfb02","permission":{"necessary":true,"targeting":false,"preference":false,"performance":false}},"preferred_locale":"en-US","used_desktop_web_app":true,"seen_views_intro_modal":true,"preferred_locale_origin":"autodetect","seen_persona_collection":true}}}},"space_view":{"703440cc-f5cb-4f27-ba54-a9125a58e033":{"role":"editor","value":{"id":"703440cc-f5cb-4f27-ba54-a9125a58e033","version":31,"space_id":"d51d3ca5-7889-4c70-b906-3a5a37b60274","parent_id":"a03b888f-5426-4e4f-b5ef-bed855b162f0","parent_table":"user_root","alive":true,"notify_mobile":false,"notify_desktop":true,"notify_email":false,"visited_templates":["7e89f436-7aac-4f66-b0a6-6e65ec868d2a","88c9c2b0-d732-4342-8963-0580a4725571","ba43b46e-4ad3-47f7-95f0-58a3ba01476f","2dddc8c5-a711-4aa2-b5b3-ff952a49bcfa","b7572331-51ab-4ed5-a931-5a7d34b08bf0"],"sidebar_hidden_templates":["7e89f436-7aac-4f66-b0a6-6e65ec868d2a","88c9c2b0-d732-4342-8963-0580a4725571","ba43b46e-4ad3-47f7-95f0-58a3ba01476f","2dddc8c5-a711-4aa2-b5b3-ff952a49bcfa","b7572331-51ab-4ed5-a931-5a7d34b08bf0"],"created_getting_started":true,"created_onboarding_templates":true,"private_pages":["5585f343-8ea5-469b-8a90-a05987977424"],"joined":true,"settings":{"on_app_start":"first_page"}}}},"space":{"d51d3ca5-7889-4c70-b906-3a5a37b60274":{"role":"editor","value":{"id":"d51d3ca5-7889-4c70-b906-3a5a37b60274","version":4406,"name":"test_py","permissions":[{"role":"editor","type":"user_permission","user_id":"a03b888f-5426-4e4f-b5ef-bed855b162f0"}],"beta_enabled":false,"pages":["e15de4d2-309d-4102-bf92-9939c9fb1e11"],"created_time":1638259881592,"last_edited_time":1652698380000,"created_by_table":"notion_user","created_by_id":"a03b888f-5426-4e4f-b5ef-bed855b162f0","last_edited_by_table":"notion_user","last_edited_by_id":"a03b888f-5426-4e4f-b5ef-bed855b162f0","plan_type":"personal","invite_link_enabled":true}}},"block":{"e15de4d2-309d-4102-bf92-9939c9fb1e11":{"role":"editor","value":{"id":"e15de4d2-309d-4102-bf92-9939c9fb1e11","version":13,"type":"collection_view_page","content":["9a724b78-ee06-4437-a86d-b10a063f81f6","3fbab107-8789-4e87-ac18-4b1bcd1fb447"],"view_ids":["3fbab107-8789-4e87-ac18-4b1bcd1fb447"],"format":{"collection_pointer":{"id":"9a724b78-ee06-4437-a86d-b10a063f81f6","table":"collection","spaceId":"d51d3ca5-7889-4c70-b906-3a5a37b60274"}},"permissions":[{"role":"editor","type":"user_permission","user_id":"a03b888f-5426-4e4f-b5ef-bed855b162f0"}],"created_time":1653056426157,"last_edited_time":1653056428027,"parent_id":"d51d3ca5-7889-4c70-b906-3a5a37b60274","parent_table":"space","alive":true,"created_by_table":"notion_user","created_by_id":"a03b888f-5426-4e4f-b5ef-bed855b162f0","last_edited_by_table":"notion_user","last_edited_by_id":"a03b888f-5426-4e4f-b5ef-bed855b162f0","space_id":"d51d3ca5-7889-4c70-b906-3a5a37b60274"}}},"collection":{"9a724b78-ee06-4437-a86d-b10a063f81f6":{"role":"editor","value":{"id":"9a724b78-ee06-4437-a86d-b10a063f81f6","version":2,"name":[["TESTING
        PAGE"]],"schema":{"dvuJ":{"name":"b","type":"text"},"title":{"name":"a","type":"title"}},"parent_id":"e15de4d2-309d-4102-bf92-9939c9fb1e11","parent_table":"block","alive":true,"migrated":true,"space_id":"d51d3ca5-7889-4c70-b906-3a5a37b60274"}}}}}'
    headers:
      Content-Type:
      - application/json; charset=utf-8
      Transfer-Encoding:
      - chunked
      content-length:
      - '4086'
    status:
      code: 200
      message: OK
- request:
    body: '{"page": {"id": "e15de4d2-309d-4102-bf92-9939c9fb1e11"}, "limit": 100,
      "cursor": {"stack": []}, "chunkNumber": 0, "verticalColumns": false}'
    headers:
      Content-Length:
      - '139'
      content-type:
      - application/json
      cookie:
      - PRIVATE
      x-notion-active-user-header:
      - a03b888f-5426-4e4f-b5ef-bed855b162f0
    method: POST
    uri: https://www.notion.so/api/v3/loadPageChunk
  response:
    body:
      string: '{"cursor":{"stack":[]},"recordMap":{"block":{"e15de4d2-309d-4102-bf92-9939c9fb1e11":{"role":"editor","value":{"id":"e15de4d2-309d-4102-bf92-9939c9fb1e11","version":13,"type":"collection_view_page","content":["9a724b78-ee06-4437-a86d-b10a063f81f6","3fbab107-8789-4e87-ac18-4b1bcd1fb447"],"view_ids":["3fbab107-8789-4e87-ac18-4b1bcd1fb447"],"format":{"collection_pointer":{"id":"9a724b78-ee06-4437-a86d-b10a063f81f6","table":"collection","spaceId":"d51d3ca5-7889-4c70-b906-3a5a37b60274"}},"permissions":[{"role":"editor","type":"user_permission","user_id":"a03b888f-5426-4e4f-b5ef-bed855b162f0"}],"created_time":1653056426157,"last_edited_time":1653056428027,"parent_id":"d51d3ca5-7889-4c70-b906-3a5a37b60274","parent_table":"space","alive":true,"created_by_table":"notion_user","created_by_id":"a03b888f-5426-4e4f-b5ef-bed855b162f0","last_edited_by_table":"notion_user","last_edited_by_id":"a03b888f-5426-4e4f-b5ef-bed855b162f0","space_id":"d51d3ca5-7889-4c70-b906-3a5a37b60274"}}},"space":{"d51d3ca5-7889-4c70-b906-3a5a37b60274":{"role":"editor","value":{"id":"d51d3ca5-7889-4c70-b906-3a5a37b60274","version":4406,"name":"test_py","permissions":[{"role":"editor","type":"user_permission","user_id":"a03b888f-5426-4e4f-b5ef-bed855b162f0"}],"beta_enabled":false,"pages":["e15de4d2-309d-4102-bf92-9939c9fb1e11"],"created_time":1638259881592,"last_edited_time":1652698380000,"created_by_table":"notion_user","created_by_id":"a03b888f-5426-4e4f-b5ef-bed855b162f0","last_edited_by_table":"notion_user","last_edited_by_id":"a03b888f-5426-4e4f-b5ef-bed855b162f0","plan_type":"personal","invite_link_enabled":true}}},"collection_view":{"3fbab107-8789-4e87-ac18-4b1bcd1fb447":{"role":"editor","value":{"id":"3fbab107-8789-4e87-ac18-4b1bcd1fb447","version":4,"type":"table","format":{"table_properties":[{"visible":true,"property":"title"},{"visible":true,"property":"dvuJ"}]},"parent_id":"e15de4d2-309d-4102-bf92-9939c9fb1e11","parent_table":"block","alive":true,"page_sort":["ce55ffa9-5b1d-481b-9275-8313c121ab38"],"space_id":"d51d3ca5-7889-4c70-b906-3a5a37b60274","created_time":1653056427258,"created_by_table":"notion_user","created_by_id":"a03b888f-5426-4e4f-b5ef-bed855b162f0"}}},"collection":{"9a724b78-ee06-4437-a86d-b10a063f81f6":{"role":"editor","value":{"id":"9a724b78-ee06-4437-a86d-b10a063f81f6","version":2,"name":[["TESTING
        PAGE"]],"schema":{"dvuJ":{"name":"b","type":"text"},"title":{"name":"a","type":"title"}},"parent_id":"e15de4d2-309d-4102-bf92-9939c9fb1e11","parent_table":"block","alive":true,"migrated":true,"space_id":"d51d3ca5-7889-4c70-b906-3a5a37b60274"}}}}}'
    headers:
      Content-Type:
      - application/json; charset=utf-8
      Transfer-Encoding:
      - chunked
      content-length:
      - '2575'
    status:
      code: 200
      message: OK
- request:
    body: '{"requests": [{"table": "collection", "id": "9a724b78-ee06-4437-a86d-b10a063f81f6"}]}'
    headers:
      Content-Length:
      - '85'
      content-type:
      - application/json
      cookie:
      - PRIVATE
      x-notion-active-user-header:
      - a03b888f-5426-4e4f-b5ef-bed855b162f0
    method: POST
    uri: https://www.notion.so/api/v3/getRecordValues
  response:
    body:
      string: '{"results":[{"role":"editor","value":{"id":"9a724b78-ee06-4437-a86d-b10a063f81f6","version":2,"name":[["TESTING
        PAGE"]],"schema":{"dvuJ":{"name":"b","type":"text"},"title":{"name":"a","type":"title"}},"parent_id":"e15de4d2-309d-4102-bf92-9939c9fb1e11","parent_table":"block","alive":true,"migrated":true,"space_id":"d51d3ca5-7889-4c70-b906-3a5a37b60274"}}],"recordMapWithRoles":{"collection":{"9a724b78-ee06-4437-a86d-b10a063f81f6":{"role":"editor","value":{"id":"9a724b78-ee06-4437-a86d-b10a063f81f6","version":2,"name":[["TESTING
        PAGE"]],"schema":{"dvuJ":{"name":"b","type":"text"},"title":{"name":"a","type":"title"}},"parent_id":"e15de4d2-309d-4102-bf92-9939c9fb1e11","parent_table":"block","alive":true,"migrated":true,"space_id":"d51d3ca5-7889-4c70-b906-3a5a37b60274"}}},"block":{"e15de4d2-309d-4102-bf92-9939c9fb1e11":{"role":"editor","value":{"id":"e15de4d2-309d-4102-bf92-9939c9fb1e11","version":13,"type":"collection_view_page","content":["9a724b78-ee06-4437-a86d-b10a063f81f6","3fbab107-8789-4e87-ac18-4b1bcd1fb447"],"view_ids":["3fbab107-8789-4e87-ac18-4b1bcd1fb447"],"format":{"collection_pointer":{"id":"9a724b78-ee06-4437-a86d-b10a063f81f6","table":"collection","spaceId":"d51d3ca5-7889-4c70-b906-3a5a37b60274"}},"permissions":[{"role":"editor","type":"user_permission","user_id":"a03b888f-5426-4e4f-b5ef-bed855b162f0"}],"created_time":1653056426157,"last_edited_time":1653056428027,"parent_id":"d51d3ca5-7889-4c70-b906-3a5a37b60274","parent_table":"space","alive":true,"created_by_table":"notion_user","created_by_id":"a03b888f-5426-4e4f-b5ef-bed855b162f0","last_edited_by_table":"notion_user","last_edited_by_id":"a03b888f-5426-4e4f-b5ef-bed855b162f0","space_id":"d51d3ca5-7889-4c70-b906-3a5a37b60274"}}},"space":{"d51d3ca5-7889-4c70-b906-3a5a37b60274":{"role":"editor","value":{"id":"d51d3ca5-7889-4c70-b906-3a5a37b60274","version":4406,"name":"test_py","permissions":[{"role":"editor","type":"user_permission","user_id":"a03b888f-5426-4e4f-b5ef-bed855b162f0"}],"beta_enabled":false,"pages":["e15de4d2-309d-4102-bf92-9939c9fb1e11"],"created_time":1638259881592,"last_edited_time":1652698380000,"created_by_table":"notion_user","created_by_id":"a03b888f-5426-4e4f-b5ef-bed855b162f0","last_edited_by_table":"notion_user","last_edited_by_id":"a03b888f-5426-4e4f-b5ef-bed855b162f0","plan_type":"personal","invite_link_enabled":true}}}}}'
    headers:
      Content-Type:
      - application/json; charset=utf-8
      Transfer-Encoding:
      - chunked
      content-length:
      - '2350'
    status:
      code: 200
      message: OK
- request:
    body: '{"collection": {"id": "9a724b78-ee06-4437-a86d-b10a063f81f6", "spaceId":
      "d51d3ca5-7889-4c70-b906-3a5a37b60274"}, "collectionView": {"id": "3fbab107-8789-4e87-ac18-4b1bcd1fb447",
      "spaceId": "d51d3ca5-7889-4c70-b906-3a5a37b60274"}, "loader": {"reducers": {"table:uncategorized:title:count":
      {"aggregation": {"aggregator": "count", "property": "title"}, "type": "aggregation"}},
      "searchQuery": "", "sort": [], "userTimeZone": "Asia/Tashkent", "type": "reducer"}}'
    headers:
      Content-Length:
      - '460'
      content-type:
      - application/json
      cookie:
      - PRIVATE
      x-notion-active-user-header:
      - a03b888f-5426-4e4f-b5ef-bed855b162f0
    method: POST
    uri: https://www.notion.so/api/v3/queryCollection
  response:
    body:
      string: '{"result":{"type":"reducer","reducerResults":{"table:uncategorized:title:count":{"type":"aggregation","aggregationResult":{"type":"number","value":1}}}},"recordMap":{}}'
    headers:
      Content-Type:
      - application/json; charset=utf-8
      Transfer-Encoding:
      - chunked
      content-encoding:
      - undefined
    status:
      code: 200
      message: OK
- request:
    body: '{"collection": {"id": "9a724b78-ee06-4437-a86d-b10a063f81f6", "spaceId":
      "d51d3ca5-7889-4c70-b906-3a5a37b60274"}, "collectionView": {"id": "3fbab107-8789-4e87-ac18-4b1bcd1fb447",
      "spaceId": "d51d3ca5-7889-4c70-b906-3a5a37b60274"}, "loader": {"reducers": {"collection_group_results":
      {"limit": 1, "type": "results"}}, "searchQuery": "", "sort": [], "userTimeZone":
      "Asia/Tashkent", "type": "reducer"}}'
    headers:
      Content-Length:
      - '400'
      content-type:
      - application/json
      cookie:
      - PRIVATE
      x-notion-active-user-header:
      - a03b888f-5426-4e4f-b5ef-bed855b162f0
    method: POST
    uri: https://www.notion.so/api/v3/queryCollection
  response:
    body:
      string: '{"result":{"type":"reducer","reducerResults":{"collection_group_results":{"type":"results","blockIds":["ce55ffa9-5b1d-481b-9275-8313c121ab38"],"hasMore":false}}},"recordMap":{"block":{"ce55ffa9-5b1d-481b-9275-8313c121ab38":{"role":"editor","value":{"id":"ce55ffa9-5b1d-481b-9275-8313c121ab38","version":14,"type":"page","properties":{"dvuJ":[["b"]],"meta":{"cover_block":{"type":"file","sha256":"bf7c178697d05163c48c177f5c58e49f7f08dfc6e618ddba632a45822ab5c051","file_id":"843060ca-38ee-44c2-a793-6c7454385b6b"}},"title":[["a"]]},"content":["c9ccdb42-05a9-42fd-b94d-65f06d93a0e7"],"created_time":1653056436542,"last_edited_time":1653056442216,"parent_id":"9a724b78-ee06-4437-a86d-b10a063f81f6","parent_table":"collection","alive":true,"file_ids":["843060ca-38ee-44c2-a793-6c7454385b6b"],"created_by_table":"notion_user","created_by_id":"a03b888f-5426-4e4f-b5ef-bed855b162f0","last_edited_by_table":"notion_user","last_edited_by_id":"a03b888f-5426-4e4f-b5ef-bed855b162f0","space_id":"d51d3ca5-7889-4c70-b906-3a5a37b60274"}},"e15de4d2-309d-4102-bf92-9939c9fb1e11":{"role":"editor","value":{"id":"e15de4d2-309d-4102-bf92-9939c9fb1e11","version":13,"type":"collection_view_page","content":["9a724b78-ee06-4437-a86d-b10a063f81f6","3fbab107-8789-4e87-ac18-4b1bcd1fb447"],"view_ids":["3fbab107-8789-4e87-ac18-4b1bcd1fb447"],"format":{"collection_pointer":{"id":"9a724b78-ee06-4437-a86d-b10a063f81f6","table":"collection","spaceId":"d51d3ca5-7889-4c70-b906-3a5a37b60274"}},"permissions":[{"role":"editor","type":"user_permission","user_id":"a03b888f-5426-4e4f-b5ef-bed855b162f0"}],"created_time":1653056426157,"last_edited_time":1653056428027,"parent_id":"d51d3ca5-7889-4c70-b906-3a5a37b60274","parent_table":"space","alive":true,"created_by_table":"notion_user","created_by_id":"a03b888f-5426-4e4f-b5ef-bed855b162f0","last_edited_by_table":"notion_user","last_edited_by_id":"a03b888f-5426-4e4f-b5ef-bed855b162f0","space_id":"d51d3ca5-7889-4c70-b906-3a5a37b60274"}}},"collection":{"9a724b78-ee06-4437-a86d-b10a063f81f6":{"role":"editor","value":{"id":"9a724b78-ee06-4437-a86d-b10a063f81f6","version":2,"name":[["TESTING
        PAGE"]],"schema":{"dvuJ":{"name":"b","type":"text"},"title":{"name":"a","type":"title"}},"parent_id":"e15de4d2-309d-4102-bf92-9939c9fb1e11","parent_table":"block","alive":true,"migrated":true,"space_id":"d51d3ca5-7889-4c70-b906-3a5a37b60274"}}},"space":{"d51d3ca5-7889-4c70-b906-3a5a37b60274":{"role":"editor","value":{"id":"d51d3ca5-7889-4c70-b906-3a5a37b60274","version":4406,"name":"test_py","permissions":[{"role":"editor","type":"user_permission","user_id":"a03b888f-5426-4e4f-b5ef-bed855b162f0"}],"beta_enabled":false,"pages":["e15de4d2-309d-4102-bf92-9939c9fb1e11"],"created_time":1638259881592,"last_edited_time":1652698380000,"created_by_table":"notion_user","created_by_id":"a03b888f-5426-4e4f-b5ef-bed855b162f0","last_edited_by_table":"notion_user","last_edited_by_id":"a03b888f-5426-4e4f-b5ef-bed855b162f0","plan_type":"personal","invite_link_enabled":true}}}}}'
    headers:
      Content-Type:
      - application/json; charset=utf-8
      Transfer-Encoding:
      - chunked
      content-length:
      - '2985'
    status:
      code: 200
      message: OK
- request:
    body: '{"operations": [{"id": "ce55ffa9-5b1d-481b-9275-8313c121ab38", "path":
      ["properties", "title"], "args": [["a"]], "command": "set", "table": "block"},
      {"args": {"last_edited_by_id": "a03b888f-5426-4e4f-b5ef-bed855b162f0", "last_edited_by_table":
      "notion_user", "last_edited_time": 1653056447410}, "command": "update", "id":
      "ce55ffa9-5b1d-481b-9275-8313c121ab38", "path": [], "table": "block"}, {"id":
      "ce55ffa9-5b1d-481b-9275-8313c121ab38", "path": ["properties", "dvuJ"], "args":
      [["b"]], "command": "set", "table": "block"}, {"args": {"last_edited_by_id":
      "a03b888f-5426-4e4f-b5ef-bed855b162f0", "last_edited_by_table": "notion_user",
      "last_edited_time": 1653056447410}, "command": "update", "id": "ce55ffa9-5b1d-481b-9275-8313c121ab38",
      "path": [], "table": "block"}, {"args": {"last_edited_by_id": "a03b888f-5426-4e4f-b5ef-bed855b162f0",
      "last_edited_by_table": "notion_user", "last_edited_time": 1653056447410}, "command":
      "update", "id": "ce55ffa9-5b1d-481b-9275-8313c121ab38", "path": [], "table":
      "block"}]}'
    headers:
      Content-Length:
      - '1015'
      content-type:
      - application/json
      cookie:
      - PRIVATE
      x-notion-active-user-header:
      - a03b888f-5426-4e4f-b5ef-bed855b162f0
    method: POST
    uri: https://www.notion.so/api/v3/submitTransaction
  response:
    body:
      string: '{}'
    headers:
      Content-Length:
      - '2'
      Content-Type:
      - application/json; charset=utf-8
    status:
      code: 200
      message: OK
- request:
    body: '{"requests": [{"table": "block", "id": "c9ccdb42-05a9-42fd-b94d-65f06d93a0e7"}]}'
    headers:
      Content-Length:
      - '80'
      content-type:
      - application/json
      cookie:
      - PRIVATE
      x-notion-active-user-header:
      - a03b888f-5426-4e4f-b5ef-bed855b162f0
    method: POST
    uri: https://www.notion.so/api/v3/getRecordValues
  response:
    body:
      string: '{"results":[{"role":"editor","value":{"id":"c9ccdb42-05a9-42fd-b94d-65f06d93a0e7","version":12,"type":"image","properties":{"source":[["https://s3-us-west-2.amazonaws.com/secure.notion-static.com/843060ca-38ee-44c2-a793-6c7454385b6b/test_image1.gif"]],"is_cover_block":true},"format":{"display_source":"https://s3-us-west-2.amazonaws.com/secure.notion-static.com/843060ca-38ee-44c2-a793-6c7454385b6b/test_image1.gif"},"created_time":1653056442216,"last_edited_time":1653056443274,"parent_id":"ce55ffa9-5b1d-481b-9275-8313c121ab38","parent_table":"block","alive":true,"file_ids":["843060ca-38ee-44c2-a793-6c7454385b6b"],"created_by_table":"notion_user","created_by_id":"a03b888f-5426-4e4f-b5ef-bed855b162f0","last_edited_by_table":"notion_user","last_edited_by_id":"a03b888f-5426-4e4f-b5ef-bed855b162f0","space_id":"d51d3ca5-7889-4c70-b906-3a5a37b60274"}}],"recordMapWithRoles":{"block":{"c9ccdb42-05a9-42fd-b94d-65f06d93a0e7":{"role":"editor","value":{"id":"c9ccdb42-05a9-42fd-b94d-65f06d93a0e7","version":12,"type":"image","properties":{"source":[["https://s3-us-west-2.amazonaws.com/secure.notion-static.com/843060ca-38ee-44c2-a793-6c7454385b6b/test_image1.gif"]],"is_cover_block":true},"format":{"display_source":"https://s3-us-west-2.amazonaws.com/secure.notion-static.com/843060ca-38ee-44c2-a793-6c7454385b6b/test_image1.gif"},"created_time":1653056442216,"last_edited_time":1653056443274,"parent_id":"ce55ffa9-5b1d-481b-9275-8313c121ab38","parent_table":"block","alive":true,"file_ids":["843060ca-38ee-44c2-a793-6c7454385b6b"],"created_by_table":"notion_user","created_by_id":"a03b888f-5426-4e4f-b5ef-bed855b162f0","last_edited_by_table":"notion_user","last_edited_by_id":"a03b888f-5426-4e4f-b5ef-bed855b162f0","space_id":"d51d3ca5-7889-4c70-b906-3a5a37b60274"}},"ce55ffa9-5b1d-481b-9275-8313c121ab38":{"role":"editor","value":{"id":"ce55ffa9-5b1d-481b-9275-8313c121ab38","version":19,"type":"page","properties":{"dvuJ":[["b"]],"meta":{"cover_block":{"type":"file","sha256":"bf7c178697d05163c48c177f5c58e49f7f08dfc6e618ddba632a45822ab5c051","file_id":"843060ca-38ee-44c2-a793-6c7454385b6b"}},"title":[["a"]]},"content":["c9ccdb42-05a9-42fd-b94d-65f06d93a0e7"],"created_time":1653056436542,"last_edited_time":1653056447410,"parent_id":"9a724b78-ee06-4437-a86d-b10a063f81f6","parent_table":"collection","alive":true,"file_ids":["843060ca-38ee-44c2-a793-6c7454385b6b"],"created_by_table":"notion_user","created_by_id":"a03b888f-5426-4e4f-b5ef-bed855b162f0","last_edited_by_table":"notion_user","last_edited_by_id":"a03b888f-5426-4e4f-b5ef-bed855b162f0","space_id":"d51d3ca5-7889-4c70-b906-3a5a37b60274"}},"e15de4d2-309d-4102-bf92-9939c9fb1e11":{"role":"editor","value":{"id":"e15de4d2-309d-4102-bf92-9939c9fb1e11","version":13,"type":"collection_view_page","content":["9a724b78-ee06-4437-a86d-b10a063f81f6","3fbab107-8789-4e87-ac18-4b1bcd1fb447"],"view_ids":["3fbab107-8789-4e87-ac18-4b1bcd1fb447"],"format":{"collection_pointer":{"id":"9a724b78-ee06-4437-a86d-b10a063f81f6","table":"collection","spaceId":"d51d3ca5-7889-4c70-b906-3a5a37b60274"}},"permissions":[{"role":"editor","type":"user_permission","user_id":"a03b888f-5426-4e4f-b5ef-bed855b162f0"}],"created_time":1653056426157,"last_edited_time":1653056428027,"parent_id":"d51d3ca5-7889-4c70-b906-3a5a37b60274","parent_table":"space","alive":true,"created_by_table":"notion_user","created_by_id":"a03b888f-5426-4e4f-b5ef-bed855b162f0","last_edited_by_table":"notion_user","last_edited_by_id":"a03b888f-5426-4e4f-b5ef-bed855b162f0","space_id":"d51d3ca5-7889-4c70-b906-3a5a37b60274"}}},"collection":{"9a724b78-ee06-4437-a86d-b10a063f81f6":{"role":"editor","value":{"id":"9a724b78-ee06-4437-a86d-b10a063f81f6","version":2,"name":[["TESTING
        PAGE"]],"schema":{"dvuJ":{"name":"b","type":"text"},"title":{"name":"a","type":"title"}},"parent_id":"e15de4d2-309d-4102-bf92-9939c9fb1e11","parent_table":"block","alive":true,"migrated":true,"space_id":"d51d3ca5-7889-4c70-b906-3a5a37b60274"}}},"space":{"d51d3ca5-7889-4c70-b906-3a5a37b60274":{"role":"editor","value":{"id":"d51d3ca5-7889-4c70-b906-3a5a37b60274","version":4406,"name":"test_py","permissions":[{"role":"editor","type":"user_permission","user_id":"a03b888f-5426-4e4f-b5ef-bed855b162f0"}],"beta_enabled":false,"pages":["e15de4d2-309d-4102-bf92-9939c9fb1e11"],"created_time":1638259881592,"last_edited_time":1652698380000,"created_by_table":"notion_user","created_by_id":"a03b888f-5426-4e4f-b5ef-bed855b162f0","last_edited_by_table":"notion_user","last_edited_by_id":"a03b888f-5426-4e4f-b5ef-bed855b162f0","plan_type":"personal","invite_link_enabled":true}}}}}'
    headers:
      Content-Type:
      - application/json; charset=utf-8
      Transfer-Encoding:
      - chunked
      content-length:
      - '4570'
    status:
      code: 200
      message: OK
- request:
    body: null
    headers:
      content-type:
      - application/json
      cookie:
      - PRIVATE
      x-notion-active-user-header:
      - a03b888f-5426-4e4f-b5ef-bed855b162f0
    method: HEAD
    uri: https://www.notion.so/signed/https%3A%2F%2Fs3-us-west-2.amazonaws.com%2Fsecure.notion-static.com%2F843060ca-38ee-44c2-a793-6c7454385b6b%2Ftest_image1.gif?table=block&id=c9ccdb42-05a9-42fd-b94d-65f06d93a0e7
  response:
    body:
      string: ''
    headers:
      Content-Length:
      - '455'
      Content-Type:
      - text/plain; charset=utf-8
      Location:
      - https://s3.us-west-2.amazonaws.com/secure.notion-static.com/843060ca-38ee-44c2-a793-6c7454385b6b/test_image1.gif?X-Amz-Algorithm=AWS4-HMAC-SHA256&X-Amz-Content-Sha256=UNSIGNED-PAYLOAD&X-Amz-Credential=AKIAT73L2G45EIPT3X45%2F20220520%2Fus-west-2%2Fs3%2Faws4_request&X-Amz-Date=20220520T142048Z&X-Amz-Expires=86400&X-Amz-Signature=f28ec345e398e5ecfcd68b259ab6d5b5947c53eb1b702ee3f2981250510d0360&X-Amz-SignedHeaders=host&x-id=GetObject
    status:
      code: 302
      message: Found
- request:
    body: '{"blockId": "ce55ffa9-5b1d-481b-9275-8313c121ab38"}'
    headers:
      Content-Length:
      - '51'
      content-type:
      - application/json
      cookie:
      - PRIVATE
      x-notion-active-user-header:
      - a03b888f-5426-4e4f-b5ef-bed855b162f0
    method: POST
    uri: https://www.notion.so/api/v3/getPublicPageData
  response:
    body:
      string: '{"spaceName":"test_py","spaceId":"d51d3ca5-7889-4c70-b906-3a5a37b60274","spaceDomain":"laced-taxi-315","canJoinSpace":true,"userHasExplicitAccess":true,"collectionId":"9a724b78-ee06-4437-a86d-b10a063f81f6","collectionSchema":{"dvuJ":{"name":"b","type":"text"},"title":{"name":"a","type":"title"}},"betaEnabled":false,"canRequestAccess":true,"requireLogin":false,"publicAccessRole":"none"}'
    headers:
      Content-Type:
      - application/json; charset=utf-8
      Transfer-Encoding:
      - chunked
      content-length:
      - '388'
    status:
      code: 200
      message: OK
- request:
    body: '{"bucket": "secure", "name": "test_image2.gif", "contentType": "image/gif",
      "record": {"table": "block", "id": "ce55ffa9-5b1d-481b-9275-8313c121ab38", "spaceId":
      "d51d3ca5-7889-4c70-b906-3a5a37b60274"}}'
    headers:
      Content-Length:
      - '202'
      content-type:
      - application/json
      cookie:
      - PRIVATE
      x-notion-active-user-header:
      - a03b888f-5426-4e4f-b5ef-bed855b162f0
    method: POST
    uri: https://www.notion.so/api/v3/getUploadFileUrl
  response:
    body:
      string: '{"url":"https://s3-us-west-2.amazonaws.com/secure.notion-static.com/a5b3f5cc-db74-4083-b577-e1134368e105/test_image2.gif","signedGetUrl":"https://s3.us-west-2.amazonaws.com/secure.notion-static.com/a5b3f5cc-db74-4083-b577-e1134368e105/test_image2.gif?X-Amz-Algorithm=AWS4-HMAC-SHA256&X-Amz-Content-Sha256=UNSIGNED-PAYLOAD&X-Amz-Credential=AKIAT73L2G45EIPT3X45%2F20220520%2Fus-west-2%2Fs3%2Faws4_request&X-Amz-Date=20220520T142049Z&X-Amz-Expires=86400&X-Amz-Signature=7777a4776713a173adaf7a5a0874b376a042935074cbb150ebf2e86bd760361d&X-Amz-SignedHeaders=host&x-id=GetObject","signedPutUrl":"https://s3.us-west-2.amazonaws.com/secure.notion-static.com/a5b3f5cc-db74-4083-b577-e1134368e105/test_image2.gif?X-Amz-Algorithm=AWS4-HMAC-SHA256&X-Amz-Content-Sha256=UNSIGNED-PAYLOAD&X-Amz-Credential=AKIAT73L2G45EIPT3X45%2F20220520%2Fus-west-2%2Fs3%2Faws4_request&X-Amz-Date=20220520T142049Z&X-Amz-Expires=86400&X-Amz-Signature=14186f22ad0e39bd63db5857a97772d0f2478edab20cfe0266e91b0393ab51ef&X-Amz-SignedHeaders=host&x-id=PutObject"}'
    headers:
      Content-Type:
      - application/json; charset=utf-8
      Transfer-Encoding:
      - chunked
      content-length:
      - '1024'
    status:
      code: 200
      message: OK
- request:
    body: !!binary |
      R0lGODlhAQABAAAAACH5BAEAAAAALAAAAAABAAEAAAIAMA==
    headers:
      Content-Length:
      - '34'
      Content-type:
      - image/gif
    method: PUT
    uri: https://s3.us-west-2.amazonaws.com/secure.notion-static.com/a5b3f5cc-db74-4083-b577-e1134368e105/test_image2.gif?X-Amz-Algorithm=AWS4-HMAC-SHA256&X-Amz-Content-Sha256=UNSIGNED-PAYLOAD&X-Amz-Credential=AKIAT73L2G45EIPT3X45%2F20220520%2Fus-west-2%2Fs3%2Faws4_request&X-Amz-Date=20220520T142049Z&X-Amz-Expires=86400&X-Amz-Signature=14186f22ad0e39bd63db5857a97772d0f2478edab20cfe0266e91b0393ab51ef&X-Amz-SignedHeaders=host&x-id=PutObject
  response:
    body:
      string: ''
    headers:
      Content-Length:
      - '0'
      x-amz-id-2:
      - 4w8tnxqJXe2ak0gopxrli7/MXwvxFCmqINLYaPDDG1/5zN7R8xd8bk5rVE821af7m6cl8y1Tl9U=
      x-amz-request-id:
      - WZ9K29VNW467TNTT
      x-amz-server-side-encryption:
      - aws:kms
      x-amz-server-side-encryption-aws-kms-key-id:
      - arn:aws:kms:us-west-2:274567149370:key/c62b8624-5469-4833-99f5-90d727474375
      x-amz-server-side-encryption-bucket-key-enabled:
      - 'true'
      x-amz-version-id:
      - HZ4P2vVb7K_zIXOfIgpRNg7PdLtma0Gc
    status:
      code: 200
      message: OK
- request:
    body: '{"operations": [{"id": "ce55ffa9-5b1d-481b-9275-8313c121ab38", "path":
      ["properties", "meta", "cover_block"], "args": {"type": "file", "file_id": "a5b3f5cc-db74-4083-b577-e1134368e105",
      "sha256": "7737e10c390e92ff57b4af58f9c7638743d74642f70435b6f04d0b81995a9f99"},
      "command": "set", "table": "block"}, {"args": {"last_edited_by_id": "a03b888f-5426-4e4f-b5ef-bed855b162f0",
      "last_edited_by_table": "notion_user", "last_edited_time": 1653056450230}, "command":
      "update", "id": "ce55ffa9-5b1d-481b-9275-8313c121ab38", "path": [], "table":
      "block"}]}'
    headers:
      Content-Length:
      - '546'
      content-type:
      - application/json
      cookie:
      - PRIVATE
      x-notion-active-user-header:
      - a03b888f-5426-4e4f-b5ef-bed855b162f0
    method: POST
    uri: https://www.notion.so/api/v3/submitTransaction
  response:
    body:
      string: '{}'
    headers:
      Content-Length:
      - '2'
      Content-Type:
      - application/json; charset=utf-8
    status:
      code: 200
      message: OK
- request:
    body: '{"operations": [{"id": "c9ccdb42-05a9-42fd-b94d-65f06d93a0e7", "path":
      ["format", "display_source"], "args": "https://s3-us-west-2.amazonaws.com/secure.notion-static.com/a5b3f5cc-db74-4083-b577-e1134368e105/test_image2.gif",
      "command": "set", "table": "block"}, {"args": {"last_edited_by_id": "a03b888f-5426-4e4f-b5ef-bed855b162f0",
      "last_edited_by_table": "notion_user", "last_edited_time": 1653056450572}, "command":
      "update", "id": "c9ccdb42-05a9-42fd-b94d-65f06d93a0e7", "path": [], "table":
      "block"}, {"id": "c9ccdb42-05a9-42fd-b94d-65f06d93a0e7", "path": ["properties",
      "source"], "args": [["https://s3-us-west-2.amazonaws.com/secure.notion-static.com/a5b3f5cc-db74-4083-b577-e1134368e105/test_image2.gif"]],
      "command": "set", "table": "block"}, {"args": {"last_edited_by_id": "a03b888f-5426-4e4f-b5ef-bed855b162f0",
      "last_edited_by_table": "notion_user", "last_edited_time": 1653056450572}, "command":
      "update", "id": "c9ccdb42-05a9-42fd-b94d-65f06d93a0e7", "path": [], "table":
      "block"}, {"id": "c9ccdb42-05a9-42fd-b94d-65f06d93a0e7", "path": ["file_ids"],
      "args": {"id": "a5b3f5cc-db74-4083-b577-e1134368e105"}, "command": "listAfter",
      "table": "block"}, {"args": {"last_edited_by_id": "a03b888f-5426-4e4f-b5ef-bed855b162f0",
      "last_edited_by_table": "notion_user", "last_edited_time": 1653056450572}, "command":
      "update", "id": "c9ccdb42-05a9-42fd-b94d-65f06d93a0e7", "path": [], "table":
      "block"}, {"args": {"last_edited_by_id": "a03b888f-5426-4e4f-b5ef-bed855b162f0",
      "last_edited_by_table": "notion_user", "last_edited_time": 1653056450572}, "command":
      "update", "id": "c9ccdb42-05a9-42fd-b94d-65f06d93a0e7", "path": [], "table":
      "block"}]}'
    headers:
      Content-Length:
      - '1652'
      content-type:
      - application/json
      cookie:
      - PRIVATE
      x-notion-active-user-header:
      - a03b888f-5426-4e4f-b5ef-bed855b162f0
    method: POST
    uri: https://www.notion.so/api/v3/submitTransaction
  response:
    body:
      string: '{}'
    headers:
      Content-Length:
      - '2'
      Content-Type:
      - application/json; charset=utf-8
    status:
      code: 200
      message: OK
- request:
    body: '{"operations": [{"id": "c9ccdb42-05a9-42fd-b94d-65f06d93a0e7", "path":
      ["properties", "is_cover_block"], "args": true, "command": "set", "table": "block"},
      {"args": {"last_edited_by_id": "a03b888f-5426-4e4f-b5ef-bed855b162f0", "last_edited_by_table":
      "notion_user", "last_edited_time": 1653056450909}, "command": "update", "id":
      "c9ccdb42-05a9-42fd-b94d-65f06d93a0e7", "path": [], "table": "block"}]}'
    headers:
      Content-Length:
      - '400'
      content-type:
      - application/json
      cookie:
      - PRIVATE
      x-notion-active-user-header:
      - a03b888f-5426-4e4f-b5ef-bed855b162f0
    method: POST
    uri: https://www.notion.so/api/v3/submitTransaction
  response:
    body:
      string: '{}'
    headers:
      Content-Length:
      - '2'
      Content-Type:
      - application/json; charset=utf-8
    status:
      code: 200
      message: OK
- request:
    body: '{"collection": {"id": "9a724b78-ee06-4437-a86d-b10a063f81f6", "spaceId":
      "d51d3ca5-7889-4c70-b906-3a5a37b60274"}, "collectionView": {"id": "3fbab107-8789-4e87-ac18-4b1bcd1fb447",
      "spaceId": "d51d3ca5-7889-4c70-b906-3a5a37b60274"}, "loader": {"reducers": {"table:uncategorized:title:count":
      {"aggregation": {"aggregator": "count", "property": "title"}, "type": "aggregation"}},
      "searchQuery": "", "sort": [], "userTimeZone": "Asia/Tashkent", "type": "reducer"}}'
    headers:
      Content-Length:
      - '460'
      content-type:
      - application/json
      cookie:
      - PRIVATE
      x-notion-active-user-header:
      - a03b888f-5426-4e4f-b5ef-bed855b162f0
    method: POST
    uri: https://www.notion.so/api/v3/queryCollection
  response:
    body:
      string: '{"result":{"type":"reducer","reducerResults":{"table:uncategorized:title:count":{"type":"aggregation","aggregationResult":{"type":"number","value":1}}}},"recordMap":{}}'
    headers:
      Content-Type:
      - application/json; charset=utf-8
      Transfer-Encoding:
      - chunked
      content-encoding:
      - undefined
    status:
      code: 200
      message: OK
- request:
    body: '{"collection": {"id": "9a724b78-ee06-4437-a86d-b10a063f81f6", "spaceId":
      "d51d3ca5-7889-4c70-b906-3a5a37b60274"}, "collectionView": {"id": "3fbab107-8789-4e87-ac18-4b1bcd1fb447",
      "spaceId": "d51d3ca5-7889-4c70-b906-3a5a37b60274"}, "loader": {"reducers": {"collection_group_results":
      {"limit": 1, "type": "results"}}, "searchQuery": "", "sort": [], "userTimeZone":
      "Asia/Tashkent", "type": "reducer"}}'
    headers:
      Content-Length:
      - '400'
      content-type:
      - application/json
      cookie:
      - PRIVATE
      x-notion-active-user-header:
      - a03b888f-5426-4e4f-b5ef-bed855b162f0
    method: POST
    uri: https://www.notion.so/api/v3/queryCollection
  response:
    body:
      string: '{"result":{"type":"reducer","reducerResults":{"collection_group_results":{"type":"results","blockIds":["ce55ffa9-5b1d-481b-9275-8313c121ab38"],"hasMore":false}}},"recordMap":{"block":{"ce55ffa9-5b1d-481b-9275-8313c121ab38":{"role":"editor","value":{"id":"ce55ffa9-5b1d-481b-9275-8313c121ab38","version":22,"type":"page","properties":{"dvuJ":[["b"]],"meta":{"cover_block":{"type":"file","sha256":"7737e10c390e92ff57b4af58f9c7638743d74642f70435b6f04d0b81995a9f99","file_id":"a5b3f5cc-db74-4083-b577-e1134368e105"}},"title":[["a"]]},"content":["c9ccdb42-05a9-42fd-b94d-65f06d93a0e7"],"created_time":1653056436542,"last_edited_time":1653056450230,"parent_id":"9a724b78-ee06-4437-a86d-b10a063f81f6","parent_table":"collection","alive":true,"file_ids":["843060ca-38ee-44c2-a793-6c7454385b6b","a5b3f5cc-db74-4083-b577-e1134368e105"],"created_by_table":"notion_user","created_by_id":"a03b888f-5426-4e4f-b5ef-bed855b162f0","last_edited_by_table":"notion_user","last_edited_by_id":"a03b888f-5426-4e4f-b5ef-bed855b162f0","space_id":"d51d3ca5-7889-4c70-b906-3a5a37b60274"}},"e15de4d2-309d-4102-bf92-9939c9fb1e11":{"role":"editor","value":{"id":"e15de4d2-309d-4102-bf92-9939c9fb1e11","version":13,"type":"collection_view_page","content":["9a724b78-ee06-4437-a86d-b10a063f81f6","3fbab107-8789-4e87-ac18-4b1bcd1fb447"],"view_ids":["3fbab107-8789-4e87-ac18-4b1bcd1fb447"],"format":{"collection_pointer":{"id":"9a724b78-ee06-4437-a86d-b10a063f81f6","table":"collection","spaceId":"d51d3ca5-7889-4c70-b906-3a5a37b60274"}},"permissions":[{"role":"editor","type":"user_permission","user_id":"a03b888f-5426-4e4f-b5ef-bed855b162f0"}],"created_time":1653056426157,"last_edited_time":1653056428027,"parent_id":"d51d3ca5-7889-4c70-b906-3a5a37b60274","parent_table":"space","alive":true,"created_by_table":"notion_user","created_by_id":"a03b888f-5426-4e4f-b5ef-bed855b162f0","last_edited_by_table":"notion_user","last_edited_by_id":"a03b888f-5426-4e4f-b5ef-bed855b162f0","space_id":"d51d3ca5-7889-4c70-b906-3a5a37b60274"}}},"collection":{"9a724b78-ee06-4437-a86d-b10a063f81f6":{"role":"editor","value":{"id":"9a724b78-ee06-4437-a86d-b10a063f81f6","version":2,"name":[["TESTING
        PAGE"]],"schema":{"dvuJ":{"name":"b","type":"text"},"title":{"name":"a","type":"title"}},"parent_id":"e15de4d2-309d-4102-bf92-9939c9fb1e11","parent_table":"block","alive":true,"migrated":true,"space_id":"d51d3ca5-7889-4c70-b906-3a5a37b60274"}}},"space":{"d51d3ca5-7889-4c70-b906-3a5a37b60274":{"role":"editor","value":{"id":"d51d3ca5-7889-4c70-b906-3a5a37b60274","version":4406,"name":"test_py","permissions":[{"role":"editor","type":"user_permission","user_id":"a03b888f-5426-4e4f-b5ef-bed855b162f0"}],"beta_enabled":false,"pages":["e15de4d2-309d-4102-bf92-9939c9fb1e11"],"created_time":1638259881592,"last_edited_time":1652698380000,"created_by_table":"notion_user","created_by_id":"a03b888f-5426-4e4f-b5ef-bed855b162f0","last_edited_by_table":"notion_user","last_edited_by_id":"a03b888f-5426-4e4f-b5ef-bed855b162f0","plan_type":"personal","invite_link_enabled":true}}}}}'
    headers:
      Content-Type:
      - application/json; charset=utf-8
      Transfer-Encoding:
      - chunked
      content-length:
      - '3024'
    status:
      code: 200
      message: OK
- request:
    body: '{"requests": [{"table": "block", "id": "c9ccdb42-05a9-42fd-b94d-65f06d93a0e7"}]}'
    headers:
      Content-Length:
      - '80'
      content-type:
      - application/json
      cookie:
      - PRIVATE
      x-notion-active-user-header:
      - a03b888f-5426-4e4f-b5ef-bed855b162f0
    method: POST
    uri: https://www.notion.so/api/v3/getRecordValues
  response:
    body:
      string: '{"results":[{"role":"editor","value":{"id":"c9ccdb42-05a9-42fd-b94d-65f06d93a0e7","version":21,"type":"image","properties":{"source":[["https://s3-us-west-2.amazonaws.com/secure.notion-static.com/a5b3f5cc-db74-4083-b577-e1134368e105/test_image2.gif"]],"is_cover_block":true},"format":{"display_source":"https://s3-us-west-2.amazonaws.com/secure.notion-static.com/a5b3f5cc-db74-4083-b577-e1134368e105/test_image2.gif"},"created_time":1653056442216,"last_edited_time":1653056450909,"parent_id":"ce55ffa9-5b1d-481b-9275-8313c121ab38","parent_table":"block","alive":true,"file_ids":["843060ca-38ee-44c2-a793-6c7454385b6b","a5b3f5cc-db74-4083-b577-e1134368e105"],"created_by_table":"notion_user","created_by_id":"a03b888f-5426-4e4f-b5ef-bed855b162f0","last_edited_by_table":"notion_user","last_edited_by_id":"a03b888f-5426-4e4f-b5ef-bed855b162f0","space_id":"d51d3ca5-7889-4c70-b906-3a5a37b60274"}}],"recordMapWithRoles":{"block":{"c9ccdb42-05a9-42fd-b94d-65f06d93a0e7":{"role":"editor","value":{"id":"c9ccdb42-05a9-42fd-b94d-65f06d93a0e7","version":21,"type":"image","properties":{"source":[["https://s3-us-west-2.amazonaws.com/secure.notion-static.com/a5b3f5cc-db74-4083-b577-e1134368e105/test_image2.gif"]],"is_cover_block":true},"format":{"display_source":"https://s3-us-west-2.amazonaws.com/secure.notion-static.com/a5b3f5cc-db74-4083-b577-e1134368e105/test_image2.gif"},"created_time":1653056442216,"last_edited_time":1653056450909,"parent_id":"ce55ffa9-5b1d-481b-9275-8313c121ab38","parent_table":"block","alive":true,"file_ids":["843060ca-38ee-44c2-a793-6c7454385b6b","a5b3f5cc-db74-4083-b577-e1134368e105"],"created_by_table":"notion_user","created_by_id":"a03b888f-5426-4e4f-b5ef-bed855b162f0","last_edited_by_table":"notion_user","last_edited_by_id":"a03b888f-5426-4e4f-b5ef-bed855b162f0","space_id":"d51d3ca5-7889-4c70-b906-3a5a37b60274"}},"ce55ffa9-5b1d-481b-9275-8313c121ab38":{"role":"editor","value":{"id":"ce55ffa9-5b1d-481b-9275-8313c121ab38","version":22,"type":"page","properties":{"dvuJ":[["b"]],"meta":{"cover_block":{"type":"file","sha256":"7737e10c390e92ff57b4af58f9c7638743d74642f70435b6f04d0b81995a9f99","file_id":"a5b3f5cc-db74-4083-b577-e1134368e105"}},"title":[["a"]]},"content":["c9ccdb42-05a9-42fd-b94d-65f06d93a0e7"],"created_time":1653056436542,"last_edited_time":1653056450230,"parent_id":"9a724b78-ee06-4437-a86d-b10a063f81f6","parent_table":"collection","alive":true,"file_ids":["843060ca-38ee-44c2-a793-6c7454385b6b","a5b3f5cc-db74-4083-b577-e1134368e105"],"created_by_table":"notion_user","created_by_id":"a03b888f-5426-4e4f-b5ef-bed855b162f0","last_edited_by_table":"notion_user","last_edited_by_id":"a03b888f-5426-4e4f-b5ef-bed855b162f0","space_id":"d51d3ca5-7889-4c70-b906-3a5a37b60274"}},"e15de4d2-309d-4102-bf92-9939c9fb1e11":{"role":"editor","value":{"id":"e15de4d2-309d-4102-bf92-9939c9fb1e11","version":13,"type":"collection_view_page","content":["9a724b78-ee06-4437-a86d-b10a063f81f6","3fbab107-8789-4e87-ac18-4b1bcd1fb447"],"view_ids":["3fbab107-8789-4e87-ac18-4b1bcd1fb447"],"format":{"collection_pointer":{"id":"9a724b78-ee06-4437-a86d-b10a063f81f6","table":"collection","spaceId":"d51d3ca5-7889-4c70-b906-3a5a37b60274"}},"permissions":[{"role":"editor","type":"user_permission","user_id":"a03b888f-5426-4e4f-b5ef-bed855b162f0"}],"created_time":1653056426157,"last_edited_time":1653056428027,"parent_id":"d51d3ca5-7889-4c70-b906-3a5a37b60274","parent_table":"space","alive":true,"created_by_table":"notion_user","created_by_id":"a03b888f-5426-4e4f-b5ef-bed855b162f0","last_edited_by_table":"notion_user","last_edited_by_id":"a03b888f-5426-4e4f-b5ef-bed855b162f0","space_id":"d51d3ca5-7889-4c70-b906-3a5a37b60274"}}},"collection":{"9a724b78-ee06-4437-a86d-b10a063f81f6":{"role":"editor","value":{"id":"9a724b78-ee06-4437-a86d-b10a063f81f6","version":2,"name":[["TESTING
        PAGE"]],"schema":{"dvuJ":{"name":"b","type":"text"},"title":{"name":"a","type":"title"}},"parent_id":"e15de4d2-309d-4102-bf92-9939c9fb1e11","parent_table":"block","alive":true,"migrated":true,"space_id":"d51d3ca5-7889-4c70-b906-3a5a37b60274"}}},"space":{"d51d3ca5-7889-4c70-b906-3a5a37b60274":{"role":"editor","value":{"id":"d51d3ca5-7889-4c70-b906-3a5a37b60274","version":4406,"name":"test_py","permissions":[{"role":"editor","type":"user_permission","user_id":"a03b888f-5426-4e4f-b5ef-bed855b162f0"}],"beta_enabled":false,"pages":["e15de4d2-309d-4102-bf92-9939c9fb1e11"],"created_time":1638259881592,"last_edited_time":1652698380000,"created_by_table":"notion_user","created_by_id":"a03b888f-5426-4e4f-b5ef-bed855b162f0","last_edited_by_table":"notion_user","last_edited_by_id":"a03b888f-5426-4e4f-b5ef-bed855b162f0","plan_type":"personal","invite_link_enabled":true}}}}}'
    headers:
      Content-Type:
      - application/json; charset=utf-8
      Transfer-Encoding:
      - chunked
      content-length:
      - '4687'
    status:
      code: 200
      message: OK
- request:
    body: '{"collection": {"id": "9a724b78-ee06-4437-a86d-b10a063f81f6", "spaceId":
      "d51d3ca5-7889-4c70-b906-3a5a37b60274"}, "collectionView": {"id": "3fbab107-8789-4e87-ac18-4b1bcd1fb447",
      "spaceId": "d51d3ca5-7889-4c70-b906-3a5a37b60274"}, "loader": {"reducers": {"table:uncategorized:title:count":
      {"aggregation": {"aggregator": "count", "property": "title"}, "type": "aggregation"}},
      "searchQuery": "", "sort": [], "userTimeZone": "Asia/Tashkent", "type": "reducer"}}'
    headers:
      Content-Length:
      - '460'
      content-type:
      - application/json
      cookie:
      - PRIVATE
      x-notion-active-user-header:
      - a03b888f-5426-4e4f-b5ef-bed855b162f0
    method: POST
    uri: https://www.notion.so/api/v3/queryCollection
  response:
    body:
      string: '{"result":{"type":"reducer","reducerResults":{"table:uncategorized:title:count":{"type":"aggregation","aggregationResult":{"type":"number","value":1}}}},"recordMap":{}}'
    headers:
      Content-Type:
      - application/json; charset=utf-8
      Transfer-Encoding:
      - chunked
      content-encoding:
      - undefined
    status:
      code: 200
      message: OK
- request:
    body: '{"collection": {"id": "9a724b78-ee06-4437-a86d-b10a063f81f6", "spaceId":
      "d51d3ca5-7889-4c70-b906-3a5a37b60274"}, "collectionView": {"id": "3fbab107-8789-4e87-ac18-4b1bcd1fb447",
      "spaceId": "d51d3ca5-7889-4c70-b906-3a5a37b60274"}, "loader": {"reducers": {"collection_group_results":
      {"limit": 1, "type": "results"}}, "searchQuery": "", "sort": [], "userTimeZone":
      "Asia/Tashkent", "type": "reducer"}}'
    headers:
      Content-Length:
      - '400'
      content-type:
      - application/json
      cookie:
      - PRIVATE
      x-notion-active-user-header:
      - a03b888f-5426-4e4f-b5ef-bed855b162f0
    method: POST
    uri: https://www.notion.so/api/v3/queryCollection
  response:
    body:
      string: '{"result":{"type":"reducer","reducerResults":{"collection_group_results":{"type":"results","blockIds":["ce55ffa9-5b1d-481b-9275-8313c121ab38"],"hasMore":false}}},"recordMap":{"block":{"ce55ffa9-5b1d-481b-9275-8313c121ab38":{"role":"editor","value":{"id":"ce55ffa9-5b1d-481b-9275-8313c121ab38","version":22,"type":"page","properties":{"dvuJ":[["b"]],"meta":{"cover_block":{"type":"file","sha256":"7737e10c390e92ff57b4af58f9c7638743d74642f70435b6f04d0b81995a9f99","file_id":"a5b3f5cc-db74-4083-b577-e1134368e105"}},"title":[["a"]]},"content":["c9ccdb42-05a9-42fd-b94d-65f06d93a0e7"],"created_time":1653056436542,"last_edited_time":1653056450230,"parent_id":"9a724b78-ee06-4437-a86d-b10a063f81f6","parent_table":"collection","alive":true,"file_ids":["843060ca-38ee-44c2-a793-6c7454385b6b","a5b3f5cc-db74-4083-b577-e1134368e105"],"created_by_table":"notion_user","created_by_id":"a03b888f-5426-4e4f-b5ef-bed855b162f0","last_edited_by_table":"notion_user","last_edited_by_id":"a03b888f-5426-4e4f-b5ef-bed855b162f0","space_id":"d51d3ca5-7889-4c70-b906-3a5a37b60274"}},"e15de4d2-309d-4102-bf92-9939c9fb1e11":{"role":"editor","value":{"id":"e15de4d2-309d-4102-bf92-9939c9fb1e11","version":13,"type":"collection_view_page","content":["9a724b78-ee06-4437-a86d-b10a063f81f6","3fbab107-8789-4e87-ac18-4b1bcd1fb447"],"view_ids":["3fbab107-8789-4e87-ac18-4b1bcd1fb447"],"format":{"collection_pointer":{"id":"9a724b78-ee06-4437-a86d-b10a063f81f6","table":"collection","spaceId":"d51d3ca5-7889-4c70-b906-3a5a37b60274"}},"permissions":[{"role":"editor","type":"user_permission","user_id":"a03b888f-5426-4e4f-b5ef-bed855b162f0"}],"created_time":1653056426157,"last_edited_time":1653056428027,"parent_id":"d51d3ca5-7889-4c70-b906-3a5a37b60274","parent_table":"space","alive":true,"created_by_table":"notion_user","created_by_id":"a03b888f-5426-4e4f-b5ef-bed855b162f0","last_edited_by_table":"notion_user","last_edited_by_id":"a03b888f-5426-4e4f-b5ef-bed855b162f0","space_id":"d51d3ca5-7889-4c70-b906-3a5a37b60274"}}},"collection":{"9a724b78-ee06-4437-a86d-b10a063f81f6":{"role":"editor","value":{"id":"9a724b78-ee06-4437-a86d-b10a063f81f6","version":2,"name":[["TESTING
        PAGE"]],"schema":{"dvuJ":{"name":"b","type":"text"},"title":{"name":"a","type":"title"}},"parent_id":"e15de4d2-309d-4102-bf92-9939c9fb1e11","parent_table":"block","alive":true,"migrated":true,"space_id":"d51d3ca5-7889-4c70-b906-3a5a37b60274"}}},"space":{"d51d3ca5-7889-4c70-b906-3a5a37b60274":{"role":"editor","value":{"id":"d51d3ca5-7889-4c70-b906-3a5a37b60274","version":4406,"name":"test_py","permissions":[{"role":"editor","type":"user_permission","user_id":"a03b888f-5426-4e4f-b5ef-bed855b162f0"}],"beta_enabled":false,"pages":["e15de4d2-309d-4102-bf92-9939c9fb1e11"],"created_time":1638259881592,"last_edited_time":1652698380000,"created_by_table":"notion_user","created_by_id":"a03b888f-5426-4e4f-b5ef-bed855b162f0","last_edited_by_table":"notion_user","last_edited_by_id":"a03b888f-5426-4e4f-b5ef-bed855b162f0","plan_type":"personal","invite_link_enabled":true}}}}}'
    headers:
      Content-Type:
      - application/json; charset=utf-8
      Transfer-Encoding:
      - chunked
      content-length:
      - '3024'
    status:
      code: 200
      message: OK
- request:
    body: '{"requests": [{"table": "block", "id": "c9ccdb42-05a9-42fd-b94d-65f06d93a0e7"}]}'
    headers:
      Content-Length:
      - '80'
      content-type:
      - application/json
      cookie:
      - PRIVATE
      x-notion-active-user-header:
      - a03b888f-5426-4e4f-b5ef-bed855b162f0
    method: POST
    uri: https://www.notion.so/api/v3/getRecordValues
  response:
    body:
      string: '{"results":[{"role":"editor","value":{"id":"c9ccdb42-05a9-42fd-b94d-65f06d93a0e7","version":21,"type":"image","properties":{"source":[["https://s3-us-west-2.amazonaws.com/secure.notion-static.com/a5b3f5cc-db74-4083-b577-e1134368e105/test_image2.gif"]],"is_cover_block":true},"format":{"display_source":"https://s3-us-west-2.amazonaws.com/secure.notion-static.com/a5b3f5cc-db74-4083-b577-e1134368e105/test_image2.gif"},"created_time":1653056442216,"last_edited_time":1653056450909,"parent_id":"ce55ffa9-5b1d-481b-9275-8313c121ab38","parent_table":"block","alive":true,"file_ids":["843060ca-38ee-44c2-a793-6c7454385b6b","a5b3f5cc-db74-4083-b577-e1134368e105"],"created_by_table":"notion_user","created_by_id":"a03b888f-5426-4e4f-b5ef-bed855b162f0","last_edited_by_table":"notion_user","last_edited_by_id":"a03b888f-5426-4e4f-b5ef-bed855b162f0","space_id":"d51d3ca5-7889-4c70-b906-3a5a37b60274"}}],"recordMapWithRoles":{"block":{"c9ccdb42-05a9-42fd-b94d-65f06d93a0e7":{"role":"editor","value":{"id":"c9ccdb42-05a9-42fd-b94d-65f06d93a0e7","version":21,"type":"image","properties":{"source":[["https://s3-us-west-2.amazonaws.com/secure.notion-static.com/a5b3f5cc-db74-4083-b577-e1134368e105/test_image2.gif"]],"is_cover_block":true},"format":{"display_source":"https://s3-us-west-2.amazonaws.com/secure.notion-static.com/a5b3f5cc-db74-4083-b577-e1134368e105/test_image2.gif"},"created_time":1653056442216,"last_edited_time":1653056450909,"parent_id":"ce55ffa9-5b1d-481b-9275-8313c121ab38","parent_table":"block","alive":true,"file_ids":["843060ca-38ee-44c2-a793-6c7454385b6b","a5b3f5cc-db74-4083-b577-e1134368e105"],"created_by_table":"notion_user","created_by_id":"a03b888f-5426-4e4f-b5ef-bed855b162f0","last_edited_by_table":"notion_user","last_edited_by_id":"a03b888f-5426-4e4f-b5ef-bed855b162f0","space_id":"d51d3ca5-7889-4c70-b906-3a5a37b60274"}},"ce55ffa9-5b1d-481b-9275-8313c121ab38":{"role":"editor","value":{"id":"ce55ffa9-5b1d-481b-9275-8313c121ab38","version":22,"type":"page","properties":{"dvuJ":[["b"]],"meta":{"cover_block":{"type":"file","sha256":"7737e10c390e92ff57b4af58f9c7638743d74642f70435b6f04d0b81995a9f99","file_id":"a5b3f5cc-db74-4083-b577-e1134368e105"}},"title":[["a"]]},"content":["c9ccdb42-05a9-42fd-b94d-65f06d93a0e7"],"created_time":1653056436542,"last_edited_time":1653056450230,"parent_id":"9a724b78-ee06-4437-a86d-b10a063f81f6","parent_table":"collection","alive":true,"file_ids":["843060ca-38ee-44c2-a793-6c7454385b6b","a5b3f5cc-db74-4083-b577-e1134368e105"],"created_by_table":"notion_user","created_by_id":"a03b888f-5426-4e4f-b5ef-bed855b162f0","last_edited_by_table":"notion_user","last_edited_by_id":"a03b888f-5426-4e4f-b5ef-bed855b162f0","space_id":"d51d3ca5-7889-4c70-b906-3a5a37b60274"}},"e15de4d2-309d-4102-bf92-9939c9fb1e11":{"role":"editor","value":{"id":"e15de4d2-309d-4102-bf92-9939c9fb1e11","version":13,"type":"collection_view_page","content":["9a724b78-ee06-4437-a86d-b10a063f81f6","3fbab107-8789-4e87-ac18-4b1bcd1fb447"],"view_ids":["3fbab107-8789-4e87-ac18-4b1bcd1fb447"],"format":{"collection_pointer":{"id":"9a724b78-ee06-4437-a86d-b10a063f81f6","table":"collection","spaceId":"d51d3ca5-7889-4c70-b906-3a5a37b60274"}},"permissions":[{"role":"editor","type":"user_permission","user_id":"a03b888f-5426-4e4f-b5ef-bed855b162f0"}],"created_time":1653056426157,"last_edited_time":1653056428027,"parent_id":"d51d3ca5-7889-4c70-b906-3a5a37b60274","parent_table":"space","alive":true,"created_by_table":"notion_user","created_by_id":"a03b888f-5426-4e4f-b5ef-bed855b162f0","last_edited_by_table":"notion_user","last_edited_by_id":"a03b888f-5426-4e4f-b5ef-bed855b162f0","space_id":"d51d3ca5-7889-4c70-b906-3a5a37b60274"}}},"collection":{"9a724b78-ee06-4437-a86d-b10a063f81f6":{"role":"editor","value":{"id":"9a724b78-ee06-4437-a86d-b10a063f81f6","version":2,"name":[["TESTING
        PAGE"]],"schema":{"dvuJ":{"name":"b","type":"text"},"title":{"name":"a","type":"title"}},"parent_id":"e15de4d2-309d-4102-bf92-9939c9fb1e11","parent_table":"block","alive":true,"migrated":true,"space_id":"d51d3ca5-7889-4c70-b906-3a5a37b60274"}}},"space":{"d51d3ca5-7889-4c70-b906-3a5a37b60274":{"role":"editor","value":{"id":"d51d3ca5-7889-4c70-b906-3a5a37b60274","version":4406,"name":"test_py","permissions":[{"role":"editor","type":"user_permission","user_id":"a03b888f-5426-4e4f-b5ef-bed855b162f0"}],"beta_enabled":false,"pages":["e15de4d2-309d-4102-bf92-9939c9fb1e11"],"created_time":1638259881592,"last_edited_time":1652698380000,"created_by_table":"notion_user","created_by_id":"a03b888f-5426-4e4f-b5ef-bed855b162f0","last_edited_by_table":"notion_user","last_edited_by_id":"a03b888f-5426-4e4f-b5ef-bed855b162f0","plan_type":"personal","invite_link_enabled":true}}}}}'
    headers:
      Content-Type:
      - application/json; charset=utf-8
      Transfer-Encoding:
      - chunked
      content-length:
      - '4687'
    status:
      code: 200
      message: OK
- request:
    body: '{"page": {"id": "c9ccdb42-05a9-42fd-b94d-65f06d93a0e7"}, "limit": 100,
      "cursor": {"stack": []}, "chunkNumber": 0, "verticalColumns": false}'
    headers:
      Content-Length:
      - '139'
      content-type:
      - application/json
      cookie:
      - PRIVATE
      x-notion-active-user-header:
      - a03b888f-5426-4e4f-b5ef-bed855b162f0
    method: POST
    uri: https://www.notion.so/api/v3/loadPageChunk
  response:
    body:
      string: '{"cursor":{"stack":[]},"recordMap":{"block":{"c9ccdb42-05a9-42fd-b94d-65f06d93a0e7":{"role":"editor","value":{"id":"c9ccdb42-05a9-42fd-b94d-65f06d93a0e7","version":21,"type":"image","properties":{"source":[["https://s3-us-west-2.amazonaws.com/secure.notion-static.com/a5b3f5cc-db74-4083-b577-e1134368e105/test_image2.gif"]],"is_cover_block":true},"format":{"display_source":"https://s3-us-west-2.amazonaws.com/secure.notion-static.com/a5b3f5cc-db74-4083-b577-e1134368e105/test_image2.gif"},"created_time":1653056442216,"last_edited_time":1653056450909,"parent_id":"ce55ffa9-5b1d-481b-9275-8313c121ab38","parent_table":"block","alive":true,"file_ids":["843060ca-38ee-44c2-a793-6c7454385b6b","a5b3f5cc-db74-4083-b577-e1134368e105"],"created_by_table":"notion_user","created_by_id":"a03b888f-5426-4e4f-b5ef-bed855b162f0","last_edited_by_table":"notion_user","last_edited_by_id":"a03b888f-5426-4e4f-b5ef-bed855b162f0","space_id":"d51d3ca5-7889-4c70-b906-3a5a37b60274"}},"ce55ffa9-5b1d-481b-9275-8313c121ab38":{"role":"editor","value":{"id":"ce55ffa9-5b1d-481b-9275-8313c121ab38","version":22,"type":"page","properties":{"dvuJ":[["b"]],"meta":{"cover_block":{"type":"file","sha256":"7737e10c390e92ff57b4af58f9c7638743d74642f70435b6f04d0b81995a9f99","file_id":"a5b3f5cc-db74-4083-b577-e1134368e105"}},"title":[["a"]]},"content":["c9ccdb42-05a9-42fd-b94d-65f06d93a0e7"],"created_time":1653056436542,"last_edited_time":1653056450230,"parent_id":"9a724b78-ee06-4437-a86d-b10a063f81f6","parent_table":"collection","alive":true,"file_ids":["843060ca-38ee-44c2-a793-6c7454385b6b","a5b3f5cc-db74-4083-b577-e1134368e105"],"created_by_table":"notion_user","created_by_id":"a03b888f-5426-4e4f-b5ef-bed855b162f0","last_edited_by_table":"notion_user","last_edited_by_id":"a03b888f-5426-4e4f-b5ef-bed855b162f0","space_id":"d51d3ca5-7889-4c70-b906-3a5a37b60274"}},"e15de4d2-309d-4102-bf92-9939c9fb1e11":{"role":"editor","value":{"id":"e15de4d2-309d-4102-bf92-9939c9fb1e11","version":13,"type":"collection_view_page","content":["9a724b78-ee06-4437-a86d-b10a063f81f6","3fbab107-8789-4e87-ac18-4b1bcd1fb447"],"view_ids":["3fbab107-8789-4e87-ac18-4b1bcd1fb447"],"format":{"collection_pointer":{"id":"9a724b78-ee06-4437-a86d-b10a063f81f6","table":"collection","spaceId":"d51d3ca5-7889-4c70-b906-3a5a37b60274"}},"permissions":[{"role":"editor","type":"user_permission","user_id":"a03b888f-5426-4e4f-b5ef-bed855b162f0"}],"created_time":1653056426157,"last_edited_time":1653056428027,"parent_id":"d51d3ca5-7889-4c70-b906-3a5a37b60274","parent_table":"space","alive":true,"created_by_table":"notion_user","created_by_id":"a03b888f-5426-4e4f-b5ef-bed855b162f0","last_edited_by_table":"notion_user","last_edited_by_id":"a03b888f-5426-4e4f-b5ef-bed855b162f0","space_id":"d51d3ca5-7889-4c70-b906-3a5a37b60274"}}},"collection":{"9a724b78-ee06-4437-a86d-b10a063f81f6":{"role":"editor","value":{"id":"9a724b78-ee06-4437-a86d-b10a063f81f6","version":2,"name":[["TESTING
        PAGE"]],"schema":{"dvuJ":{"name":"b","type":"text"},"title":{"name":"a","type":"title"}},"parent_id":"e15de4d2-309d-4102-bf92-9939c9fb1e11","parent_table":"block","alive":true,"migrated":true,"space_id":"d51d3ca5-7889-4c70-b906-3a5a37b60274"}}},"space":{"d51d3ca5-7889-4c70-b906-3a5a37b60274":{"role":"editor","value":{"id":"d51d3ca5-7889-4c70-b906-3a5a37b60274","version":4406,"name":"test_py","permissions":[{"role":"editor","type":"user_permission","user_id":"a03b888f-5426-4e4f-b5ef-bed855b162f0"}],"beta_enabled":false,"pages":["e15de4d2-309d-4102-bf92-9939c9fb1e11"],"created_time":1638259881592,"last_edited_time":1652698380000,"created_by_table":"notion_user","created_by_id":"a03b888f-5426-4e4f-b5ef-bed855b162f0","last_edited_by_table":"notion_user","last_edited_by_id":"a03b888f-5426-4e4f-b5ef-bed855b162f0","plan_type":"personal","invite_link_enabled":true}}},"collection_view":{"3fbab107-8789-4e87-ac18-4b1bcd1fb447":{"role":"editor","value":{"id":"3fbab107-8789-4e87-ac18-4b1bcd1fb447","version":4,"type":"table","format":{"table_properties":[{"visible":true,"property":"title"},{"visible":true,"property":"dvuJ"}]},"parent_id":"e15de4d2-309d-4102-bf92-9939c9fb1e11","parent_table":"block","alive":true,"page_sort":["ce55ffa9-5b1d-481b-9275-8313c121ab38"],"space_id":"d51d3ca5-7889-4c70-b906-3a5a37b60274","created_time":1653056427258,"created_by_table":"notion_user","created_by_id":"a03b888f-5426-4e4f-b5ef-bed855b162f0"}}}}}'
    headers:
      Content-Type:
      - application/json; charset=utf-8
      Transfer-Encoding:
      - chunked
      content-length:
      - '4374'
    status:
      code: 200
      message: OK
- request:
    body: '{"collection": {"id": "9a724b78-ee06-4437-a86d-b10a063f81f6", "spaceId":
      "d51d3ca5-7889-4c70-b906-3a5a37b60274"}, "collectionView": {"id": "3fbab107-8789-4e87-ac18-4b1bcd1fb447",
      "spaceId": "d51d3ca5-7889-4c70-b906-3a5a37b60274"}, "loader": {"reducers": {"table:uncategorized:title:count":
      {"aggregation": {"aggregator": "count", "property": "title"}, "type": "aggregation"}},
      "searchQuery": "", "sort": [], "userTimeZone": "Asia/Tashkent", "type": "reducer"}}'
    headers:
      Content-Length:
      - '460'
      content-type:
      - application/json
      cookie:
      - PRIVATE
      x-notion-active-user-header:
      - a03b888f-5426-4e4f-b5ef-bed855b162f0
    method: POST
    uri: https://www.notion.so/api/v3/queryCollection
  response:
    body:
      string: '{"result":{"type":"reducer","reducerResults":{"table:uncategorized:title:count":{"type":"aggregation","aggregationResult":{"type":"number","value":1}}}},"recordMap":{}}'
    headers:
      Content-Type:
      - application/json; charset=utf-8
      Transfer-Encoding:
      - chunked
      content-encoding:
      - undefined
    status:
      code: 200
      message: OK
- request:
    body: '{"collection": {"id": "9a724b78-ee06-4437-a86d-b10a063f81f6", "spaceId":
      "d51d3ca5-7889-4c70-b906-3a5a37b60274"}, "collectionView": {"id": "3fbab107-8789-4e87-ac18-4b1bcd1fb447",
      "spaceId": "d51d3ca5-7889-4c70-b906-3a5a37b60274"}, "loader": {"reducers": {"collection_group_results":
      {"limit": 1, "type": "results"}}, "searchQuery": "", "sort": [], "userTimeZone":
      "Asia/Tashkent", "type": "reducer"}}'
    headers:
      Content-Length:
      - '400'
      content-type:
      - application/json
      cookie:
      - PRIVATE
      x-notion-active-user-header:
      - a03b888f-5426-4e4f-b5ef-bed855b162f0
    method: POST
    uri: https://www.notion.so/api/v3/queryCollection
  response:
    body:
      string: '{"result":{"type":"reducer","reducerResults":{"collection_group_results":{"type":"results","blockIds":["ce55ffa9-5b1d-481b-9275-8313c121ab38"],"hasMore":false}}},"recordMap":{"block":{"ce55ffa9-5b1d-481b-9275-8313c121ab38":{"role":"editor","value":{"id":"ce55ffa9-5b1d-481b-9275-8313c121ab38","version":22,"type":"page","properties":{"dvuJ":[["b"]],"meta":{"cover_block":{"type":"file","sha256":"7737e10c390e92ff57b4af58f9c7638743d74642f70435b6f04d0b81995a9f99","file_id":"a5b3f5cc-db74-4083-b577-e1134368e105"}},"title":[["a"]]},"content":["c9ccdb42-05a9-42fd-b94d-65f06d93a0e7"],"created_time":1653056436542,"last_edited_time":1653056450230,"parent_id":"9a724b78-ee06-4437-a86d-b10a063f81f6","parent_table":"collection","alive":true,"file_ids":["843060ca-38ee-44c2-a793-6c7454385b6b","a5b3f5cc-db74-4083-b577-e1134368e105"],"created_by_table":"notion_user","created_by_id":"a03b888f-5426-4e4f-b5ef-bed855b162f0","last_edited_by_table":"notion_user","last_edited_by_id":"a03b888f-5426-4e4f-b5ef-bed855b162f0","space_id":"d51d3ca5-7889-4c70-b906-3a5a37b60274"}},"e15de4d2-309d-4102-bf92-9939c9fb1e11":{"role":"editor","value":{"id":"e15de4d2-309d-4102-bf92-9939c9fb1e11","version":13,"type":"collection_view_page","content":["9a724b78-ee06-4437-a86d-b10a063f81f6","3fbab107-8789-4e87-ac18-4b1bcd1fb447"],"view_ids":["3fbab107-8789-4e87-ac18-4b1bcd1fb447"],"format":{"collection_pointer":{"id":"9a724b78-ee06-4437-a86d-b10a063f81f6","table":"collection","spaceId":"d51d3ca5-7889-4c70-b906-3a5a37b60274"}},"permissions":[{"role":"editor","type":"user_permission","user_id":"a03b888f-5426-4e4f-b5ef-bed855b162f0"}],"created_time":1653056426157,"last_edited_time":1653056428027,"parent_id":"d51d3ca5-7889-4c70-b906-3a5a37b60274","parent_table":"space","alive":true,"created_by_table":"notion_user","created_by_id":"a03b888f-5426-4e4f-b5ef-bed855b162f0","last_edited_by_table":"notion_user","last_edited_by_id":"a03b888f-5426-4e4f-b5ef-bed855b162f0","space_id":"d51d3ca5-7889-4c70-b906-3a5a37b60274"}}},"collection":{"9a724b78-ee06-4437-a86d-b10a063f81f6":{"role":"editor","value":{"id":"9a724b78-ee06-4437-a86d-b10a063f81f6","version":2,"name":[["TESTING
        PAGE"]],"schema":{"dvuJ":{"name":"b","type":"text"},"title":{"name":"a","type":"title"}},"parent_id":"e15de4d2-309d-4102-bf92-9939c9fb1e11","parent_table":"block","alive":true,"migrated":true,"space_id":"d51d3ca5-7889-4c70-b906-3a5a37b60274"}}},"space":{"d51d3ca5-7889-4c70-b906-3a5a37b60274":{"role":"editor","value":{"id":"d51d3ca5-7889-4c70-b906-3a5a37b60274","version":4406,"name":"test_py","permissions":[{"role":"editor","type":"user_permission","user_id":"a03b888f-5426-4e4f-b5ef-bed855b162f0"}],"beta_enabled":false,"pages":["e15de4d2-309d-4102-bf92-9939c9fb1e11"],"created_time":1638259881592,"last_edited_time":1652698380000,"created_by_table":"notion_user","created_by_id":"a03b888f-5426-4e4f-b5ef-bed855b162f0","last_edited_by_table":"notion_user","last_edited_by_id":"a03b888f-5426-4e4f-b5ef-bed855b162f0","plan_type":"personal","invite_link_enabled":true}}}}}'
    headers:
      Content-Type:
      - application/json; charset=utf-8
      Transfer-Encoding:
      - chunked
      content-length:
      - '3024'
    status:
      code: 200
      message: OK
- request:
    body: '{"collection": {"id": "9a724b78-ee06-4437-a86d-b10a063f81f6", "spaceId":
      "d51d3ca5-7889-4c70-b906-3a5a37b60274"}, "collectionView": {"id": "3fbab107-8789-4e87-ac18-4b1bcd1fb447",
      "spaceId": "d51d3ca5-7889-4c70-b906-3a5a37b60274"}, "loader": {"reducers": {"table:uncategorized:title:count":
      {"aggregation": {"aggregator": "count", "property": "title"}, "type": "aggregation"}},
      "searchQuery": "", "sort": [], "userTimeZone": "Asia/Tashkent", "type": "reducer"}}'
    headers:
      Content-Length:
      - '460'
      content-type:
      - application/json
      cookie:
      - PRIVATE
      x-notion-active-user-header:
      - a03b888f-5426-4e4f-b5ef-bed855b162f0
    method: POST
    uri: https://www.notion.so/api/v3/queryCollection
  response:
    body:
      string: '{"result":{"type":"reducer","reducerResults":{"table:uncategorized:title:count":{"type":"aggregation","aggregationResult":{"type":"number","value":1}}}},"recordMap":{}}'
    headers:
      Content-Type:
      - application/json; charset=utf-8
      Transfer-Encoding:
      - chunked
      content-encoding:
      - undefined
    status:
      code: 200
      message: OK
- request:
    body: '{"collection": {"id": "9a724b78-ee06-4437-a86d-b10a063f81f6", "spaceId":
      "d51d3ca5-7889-4c70-b906-3a5a37b60274"}, "collectionView": {"id": "3fbab107-8789-4e87-ac18-4b1bcd1fb447",
      "spaceId": "d51d3ca5-7889-4c70-b906-3a5a37b60274"}, "loader": {"reducers": {"collection_group_results":
      {"limit": 1, "type": "results"}}, "searchQuery": "", "sort": [], "userTimeZone":
      "Asia/Tashkent", "type": "reducer"}}'
    headers:
      Content-Length:
      - '400'
      content-type:
      - application/json
      cookie:
      - PRIVATE
      x-notion-active-user-header:
      - a03b888f-5426-4e4f-b5ef-bed855b162f0
    method: POST
    uri: https://www.notion.so/api/v3/queryCollection
  response:
    body:
      string: '{"result":{"type":"reducer","reducerResults":{"collection_group_results":{"type":"results","blockIds":["ce55ffa9-5b1d-481b-9275-8313c121ab38"],"hasMore":false}}},"recordMap":{"block":{"ce55ffa9-5b1d-481b-9275-8313c121ab38":{"role":"editor","value":{"id":"ce55ffa9-5b1d-481b-9275-8313c121ab38","version":22,"type":"page","properties":{"dvuJ":[["b"]],"meta":{"cover_block":{"type":"file","sha256":"7737e10c390e92ff57b4af58f9c7638743d74642f70435b6f04d0b81995a9f99","file_id":"a5b3f5cc-db74-4083-b577-e1134368e105"}},"title":[["a"]]},"content":["c9ccdb42-05a9-42fd-b94d-65f06d93a0e7"],"created_time":1653056436542,"last_edited_time":1653056450230,"parent_id":"9a724b78-ee06-4437-a86d-b10a063f81f6","parent_table":"collection","alive":true,"file_ids":["843060ca-38ee-44c2-a793-6c7454385b6b","a5b3f5cc-db74-4083-b577-e1134368e105"],"created_by_table":"notion_user","created_by_id":"a03b888f-5426-4e4f-b5ef-bed855b162f0","last_edited_by_table":"notion_user","last_edited_by_id":"a03b888f-5426-4e4f-b5ef-bed855b162f0","space_id":"d51d3ca5-7889-4c70-b906-3a5a37b60274"}},"e15de4d2-309d-4102-bf92-9939c9fb1e11":{"role":"editor","value":{"id":"e15de4d2-309d-4102-bf92-9939c9fb1e11","version":13,"type":"collection_view_page","content":["9a724b78-ee06-4437-a86d-b10a063f81f6","3fbab107-8789-4e87-ac18-4b1bcd1fb447"],"view_ids":["3fbab107-8789-4e87-ac18-4b1bcd1fb447"],"format":{"collection_pointer":{"id":"9a724b78-ee06-4437-a86d-b10a063f81f6","table":"collection","spaceId":"d51d3ca5-7889-4c70-b906-3a5a37b60274"}},"permissions":[{"role":"editor","type":"user_permission","user_id":"a03b888f-5426-4e4f-b5ef-bed855b162f0"}],"created_time":1653056426157,"last_edited_time":1653056428027,"parent_id":"d51d3ca5-7889-4c70-b906-3a5a37b60274","parent_table":"space","alive":true,"created_by_table":"notion_user","created_by_id":"a03b888f-5426-4e4f-b5ef-bed855b162f0","last_edited_by_table":"notion_user","last_edited_by_id":"a03b888f-5426-4e4f-b5ef-bed855b162f0","space_id":"d51d3ca5-7889-4c70-b906-3a5a37b60274"}}},"collection":{"9a724b78-ee06-4437-a86d-b10a063f81f6":{"role":"editor","value":{"id":"9a724b78-ee06-4437-a86d-b10a063f81f6","version":2,"name":[["TESTING
        PAGE"]],"schema":{"dvuJ":{"name":"b","type":"text"},"title":{"name":"a","type":"title"}},"parent_id":"e15de4d2-309d-4102-bf92-9939c9fb1e11","parent_table":"block","alive":true,"migrated":true,"space_id":"d51d3ca5-7889-4c70-b906-3a5a37b60274"}}},"space":{"d51d3ca5-7889-4c70-b906-3a5a37b60274":{"role":"editor","value":{"id":"d51d3ca5-7889-4c70-b906-3a5a37b60274","version":4406,"name":"test_py","permissions":[{"role":"editor","type":"user_permission","user_id":"a03b888f-5426-4e4f-b5ef-bed855b162f0"}],"beta_enabled":false,"pages":["e15de4d2-309d-4102-bf92-9939c9fb1e11"],"created_time":1638259881592,"last_edited_time":1652698380000,"created_by_table":"notion_user","created_by_id":"a03b888f-5426-4e4f-b5ef-bed855b162f0","last_edited_by_table":"notion_user","last_edited_by_id":"a03b888f-5426-4e4f-b5ef-bed855b162f0","plan_type":"personal","invite_link_enabled":true}}}}}'
    headers:
      Content-Type:
      - application/json; charset=utf-8
      Transfer-Encoding:
      - chunked
      content-length:
      - '3024'
    status:
      code: 200
      message: OK
- request:
    body: '{"collection": {"id": "9a724b78-ee06-4437-a86d-b10a063f81f6", "spaceId":
      "d51d3ca5-7889-4c70-b906-3a5a37b60274"}, "collectionView": {"id": "3fbab107-8789-4e87-ac18-4b1bcd1fb447",
      "spaceId": "d51d3ca5-7889-4c70-b906-3a5a37b60274"}, "loader": {"reducers": {"table:uncategorized:title:count":
      {"aggregation": {"aggregator": "count", "property": "title"}, "type": "aggregation"}},
      "searchQuery": "", "sort": [], "userTimeZone": "Asia/Tashkent", "type": "reducer"}}'
    headers:
      Content-Length:
      - '460'
      content-type:
      - application/json
      cookie:
      - PRIVATE
      x-notion-active-user-header:
      - a03b888f-5426-4e4f-b5ef-bed855b162f0
    method: POST
    uri: https://www.notion.so/api/v3/queryCollection
  response:
    body:
      string: '{"result":{"type":"reducer","reducerResults":{"table:uncategorized:title:count":{"type":"aggregation","aggregationResult":{"type":"number","value":1}}}},"recordMap":{}}'
    headers:
      Content-Type:
      - application/json; charset=utf-8
      Transfer-Encoding:
      - chunked
      content-encoding:
      - undefined
    status:
      code: 200
      message: OK
- request:
    body: '{"collection": {"id": "9a724b78-ee06-4437-a86d-b10a063f81f6", "spaceId":
      "d51d3ca5-7889-4c70-b906-3a5a37b60274"}, "collectionView": {"id": "3fbab107-8789-4e87-ac18-4b1bcd1fb447",
      "spaceId": "d51d3ca5-7889-4c70-b906-3a5a37b60274"}, "loader": {"reducers": {"collection_group_results":
      {"limit": 1, "type": "results"}}, "searchQuery": "", "sort": [], "userTimeZone":
      "Asia/Tashkent", "type": "reducer"}}'
    headers:
      Content-Length:
      - '400'
      content-type:
      - application/json
      cookie:
      - PRIVATE
      x-notion-active-user-header:
      - a03b888f-5426-4e4f-b5ef-bed855b162f0
    method: POST
    uri: https://www.notion.so/api/v3/queryCollection
  response:
    body:
      string: '{"result":{"type":"reducer","reducerResults":{"collection_group_results":{"type":"results","blockIds":["ce55ffa9-5b1d-481b-9275-8313c121ab38"],"hasMore":false}}},"recordMap":{"block":{"ce55ffa9-5b1d-481b-9275-8313c121ab38":{"role":"editor","value":{"id":"ce55ffa9-5b1d-481b-9275-8313c121ab38","version":22,"type":"page","properties":{"dvuJ":[["b"]],"meta":{"cover_block":{"type":"file","sha256":"7737e10c390e92ff57b4af58f9c7638743d74642f70435b6f04d0b81995a9f99","file_id":"a5b3f5cc-db74-4083-b577-e1134368e105"}},"title":[["a"]]},"content":["c9ccdb42-05a9-42fd-b94d-65f06d93a0e7"],"created_time":1653056436542,"last_edited_time":1653056450230,"parent_id":"9a724b78-ee06-4437-a86d-b10a063f81f6","parent_table":"collection","alive":true,"file_ids":["843060ca-38ee-44c2-a793-6c7454385b6b","a5b3f5cc-db74-4083-b577-e1134368e105"],"created_by_table":"notion_user","created_by_id":"a03b888f-5426-4e4f-b5ef-bed855b162f0","last_edited_by_table":"notion_user","last_edited_by_id":"a03b888f-5426-4e4f-b5ef-bed855b162f0","space_id":"d51d3ca5-7889-4c70-b906-3a5a37b60274"}},"e15de4d2-309d-4102-bf92-9939c9fb1e11":{"role":"editor","value":{"id":"e15de4d2-309d-4102-bf92-9939c9fb1e11","version":13,"type":"collection_view_page","content":["9a724b78-ee06-4437-a86d-b10a063f81f6","3fbab107-8789-4e87-ac18-4b1bcd1fb447"],"view_ids":["3fbab107-8789-4e87-ac18-4b1bcd1fb447"],"format":{"collection_pointer":{"id":"9a724b78-ee06-4437-a86d-b10a063f81f6","table":"collection","spaceId":"d51d3ca5-7889-4c70-b906-3a5a37b60274"}},"permissions":[{"role":"editor","type":"user_permission","user_id":"a03b888f-5426-4e4f-b5ef-bed855b162f0"}],"created_time":1653056426157,"last_edited_time":1653056428027,"parent_id":"d51d3ca5-7889-4c70-b906-3a5a37b60274","parent_table":"space","alive":true,"created_by_table":"notion_user","created_by_id":"a03b888f-5426-4e4f-b5ef-bed855b162f0","last_edited_by_table":"notion_user","last_edited_by_id":"a03b888f-5426-4e4f-b5ef-bed855b162f0","space_id":"d51d3ca5-7889-4c70-b906-3a5a37b60274"}}},"collection":{"9a724b78-ee06-4437-a86d-b10a063f81f6":{"role":"editor","value":{"id":"9a724b78-ee06-4437-a86d-b10a063f81f6","version":2,"name":[["TESTING
        PAGE"]],"schema":{"dvuJ":{"name":"b","type":"text"},"title":{"name":"a","type":"title"}},"parent_id":"e15de4d2-309d-4102-bf92-9939c9fb1e11","parent_table":"block","alive":true,"migrated":true,"space_id":"d51d3ca5-7889-4c70-b906-3a5a37b60274"}}},"space":{"d51d3ca5-7889-4c70-b906-3a5a37b60274":{"role":"editor","value":{"id":"d51d3ca5-7889-4c70-b906-3a5a37b60274","version":4406,"name":"test_py","permissions":[{"role":"editor","type":"user_permission","user_id":"a03b888f-5426-4e4f-b5ef-bed855b162f0"}],"beta_enabled":false,"pages":["e15de4d2-309d-4102-bf92-9939c9fb1e11"],"created_time":1638259881592,"last_edited_time":1652698380000,"created_by_table":"notion_user","created_by_id":"a03b888f-5426-4e4f-b5ef-bed855b162f0","last_edited_by_table":"notion_user","last_edited_by_id":"a03b888f-5426-4e4f-b5ef-bed855b162f0","plan_type":"personal","invite_link_enabled":true}}}}}'
    headers:
      Content-Type:
      - application/json; charset=utf-8
      Transfer-Encoding:
      - chunked
      content-length:
      - '3024'
    status:
      code: 200
      message: OK
- request:
    body: '{"collection": {"id": "9a724b78-ee06-4437-a86d-b10a063f81f6", "spaceId":
      "d51d3ca5-7889-4c70-b906-3a5a37b60274"}, "collectionView": {"id": "3fbab107-8789-4e87-ac18-4b1bcd1fb447",
      "spaceId": "d51d3ca5-7889-4c70-b906-3a5a37b60274"}, "loader": {"reducers": {"table:uncategorized:title:count":
      {"aggregation": {"aggregator": "count", "property": "title"}, "type": "aggregation"}},
      "searchQuery": "", "sort": [], "userTimeZone": "Asia/Tashkent", "type": "reducer"}}'
    headers:
      Content-Length:
      - '460'
      content-type:
      - application/json
      cookie:
      - PRIVATE
      x-notion-active-user-header:
      - a03b888f-5426-4e4f-b5ef-bed855b162f0
    method: POST
    uri: https://www.notion.so/api/v3/queryCollection
  response:
    body:
      string: '{"result":{"type":"reducer","reducerResults":{"table:uncategorized:title:count":{"type":"aggregation","aggregationResult":{"type":"number","value":1}}}},"recordMap":{}}'
    headers:
      Content-Type:
      - application/json; charset=utf-8
      Transfer-Encoding:
      - chunked
      content-encoding:
      - undefined
    status:
      code: 200
      message: OK
- request:
    body: '{"collection": {"id": "9a724b78-ee06-4437-a86d-b10a063f81f6", "spaceId":
      "d51d3ca5-7889-4c70-b906-3a5a37b60274"}, "collectionView": {"id": "3fbab107-8789-4e87-ac18-4b1bcd1fb447",
      "spaceId": "d51d3ca5-7889-4c70-b906-3a5a37b60274"}, "loader": {"reducers": {"collection_group_results":
      {"limit": 1, "type": "results"}}, "searchQuery": "", "sort": [], "userTimeZone":
      "Asia/Tashkent", "type": "reducer"}}'
    headers:
      Content-Length:
      - '400'
      content-type:
      - application/json
      cookie:
      - PRIVATE
      x-notion-active-user-header:
      - a03b888f-5426-4e4f-b5ef-bed855b162f0
    method: POST
    uri: https://www.notion.so/api/v3/queryCollection
  response:
    body:
      string: '{"result":{"type":"reducer","reducerResults":{"collection_group_results":{"type":"results","blockIds":["ce55ffa9-5b1d-481b-9275-8313c121ab38"],"hasMore":false}}},"recordMap":{"block":{"ce55ffa9-5b1d-481b-9275-8313c121ab38":{"role":"editor","value":{"id":"ce55ffa9-5b1d-481b-9275-8313c121ab38","version":22,"type":"page","properties":{"dvuJ":[["b"]],"meta":{"cover_block":{"type":"file","sha256":"7737e10c390e92ff57b4af58f9c7638743d74642f70435b6f04d0b81995a9f99","file_id":"a5b3f5cc-db74-4083-b577-e1134368e105"}},"title":[["a"]]},"content":["c9ccdb42-05a9-42fd-b94d-65f06d93a0e7"],"created_time":1653056436542,"last_edited_time":1653056450230,"parent_id":"9a724b78-ee06-4437-a86d-b10a063f81f6","parent_table":"collection","alive":true,"file_ids":["843060ca-38ee-44c2-a793-6c7454385b6b","a5b3f5cc-db74-4083-b577-e1134368e105"],"created_by_table":"notion_user","created_by_id":"a03b888f-5426-4e4f-b5ef-bed855b162f0","last_edited_by_table":"notion_user","last_edited_by_id":"a03b888f-5426-4e4f-b5ef-bed855b162f0","space_id":"d51d3ca5-7889-4c70-b906-3a5a37b60274"}},"e15de4d2-309d-4102-bf92-9939c9fb1e11":{"role":"editor","value":{"id":"e15de4d2-309d-4102-bf92-9939c9fb1e11","version":13,"type":"collection_view_page","content":["9a724b78-ee06-4437-a86d-b10a063f81f6","3fbab107-8789-4e87-ac18-4b1bcd1fb447"],"view_ids":["3fbab107-8789-4e87-ac18-4b1bcd1fb447"],"format":{"collection_pointer":{"id":"9a724b78-ee06-4437-a86d-b10a063f81f6","table":"collection","spaceId":"d51d3ca5-7889-4c70-b906-3a5a37b60274"}},"permissions":[{"role":"editor","type":"user_permission","user_id":"a03b888f-5426-4e4f-b5ef-bed855b162f0"}],"created_time":1653056426157,"last_edited_time":1653056428027,"parent_id":"d51d3ca5-7889-4c70-b906-3a5a37b60274","parent_table":"space","alive":true,"created_by_table":"notion_user","created_by_id":"a03b888f-5426-4e4f-b5ef-bed855b162f0","last_edited_by_table":"notion_user","last_edited_by_id":"a03b888f-5426-4e4f-b5ef-bed855b162f0","space_id":"d51d3ca5-7889-4c70-b906-3a5a37b60274"}}},"collection":{"9a724b78-ee06-4437-a86d-b10a063f81f6":{"role":"editor","value":{"id":"9a724b78-ee06-4437-a86d-b10a063f81f6","version":2,"name":[["TESTING
        PAGE"]],"schema":{"dvuJ":{"name":"b","type":"text"},"title":{"name":"a","type":"title"}},"parent_id":"e15de4d2-309d-4102-bf92-9939c9fb1e11","parent_table":"block","alive":true,"migrated":true,"space_id":"d51d3ca5-7889-4c70-b906-3a5a37b60274"}}},"space":{"d51d3ca5-7889-4c70-b906-3a5a37b60274":{"role":"editor","value":{"id":"d51d3ca5-7889-4c70-b906-3a5a37b60274","version":4406,"name":"test_py","permissions":[{"role":"editor","type":"user_permission","user_id":"a03b888f-5426-4e4f-b5ef-bed855b162f0"}],"beta_enabled":false,"pages":["e15de4d2-309d-4102-bf92-9939c9fb1e11"],"created_time":1638259881592,"last_edited_time":1652698380000,"created_by_table":"notion_user","created_by_id":"a03b888f-5426-4e4f-b5ef-bed855b162f0","last_edited_by_table":"notion_user","last_edited_by_id":"a03b888f-5426-4e4f-b5ef-bed855b162f0","plan_type":"personal","invite_link_enabled":true}}}}}'
    headers:
      Content-Type:
      - application/json; charset=utf-8
      Transfer-Encoding:
      - chunked
      content-length:
      - '3024'
    status:
      code: 200
      message: OK
- request:
    body: '{"requests": [{"table": "block", "id": "c9ccdb42-05a9-42fd-b94d-65f06d93a0e7"}]}'
    headers:
      Content-Length:
      - '80'
      content-type:
      - application/json
      cookie:
      - PRIVATE
      x-notion-active-user-header:
      - a03b888f-5426-4e4f-b5ef-bed855b162f0
    method: POST
    uri: https://www.notion.so/api/v3/getRecordValues
  response:
    body:
      string: '{"results":[{"role":"editor","value":{"id":"c9ccdb42-05a9-42fd-b94d-65f06d93a0e7","version":21,"type":"image","properties":{"source":[["https://s3-us-west-2.amazonaws.com/secure.notion-static.com/a5b3f5cc-db74-4083-b577-e1134368e105/test_image2.gif"]],"is_cover_block":true},"format":{"display_source":"https://s3-us-west-2.amazonaws.com/secure.notion-static.com/a5b3f5cc-db74-4083-b577-e1134368e105/test_image2.gif"},"created_time":1653056442216,"last_edited_time":1653056450909,"parent_id":"ce55ffa9-5b1d-481b-9275-8313c121ab38","parent_table":"block","alive":true,"file_ids":["843060ca-38ee-44c2-a793-6c7454385b6b","a5b3f5cc-db74-4083-b577-e1134368e105"],"created_by_table":"notion_user","created_by_id":"a03b888f-5426-4e4f-b5ef-bed855b162f0","last_edited_by_table":"notion_user","last_edited_by_id":"a03b888f-5426-4e4f-b5ef-bed855b162f0","space_id":"d51d3ca5-7889-4c70-b906-3a5a37b60274"}}],"recordMapWithRoles":{"block":{"c9ccdb42-05a9-42fd-b94d-65f06d93a0e7":{"role":"editor","value":{"id":"c9ccdb42-05a9-42fd-b94d-65f06d93a0e7","version":21,"type":"image","properties":{"source":[["https://s3-us-west-2.amazonaws.com/secure.notion-static.com/a5b3f5cc-db74-4083-b577-e1134368e105/test_image2.gif"]],"is_cover_block":true},"format":{"display_source":"https://s3-us-west-2.amazonaws.com/secure.notion-static.com/a5b3f5cc-db74-4083-b577-e1134368e105/test_image2.gif"},"created_time":1653056442216,"last_edited_time":1653056450909,"parent_id":"ce55ffa9-5b1d-481b-9275-8313c121ab38","parent_table":"block","alive":true,"file_ids":["843060ca-38ee-44c2-a793-6c7454385b6b","a5b3f5cc-db74-4083-b577-e1134368e105"],"created_by_table":"notion_user","created_by_id":"a03b888f-5426-4e4f-b5ef-bed855b162f0","last_edited_by_table":"notion_user","last_edited_by_id":"a03b888f-5426-4e4f-b5ef-bed855b162f0","space_id":"d51d3ca5-7889-4c70-b906-3a5a37b60274"}},"ce55ffa9-5b1d-481b-9275-8313c121ab38":{"role":"editor","value":{"id":"ce55ffa9-5b1d-481b-9275-8313c121ab38","version":22,"type":"page","properties":{"dvuJ":[["b"]],"meta":{"cover_block":{"type":"file","sha256":"7737e10c390e92ff57b4af58f9c7638743d74642f70435b6f04d0b81995a9f99","file_id":"a5b3f5cc-db74-4083-b577-e1134368e105"}},"title":[["a"]]},"content":["c9ccdb42-05a9-42fd-b94d-65f06d93a0e7"],"created_time":1653056436542,"last_edited_time":1653056450230,"parent_id":"9a724b78-ee06-4437-a86d-b10a063f81f6","parent_table":"collection","alive":true,"file_ids":["843060ca-38ee-44c2-a793-6c7454385b6b","a5b3f5cc-db74-4083-b577-e1134368e105"],"created_by_table":"notion_user","created_by_id":"a03b888f-5426-4e4f-b5ef-bed855b162f0","last_edited_by_table":"notion_user","last_edited_by_id":"a03b888f-5426-4e4f-b5ef-bed855b162f0","space_id":"d51d3ca5-7889-4c70-b906-3a5a37b60274"}},"e15de4d2-309d-4102-bf92-9939c9fb1e11":{"role":"editor","value":{"id":"e15de4d2-309d-4102-bf92-9939c9fb1e11","version":13,"type":"collection_view_page","content":["9a724b78-ee06-4437-a86d-b10a063f81f6","3fbab107-8789-4e87-ac18-4b1bcd1fb447"],"view_ids":["3fbab107-8789-4e87-ac18-4b1bcd1fb447"],"format":{"collection_pointer":{"id":"9a724b78-ee06-4437-a86d-b10a063f81f6","table":"collection","spaceId":"d51d3ca5-7889-4c70-b906-3a5a37b60274"}},"permissions":[{"role":"editor","type":"user_permission","user_id":"a03b888f-5426-4e4f-b5ef-bed855b162f0"}],"created_time":1653056426157,"last_edited_time":1653056428027,"parent_id":"d51d3ca5-7889-4c70-b906-3a5a37b60274","parent_table":"space","alive":true,"created_by_table":"notion_user","created_by_id":"a03b888f-5426-4e4f-b5ef-bed855b162f0","last_edited_by_table":"notion_user","last_edited_by_id":"a03b888f-5426-4e4f-b5ef-bed855b162f0","space_id":"d51d3ca5-7889-4c70-b906-3a5a37b60274"}}},"collection":{"9a724b78-ee06-4437-a86d-b10a063f81f6":{"role":"editor","value":{"id":"9a724b78-ee06-4437-a86d-b10a063f81f6","version":2,"name":[["TESTING
        PAGE"]],"schema":{"dvuJ":{"name":"b","type":"text"},"title":{"name":"a","type":"title"}},"parent_id":"e15de4d2-309d-4102-bf92-9939c9fb1e11","parent_table":"block","alive":true,"migrated":true,"space_id":"d51d3ca5-7889-4c70-b906-3a5a37b60274"}}},"space":{"d51d3ca5-7889-4c70-b906-3a5a37b60274":{"role":"editor","value":{"id":"d51d3ca5-7889-4c70-b906-3a5a37b60274","version":4406,"name":"test_py","permissions":[{"role":"editor","type":"user_permission","user_id":"a03b888f-5426-4e4f-b5ef-bed855b162f0"}],"beta_enabled":false,"pages":["e15de4d2-309d-4102-bf92-9939c9fb1e11"],"created_time":1638259881592,"last_edited_time":1652698380000,"created_by_table":"notion_user","created_by_id":"a03b888f-5426-4e4f-b5ef-bed855b162f0","last_edited_by_table":"notion_user","last_edited_by_id":"a03b888f-5426-4e4f-b5ef-bed855b162f0","plan_type":"personal","invite_link_enabled":true}}}}}'
    headers:
      Content-Type:
      - application/json; charset=utf-8
      Transfer-Encoding:
      - chunked
      content-length:
      - '4687'
    status:
      code: 200
      message: OK
- request:
    body: '{"collection": {"id": "9a724b78-ee06-4437-a86d-b10a063f81f6", "spaceId":
      "d51d3ca5-7889-4c70-b906-3a5a37b60274"}, "collectionView": {"id": "3fbab107-8789-4e87-ac18-4b1bcd1fb447",
      "spaceId": "d51d3ca5-7889-4c70-b906-3a5a37b60274"}, "loader": {"reducers": {"table:uncategorized:title:count":
      {"aggregation": {"aggregator": "count", "property": "title"}, "type": "aggregation"}},
      "searchQuery": "", "sort": [], "userTimeZone": "Asia/Tashkent", "type": "reducer"}}'
    headers:
      Content-Length:
      - '460'
      content-type:
      - application/json
      cookie:
      - PRIVATE
      x-notion-active-user-header:
      - a03b888f-5426-4e4f-b5ef-bed855b162f0
    method: POST
    uri: https://www.notion.so/api/v3/queryCollection
  response:
    body:
      string: '{"result":{"type":"reducer","reducerResults":{"table:uncategorized:title:count":{"type":"aggregation","aggregationResult":{"type":"number","value":1}}}},"recordMap":{}}'
    headers:
      Content-Type:
      - application/json; charset=utf-8
      Transfer-Encoding:
      - chunked
      content-encoding:
      - undefined
    status:
      code: 200
      message: OK
- request:
    body: '{"collection": {"id": "9a724b78-ee06-4437-a86d-b10a063f81f6", "spaceId":
      "d51d3ca5-7889-4c70-b906-3a5a37b60274"}, "collectionView": {"id": "3fbab107-8789-4e87-ac18-4b1bcd1fb447",
      "spaceId": "d51d3ca5-7889-4c70-b906-3a5a37b60274"}, "loader": {"reducers": {"collection_group_results":
      {"limit": 1, "type": "results"}}, "searchQuery": "", "sort": [], "userTimeZone":
      "Asia/Tashkent", "type": "reducer"}}'
    headers:
      Content-Length:
      - '400'
      content-type:
      - application/json
      cookie:
      - PRIVATE
      x-notion-active-user-header:
      - a03b888f-5426-4e4f-b5ef-bed855b162f0
    method: POST
    uri: https://www.notion.so/api/v3/queryCollection
  response:
    body:
      string: '{"result":{"type":"reducer","reducerResults":{"collection_group_results":{"type":"results","blockIds":["ce55ffa9-5b1d-481b-9275-8313c121ab38"],"hasMore":false}}},"recordMap":{"block":{"ce55ffa9-5b1d-481b-9275-8313c121ab38":{"role":"editor","value":{"id":"ce55ffa9-5b1d-481b-9275-8313c121ab38","version":22,"type":"page","properties":{"dvuJ":[["b"]],"meta":{"cover_block":{"type":"file","sha256":"7737e10c390e92ff57b4af58f9c7638743d74642f70435b6f04d0b81995a9f99","file_id":"a5b3f5cc-db74-4083-b577-e1134368e105"}},"title":[["a"]]},"content":["c9ccdb42-05a9-42fd-b94d-65f06d93a0e7"],"created_time":1653056436542,"last_edited_time":1653056450230,"parent_id":"9a724b78-ee06-4437-a86d-b10a063f81f6","parent_table":"collection","alive":true,"file_ids":["843060ca-38ee-44c2-a793-6c7454385b6b","a5b3f5cc-db74-4083-b577-e1134368e105"],"created_by_table":"notion_user","created_by_id":"a03b888f-5426-4e4f-b5ef-bed855b162f0","last_edited_by_table":"notion_user","last_edited_by_id":"a03b888f-5426-4e4f-b5ef-bed855b162f0","space_id":"d51d3ca5-7889-4c70-b906-3a5a37b60274"}},"e15de4d2-309d-4102-bf92-9939c9fb1e11":{"role":"editor","value":{"id":"e15de4d2-309d-4102-bf92-9939c9fb1e11","version":13,"type":"collection_view_page","content":["9a724b78-ee06-4437-a86d-b10a063f81f6","3fbab107-8789-4e87-ac18-4b1bcd1fb447"],"view_ids":["3fbab107-8789-4e87-ac18-4b1bcd1fb447"],"format":{"collection_pointer":{"id":"9a724b78-ee06-4437-a86d-b10a063f81f6","table":"collection","spaceId":"d51d3ca5-7889-4c70-b906-3a5a37b60274"}},"permissions":[{"role":"editor","type":"user_permission","user_id":"a03b888f-5426-4e4f-b5ef-bed855b162f0"}],"created_time":1653056426157,"last_edited_time":1653056428027,"parent_id":"d51d3ca5-7889-4c70-b906-3a5a37b60274","parent_table":"space","alive":true,"created_by_table":"notion_user","created_by_id":"a03b888f-5426-4e4f-b5ef-bed855b162f0","last_edited_by_table":"notion_user","last_edited_by_id":"a03b888f-5426-4e4f-b5ef-bed855b162f0","space_id":"d51d3ca5-7889-4c70-b906-3a5a37b60274"}}},"collection":{"9a724b78-ee06-4437-a86d-b10a063f81f6":{"role":"editor","value":{"id":"9a724b78-ee06-4437-a86d-b10a063f81f6","version":2,"name":[["TESTING
        PAGE"]],"schema":{"dvuJ":{"name":"b","type":"text"},"title":{"name":"a","type":"title"}},"parent_id":"e15de4d2-309d-4102-bf92-9939c9fb1e11","parent_table":"block","alive":true,"migrated":true,"space_id":"d51d3ca5-7889-4c70-b906-3a5a37b60274"}}},"space":{"d51d3ca5-7889-4c70-b906-3a5a37b60274":{"role":"editor","value":{"id":"d51d3ca5-7889-4c70-b906-3a5a37b60274","version":4406,"name":"test_py","permissions":[{"role":"editor","type":"user_permission","user_id":"a03b888f-5426-4e4f-b5ef-bed855b162f0"}],"beta_enabled":false,"pages":["e15de4d2-309d-4102-bf92-9939c9fb1e11"],"created_time":1638259881592,"last_edited_time":1652698380000,"created_by_table":"notion_user","created_by_id":"a03b888f-5426-4e4f-b5ef-bed855b162f0","last_edited_by_table":"notion_user","last_edited_by_id":"a03b888f-5426-4e4f-b5ef-bed855b162f0","plan_type":"personal","invite_link_enabled":true}}}}}'
    headers:
      Content-Type:
      - application/json; charset=utf-8
      Transfer-Encoding:
      - chunked
      content-length:
      - '3024'
    status:
      code: 200
      message: OK
- request:
    body: '{"operations": [{"id": "e15de4d2-309d-4102-bf92-9939c9fb1e11", "path":
      [], "args": {"alive": false}, "command": "update", "table": "block"}, {"args":
      {"last_edited_by_id": "a03b888f-5426-4e4f-b5ef-bed855b162f0", "last_edited_by_table":
      "notion_user", "last_edited_time": 1653056460015}, "command": "update", "id":
      "e15de4d2-309d-4102-bf92-9939c9fb1e11", "path": [], "table": "block"}, {"id":
      "d51d3ca5-7889-4c70-b906-3a5a37b60274", "path": ["pages"], "args": {"id": "e15de4d2-309d-4102-bf92-9939c9fb1e11"},
      "command": "listRemove", "table": "space"}, {"args": {"last_edited_by_id": "a03b888f-5426-4e4f-b5ef-bed855b162f0",
      "last_edited_by_table": "notion_user", "last_edited_time": 1653056460016}, "command":
      "update", "id": "e15de4d2-309d-4102-bf92-9939c9fb1e11", "path": [], "table":
      "block"}]}'
    headers:
      Content-Length:
      - '795'
      content-type:
      - application/json
      cookie:
      - PRIVATE
      x-notion-active-user-header:
      - a03b888f-5426-4e4f-b5ef-bed855b162f0
    method: POST
    uri: https://www.notion.so/api/v3/submitTransaction
  response:
    body:
      string: '{}'
    headers:
      Content-Length:
      - '2'
      Content-Type:
      - application/json; charset=utf-8
    status:
      code: 200
      message: OK
- request:
    body: '{"blockIds": ["e15de4d2-309d-4102-bf92-9939c9fb1e11"], "permanentlyDelete":
      true}'
    headers:
      Content-Length:
      - '81'
      content-type:
      - application/json
      cookie:
      - PRIVATE
      x-notion-active-user-header:
      - a03b888f-5426-4e4f-b5ef-bed855b162f0
    method: POST
    uri: https://www.notion.so/api/v3/deleteBlocks
  response:
    body:
      string: '{"recordMap":{}}'
    headers:
      Content-Length:
      - '16'
      Content-Type:
      - application/json; charset=utf-8
    status:
      code: 200
      message: OK
version: 1
