interactions:
- request:
    body: '{}'
    headers:
      Content-Length:
      - '2'
      Content-Type:
      - application/json
      cookie:
      - PRIVATE
    method: POST
    uri: https://www.notion.so/api/v3/loadUserContent
  response:
    body:
      string: '{"recordMap":{"notion_user":{"a03b888f-5426-4e4f-b5ef-bed855b162f0":{"role":"editor","value":{"id":"a03b888f-5426-4e4f-b5ef-bed855b162f0","version":7,"email":"test_py_notion@protonmail.com","onboarding_completed":true,"name":"test_py"}}},"user_root":{"a03b888f-5426-4e4f-b5ef-bed855b162f0":{"role":"editor","value":{"id":"a03b888f-5426-4e4f-b5ef-bed855b162f0","version":3,"space_views":["703440cc-f5cb-4f27-ba54-a9125a58e033"],"space_view_pointers":[{"id":"703440cc-f5cb-4f27-ba54-a9125a58e033","table":"space_view","spaceId":"d51d3ca5-7889-4c70-b906-3a5a37b60274"}]}}},"user_settings":{"a03b888f-5426-4e4f-b5ef-bed855b162f0":{"role":"editor","value":{"id":"a03b888f-5426-4e4f-b5ef-bed855b162f0","version":10,"settings":{"type":"personal","persona":"personal","team_role":"unfilled","time_zone":"Asia/Tashkent","signup_time":1638259864507,"cookie_consent":{"id":"2c2f9260-c9a6-4097-bc19-30e5395dfb02","permission":{"necessary":true,"targeting":false,"preference":false,"performance":false}},"preferred_locale":"en-US","used_desktop_web_app":true,"seen_views_intro_modal":true,"preferred_locale_origin":"autodetect","seen_persona_collection":true}}}},"space_view":{"703440cc-f5cb-4f27-ba54-a9125a58e033":{"role":"editor","value":{"id":"703440cc-f5cb-4f27-ba54-a9125a58e033","version":39,"space_id":"d51d3ca5-7889-4c70-b906-3a5a37b60274","parent_id":"a03b888f-5426-4e4f-b5ef-bed855b162f0","parent_table":"user_root","alive":true,"notify_mobile":false,"notify_desktop":true,"notify_email":false,"visited_templates":["7e89f436-7aac-4f66-b0a6-6e65ec868d2a","88c9c2b0-d732-4342-8963-0580a4725571","ba43b46e-4ad3-47f7-95f0-58a3ba01476f","2dddc8c5-a711-4aa2-b5b3-ff952a49bcfa","b7572331-51ab-4ed5-a931-5a7d34b08bf0"],"sidebar_hidden_templates":["7e89f436-7aac-4f66-b0a6-6e65ec868d2a","88c9c2b0-d732-4342-8963-0580a4725571","ba43b46e-4ad3-47f7-95f0-58a3ba01476f","2dddc8c5-a711-4aa2-b5b3-ff952a49bcfa","b7572331-51ab-4ed5-a931-5a7d34b08bf0"],"created_getting_started":true,"created_onboarding_templates":true,"private_pages":["aea9acad-4243-4c01-95ba-5dbcfc404713"],"joined":true,"settings":{"on_app_start":"first_page"}}}},"space":{"d51d3ca5-7889-4c70-b906-3a5a37b60274":{"role":"editor","value":{"id":"d51d3ca5-7889-4c70-b906-3a5a37b60274","version":6065,"name":"test_py","permissions":[{"role":"editor","type":"user_permission","user_id":"a03b888f-5426-4e4f-b5ef-bed855b162f0"}],"beta_enabled":false,"created_time":1638259881592,"last_edited_time":1657343400000,"created_by_table":"notion_user","created_by_id":"a03b888f-5426-4e4f-b5ef-bed855b162f0","last_edited_by_table":"notion_user","last_edited_by_id":"a03b888f-5426-4e4f-b5ef-bed855b162f0","plan_type":"personal","invite_link_enabled":true,"subscription_tier":"personal_free"}}}}}'
    headers:
      Content-Type:
      - application/json; charset=utf-8
      Transfer-Encoding:
      - chunked
      content-length:
      - '2730'
    status:
      code: 200
      message: OK
- request:
    body: '{}'
    headers:
      Content-Length:
      - '2'
      Content-Type:
      - application/json
      cookie:
      - PRIVATE
      x-notion-active-user-header:
      - a03b888f-5426-4e4f-b5ef-bed855b162f0
    method: POST
    uri: https://www.notion.so/api/v3/loadUserContent
  response:
    body:
      string: '{"recordMap":{"notion_user":{"a03b888f-5426-4e4f-b5ef-bed855b162f0":{"role":"editor","value":{"id":"a03b888f-5426-4e4f-b5ef-bed855b162f0","version":7,"email":"test_py_notion@protonmail.com","onboarding_completed":true,"name":"test_py"}}},"user_root":{"a03b888f-5426-4e4f-b5ef-bed855b162f0":{"role":"editor","value":{"id":"a03b888f-5426-4e4f-b5ef-bed855b162f0","version":3,"space_views":["703440cc-f5cb-4f27-ba54-a9125a58e033"],"space_view_pointers":[{"id":"703440cc-f5cb-4f27-ba54-a9125a58e033","table":"space_view","spaceId":"d51d3ca5-7889-4c70-b906-3a5a37b60274"}]}}},"user_settings":{"a03b888f-5426-4e4f-b5ef-bed855b162f0":{"role":"editor","value":{"id":"a03b888f-5426-4e4f-b5ef-bed855b162f0","version":10,"settings":{"type":"personal","persona":"personal","team_role":"unfilled","time_zone":"Asia/Tashkent","signup_time":1638259864507,"cookie_consent":{"id":"2c2f9260-c9a6-4097-bc19-30e5395dfb02","permission":{"necessary":true,"targeting":false,"preference":false,"performance":false}},"preferred_locale":"en-US","used_desktop_web_app":true,"seen_views_intro_modal":true,"preferred_locale_origin":"autodetect","seen_persona_collection":true}}}},"space_view":{"703440cc-f5cb-4f27-ba54-a9125a58e033":{"role":"editor","value":{"id":"703440cc-f5cb-4f27-ba54-a9125a58e033","version":39,"space_id":"d51d3ca5-7889-4c70-b906-3a5a37b60274","parent_id":"a03b888f-5426-4e4f-b5ef-bed855b162f0","parent_table":"user_root","alive":true,"notify_mobile":false,"notify_desktop":true,"notify_email":false,"visited_templates":["7e89f436-7aac-4f66-b0a6-6e65ec868d2a","88c9c2b0-d732-4342-8963-0580a4725571","ba43b46e-4ad3-47f7-95f0-58a3ba01476f","2dddc8c5-a711-4aa2-b5b3-ff952a49bcfa","b7572331-51ab-4ed5-a931-5a7d34b08bf0"],"sidebar_hidden_templates":["7e89f436-7aac-4f66-b0a6-6e65ec868d2a","88c9c2b0-d732-4342-8963-0580a4725571","ba43b46e-4ad3-47f7-95f0-58a3ba01476f","2dddc8c5-a711-4aa2-b5b3-ff952a49bcfa","b7572331-51ab-4ed5-a931-5a7d34b08bf0"],"created_getting_started":true,"created_onboarding_templates":true,"private_pages":["aea9acad-4243-4c01-95ba-5dbcfc404713"],"joined":true,"settings":{"on_app_start":"first_page"}}}},"space":{"d51d3ca5-7889-4c70-b906-3a5a37b60274":{"role":"editor","value":{"id":"d51d3ca5-7889-4c70-b906-3a5a37b60274","version":6065,"name":"test_py","permissions":[{"role":"editor","type":"user_permission","user_id":"a03b888f-5426-4e4f-b5ef-bed855b162f0"}],"beta_enabled":false,"created_time":1638259881592,"last_edited_time":1657343400000,"created_by_table":"notion_user","created_by_id":"a03b888f-5426-4e4f-b5ef-bed855b162f0","last_edited_by_table":"notion_user","last_edited_by_id":"a03b888f-5426-4e4f-b5ef-bed855b162f0","plan_type":"personal","invite_link_enabled":true,"subscription_tier":"personal_free"}}}}}'
    headers:
      Content-Type:
      - application/json; charset=utf-8
      Transfer-Encoding:
      - chunked
      content-length:
      - '2730'
    status:
      code: 200
      message: OK
- request:
    body: '{}'
    headers:
      Content-Length:
      - '2'
      Content-Type:
      - application/json
      cookie:
      - PRIVATE
    method: POST
    uri: https://www.notion.so/api/v3/loadUserContent
  response:
    body:
      string: '{"recordMap":{"notion_user":{"a03b888f-5426-4e4f-b5ef-bed855b162f0":{"role":"editor","value":{"id":"a03b888f-5426-4e4f-b5ef-bed855b162f0","version":7,"email":"test_py_notion@protonmail.com","onboarding_completed":true,"name":"test_py"}}},"user_root":{"a03b888f-5426-4e4f-b5ef-bed855b162f0":{"role":"editor","value":{"id":"a03b888f-5426-4e4f-b5ef-bed855b162f0","version":3,"space_views":["703440cc-f5cb-4f27-ba54-a9125a58e033"],"space_view_pointers":[{"id":"703440cc-f5cb-4f27-ba54-a9125a58e033","table":"space_view","spaceId":"d51d3ca5-7889-4c70-b906-3a5a37b60274"}]}}},"user_settings":{"a03b888f-5426-4e4f-b5ef-bed855b162f0":{"role":"editor","value":{"id":"a03b888f-5426-4e4f-b5ef-bed855b162f0","version":10,"settings":{"type":"personal","persona":"personal","team_role":"unfilled","time_zone":"Asia/Tashkent","signup_time":1638259864507,"cookie_consent":{"id":"2c2f9260-c9a6-4097-bc19-30e5395dfb02","permission":{"necessary":true,"targeting":false,"preference":false,"performance":false}},"preferred_locale":"en-US","used_desktop_web_app":true,"seen_views_intro_modal":true,"preferred_locale_origin":"autodetect","seen_persona_collection":true}}}},"space_view":{"703440cc-f5cb-4f27-ba54-a9125a58e033":{"role":"editor","value":{"id":"703440cc-f5cb-4f27-ba54-a9125a58e033","version":39,"space_id":"d51d3ca5-7889-4c70-b906-3a5a37b60274","parent_id":"a03b888f-5426-4e4f-b5ef-bed855b162f0","parent_table":"user_root","alive":true,"notify_mobile":false,"notify_desktop":true,"notify_email":false,"visited_templates":["7e89f436-7aac-4f66-b0a6-6e65ec868d2a","88c9c2b0-d732-4342-8963-0580a4725571","ba43b46e-4ad3-47f7-95f0-58a3ba01476f","2dddc8c5-a711-4aa2-b5b3-ff952a49bcfa","b7572331-51ab-4ed5-a931-5a7d34b08bf0"],"sidebar_hidden_templates":["7e89f436-7aac-4f66-b0a6-6e65ec868d2a","88c9c2b0-d732-4342-8963-0580a4725571","ba43b46e-4ad3-47f7-95f0-58a3ba01476f","2dddc8c5-a711-4aa2-b5b3-ff952a49bcfa","b7572331-51ab-4ed5-a931-5a7d34b08bf0"],"created_getting_started":true,"created_onboarding_templates":true,"private_pages":["aea9acad-4243-4c01-95ba-5dbcfc404713"],"joined":true,"settings":{"on_app_start":"first_page"}}}},"space":{"d51d3ca5-7889-4c70-b906-3a5a37b60274":{"role":"editor","value":{"id":"d51d3ca5-7889-4c70-b906-3a5a37b60274","version":6065,"name":"test_py","permissions":[{"role":"editor","type":"user_permission","user_id":"a03b888f-5426-4e4f-b5ef-bed855b162f0"}],"beta_enabled":false,"created_time":1638259881592,"last_edited_time":1657343400000,"created_by_table":"notion_user","created_by_id":"a03b888f-5426-4e4f-b5ef-bed855b162f0","last_edited_by_table":"notion_user","last_edited_by_id":"a03b888f-5426-4e4f-b5ef-bed855b162f0","plan_type":"personal","invite_link_enabled":true,"subscription_tier":"personal_free"}}}}}'
    headers:
      Content-Type:
      - application/json; charset=utf-8
      Transfer-Encoding:
      - chunked
      content-length:
      - '2730'
    status:
      code: 200
      message: OK
- request:
    body: '{"operations": [{"id": "4227798f-5693-4002-94cb-e5a1b9a1c3b5", "path":
      [], "args": {"id": "4227798f-5693-4002-94cb-e5a1b9a1c3b5", "version": 1, "alive":
      true, "created_by_id": "a03b888f-5426-4e4f-b5ef-bed855b162f0", "created_by_table":
      "notion_user", "created_time": 1668432320646, "parent_id": "d51d3ca5-7889-4c70-b906-3a5a37b60274",
      "parent_table": "space", "type": "collection_view_page", "permissions": [{"role":
      "editor", "type": "user_permission", "user_id": "a03b888f-5426-4e4f-b5ef-bed855b162f0"}]},
      "command": "set", "table": "block"}, {"args": {"last_edited_by_id": "a03b888f-5426-4e4f-b5ef-bed855b162f0",
      "last_edited_by_table": "notion_user", "last_edited_time": 1668432320646}, "command":
      "update", "id": "4227798f-5693-4002-94cb-e5a1b9a1c3b5", "path": [], "table":
      "block"}, {"id": "d51d3ca5-7889-4c70-b906-3a5a37b60274", "path": ["pages"],
      "args": {"id": "4227798f-5693-4002-94cb-e5a1b9a1c3b5"}, "command": "listAfter",
      "table": "space"}, {"args": {"last_edited_by_id": "a03b888f-5426-4e4f-b5ef-bed855b162f0",
      "last_edited_by_table": "notion_user", "last_edited_time": 1668432320646}, "command":
      "update", "id": "4227798f-5693-4002-94cb-e5a1b9a1c3b5", "path": [], "table":
      "block"}]}'
    headers:
      Content-Length:
      - '1198'
      Content-Type:
      - application/json
      cookie:
      - PRIVATE
      x-notion-active-user-header:
      - a03b888f-5426-4e4f-b5ef-bed855b162f0
    method: POST
    uri: https://www.notion.so/api/v3/submitTransaction
  response:
    body:
      string: '{}'
    headers:
      Content-Length:
      - '2'
      Content-Type:
      - application/json; charset=utf-8
    status:
      code: 200
      message: OK
- request:
    body: '{"operations": [{"id": "7f0f5fe1-d0a3-4844-8c8f-cffeff9d7d90", "path":
      [], "args": {"id": "7f0f5fe1-d0a3-4844-8c8f-cffeff9d7d90", "version": 1, "alive":
      true, "created_by_id": "a03b888f-5426-4e4f-b5ef-bed855b162f0", "created_by_table":
      "notion_user", "created_time": 1668432321179, "parent_id": "4227798f-5693-4002-94cb-e5a1b9a1c3b5",
      "parent_table": "block", "schema": {"title": {"name": "a", "type": "title"},
      "l8BD": {"name": "b", "type": "date"}}}, "command": "set", "table": "collection"},
      {"id": "4227798f-5693-4002-94cb-e5a1b9a1c3b5", "path": ["content"], "args":
      {"id": "7f0f5fe1-d0a3-4844-8c8f-cffeff9d7d90"}, "command": "listAfter", "table":
      "block"}, {"args": {"last_edited_by_id": "a03b888f-5426-4e4f-b5ef-bed855b162f0",
      "last_edited_by_table": "notion_user", "last_edited_time": 1668432321179}, "command":
      "update", "id": "4227798f-5693-4002-94cb-e5a1b9a1c3b5", "path": [], "table":
      "block"}, {"args": {"last_edited_by_id": "a03b888f-5426-4e4f-b5ef-bed855b162f0",
      "last_edited_by_table": "notion_user", "last_edited_time": 1668432321179}, "command":
      "update", "id": "4227798f-5693-4002-94cb-e5a1b9a1c3b5", "path": [], "table":
      "block"}]}'
    headers:
      Content-Length:
      - '1150'
      Content-Type:
      - application/json
      cookie:
      - PRIVATE
      x-notion-active-user-header:
      - a03b888f-5426-4e4f-b5ef-bed855b162f0
    method: POST
    uri: https://www.notion.so/api/v3/submitTransaction
  response:
    body:
      string: '{}'
    headers:
      Content-Length:
      - '2'
      Content-Type:
      - application/json; charset=utf-8
    status:
      code: 200
      message: OK
- request:
    body: '{"operations": [{"id": "4227798f-5693-4002-94cb-e5a1b9a1c3b5", "path":
      ["format", "collection_pointer", "id"], "args": "7f0f5fe1-d0a3-4844-8c8f-cffeff9d7d90",
      "command": "set", "table": "block"}, {"args": {"last_edited_by_id": "a03b888f-5426-4e4f-b5ef-bed855b162f0",
      "last_edited_by_table": "notion_user", "last_edited_time": 1668432321737}, "command":
      "update", "id": "4227798f-5693-4002-94cb-e5a1b9a1c3b5", "path": [], "table":
      "block"}]}'
    headers:
      Content-Length:
      - '440'
      Content-Type:
      - application/json
      cookie:
      - PRIVATE
      x-notion-active-user-header:
      - a03b888f-5426-4e4f-b5ef-bed855b162f0
    method: POST
    uri: https://www.notion.so/api/v3/submitTransaction
  response:
    body:
      string: '{}'
    headers:
      Content-Length:
      - '2'
      Content-Type:
      - application/json; charset=utf-8
    status:
      code: 200
      message: OK
- request:
    body: '{"operations": [{"id": "0ee6f0f6-1f63-49c2-9df0-6266571311a5", "path":
      [], "args": {"id": "0ee6f0f6-1f63-49c2-9df0-6266571311a5", "version": 1, "alive":
      true, "created_by_id": "a03b888f-5426-4e4f-b5ef-bed855b162f0", "created_by_table":
      "notion_user", "created_time": 1668432322218, "parent_id": "4227798f-5693-4002-94cb-e5a1b9a1c3b5",
      "parent_table": "block", "type": "table"}, "command": "set", "table": "collection_view"},
      {"id": "4227798f-5693-4002-94cb-e5a1b9a1c3b5", "path": ["content"], "args":
      {"id": "0ee6f0f6-1f63-49c2-9df0-6266571311a5"}, "command": "listAfter", "table":
      "block"}, {"args": {"last_edited_by_id": "a03b888f-5426-4e4f-b5ef-bed855b162f0",
      "last_edited_by_table": "notion_user", "last_edited_time": 1668432322218}, "command":
      "update", "id": "4227798f-5693-4002-94cb-e5a1b9a1c3b5", "path": [], "table":
      "block"}, {"args": {"last_edited_by_id": "a03b888f-5426-4e4f-b5ef-bed855b162f0",
      "last_edited_by_table": "notion_user", "last_edited_time": 1668432322218}, "command":
      "update", "id": "4227798f-5693-4002-94cb-e5a1b9a1c3b5", "path": [], "table":
      "block"}]}'
    headers:
      Content-Length:
      - '1080'
      Content-Type:
      - application/json
      cookie:
      - PRIVATE
      x-notion-active-user-header:
      - a03b888f-5426-4e4f-b5ef-bed855b162f0
    method: POST
    uri: https://www.notion.so/api/v3/submitTransaction
  response:
    body:
      string: '{}'
    headers:
      Content-Length:
      - '2'
      Content-Type:
      - application/json; charset=utf-8
    status:
      code: 200
      message: OK
- request:
    body: '{"operations": [{"id": "0ee6f0f6-1f63-49c2-9df0-6266571311a5", "path":
      ["collection_id"], "args": "7f0f5fe1-d0a3-4844-8c8f-cffeff9d7d90", "command":
      "set", "table": "collection_view"}]}'
    headers:
      Content-Length:
      - '185'
      Content-Type:
      - application/json
      cookie:
      - PRIVATE
      x-notion-active-user-header:
      - a03b888f-5426-4e4f-b5ef-bed855b162f0
    method: POST
    uri: https://www.notion.so/api/v3/submitTransaction
  response:
    body:
      string: '{}'
    headers:
      Content-Length:
      - '2'
      Content-Type:
      - application/json; charset=utf-8
    status:
      code: 200
      message: OK
- request:
    body: '{"operations": [{"id": "4227798f-5693-4002-94cb-e5a1b9a1c3b5", "path":
      ["view_ids"], "args": ["0ee6f0f6-1f63-49c2-9df0-6266571311a5"], "command": "set",
      "table": "block"}, {"args": {"last_edited_by_id": "a03b888f-5426-4e4f-b5ef-bed855b162f0",
      "last_edited_by_table": "notion_user", "last_edited_time": 1668432323267}, "command":
      "update", "id": "4227798f-5693-4002-94cb-e5a1b9a1c3b5", "path": [], "table":
      "block"}]}'
    headers:
      Content-Length:
      - '416'
      Content-Type:
      - application/json
      cookie:
      - PRIVATE
      x-notion-active-user-header:
      - a03b888f-5426-4e4f-b5ef-bed855b162f0
    method: POST
    uri: https://www.notion.so/api/v3/submitTransaction
  response:
    body:
      string: '{}'
    headers:
      Content-Length:
      - '2'
      Content-Type:
      - application/json; charset=utf-8
    status:
      code: 200
      message: OK
- request:
    body: '{"operations": [{"id": "0ee6f0f6-1f63-49c2-9df0-6266571311a5", "path":
      ["format", "table_properties"], "args": [{"visible": true, "property": "title"},
      {"visible": true, "property": "l8BD"}], "command": "set", "table": "collection_view"}]}'
    headers:
      Content-Length:
      - '239'
      Content-Type:
      - application/json
      cookie:
      - PRIVATE
      x-notion-active-user-header:
      - a03b888f-5426-4e4f-b5ef-bed855b162f0
    method: POST
    uri: https://www.notion.so/api/v3/submitTransaction
  response:
    body:
      string: '{}'
    headers:
      Content-Length:
      - '2'
      Content-Type:
      - application/json; charset=utf-8
    status:
      code: 200
      message: OK
- request:
    body: '{"operations": [{"id": "7f0f5fe1-d0a3-4844-8c8f-cffeff9d7d90", "path":
      ["name"], "args": [["TESTING PAGE"]], "command": "set", "table": "collection"}]}'
    headers:
      Content-Length:
      - '151'
      Content-Type:
      - application/json
      cookie:
      - PRIVATE
      x-notion-active-user-header:
      - a03b888f-5426-4e4f-b5ef-bed855b162f0
    method: POST
    uri: https://www.notion.so/api/v3/submitTransaction
  response:
    body:
      string: '{}'
    headers:
      Content-Length:
      - '2'
      Content-Type:
      - application/json; charset=utf-8
    status:
      code: 200
      message: OK
- request:
    body: '{"operations": [{"id": "782a7367-0c51-4844-a44a-8667a02f977d", "path":
      [], "args": {"id": "782a7367-0c51-4844-a44a-8667a02f977d", "version": 1, "alive":
      true, "created_by_id": "a03b888f-5426-4e4f-b5ef-bed855b162f0", "created_by_table":
      "notion_user", "created_time": 1668432327042, "parent_id": "7f0f5fe1-d0a3-4844-8c8f-cffeff9d7d90",
      "parent_table": "collection", "type": "page"}, "command": "set", "table": "block"},
      {"args": {"last_edited_by_id": "a03b888f-5426-4e4f-b5ef-bed855b162f0", "last_edited_by_table":
      "notion_user", "last_edited_time": 1668432327042}, "command": "update", "id":
      "782a7367-0c51-4844-a44a-8667a02f977d", "path": [], "table": "block"}, {"args":
      {"last_edited_by_id": "a03b888f-5426-4e4f-b5ef-bed855b162f0", "last_edited_by_table":
      "notion_user", "last_edited_time": 1668432327042}, "command": "update", "id":
      "782a7367-0c51-4844-a44a-8667a02f977d", "path": [], "table": "block"}]}'
    headers:
      Content-Length:
      - '907'
      Content-Type:
      - application/json
      cookie:
      - PRIVATE
      x-notion-active-user-header:
      - a03b888f-5426-4e4f-b5ef-bed855b162f0
    method: POST
    uri: https://www.notion.so/api/v3/submitTransaction
  response:
    body:
      string: '{}'
    headers:
      Content-Length:
      - '2'
      Content-Type:
      - application/json; charset=utf-8
    status:
      code: 200
      message: OK
- request:
    body: '{"operations": [{"id": "782a7367-0c51-4844-a44a-8667a02f977d", "path":
      ["properties", "title"], "args": [["a"]], "command": "set", "table": "block"},
      {"args": {"last_edited_by_id": "a03b888f-5426-4e4f-b5ef-bed855b162f0", "last_edited_by_table":
      "notion_user", "last_edited_time": 1668432327983}, "command": "update", "id":
      "782a7367-0c51-4844-a44a-8667a02f977d", "path": [], "table": "block"}, {"id":
      "782a7367-0c51-4844-a44a-8667a02f977d", "path": ["properties", "l8BD"], "args":
      [["\u2023", [["d", {"type": "datetimerange", "start_date": "2001-12-01", "end_date":
      "2001-12-05", "time_zone": "Asia/Tashkent", "start_time": "00:00", "end_time":
      "00:00"}]]]], "command": "set", "table": "block"}, {"args": {"last_edited_by_id":
      "a03b888f-5426-4e4f-b5ef-bed855b162f0", "last_edited_by_table": "notion_user",
      "last_edited_time": 1668432327987}, "command": "update", "id": "782a7367-0c51-4844-a44a-8667a02f977d",
      "path": [], "table": "block"}, {"id": "0ee6f0f6-1f63-49c2-9df0-6266571311a5",
      "path": ["page_sort"], "args": ["782a7367-0c51-4844-a44a-8667a02f977d"], "command":
      "set", "table": "collection_view"}, {"args": {"last_edited_by_id": "a03b888f-5426-4e4f-b5ef-bed855b162f0",
      "last_edited_by_table": "notion_user", "last_edited_time": 1668432327987}, "command":
      "update", "id": "782a7367-0c51-4844-a44a-8667a02f977d", "path": [], "table":
      "block"}]}'
    headers:
      Content-Length:
      - '1351'
      Content-Type:
      - application/json
      cookie:
      - PRIVATE
      x-notion-active-user-header:
      - a03b888f-5426-4e4f-b5ef-bed855b162f0
    method: POST
    uri: https://www.notion.so/api/v3/submitTransaction
  response:
    body:
      string: '{}'
    headers:
      Content-Length:
      - '2'
      Content-Type:
      - application/json; charset=utf-8
    status:
      code: 200
      message: OK
- request:
    body: '{"collection": {"id": "7f0f5fe1-d0a3-4844-8c8f-cffeff9d7d90", "spaceId":
      "d51d3ca5-7889-4c70-b906-3a5a37b60274"}, "collectionView": {"id": "0ee6f0f6-1f63-49c2-9df0-6266571311a5",
      "spaceId": "d51d3ca5-7889-4c70-b906-3a5a37b60274"}, "loader": {"reducers": {"table:uncategorized:title:count":
      {"aggregation": {"aggregator": "count", "property": "title"}, "type": "aggregation"}},
      "searchQuery": "", "sort": [], "userTimeZone": "Asia/Tashkent", "type": "reducer"}}'
    headers:
      Content-Length:
      - '460'
      Content-Type:
      - application/json
      cookie:
      - PRIVATE
      x-notion-active-user-header:
      - a03b888f-5426-4e4f-b5ef-bed855b162f0
    method: POST
    uri: https://www.notion.so/api/v3/queryCollection
  response:
    body:
      string: '{"result":{"type":"reducer","reducerResults":{"table:uncategorized:title:count":{"type":"aggregation","aggregationResult":{"type":"number","value":1}}},"sizeHint":1},"recordMap":{}}'
    headers:
      Content-Type:
      - application/json; charset=utf-8
      Transfer-Encoding:
      - chunked
      content-encoding:
      - undefined
    status:
      code: 200
      message: OK
- request:
    body: '{"collection": {"id": "7f0f5fe1-d0a3-4844-8c8f-cffeff9d7d90", "spaceId":
      "d51d3ca5-7889-4c70-b906-3a5a37b60274"}, "collectionView": {"id": "0ee6f0f6-1f63-49c2-9df0-6266571311a5",
      "spaceId": "d51d3ca5-7889-4c70-b906-3a5a37b60274"}, "loader": {"reducers": {"collection_group_results":
      {"limit": 1, "type": "results"}}, "searchQuery": "", "sort": [], "userTimeZone":
      "Asia/Tashkent", "type": "reducer"}}'
    headers:
      Content-Length:
      - '400'
      Content-Type:
      - application/json
      cookie:
      - PRIVATE
      x-notion-active-user-header:
      - a03b888f-5426-4e4f-b5ef-bed855b162f0
    method: POST
    uri: https://www.notion.so/api/v3/queryCollection
  response:
    body:
      string: "{\"result\":{\"type\":\"reducer\",\"reducerResults\":{\"collection_group_results\":{\"type\":\"results\",\"blockIds\":[\"782a7367-0c51-4844-a44a-8667a02f977d\"],\"hasMore\":false}},\"sizeHint\":1},\"recordMap\":{\"block\":{\"782a7367-0c51-4844-a44a-8667a02f977d\":{\"role\":\"editor\",\"value\":{\"id\":\"782a7367-0c51-4844-a44a-8667a02f977d\",\"version\":8,\"type\":\"page\",\"properties\":{\"l8BD\":[[\"\u2023\",[[\"d\",{\"type\":\"datetimerange\",\"end_date\":\"2001-12-05\",\"end_time\":\"00:00\",\"time_zone\":\"Asia/Tashkent\",\"start_date\":\"2001-12-01\",\"start_time\":\"00:00\"}]]]],\"title\":[[\"a\"]]},\"created_time\":1668432327042,\"last_edited_time\":1668432327987,\"parent_id\":\"7f0f5fe1-d0a3-4844-8c8f-cffeff9d7d90\",\"parent_table\":\"collection\",\"alive\":true,\"created_by_table\":\"notion_user\",\"created_by_id\":\"a03b888f-5426-4e4f-b5ef-bed855b162f0\",\"last_edited_by_table\":\"notion_user\",\"last_edited_by_id\":\"a03b888f-5426-4e4f-b5ef-bed855b162f0\",\"space_id\":\"d51d3ca5-7889-4c70-b906-3a5a37b60274\"}},\"4227798f-5693-4002-94cb-e5a1b9a1c3b5\":{\"role\":\"editor\",\"value\":{\"id\":\"4227798f-5693-4002-94cb-e5a1b9a1c3b5\",\"version\":13,\"type\":\"collection_view_page\",\"content\":[\"7f0f5fe1-d0a3-4844-8c8f-cffeff9d7d90\",\"0ee6f0f6-1f63-49c2-9df0-6266571311a5\"],\"view_ids\":[\"0ee6f0f6-1f63-49c2-9df0-6266571311a5\"],\"format\":{\"collection_pointer\":{\"id\":\"7f0f5fe1-d0a3-4844-8c8f-cffeff9d7d90\",\"table\":\"collection\",\"spaceId\":\"d51d3ca5-7889-4c70-b906-3a5a37b60274\"}},\"permissions\":[{\"role\":\"editor\",\"type\":\"user_permission\",\"user_id\":\"a03b888f-5426-4e4f-b5ef-bed855b162f0\"}],\"created_time\":1668432320646,\"last_edited_time\":1668432323267,\"parent_id\":\"d51d3ca5-7889-4c70-b906-3a5a37b60274\",\"parent_table\":\"space\",\"alive\":true,\"created_by_table\":\"notion_user\",\"created_by_id\":\"a03b888f-5426-4e4f-b5ef-bed855b162f0\",\"last_edited_by_table\":\"notion_user\",\"last_edited_by_id\":\"a03b888f-5426-4e4f-b5ef-bed855b162f0\",\"space_id\":\"d51d3ca5-7889-4c70-b906-3a5a37b60274\"}}},\"collection\":{\"7f0f5fe1-d0a3-4844-8c8f-cffeff9d7d90\":{\"role\":\"editor\",\"value\":{\"id\":\"7f0f5fe1-d0a3-4844-8c8f-cffeff9d7d90\",\"version\":2,\"name\":[[\"TESTING
        PAGE\"]],\"schema\":{\"l8BD\":{\"name\":\"b\",\"type\":\"date\"},\"title\":{\"name\":\"a\",\"type\":\"title\"}},\"parent_id\":\"4227798f-5693-4002-94cb-e5a1b9a1c3b5\",\"parent_table\":\"block\",\"alive\":true,\"migrated\":true,\"space_id\":\"d51d3ca5-7889-4c70-b906-3a5a37b60274\"}}},\"space\":{\"d51d3ca5-7889-4c70-b906-3a5a37b60274\":{\"role\":\"editor\",\"value\":{\"id\":\"d51d3ca5-7889-4c70-b906-3a5a37b60274\",\"version\":6066,\"name\":\"test_py\",\"permissions\":[{\"role\":\"editor\",\"type\":\"user_permission\",\"user_id\":\"a03b888f-5426-4e4f-b5ef-bed855b162f0\"}],\"beta_enabled\":false,\"pages\":[\"4227798f-5693-4002-94cb-e5a1b9a1c3b5\"],\"created_time\":1638259881592,\"last_edited_time\":1657343400000,\"created_by_table\":\"notion_user\",\"created_by_id\":\"a03b888f-5426-4e4f-b5ef-bed855b162f0\",\"last_edited_by_table\":\"notion_user\",\"last_edited_by_id\":\"a03b888f-5426-4e4f-b5ef-bed855b162f0\",\"plan_type\":\"personal\",\"invite_link_enabled\":true,\"subscription_tier\":\"personal_free\"}}}}}"
    headers:
      Content-Type:
      - application/json; charset=utf-8
      Transfer-Encoding:
      - chunked
      content-length:
      - '2919'
    status:
      code: 200
      message: OK
- request:
    body: '{"operations": [{"id": "9fedd483-d365-4f8f-a474-0d4cd807f1b0", "path":
      [], "args": {"id": "9fedd483-d365-4f8f-a474-0d4cd807f1b0", "version": 1, "alive":
      true, "created_by_id": "a03b888f-5426-4e4f-b5ef-bed855b162f0", "created_by_table":
      "notion_user", "created_time": 1668432330605, "parent_id": "7f0f5fe1-d0a3-4844-8c8f-cffeff9d7d90",
      "parent_table": "collection", "type": "page"}, "command": "set", "table": "block"},
      {"args": {"last_edited_by_id": "a03b888f-5426-4e4f-b5ef-bed855b162f0", "last_edited_by_table":
      "notion_user", "last_edited_time": 1668432330605}, "command": "update", "id":
      "9fedd483-d365-4f8f-a474-0d4cd807f1b0", "path": [], "table": "block"}, {"args":
      {"last_edited_by_id": "a03b888f-5426-4e4f-b5ef-bed855b162f0", "last_edited_by_table":
      "notion_user", "last_edited_time": 1668432330605}, "command": "update", "id":
      "9fedd483-d365-4f8f-a474-0d4cd807f1b0", "path": [], "table": "block"}]}'
    headers:
      Content-Length:
      - '907'
      Content-Type:
      - application/json
      cookie:
      - PRIVATE
      x-notion-active-user-header:
      - a03b888f-5426-4e4f-b5ef-bed855b162f0
    method: POST
    uri: https://www.notion.so/api/v3/submitTransaction
  response:
    body:
      string: '{}'
    headers:
      Content-Length:
      - '2'
      Content-Type:
      - application/json; charset=utf-8
    status:
      code: 200
      message: OK
- request:
    body: '{"operations": [{"id": "9fedd483-d365-4f8f-a474-0d4cd807f1b0", "path":
      ["properties", "title"], "args": [["b"]], "command": "set", "table": "block"},
      {"args": {"last_edited_by_id": "a03b888f-5426-4e4f-b5ef-bed855b162f0", "last_edited_by_table":
      "notion_user", "last_edited_time": 1668432331206}, "command": "update", "id":
      "9fedd483-d365-4f8f-a474-0d4cd807f1b0", "path": [], "table": "block"}, {"id":
      "9fedd483-d365-4f8f-a474-0d4cd807f1b0", "path": ["properties", "l8BD"], "args":
      [], "command": "set", "table": "block"}, {"args": {"last_edited_by_id": "a03b888f-5426-4e4f-b5ef-bed855b162f0",
      "last_edited_by_table": "notion_user", "last_edited_time": 1668432331206}, "command":
      "update", "id": "9fedd483-d365-4f8f-a474-0d4cd807f1b0", "path": [], "table":
      "block"}, {"id": "0ee6f0f6-1f63-49c2-9df0-6266571311a5", "path": ["page_sort"],
      "args": ["782a7367-0c51-4844-a44a-8667a02f977d", "9fedd483-d365-4f8f-a474-0d4cd807f1b0"],
      "command": "set", "table": "collection_view"}, {"args": {"last_edited_by_id":
      "a03b888f-5426-4e4f-b5ef-bed855b162f0", "last_edited_by_table": "notion_user",
      "last_edited_time": 1668432331206}, "command": "update", "id": "9fedd483-d365-4f8f-a474-0d4cd807f1b0",
      "path": [], "table": "block"}]}'
    headers:
      Content-Length:
      - '1217'
      Content-Type:
      - application/json
      cookie:
      - PRIVATE
      x-notion-active-user-header:
      - a03b888f-5426-4e4f-b5ef-bed855b162f0
    method: POST
    uri: https://www.notion.so/api/v3/submitTransaction
  response:
    body:
      string: '{}'
    headers:
      Content-Length:
      - '2'
      Content-Type:
      - application/json; charset=utf-8
    status:
      code: 200
      message: OK
- request:
    body: '{"page": {"id": "4227798f-5693-4002-94cb-e5a1b9a1c3b5"}, "limit": 100,
      "cursor": {"stack": []}, "chunkNumber": 0, "verticalColumns": false}'
    headers:
      Content-Length:
      - '139'
      Content-Type:
      - application/json
      cookie:
      - PRIVATE
      x-notion-active-user-header:
      - a03b888f-5426-4e4f-b5ef-bed855b162f0
    method: POST
    uri: https://www.notion.so/api/v3/loadPageChunk
  response:
    body:
      string: '{"cursor":{"stack":[]},"recordMap":{"block":{"4227798f-5693-4002-94cb-e5a1b9a1c3b5":{"role":"editor","value":{"id":"4227798f-5693-4002-94cb-e5a1b9a1c3b5","version":13,"type":"collection_view_page","content":["7f0f5fe1-d0a3-4844-8c8f-cffeff9d7d90","0ee6f0f6-1f63-49c2-9df0-6266571311a5"],"view_ids":["0ee6f0f6-1f63-49c2-9df0-6266571311a5"],"format":{"collection_pointer":{"id":"7f0f5fe1-d0a3-4844-8c8f-cffeff9d7d90","table":"collection","spaceId":"d51d3ca5-7889-4c70-b906-3a5a37b60274"}},"permissions":[{"role":"editor","type":"user_permission","user_id":"a03b888f-5426-4e4f-b5ef-bed855b162f0"}],"created_time":1668432320646,"last_edited_time":1668432323267,"parent_id":"d51d3ca5-7889-4c70-b906-3a5a37b60274","parent_table":"space","alive":true,"created_by_table":"notion_user","created_by_id":"a03b888f-5426-4e4f-b5ef-bed855b162f0","last_edited_by_table":"notion_user","last_edited_by_id":"a03b888f-5426-4e4f-b5ef-bed855b162f0","space_id":"d51d3ca5-7889-4c70-b906-3a5a37b60274"}}},"collection_view":{"0ee6f0f6-1f63-49c2-9df0-6266571311a5":{"role":"editor","value":{"id":"0ee6f0f6-1f63-49c2-9df0-6266571311a5","version":5,"type":"table","format":{"table_properties":[{"visible":true,"property":"title"},{"visible":true,"property":"l8BD"}]},"parent_id":"4227798f-5693-4002-94cb-e5a1b9a1c3b5","parent_table":"block","alive":true,"page_sort":["782a7367-0c51-4844-a44a-8667a02f977d","9fedd483-d365-4f8f-a474-0d4cd807f1b0"],"space_id":"d51d3ca5-7889-4c70-b906-3a5a37b60274","created_time":1668432322218,"created_by_table":"notion_user","created_by_id":"a03b888f-5426-4e4f-b5ef-bed855b162f0"}}},"collection":{"7f0f5fe1-d0a3-4844-8c8f-cffeff9d7d90":{"role":"editor","value":{"id":"7f0f5fe1-d0a3-4844-8c8f-cffeff9d7d90","version":2,"name":[["TESTING
        PAGE"]],"schema":{"l8BD":{"name":"b","type":"date"},"title":{"name":"a","type":"title"}},"parent_id":"4227798f-5693-4002-94cb-e5a1b9a1c3b5","parent_table":"block","alive":true,"migrated":true,"space_id":"d51d3ca5-7889-4c70-b906-3a5a37b60274"}}},"space":{"d51d3ca5-7889-4c70-b906-3a5a37b60274":{"role":"editor","value":{"id":"d51d3ca5-7889-4c70-b906-3a5a37b60274","version":6066,"name":"test_py","permissions":[{"role":"editor","type":"user_permission","user_id":"a03b888f-5426-4e4f-b5ef-bed855b162f0"}],"beta_enabled":false,"pages":["4227798f-5693-4002-94cb-e5a1b9a1c3b5"],"created_time":1638259881592,"last_edited_time":1657343400000,"created_by_table":"notion_user","created_by_id":"a03b888f-5426-4e4f-b5ef-bed855b162f0","last_edited_by_table":"notion_user","last_edited_by_id":"a03b888f-5426-4e4f-b5ef-bed855b162f0","plan_type":"personal","invite_link_enabled":true,"subscription_tier":"personal_free"}}}}}'
    headers:
      Content-Type:
      - application/json; charset=utf-8
      Transfer-Encoding:
      - chunked
      content-length:
      - '2650'
    status:
      code: 200
      message: OK
- request:
    body: '{"collection": {"id": "7f0f5fe1-d0a3-4844-8c8f-cffeff9d7d90", "spaceId":
      "d51d3ca5-7889-4c70-b906-3a5a37b60274"}, "collectionView": {"id": "0ee6f0f6-1f63-49c2-9df0-6266571311a5",
      "spaceId": "d51d3ca5-7889-4c70-b906-3a5a37b60274"}, "loader": {"reducers": {"table:uncategorized:title:count":
      {"aggregation": {"aggregator": "count", "property": "title"}, "type": "aggregation"}},
      "searchQuery": "", "sort": [], "userTimeZone": "Asia/Tashkent", "type": "reducer"}}'
    headers:
      Content-Length:
      - '460'
      Content-Type:
      - application/json
      cookie:
      - PRIVATE
      x-notion-active-user-header:
      - a03b888f-5426-4e4f-b5ef-bed855b162f0
    method: POST
    uri: https://www.notion.so/api/v3/queryCollection
  response:
    body:
      string: '{"result":{"type":"reducer","reducerResults":{"table:uncategorized:title:count":{"type":"aggregation","aggregationResult":{"type":"number","value":2}}},"sizeHint":2},"recordMap":{}}'
    headers:
      Content-Type:
      - application/json; charset=utf-8
      Transfer-Encoding:
      - chunked
      content-encoding:
      - undefined
    status:
      code: 200
      message: OK
- request:
    body: '{"collection": {"id": "7f0f5fe1-d0a3-4844-8c8f-cffeff9d7d90", "spaceId":
      "d51d3ca5-7889-4c70-b906-3a5a37b60274"}, "collectionView": {"id": "0ee6f0f6-1f63-49c2-9df0-6266571311a5",
      "spaceId": "d51d3ca5-7889-4c70-b906-3a5a37b60274"}, "loader": {"reducers": {"collection_group_results":
      {"limit": 2, "type": "results"}}, "searchQuery": "", "sort": [], "userTimeZone":
      "Asia/Tashkent", "type": "reducer"}}'
    headers:
      Content-Length:
      - '400'
      Content-Type:
      - application/json
      cookie:
      - PRIVATE
      x-notion-active-user-header:
      - a03b888f-5426-4e4f-b5ef-bed855b162f0
    method: POST
    uri: https://www.notion.so/api/v3/queryCollection
  response:
    body:
      string: "{\"result\":{\"type\":\"reducer\",\"reducerResults\":{\"collection_group_results\":{\"type\":\"results\",\"blockIds\":[\"782a7367-0c51-4844-a44a-8667a02f977d\",\"9fedd483-d365-4f8f-a474-0d4cd807f1b0\"],\"hasMore\":false}},\"sizeHint\":2},\"recordMap\":{\"block\":{\"782a7367-0c51-4844-a44a-8667a02f977d\":{\"role\":\"editor\",\"value\":{\"id\":\"782a7367-0c51-4844-a44a-8667a02f977d\",\"version\":8,\"type\":\"page\",\"properties\":{\"l8BD\":[[\"\u2023\",[[\"d\",{\"type\":\"datetimerange\",\"end_date\":\"2001-12-05\",\"end_time\":\"00:00\",\"time_zone\":\"Asia/Tashkent\",\"start_date\":\"2001-12-01\",\"start_time\":\"00:00\"}]]]],\"title\":[[\"a\"]]},\"created_time\":1668432327042,\"last_edited_time\":1668432327987,\"parent_id\":\"7f0f5fe1-d0a3-4844-8c8f-cffeff9d7d90\",\"parent_table\":\"collection\",\"alive\":true,\"created_by_table\":\"notion_user\",\"created_by_id\":\"a03b888f-5426-4e4f-b5ef-bed855b162f0\",\"last_edited_by_table\":\"notion_user\",\"last_edited_by_id\":\"a03b888f-5426-4e4f-b5ef-bed855b162f0\",\"space_id\":\"d51d3ca5-7889-4c70-b906-3a5a37b60274\"}},\"9fedd483-d365-4f8f-a474-0d4cd807f1b0\":{\"role\":\"editor\",\"value\":{\"id\":\"9fedd483-d365-4f8f-a474-0d4cd807f1b0\",\"version\":8,\"type\":\"page\",\"properties\":{\"title\":[[\"b\"]]},\"created_time\":1668432330605,\"last_edited_time\":1668432331206,\"parent_id\":\"7f0f5fe1-d0a3-4844-8c8f-cffeff9d7d90\",\"parent_table\":\"collection\",\"alive\":true,\"created_by_table\":\"notion_user\",\"created_by_id\":\"a03b888f-5426-4e4f-b5ef-bed855b162f0\",\"last_edited_by_table\":\"notion_user\",\"last_edited_by_id\":\"a03b888f-5426-4e4f-b5ef-bed855b162f0\",\"space_id\":\"d51d3ca5-7889-4c70-b906-3a5a37b60274\"}},\"4227798f-5693-4002-94cb-e5a1b9a1c3b5\":{\"role\":\"editor\",\"value\":{\"id\":\"4227798f-5693-4002-94cb-e5a1b9a1c3b5\",\"version\":13,\"type\":\"collection_view_page\",\"content\":[\"7f0f5fe1-d0a3-4844-8c8f-cffeff9d7d90\",\"0ee6f0f6-1f63-49c2-9df0-6266571311a5\"],\"view_ids\":[\"0ee6f0f6-1f63-49c2-9df0-6266571311a5\"],\"format\":{\"collection_pointer\":{\"id\":\"7f0f5fe1-d0a3-4844-8c8f-cffeff9d7d90\",\"table\":\"collection\",\"spaceId\":\"d51d3ca5-7889-4c70-b906-3a5a37b60274\"}},\"permissions\":[{\"role\":\"editor\",\"type\":\"user_permission\",\"user_id\":\"a03b888f-5426-4e4f-b5ef-bed855b162f0\"}],\"created_time\":1668432320646,\"last_edited_time\":1668432323267,\"parent_id\":\"d51d3ca5-7889-4c70-b906-3a5a37b60274\",\"parent_table\":\"space\",\"alive\":true,\"created_by_table\":\"notion_user\",\"created_by_id\":\"a03b888f-5426-4e4f-b5ef-bed855b162f0\",\"last_edited_by_table\":\"notion_user\",\"last_edited_by_id\":\"a03b888f-5426-4e4f-b5ef-bed855b162f0\",\"space_id\":\"d51d3ca5-7889-4c70-b906-3a5a37b60274\"}}},\"collection\":{\"7f0f5fe1-d0a3-4844-8c8f-cffeff9d7d90\":{\"role\":\"editor\",\"value\":{\"id\":\"7f0f5fe1-d0a3-4844-8c8f-cffeff9d7d90\",\"version\":2,\"name\":[[\"TESTING
        PAGE\"]],\"schema\":{\"l8BD\":{\"name\":\"b\",\"type\":\"date\"},\"title\":{\"name\":\"a\",\"type\":\"title\"}},\"parent_id\":\"4227798f-5693-4002-94cb-e5a1b9a1c3b5\",\"parent_table\":\"block\",\"alive\":true,\"migrated\":true,\"space_id\":\"d51d3ca5-7889-4c70-b906-3a5a37b60274\"}}},\"space\":{\"d51d3ca5-7889-4c70-b906-3a5a37b60274\":{\"role\":\"editor\",\"value\":{\"id\":\"d51d3ca5-7889-4c70-b906-3a5a37b60274\",\"version\":6066,\"name\":\"test_py\",\"permissions\":[{\"role\":\"editor\",\"type\":\"user_permission\",\"user_id\":\"a03b888f-5426-4e4f-b5ef-bed855b162f0\"}],\"beta_enabled\":false,\"pages\":[\"4227798f-5693-4002-94cb-e5a1b9a1c3b5\"],\"created_time\":1638259881592,\"last_edited_time\":1657343400000,\"created_by_table\":\"notion_user\",\"created_by_id\":\"a03b888f-5426-4e4f-b5ef-bed855b162f0\",\"last_edited_by_table\":\"notion_user\",\"last_edited_by_id\":\"a03b888f-5426-4e4f-b5ef-bed855b162f0\",\"plan_type\":\"personal\",\"invite_link_enabled\":true,\"subscription_tier\":\"personal_free\"}}}}}"
    headers:
      Content-Type:
      - application/json; charset=utf-8
      Transfer-Encoding:
      - chunked
      content-length:
      - '3514'
    status:
      code: 200
      message: OK
- request:
    body: '{"collection": {"id": "7f0f5fe1-d0a3-4844-8c8f-cffeff9d7d90", "spaceId":
      "d51d3ca5-7889-4c70-b906-3a5a37b60274"}, "collectionView": {"id": "0ee6f0f6-1f63-49c2-9df0-6266571311a5",
      "spaceId": "d51d3ca5-7889-4c70-b906-3a5a37b60274"}, "loader": {"reducers": {"table:uncategorized:title:count":
      {"aggregation": {"aggregator": "count", "property": "title"}, "type": "aggregation"}},
      "searchQuery": "", "sort": [], "userTimeZone": "Asia/Tashkent", "type": "reducer"}}'
    headers:
      Content-Length:
      - '460'
      Content-Type:
      - application/json
      cookie:
      - PRIVATE
      x-notion-active-user-header:
      - a03b888f-5426-4e4f-b5ef-bed855b162f0
    method: POST
    uri: https://www.notion.so/api/v3/queryCollection
  response:
    body:
      string: '{"result":{"type":"reducer","reducerResults":{"table:uncategorized:title:count":{"type":"aggregation","aggregationResult":{"type":"number","value":2}}},"sizeHint":2},"recordMap":{}}'
    headers:
      Content-Type:
      - application/json; charset=utf-8
      Transfer-Encoding:
      - chunked
      content-encoding:
      - undefined
    status:
      code: 200
      message: OK
- request:
    body: '{"collection": {"id": "7f0f5fe1-d0a3-4844-8c8f-cffeff9d7d90", "spaceId":
      "d51d3ca5-7889-4c70-b906-3a5a37b60274"}, "collectionView": {"id": "0ee6f0f6-1f63-49c2-9df0-6266571311a5",
      "spaceId": "d51d3ca5-7889-4c70-b906-3a5a37b60274"}, "loader": {"reducers": {"collection_group_results":
      {"limit": 2, "type": "results"}}, "searchQuery": "", "sort": [], "userTimeZone":
      "Asia/Tashkent", "type": "reducer"}}'
    headers:
      Content-Length:
      - '400'
      Content-Type:
      - application/json
      cookie:
      - PRIVATE
      x-notion-active-user-header:
      - a03b888f-5426-4e4f-b5ef-bed855b162f0
    method: POST
    uri: https://www.notion.so/api/v3/queryCollection
  response:
    body:
      string: "{\"result\":{\"type\":\"reducer\",\"reducerResults\":{\"collection_group_results\":{\"type\":\"results\",\"blockIds\":[\"782a7367-0c51-4844-a44a-8667a02f977d\",\"9fedd483-d365-4f8f-a474-0d4cd807f1b0\"],\"hasMore\":false}},\"sizeHint\":2},\"recordMap\":{\"block\":{\"782a7367-0c51-4844-a44a-8667a02f977d\":{\"role\":\"editor\",\"value\":{\"id\":\"782a7367-0c51-4844-a44a-8667a02f977d\",\"version\":8,\"type\":\"page\",\"properties\":{\"l8BD\":[[\"\u2023\",[[\"d\",{\"type\":\"datetimerange\",\"end_date\":\"2001-12-05\",\"end_time\":\"00:00\",\"time_zone\":\"Asia/Tashkent\",\"start_date\":\"2001-12-01\",\"start_time\":\"00:00\"}]]]],\"title\":[[\"a\"]]},\"created_time\":1668432327042,\"last_edited_time\":1668432327987,\"parent_id\":\"7f0f5fe1-d0a3-4844-8c8f-cffeff9d7d90\",\"parent_table\":\"collection\",\"alive\":true,\"created_by_table\":\"notion_user\",\"created_by_id\":\"a03b888f-5426-4e4f-b5ef-bed855b162f0\",\"last_edited_by_table\":\"notion_user\",\"last_edited_by_id\":\"a03b888f-5426-4e4f-b5ef-bed855b162f0\",\"space_id\":\"d51d3ca5-7889-4c70-b906-3a5a37b60274\"}},\"9fedd483-d365-4f8f-a474-0d4cd807f1b0\":{\"role\":\"editor\",\"value\":{\"id\":\"9fedd483-d365-4f8f-a474-0d4cd807f1b0\",\"version\":8,\"type\":\"page\",\"properties\":{\"title\":[[\"b\"]]},\"created_time\":1668432330605,\"last_edited_time\":1668432331206,\"parent_id\":\"7f0f5fe1-d0a3-4844-8c8f-cffeff9d7d90\",\"parent_table\":\"collection\",\"alive\":true,\"created_by_table\":\"notion_user\",\"created_by_id\":\"a03b888f-5426-4e4f-b5ef-bed855b162f0\",\"last_edited_by_table\":\"notion_user\",\"last_edited_by_id\":\"a03b888f-5426-4e4f-b5ef-bed855b162f0\",\"space_id\":\"d51d3ca5-7889-4c70-b906-3a5a37b60274\"}},\"4227798f-5693-4002-94cb-e5a1b9a1c3b5\":{\"role\":\"editor\",\"value\":{\"id\":\"4227798f-5693-4002-94cb-e5a1b9a1c3b5\",\"version\":13,\"type\":\"collection_view_page\",\"content\":[\"7f0f5fe1-d0a3-4844-8c8f-cffeff9d7d90\",\"0ee6f0f6-1f63-49c2-9df0-6266571311a5\"],\"view_ids\":[\"0ee6f0f6-1f63-49c2-9df0-6266571311a5\"],\"format\":{\"collection_pointer\":{\"id\":\"7f0f5fe1-d0a3-4844-8c8f-cffeff9d7d90\",\"table\":\"collection\",\"spaceId\":\"d51d3ca5-7889-4c70-b906-3a5a37b60274\"}},\"permissions\":[{\"role\":\"editor\",\"type\":\"user_permission\",\"user_id\":\"a03b888f-5426-4e4f-b5ef-bed855b162f0\"}],\"created_time\":1668432320646,\"last_edited_time\":1668432323267,\"parent_id\":\"d51d3ca5-7889-4c70-b906-3a5a37b60274\",\"parent_table\":\"space\",\"alive\":true,\"created_by_table\":\"notion_user\",\"created_by_id\":\"a03b888f-5426-4e4f-b5ef-bed855b162f0\",\"last_edited_by_table\":\"notion_user\",\"last_edited_by_id\":\"a03b888f-5426-4e4f-b5ef-bed855b162f0\",\"space_id\":\"d51d3ca5-7889-4c70-b906-3a5a37b60274\"}}},\"collection\":{\"7f0f5fe1-d0a3-4844-8c8f-cffeff9d7d90\":{\"role\":\"editor\",\"value\":{\"id\":\"7f0f5fe1-d0a3-4844-8c8f-cffeff9d7d90\",\"version\":2,\"name\":[[\"TESTING
        PAGE\"]],\"schema\":{\"l8BD\":{\"name\":\"b\",\"type\":\"date\"},\"title\":{\"name\":\"a\",\"type\":\"title\"}},\"parent_id\":\"4227798f-5693-4002-94cb-e5a1b9a1c3b5\",\"parent_table\":\"block\",\"alive\":true,\"migrated\":true,\"space_id\":\"d51d3ca5-7889-4c70-b906-3a5a37b60274\"}}},\"space\":{\"d51d3ca5-7889-4c70-b906-3a5a37b60274\":{\"role\":\"editor\",\"value\":{\"id\":\"d51d3ca5-7889-4c70-b906-3a5a37b60274\",\"version\":6066,\"name\":\"test_py\",\"permissions\":[{\"role\":\"editor\",\"type\":\"user_permission\",\"user_id\":\"a03b888f-5426-4e4f-b5ef-bed855b162f0\"}],\"beta_enabled\":false,\"pages\":[\"4227798f-5693-4002-94cb-e5a1b9a1c3b5\"],\"created_time\":1638259881592,\"last_edited_time\":1657343400000,\"created_by_table\":\"notion_user\",\"created_by_id\":\"a03b888f-5426-4e4f-b5ef-bed855b162f0\",\"last_edited_by_table\":\"notion_user\",\"last_edited_by_id\":\"a03b888f-5426-4e4f-b5ef-bed855b162f0\",\"plan_type\":\"personal\",\"invite_link_enabled\":true,\"subscription_tier\":\"personal_free\"}}}}}"
    headers:
      Content-Type:
      - application/json; charset=utf-8
      Transfer-Encoding:
      - chunked
      content-length:
      - '3514'
    status:
      code: 200
      message: OK
- request:
    body: '{"collection": {"id": "7f0f5fe1-d0a3-4844-8c8f-cffeff9d7d90", "spaceId":
      "d51d3ca5-7889-4c70-b906-3a5a37b60274"}, "collectionView": {"id": "0ee6f0f6-1f63-49c2-9df0-6266571311a5",
      "spaceId": "d51d3ca5-7889-4c70-b906-3a5a37b60274"}, "loader": {"reducers": {"table:uncategorized:title:count":
      {"aggregation": {"aggregator": "count", "property": "title"}, "type": "aggregation"}},
      "searchQuery": "", "sort": [], "userTimeZone": "Asia/Tashkent", "type": "reducer"}}'
    headers:
      Content-Length:
      - '460'
      Content-Type:
      - application/json
      cookie:
      - PRIVATE
      x-notion-active-user-header:
      - a03b888f-5426-4e4f-b5ef-bed855b162f0
    method: POST
    uri: https://www.notion.so/api/v3/queryCollection
  response:
    body:
      string: '{"result":{"type":"reducer","reducerResults":{"table:uncategorized:title:count":{"type":"aggregation","aggregationResult":{"type":"number","value":2}}},"sizeHint":2},"recordMap":{}}'
    headers:
      Content-Type:
      - application/json; charset=utf-8
      Transfer-Encoding:
      - chunked
      content-encoding:
      - undefined
    status:
      code: 200
      message: OK
- request:
    body: '{"collection": {"id": "7f0f5fe1-d0a3-4844-8c8f-cffeff9d7d90", "spaceId":
      "d51d3ca5-7889-4c70-b906-3a5a37b60274"}, "collectionView": {"id": "0ee6f0f6-1f63-49c2-9df0-6266571311a5",
      "spaceId": "d51d3ca5-7889-4c70-b906-3a5a37b60274"}, "loader": {"reducers": {"collection_group_results":
      {"limit": 2, "type": "results"}}, "searchQuery": "", "sort": [], "userTimeZone":
      "Asia/Tashkent", "type": "reducer"}}'
    headers:
      Content-Length:
      - '400'
      Content-Type:
      - application/json
      cookie:
      - PRIVATE
      x-notion-active-user-header:
      - a03b888f-5426-4e4f-b5ef-bed855b162f0
    method: POST
    uri: https://www.notion.so/api/v3/queryCollection
  response:
    body:
      string: "{\"result\":{\"type\":\"reducer\",\"reducerResults\":{\"collection_group_results\":{\"type\":\"results\",\"blockIds\":[\"782a7367-0c51-4844-a44a-8667a02f977d\",\"9fedd483-d365-4f8f-a474-0d4cd807f1b0\"],\"hasMore\":false}},\"sizeHint\":2},\"recordMap\":{\"block\":{\"782a7367-0c51-4844-a44a-8667a02f977d\":{\"role\":\"editor\",\"value\":{\"id\":\"782a7367-0c51-4844-a44a-8667a02f977d\",\"version\":8,\"type\":\"page\",\"properties\":{\"l8BD\":[[\"\u2023\",[[\"d\",{\"type\":\"datetimerange\",\"end_date\":\"2001-12-05\",\"end_time\":\"00:00\",\"time_zone\":\"Asia/Tashkent\",\"start_date\":\"2001-12-01\",\"start_time\":\"00:00\"}]]]],\"title\":[[\"a\"]]},\"created_time\":1668432327042,\"last_edited_time\":1668432327987,\"parent_id\":\"7f0f5fe1-d0a3-4844-8c8f-cffeff9d7d90\",\"parent_table\":\"collection\",\"alive\":true,\"created_by_table\":\"notion_user\",\"created_by_id\":\"a03b888f-5426-4e4f-b5ef-bed855b162f0\",\"last_edited_by_table\":\"notion_user\",\"last_edited_by_id\":\"a03b888f-5426-4e4f-b5ef-bed855b162f0\",\"space_id\":\"d51d3ca5-7889-4c70-b906-3a5a37b60274\"}},\"9fedd483-d365-4f8f-a474-0d4cd807f1b0\":{\"role\":\"editor\",\"value\":{\"id\":\"9fedd483-d365-4f8f-a474-0d4cd807f1b0\",\"version\":8,\"type\":\"page\",\"properties\":{\"title\":[[\"b\"]]},\"created_time\":1668432330605,\"last_edited_time\":1668432331206,\"parent_id\":\"7f0f5fe1-d0a3-4844-8c8f-cffeff9d7d90\",\"parent_table\":\"collection\",\"alive\":true,\"created_by_table\":\"notion_user\",\"created_by_id\":\"a03b888f-5426-4e4f-b5ef-bed855b162f0\",\"last_edited_by_table\":\"notion_user\",\"last_edited_by_id\":\"a03b888f-5426-4e4f-b5ef-bed855b162f0\",\"space_id\":\"d51d3ca5-7889-4c70-b906-3a5a37b60274\"}},\"4227798f-5693-4002-94cb-e5a1b9a1c3b5\":{\"role\":\"editor\",\"value\":{\"id\":\"4227798f-5693-4002-94cb-e5a1b9a1c3b5\",\"version\":13,\"type\":\"collection_view_page\",\"content\":[\"7f0f5fe1-d0a3-4844-8c8f-cffeff9d7d90\",\"0ee6f0f6-1f63-49c2-9df0-6266571311a5\"],\"view_ids\":[\"0ee6f0f6-1f63-49c2-9df0-6266571311a5\"],\"format\":{\"collection_pointer\":{\"id\":\"7f0f5fe1-d0a3-4844-8c8f-cffeff9d7d90\",\"table\":\"collection\",\"spaceId\":\"d51d3ca5-7889-4c70-b906-3a5a37b60274\"}},\"permissions\":[{\"role\":\"editor\",\"type\":\"user_permission\",\"user_id\":\"a03b888f-5426-4e4f-b5ef-bed855b162f0\"}],\"created_time\":1668432320646,\"last_edited_time\":1668432323267,\"parent_id\":\"d51d3ca5-7889-4c70-b906-3a5a37b60274\",\"parent_table\":\"space\",\"alive\":true,\"created_by_table\":\"notion_user\",\"created_by_id\":\"a03b888f-5426-4e4f-b5ef-bed855b162f0\",\"last_edited_by_table\":\"notion_user\",\"last_edited_by_id\":\"a03b888f-5426-4e4f-b5ef-bed855b162f0\",\"space_id\":\"d51d3ca5-7889-4c70-b906-3a5a37b60274\"}}},\"collection\":{\"7f0f5fe1-d0a3-4844-8c8f-cffeff9d7d90\":{\"role\":\"editor\",\"value\":{\"id\":\"7f0f5fe1-d0a3-4844-8c8f-cffeff9d7d90\",\"version\":2,\"name\":[[\"TESTING
        PAGE\"]],\"schema\":{\"l8BD\":{\"name\":\"b\",\"type\":\"date\"},\"title\":{\"name\":\"a\",\"type\":\"title\"}},\"parent_id\":\"4227798f-5693-4002-94cb-e5a1b9a1c3b5\",\"parent_table\":\"block\",\"alive\":true,\"migrated\":true,\"space_id\":\"d51d3ca5-7889-4c70-b906-3a5a37b60274\"}}},\"space\":{\"d51d3ca5-7889-4c70-b906-3a5a37b60274\":{\"role\":\"editor\",\"value\":{\"id\":\"d51d3ca5-7889-4c70-b906-3a5a37b60274\",\"version\":6066,\"name\":\"test_py\",\"permissions\":[{\"role\":\"editor\",\"type\":\"user_permission\",\"user_id\":\"a03b888f-5426-4e4f-b5ef-bed855b162f0\"}],\"beta_enabled\":false,\"pages\":[\"4227798f-5693-4002-94cb-e5a1b9a1c3b5\"],\"created_time\":1638259881592,\"last_edited_time\":1657343400000,\"created_by_table\":\"notion_user\",\"created_by_id\":\"a03b888f-5426-4e4f-b5ef-bed855b162f0\",\"last_edited_by_table\":\"notion_user\",\"last_edited_by_id\":\"a03b888f-5426-4e4f-b5ef-bed855b162f0\",\"plan_type\":\"personal\",\"invite_link_enabled\":true,\"subscription_tier\":\"personal_free\"}}}}}"
    headers:
      Content-Type:
      - application/json; charset=utf-8
      Transfer-Encoding:
      - chunked
      content-length:
      - '3514'
    status:
      code: 200
      message: OK
- request:
    body: '{"collection": {"id": "7f0f5fe1-d0a3-4844-8c8f-cffeff9d7d90", "spaceId":
      "d51d3ca5-7889-4c70-b906-3a5a37b60274"}, "collectionView": {"id": "0ee6f0f6-1f63-49c2-9df0-6266571311a5",
      "spaceId": "d51d3ca5-7889-4c70-b906-3a5a37b60274"}, "loader": {"reducers": {"table:uncategorized:title:count":
      {"aggregation": {"aggregator": "count", "property": "title"}, "type": "aggregation"}},
      "searchQuery": "", "sort": [], "userTimeZone": "Asia/Tashkent", "type": "reducer"}}'
    headers:
      Content-Length:
      - '460'
      Content-Type:
      - application/json
      cookie:
      - PRIVATE
      x-notion-active-user-header:
      - a03b888f-5426-4e4f-b5ef-bed855b162f0
    method: POST
    uri: https://www.notion.so/api/v3/queryCollection
  response:
    body:
      string: '{"result":{"type":"reducer","reducerResults":{"table:uncategorized:title:count":{"type":"aggregation","aggregationResult":{"type":"number","value":2}}},"sizeHint":2},"recordMap":{}}'
    headers:
      Content-Type:
      - application/json; charset=utf-8
      Transfer-Encoding:
      - chunked
      content-encoding:
      - undefined
    status:
      code: 200
      message: OK
- request:
    body: '{"collection": {"id": "7f0f5fe1-d0a3-4844-8c8f-cffeff9d7d90", "spaceId":
      "d51d3ca5-7889-4c70-b906-3a5a37b60274"}, "collectionView": {"id": "0ee6f0f6-1f63-49c2-9df0-6266571311a5",
      "spaceId": "d51d3ca5-7889-4c70-b906-3a5a37b60274"}, "loader": {"reducers": {"collection_group_results":
      {"limit": 2, "type": "results"}}, "searchQuery": "", "sort": [], "userTimeZone":
      "Asia/Tashkent", "type": "reducer"}}'
    headers:
      Content-Length:
      - '400'
      Content-Type:
      - application/json
      cookie:
      - PRIVATE
      x-notion-active-user-header:
      - a03b888f-5426-4e4f-b5ef-bed855b162f0
    method: POST
    uri: https://www.notion.so/api/v3/queryCollection
  response:
    body:
      string: "{\"result\":{\"type\":\"reducer\",\"reducerResults\":{\"collection_group_results\":{\"type\":\"results\",\"blockIds\":[\"782a7367-0c51-4844-a44a-8667a02f977d\",\"9fedd483-d365-4f8f-a474-0d4cd807f1b0\"],\"hasMore\":false}},\"sizeHint\":2},\"recordMap\":{\"block\":{\"782a7367-0c51-4844-a44a-8667a02f977d\":{\"role\":\"editor\",\"value\":{\"id\":\"782a7367-0c51-4844-a44a-8667a02f977d\",\"version\":8,\"type\":\"page\",\"properties\":{\"l8BD\":[[\"\u2023\",[[\"d\",{\"type\":\"datetimerange\",\"end_date\":\"2001-12-05\",\"end_time\":\"00:00\",\"time_zone\":\"Asia/Tashkent\",\"start_date\":\"2001-12-01\",\"start_time\":\"00:00\"}]]]],\"title\":[[\"a\"]]},\"created_time\":1668432327042,\"last_edited_time\":1668432327987,\"parent_id\":\"7f0f5fe1-d0a3-4844-8c8f-cffeff9d7d90\",\"parent_table\":\"collection\",\"alive\":true,\"created_by_table\":\"notion_user\",\"created_by_id\":\"a03b888f-5426-4e4f-b5ef-bed855b162f0\",\"last_edited_by_table\":\"notion_user\",\"last_edited_by_id\":\"a03b888f-5426-4e4f-b5ef-bed855b162f0\",\"space_id\":\"d51d3ca5-7889-4c70-b906-3a5a37b60274\"}},\"9fedd483-d365-4f8f-a474-0d4cd807f1b0\":{\"role\":\"editor\",\"value\":{\"id\":\"9fedd483-d365-4f8f-a474-0d4cd807f1b0\",\"version\":8,\"type\":\"page\",\"properties\":{\"title\":[[\"b\"]]},\"created_time\":1668432330605,\"last_edited_time\":1668432331206,\"parent_id\":\"7f0f5fe1-d0a3-4844-8c8f-cffeff9d7d90\",\"parent_table\":\"collection\",\"alive\":true,\"created_by_table\":\"notion_user\",\"created_by_id\":\"a03b888f-5426-4e4f-b5ef-bed855b162f0\",\"last_edited_by_table\":\"notion_user\",\"last_edited_by_id\":\"a03b888f-5426-4e4f-b5ef-bed855b162f0\",\"space_id\":\"d51d3ca5-7889-4c70-b906-3a5a37b60274\"}},\"4227798f-5693-4002-94cb-e5a1b9a1c3b5\":{\"role\":\"editor\",\"value\":{\"id\":\"4227798f-5693-4002-94cb-e5a1b9a1c3b5\",\"version\":13,\"type\":\"collection_view_page\",\"content\":[\"7f0f5fe1-d0a3-4844-8c8f-cffeff9d7d90\",\"0ee6f0f6-1f63-49c2-9df0-6266571311a5\"],\"view_ids\":[\"0ee6f0f6-1f63-49c2-9df0-6266571311a5\"],\"format\":{\"collection_pointer\":{\"id\":\"7f0f5fe1-d0a3-4844-8c8f-cffeff9d7d90\",\"table\":\"collection\",\"spaceId\":\"d51d3ca5-7889-4c70-b906-3a5a37b60274\"}},\"permissions\":[{\"role\":\"editor\",\"type\":\"user_permission\",\"user_id\":\"a03b888f-5426-4e4f-b5ef-bed855b162f0\"}],\"created_time\":1668432320646,\"last_edited_time\":1668432323267,\"parent_id\":\"d51d3ca5-7889-4c70-b906-3a5a37b60274\",\"parent_table\":\"space\",\"alive\":true,\"created_by_table\":\"notion_user\",\"created_by_id\":\"a03b888f-5426-4e4f-b5ef-bed855b162f0\",\"last_edited_by_table\":\"notion_user\",\"last_edited_by_id\":\"a03b888f-5426-4e4f-b5ef-bed855b162f0\",\"space_id\":\"d51d3ca5-7889-4c70-b906-3a5a37b60274\"}}},\"collection\":{\"7f0f5fe1-d0a3-4844-8c8f-cffeff9d7d90\":{\"role\":\"editor\",\"value\":{\"id\":\"7f0f5fe1-d0a3-4844-8c8f-cffeff9d7d90\",\"version\":2,\"name\":[[\"TESTING
        PAGE\"]],\"schema\":{\"l8BD\":{\"name\":\"b\",\"type\":\"date\"},\"title\":{\"name\":\"a\",\"type\":\"title\"}},\"parent_id\":\"4227798f-5693-4002-94cb-e5a1b9a1c3b5\",\"parent_table\":\"block\",\"alive\":true,\"migrated\":true,\"space_id\":\"d51d3ca5-7889-4c70-b906-3a5a37b60274\"}}},\"space\":{\"d51d3ca5-7889-4c70-b906-3a5a37b60274\":{\"role\":\"editor\",\"value\":{\"id\":\"d51d3ca5-7889-4c70-b906-3a5a37b60274\",\"version\":6066,\"name\":\"test_py\",\"permissions\":[{\"role\":\"editor\",\"type\":\"user_permission\",\"user_id\":\"a03b888f-5426-4e4f-b5ef-bed855b162f0\"}],\"beta_enabled\":false,\"pages\":[\"4227798f-5693-4002-94cb-e5a1b9a1c3b5\"],\"created_time\":1638259881592,\"last_edited_time\":1657343400000,\"created_by_table\":\"notion_user\",\"created_by_id\":\"a03b888f-5426-4e4f-b5ef-bed855b162f0\",\"last_edited_by_table\":\"notion_user\",\"last_edited_by_id\":\"a03b888f-5426-4e4f-b5ef-bed855b162f0\",\"plan_type\":\"personal\",\"invite_link_enabled\":true,\"subscription_tier\":\"personal_free\"}}}}}"
    headers:
      Content-Type:
      - application/json; charset=utf-8
      Transfer-Encoding:
      - chunked
      content-length:
      - '3514'
    status:
      code: 200
      message: OK
- request:
    body: '{"collection": {"id": "7f0f5fe1-d0a3-4844-8c8f-cffeff9d7d90", "spaceId":
      "d51d3ca5-7889-4c70-b906-3a5a37b60274"}, "collectionView": {"id": "0ee6f0f6-1f63-49c2-9df0-6266571311a5",
      "spaceId": "d51d3ca5-7889-4c70-b906-3a5a37b60274"}, "loader": {"reducers": {"table:uncategorized:title:count":
      {"aggregation": {"aggregator": "count", "property": "title"}, "type": "aggregation"}},
      "searchQuery": "", "sort": [], "userTimeZone": "Asia/Tashkent", "type": "reducer"}}'
    headers:
      Content-Length:
      - '460'
      Content-Type:
      - application/json
      cookie:
      - PRIVATE
      x-notion-active-user-header:
      - a03b888f-5426-4e4f-b5ef-bed855b162f0
    method: POST
    uri: https://www.notion.so/api/v3/queryCollection
  response:
    body:
      string: '{"result":{"type":"reducer","reducerResults":{"table:uncategorized:title:count":{"type":"aggregation","aggregationResult":{"type":"number","value":2}}},"sizeHint":2},"recordMap":{}}'
    headers:
      Content-Type:
      - application/json; charset=utf-8
      Transfer-Encoding:
      - chunked
      content-encoding:
      - undefined
    status:
      code: 200
      message: OK
- request:
    body: '{"collection": {"id": "7f0f5fe1-d0a3-4844-8c8f-cffeff9d7d90", "spaceId":
      "d51d3ca5-7889-4c70-b906-3a5a37b60274"}, "collectionView": {"id": "0ee6f0f6-1f63-49c2-9df0-6266571311a5",
      "spaceId": "d51d3ca5-7889-4c70-b906-3a5a37b60274"}, "loader": {"reducers": {"collection_group_results":
      {"limit": 2, "type": "results"}}, "searchQuery": "", "sort": [], "userTimeZone":
      "Asia/Tashkent", "type": "reducer"}}'
    headers:
      Content-Length:
      - '400'
      Content-Type:
      - application/json
      cookie:
      - PRIVATE
      x-notion-active-user-header:
      - a03b888f-5426-4e4f-b5ef-bed855b162f0
    method: POST
    uri: https://www.notion.so/api/v3/queryCollection
  response:
    body:
      string: "{\"result\":{\"type\":\"reducer\",\"reducerResults\":{\"collection_group_results\":{\"type\":\"results\",\"blockIds\":[\"782a7367-0c51-4844-a44a-8667a02f977d\",\"9fedd483-d365-4f8f-a474-0d4cd807f1b0\"],\"hasMore\":false}},\"sizeHint\":2},\"recordMap\":{\"block\":{\"782a7367-0c51-4844-a44a-8667a02f977d\":{\"role\":\"editor\",\"value\":{\"id\":\"782a7367-0c51-4844-a44a-8667a02f977d\",\"version\":8,\"type\":\"page\",\"properties\":{\"l8BD\":[[\"\u2023\",[[\"d\",{\"type\":\"datetimerange\",\"end_date\":\"2001-12-05\",\"end_time\":\"00:00\",\"time_zone\":\"Asia/Tashkent\",\"start_date\":\"2001-12-01\",\"start_time\":\"00:00\"}]]]],\"title\":[[\"a\"]]},\"created_time\":1668432327042,\"last_edited_time\":1668432327987,\"parent_id\":\"7f0f5fe1-d0a3-4844-8c8f-cffeff9d7d90\",\"parent_table\":\"collection\",\"alive\":true,\"created_by_table\":\"notion_user\",\"created_by_id\":\"a03b888f-5426-4e4f-b5ef-bed855b162f0\",\"last_edited_by_table\":\"notion_user\",\"last_edited_by_id\":\"a03b888f-5426-4e4f-b5ef-bed855b162f0\",\"space_id\":\"d51d3ca5-7889-4c70-b906-3a5a37b60274\"}},\"9fedd483-d365-4f8f-a474-0d4cd807f1b0\":{\"role\":\"editor\",\"value\":{\"id\":\"9fedd483-d365-4f8f-a474-0d4cd807f1b0\",\"version\":8,\"type\":\"page\",\"properties\":{\"title\":[[\"b\"]]},\"created_time\":1668432330605,\"last_edited_time\":1668432331206,\"parent_id\":\"7f0f5fe1-d0a3-4844-8c8f-cffeff9d7d90\",\"parent_table\":\"collection\",\"alive\":true,\"created_by_table\":\"notion_user\",\"created_by_id\":\"a03b888f-5426-4e4f-b5ef-bed855b162f0\",\"last_edited_by_table\":\"notion_user\",\"last_edited_by_id\":\"a03b888f-5426-4e4f-b5ef-bed855b162f0\",\"space_id\":\"d51d3ca5-7889-4c70-b906-3a5a37b60274\"}},\"4227798f-5693-4002-94cb-e5a1b9a1c3b5\":{\"role\":\"editor\",\"value\":{\"id\":\"4227798f-5693-4002-94cb-e5a1b9a1c3b5\",\"version\":13,\"type\":\"collection_view_page\",\"content\":[\"7f0f5fe1-d0a3-4844-8c8f-cffeff9d7d90\",\"0ee6f0f6-1f63-49c2-9df0-6266571311a5\"],\"view_ids\":[\"0ee6f0f6-1f63-49c2-9df0-6266571311a5\"],\"format\":{\"collection_pointer\":{\"id\":\"7f0f5fe1-d0a3-4844-8c8f-cffeff9d7d90\",\"table\":\"collection\",\"spaceId\":\"d51d3ca5-7889-4c70-b906-3a5a37b60274\"}},\"permissions\":[{\"role\":\"editor\",\"type\":\"user_permission\",\"user_id\":\"a03b888f-5426-4e4f-b5ef-bed855b162f0\"}],\"created_time\":1668432320646,\"last_edited_time\":1668432323267,\"parent_id\":\"d51d3ca5-7889-4c70-b906-3a5a37b60274\",\"parent_table\":\"space\",\"alive\":true,\"created_by_table\":\"notion_user\",\"created_by_id\":\"a03b888f-5426-4e4f-b5ef-bed855b162f0\",\"last_edited_by_table\":\"notion_user\",\"last_edited_by_id\":\"a03b888f-5426-4e4f-b5ef-bed855b162f0\",\"space_id\":\"d51d3ca5-7889-4c70-b906-3a5a37b60274\"}}},\"collection\":{\"7f0f5fe1-d0a3-4844-8c8f-cffeff9d7d90\":{\"role\":\"editor\",\"value\":{\"id\":\"7f0f5fe1-d0a3-4844-8c8f-cffeff9d7d90\",\"version\":2,\"name\":[[\"TESTING
        PAGE\"]],\"schema\":{\"l8BD\":{\"name\":\"b\",\"type\":\"date\"},\"title\":{\"name\":\"a\",\"type\":\"title\"}},\"parent_id\":\"4227798f-5693-4002-94cb-e5a1b9a1c3b5\",\"parent_table\":\"block\",\"alive\":true,\"migrated\":true,\"space_id\":\"d51d3ca5-7889-4c70-b906-3a5a37b60274\"}}},\"space\":{\"d51d3ca5-7889-4c70-b906-3a5a37b60274\":{\"role\":\"editor\",\"value\":{\"id\":\"d51d3ca5-7889-4c70-b906-3a5a37b60274\",\"version\":6066,\"name\":\"test_py\",\"permissions\":[{\"role\":\"editor\",\"type\":\"user_permission\",\"user_id\":\"a03b888f-5426-4e4f-b5ef-bed855b162f0\"}],\"beta_enabled\":false,\"pages\":[\"4227798f-5693-4002-94cb-e5a1b9a1c3b5\"],\"created_time\":1638259881592,\"last_edited_time\":1657343400000,\"created_by_table\":\"notion_user\",\"created_by_id\":\"a03b888f-5426-4e4f-b5ef-bed855b162f0\",\"last_edited_by_table\":\"notion_user\",\"last_edited_by_id\":\"a03b888f-5426-4e4f-b5ef-bed855b162f0\",\"plan_type\":\"personal\",\"invite_link_enabled\":true,\"subscription_tier\":\"personal_free\"}}}}}"
    headers:
      Content-Type:
      - application/json; charset=utf-8
      Transfer-Encoding:
      - chunked
      content-length:
      - '3514'
    status:
      code: 200
      message: OK
- request:
    body: '{"collection": {"id": "7f0f5fe1-d0a3-4844-8c8f-cffeff9d7d90", "spaceId":
      "d51d3ca5-7889-4c70-b906-3a5a37b60274"}, "collectionView": {"id": "0ee6f0f6-1f63-49c2-9df0-6266571311a5",
      "spaceId": "d51d3ca5-7889-4c70-b906-3a5a37b60274"}, "loader": {"reducers": {"table:uncategorized:title:count":
      {"aggregation": {"aggregator": "count", "property": "title"}, "type": "aggregation"}},
      "searchQuery": "", "sort": [], "userTimeZone": "Asia/Tashkent", "type": "reducer"}}'
    headers:
      Content-Length:
      - '460'
      Content-Type:
      - application/json
      cookie:
      - PRIVATE
      x-notion-active-user-header:
      - a03b888f-5426-4e4f-b5ef-bed855b162f0
    method: POST
    uri: https://www.notion.so/api/v3/queryCollection
  response:
    body:
      string: '{"result":{"type":"reducer","reducerResults":{"table:uncategorized:title:count":{"type":"aggregation","aggregationResult":{"type":"number","value":2}}},"sizeHint":2},"recordMap":{}}'
    headers:
      Content-Type:
      - application/json; charset=utf-8
      Transfer-Encoding:
      - chunked
      content-encoding:
      - undefined
    status:
      code: 200
      message: OK
- request:
    body: '{"collection": {"id": "7f0f5fe1-d0a3-4844-8c8f-cffeff9d7d90", "spaceId":
      "d51d3ca5-7889-4c70-b906-3a5a37b60274"}, "collectionView": {"id": "0ee6f0f6-1f63-49c2-9df0-6266571311a5",
      "spaceId": "d51d3ca5-7889-4c70-b906-3a5a37b60274"}, "loader": {"reducers": {"collection_group_results":
      {"limit": 2, "type": "results"}}, "searchQuery": "", "sort": [], "userTimeZone":
      "Asia/Tashkent", "type": "reducer"}}'
    headers:
      Content-Length:
      - '400'
      Content-Type:
      - application/json
      cookie:
      - PRIVATE
      x-notion-active-user-header:
      - a03b888f-5426-4e4f-b5ef-bed855b162f0
    method: POST
    uri: https://www.notion.so/api/v3/queryCollection
  response:
    body:
      string: "{\"result\":{\"type\":\"reducer\",\"reducerResults\":{\"collection_group_results\":{\"type\":\"results\",\"blockIds\":[\"782a7367-0c51-4844-a44a-8667a02f977d\",\"9fedd483-d365-4f8f-a474-0d4cd807f1b0\"],\"hasMore\":false}},\"sizeHint\":2},\"recordMap\":{\"block\":{\"782a7367-0c51-4844-a44a-8667a02f977d\":{\"role\":\"editor\",\"value\":{\"id\":\"782a7367-0c51-4844-a44a-8667a02f977d\",\"version\":8,\"type\":\"page\",\"properties\":{\"l8BD\":[[\"\u2023\",[[\"d\",{\"type\":\"datetimerange\",\"end_date\":\"2001-12-05\",\"end_time\":\"00:00\",\"time_zone\":\"Asia/Tashkent\",\"start_date\":\"2001-12-01\",\"start_time\":\"00:00\"}]]]],\"title\":[[\"a\"]]},\"created_time\":1668432327042,\"last_edited_time\":1668432327987,\"parent_id\":\"7f0f5fe1-d0a3-4844-8c8f-cffeff9d7d90\",\"parent_table\":\"collection\",\"alive\":true,\"created_by_table\":\"notion_user\",\"created_by_id\":\"a03b888f-5426-4e4f-b5ef-bed855b162f0\",\"last_edited_by_table\":\"notion_user\",\"last_edited_by_id\":\"a03b888f-5426-4e4f-b5ef-bed855b162f0\",\"space_id\":\"d51d3ca5-7889-4c70-b906-3a5a37b60274\"}},\"9fedd483-d365-4f8f-a474-0d4cd807f1b0\":{\"role\":\"editor\",\"value\":{\"id\":\"9fedd483-d365-4f8f-a474-0d4cd807f1b0\",\"version\":8,\"type\":\"page\",\"properties\":{\"title\":[[\"b\"]]},\"created_time\":1668432330605,\"last_edited_time\":1668432331206,\"parent_id\":\"7f0f5fe1-d0a3-4844-8c8f-cffeff9d7d90\",\"parent_table\":\"collection\",\"alive\":true,\"created_by_table\":\"notion_user\",\"created_by_id\":\"a03b888f-5426-4e4f-b5ef-bed855b162f0\",\"last_edited_by_table\":\"notion_user\",\"last_edited_by_id\":\"a03b888f-5426-4e4f-b5ef-bed855b162f0\",\"space_id\":\"d51d3ca5-7889-4c70-b906-3a5a37b60274\"}},\"4227798f-5693-4002-94cb-e5a1b9a1c3b5\":{\"role\":\"editor\",\"value\":{\"id\":\"4227798f-5693-4002-94cb-e5a1b9a1c3b5\",\"version\":13,\"type\":\"collection_view_page\",\"content\":[\"7f0f5fe1-d0a3-4844-8c8f-cffeff9d7d90\",\"0ee6f0f6-1f63-49c2-9df0-6266571311a5\"],\"view_ids\":[\"0ee6f0f6-1f63-49c2-9df0-6266571311a5\"],\"format\":{\"collection_pointer\":{\"id\":\"7f0f5fe1-d0a3-4844-8c8f-cffeff9d7d90\",\"table\":\"collection\",\"spaceId\":\"d51d3ca5-7889-4c70-b906-3a5a37b60274\"}},\"permissions\":[{\"role\":\"editor\",\"type\":\"user_permission\",\"user_id\":\"a03b888f-5426-4e4f-b5ef-bed855b162f0\"}],\"created_time\":1668432320646,\"last_edited_time\":1668432323267,\"parent_id\":\"d51d3ca5-7889-4c70-b906-3a5a37b60274\",\"parent_table\":\"space\",\"alive\":true,\"created_by_table\":\"notion_user\",\"created_by_id\":\"a03b888f-5426-4e4f-b5ef-bed855b162f0\",\"last_edited_by_table\":\"notion_user\",\"last_edited_by_id\":\"a03b888f-5426-4e4f-b5ef-bed855b162f0\",\"space_id\":\"d51d3ca5-7889-4c70-b906-3a5a37b60274\"}}},\"collection\":{\"7f0f5fe1-d0a3-4844-8c8f-cffeff9d7d90\":{\"role\":\"editor\",\"value\":{\"id\":\"7f0f5fe1-d0a3-4844-8c8f-cffeff9d7d90\",\"version\":2,\"name\":[[\"TESTING
        PAGE\"]],\"schema\":{\"l8BD\":{\"name\":\"b\",\"type\":\"date\"},\"title\":{\"name\":\"a\",\"type\":\"title\"}},\"parent_id\":\"4227798f-5693-4002-94cb-e5a1b9a1c3b5\",\"parent_table\":\"block\",\"alive\":true,\"migrated\":true,\"space_id\":\"d51d3ca5-7889-4c70-b906-3a5a37b60274\"}}},\"space\":{\"d51d3ca5-7889-4c70-b906-3a5a37b60274\":{\"role\":\"editor\",\"value\":{\"id\":\"d51d3ca5-7889-4c70-b906-3a5a37b60274\",\"version\":6066,\"name\":\"test_py\",\"permissions\":[{\"role\":\"editor\",\"type\":\"user_permission\",\"user_id\":\"a03b888f-5426-4e4f-b5ef-bed855b162f0\"}],\"beta_enabled\":false,\"pages\":[\"4227798f-5693-4002-94cb-e5a1b9a1c3b5\"],\"created_time\":1638259881592,\"last_edited_time\":1657343400000,\"created_by_table\":\"notion_user\",\"created_by_id\":\"a03b888f-5426-4e4f-b5ef-bed855b162f0\",\"last_edited_by_table\":\"notion_user\",\"last_edited_by_id\":\"a03b888f-5426-4e4f-b5ef-bed855b162f0\",\"plan_type\":\"personal\",\"invite_link_enabled\":true,\"subscription_tier\":\"personal_free\"}}}}}"
    headers:
      Content-Type:
      - application/json; charset=utf-8
      Transfer-Encoding:
      - chunked
      content-length:
      - '3514'
    status:
      code: 200
      message: OK
- request:
    body: '{"operations": [{"id": "4227798f-5693-4002-94cb-e5a1b9a1c3b5", "path":
      [], "args": {"alive": false}, "command": "update", "table": "block"}, {"args":
      {"last_edited_by_id": "a03b888f-5426-4e4f-b5ef-bed855b162f0", "last_edited_by_table":
      "notion_user", "last_edited_time": 1668432337748}, "command": "update", "id":
      "4227798f-5693-4002-94cb-e5a1b9a1c3b5", "path": [], "table": "block"}, {"id":
      "d51d3ca5-7889-4c70-b906-3a5a37b60274", "path": ["pages"], "args": {"id": "4227798f-5693-4002-94cb-e5a1b9a1c3b5"},
      "command": "listRemove", "table": "space"}, {"args": {"last_edited_by_id": "a03b888f-5426-4e4f-b5ef-bed855b162f0",
      "last_edited_by_table": "notion_user", "last_edited_time": 1668432337748}, "command":
      "update", "id": "4227798f-5693-4002-94cb-e5a1b9a1c3b5", "path": [], "table":
      "block"}]}'
    headers:
      Content-Length:
      - '795'
      Content-Type:
      - application/json
      cookie:
      - PRIVATE
      x-notion-active-user-header:
      - a03b888f-5426-4e4f-b5ef-bed855b162f0
    method: POST
    uri: https://www.notion.so/api/v3/submitTransaction
  response:
    body:
      string: '{}'
    headers:
      Content-Length:
      - '2'
      Content-Type:
      - application/json; charset=utf-8
    status:
      code: 200
      message: OK
- request:
    body: '{"blockIds": ["4227798f-5693-4002-94cb-e5a1b9a1c3b5"], "permanentlyDelete":
      true}'
    headers:
      Content-Length:
      - '81'
      Content-Type:
      - application/json
      cookie:
      - PRIVATE
      x-notion-active-user-header:
      - a03b888f-5426-4e4f-b5ef-bed855b162f0
    method: POST
    uri: https://www.notion.so/api/v3/deleteBlocks
  response:
    body:
      string: '{"recordMap":{}}'
    headers:
      Content-Length:
      - '16'
      Content-Type:
      - application/json; charset=utf-8
    status:
      code: 200
      message: OK
version: 1
