interactions:
- request:
    body: '{}'
    headers:
      Content-Length:
      - '2'
      content-type:
      - application/json
      cookie:
      - PRIVATE
    method: POST
    uri: https://www.notion.so/api/v3/loadUserContent
  response:
    body:
      string: '{"recordMap":{"notion_user":{"a03b888f-5426-4e4f-b5ef-bed855b162f0":{"role":"editor","value":{"id":"a03b888f-5426-4e4f-b5ef-bed855b162f0","version":7,"email":"test_py_notion@protonmail.com","onboarding_completed":true,"name":"test_py"}}},"user_root":{"a03b888f-5426-4e4f-b5ef-bed855b162f0":{"role":"editor","value":{"id":"a03b888f-5426-4e4f-b5ef-bed855b162f0","version":3,"space_views":["703440cc-f5cb-4f27-ba54-a9125a58e033"],"space_view_pointers":[{"id":"703440cc-f5cb-4f27-ba54-a9125a58e033","table":"space_view","spaceId":"d51d3ca5-7889-4c70-b906-3a5a37b60274"}]}}},"user_settings":{"a03b888f-5426-4e4f-b5ef-bed855b162f0":{"role":"editor","value":{"id":"a03b888f-5426-4e4f-b5ef-bed855b162f0","version":10,"settings":{"type":"personal","persona":"personal","team_role":"unfilled","time_zone":"Asia/Tashkent","signup_time":1638259864507,"cookie_consent":{"id":"2c2f9260-c9a6-4097-bc19-30e5395dfb02","permission":{"necessary":true,"targeting":false,"preference":false,"performance":false}},"preferred_locale":"en-US","used_desktop_web_app":true,"seen_views_intro_modal":true,"preferred_locale_origin":"autodetect","seen_persona_collection":true}}}},"space_view":{"703440cc-f5cb-4f27-ba54-a9125a58e033":{"role":"editor","value":{"id":"703440cc-f5cb-4f27-ba54-a9125a58e033","version":31,"space_id":"d51d3ca5-7889-4c70-b906-3a5a37b60274","parent_id":"a03b888f-5426-4e4f-b5ef-bed855b162f0","parent_table":"user_root","alive":true,"notify_mobile":false,"notify_desktop":true,"notify_email":false,"visited_templates":["7e89f436-7aac-4f66-b0a6-6e65ec868d2a","88c9c2b0-d732-4342-8963-0580a4725571","ba43b46e-4ad3-47f7-95f0-58a3ba01476f","2dddc8c5-a711-4aa2-b5b3-ff952a49bcfa","b7572331-51ab-4ed5-a931-5a7d34b08bf0"],"sidebar_hidden_templates":["7e89f436-7aac-4f66-b0a6-6e65ec868d2a","88c9c2b0-d732-4342-8963-0580a4725571","ba43b46e-4ad3-47f7-95f0-58a3ba01476f","2dddc8c5-a711-4aa2-b5b3-ff952a49bcfa","b7572331-51ab-4ed5-a931-5a7d34b08bf0"],"created_getting_started":true,"created_onboarding_templates":true,"private_pages":["5585f343-8ea5-469b-8a90-a05987977424"],"joined":true,"settings":{"on_app_start":"first_page"}}}},"space":{"d51d3ca5-7889-4c70-b906-3a5a37b60274":{"role":"editor","value":{"id":"d51d3ca5-7889-4c70-b906-3a5a37b60274","version":5444,"name":"test_py","permissions":[{"role":"editor","type":"user_permission","user_id":"a03b888f-5426-4e4f-b5ef-bed855b162f0"}],"beta_enabled":false,"created_time":1638259881592,"last_edited_time":1652698380000,"created_by_table":"notion_user","created_by_id":"a03b888f-5426-4e4f-b5ef-bed855b162f0","last_edited_by_table":"notion_user","last_edited_by_id":"a03b888f-5426-4e4f-b5ef-bed855b162f0","plan_type":"personal","invite_link_enabled":true}}}}}'
    headers:
      Content-Type:
      - application/json; charset=utf-8
      Transfer-Encoding:
      - chunked
      content-length:
      - '2694'
    status:
      code: 200
      message: OK
- request:
    body: '{}'
    headers:
      Content-Length:
      - '2'
      content-type:
      - application/json
      cookie:
      - PRIVATE
      x-notion-active-user-header:
      - a03b888f-5426-4e4f-b5ef-bed855b162f0
    method: POST
    uri: https://www.notion.so/api/v3/loadUserContent
  response:
    body:
      string: '{"recordMap":{"notion_user":{"a03b888f-5426-4e4f-b5ef-bed855b162f0":{"role":"editor","value":{"id":"a03b888f-5426-4e4f-b5ef-bed855b162f0","version":7,"email":"test_py_notion@protonmail.com","onboarding_completed":true,"name":"test_py"}}},"user_root":{"a03b888f-5426-4e4f-b5ef-bed855b162f0":{"role":"editor","value":{"id":"a03b888f-5426-4e4f-b5ef-bed855b162f0","version":3,"space_views":["703440cc-f5cb-4f27-ba54-a9125a58e033"],"space_view_pointers":[{"id":"703440cc-f5cb-4f27-ba54-a9125a58e033","table":"space_view","spaceId":"d51d3ca5-7889-4c70-b906-3a5a37b60274"}]}}},"user_settings":{"a03b888f-5426-4e4f-b5ef-bed855b162f0":{"role":"editor","value":{"id":"a03b888f-5426-4e4f-b5ef-bed855b162f0","version":10,"settings":{"type":"personal","persona":"personal","team_role":"unfilled","time_zone":"Asia/Tashkent","signup_time":1638259864507,"cookie_consent":{"id":"2c2f9260-c9a6-4097-bc19-30e5395dfb02","permission":{"necessary":true,"targeting":false,"preference":false,"performance":false}},"preferred_locale":"en-US","used_desktop_web_app":true,"seen_views_intro_modal":true,"preferred_locale_origin":"autodetect","seen_persona_collection":true}}}},"space_view":{"703440cc-f5cb-4f27-ba54-a9125a58e033":{"role":"editor","value":{"id":"703440cc-f5cb-4f27-ba54-a9125a58e033","version":31,"space_id":"d51d3ca5-7889-4c70-b906-3a5a37b60274","parent_id":"a03b888f-5426-4e4f-b5ef-bed855b162f0","parent_table":"user_root","alive":true,"notify_mobile":false,"notify_desktop":true,"notify_email":false,"visited_templates":["7e89f436-7aac-4f66-b0a6-6e65ec868d2a","88c9c2b0-d732-4342-8963-0580a4725571","ba43b46e-4ad3-47f7-95f0-58a3ba01476f","2dddc8c5-a711-4aa2-b5b3-ff952a49bcfa","b7572331-51ab-4ed5-a931-5a7d34b08bf0"],"sidebar_hidden_templates":["7e89f436-7aac-4f66-b0a6-6e65ec868d2a","88c9c2b0-d732-4342-8963-0580a4725571","ba43b46e-4ad3-47f7-95f0-58a3ba01476f","2dddc8c5-a711-4aa2-b5b3-ff952a49bcfa","b7572331-51ab-4ed5-a931-5a7d34b08bf0"],"created_getting_started":true,"created_onboarding_templates":true,"private_pages":["5585f343-8ea5-469b-8a90-a05987977424"],"joined":true,"settings":{"on_app_start":"first_page"}}}},"space":{"d51d3ca5-7889-4c70-b906-3a5a37b60274":{"role":"editor","value":{"id":"d51d3ca5-7889-4c70-b906-3a5a37b60274","version":5444,"name":"test_py","permissions":[{"role":"editor","type":"user_permission","user_id":"a03b888f-5426-4e4f-b5ef-bed855b162f0"}],"beta_enabled":false,"created_time":1638259881592,"last_edited_time":1652698380000,"created_by_table":"notion_user","created_by_id":"a03b888f-5426-4e4f-b5ef-bed855b162f0","last_edited_by_table":"notion_user","last_edited_by_id":"a03b888f-5426-4e4f-b5ef-bed855b162f0","plan_type":"personal","invite_link_enabled":true}}}}}'
    headers:
      Content-Type:
      - application/json; charset=utf-8
      Transfer-Encoding:
      - chunked
      content-length:
      - '2694'
    status:
      code: 200
      message: OK
- request:
    body: '{}'
    headers:
      Content-Length:
      - '2'
      content-type:
      - application/json
      cookie:
      - PRIVATE
    method: POST
    uri: https://www.notion.so/api/v3/loadUserContent
  response:
    body:
      string: '{"recordMap":{"notion_user":{"a03b888f-5426-4e4f-b5ef-bed855b162f0":{"role":"editor","value":{"id":"a03b888f-5426-4e4f-b5ef-bed855b162f0","version":7,"email":"test_py_notion@protonmail.com","onboarding_completed":true,"name":"test_py"}}},"user_root":{"a03b888f-5426-4e4f-b5ef-bed855b162f0":{"role":"editor","value":{"id":"a03b888f-5426-4e4f-b5ef-bed855b162f0","version":3,"space_views":["703440cc-f5cb-4f27-ba54-a9125a58e033"],"space_view_pointers":[{"id":"703440cc-f5cb-4f27-ba54-a9125a58e033","table":"space_view","spaceId":"d51d3ca5-7889-4c70-b906-3a5a37b60274"}]}}},"user_settings":{"a03b888f-5426-4e4f-b5ef-bed855b162f0":{"role":"editor","value":{"id":"a03b888f-5426-4e4f-b5ef-bed855b162f0","version":10,"settings":{"type":"personal","persona":"personal","team_role":"unfilled","time_zone":"Asia/Tashkent","signup_time":1638259864507,"cookie_consent":{"id":"2c2f9260-c9a6-4097-bc19-30e5395dfb02","permission":{"necessary":true,"targeting":false,"preference":false,"performance":false}},"preferred_locale":"en-US","used_desktop_web_app":true,"seen_views_intro_modal":true,"preferred_locale_origin":"autodetect","seen_persona_collection":true}}}},"space_view":{"703440cc-f5cb-4f27-ba54-a9125a58e033":{"role":"editor","value":{"id":"703440cc-f5cb-4f27-ba54-a9125a58e033","version":31,"space_id":"d51d3ca5-7889-4c70-b906-3a5a37b60274","parent_id":"a03b888f-5426-4e4f-b5ef-bed855b162f0","parent_table":"user_root","alive":true,"notify_mobile":false,"notify_desktop":true,"notify_email":false,"visited_templates":["7e89f436-7aac-4f66-b0a6-6e65ec868d2a","88c9c2b0-d732-4342-8963-0580a4725571","ba43b46e-4ad3-47f7-95f0-58a3ba01476f","2dddc8c5-a711-4aa2-b5b3-ff952a49bcfa","b7572331-51ab-4ed5-a931-5a7d34b08bf0"],"sidebar_hidden_templates":["7e89f436-7aac-4f66-b0a6-6e65ec868d2a","88c9c2b0-d732-4342-8963-0580a4725571","ba43b46e-4ad3-47f7-95f0-58a3ba01476f","2dddc8c5-a711-4aa2-b5b3-ff952a49bcfa","b7572331-51ab-4ed5-a931-5a7d34b08bf0"],"created_getting_started":true,"created_onboarding_templates":true,"private_pages":["5585f343-8ea5-469b-8a90-a05987977424"],"joined":true,"settings":{"on_app_start":"first_page"}}}},"space":{"d51d3ca5-7889-4c70-b906-3a5a37b60274":{"role":"editor","value":{"id":"d51d3ca5-7889-4c70-b906-3a5a37b60274","version":5444,"name":"test_py","permissions":[{"role":"editor","type":"user_permission","user_id":"a03b888f-5426-4e4f-b5ef-bed855b162f0"}],"beta_enabled":false,"created_time":1638259881592,"last_edited_time":1652698380000,"created_by_table":"notion_user","created_by_id":"a03b888f-5426-4e4f-b5ef-bed855b162f0","last_edited_by_table":"notion_user","last_edited_by_id":"a03b888f-5426-4e4f-b5ef-bed855b162f0","plan_type":"personal","invite_link_enabled":true}}}}}'
    headers:
      Content-Type:
      - application/json; charset=utf-8
      Transfer-Encoding:
      - chunked
      content-length:
      - '2694'
    status:
      code: 200
      message: OK
- request:
    body: '{"operations": [{"id": "b73fe645-ae99-4c53-b35e-e01a7301f581", "path":
      [], "args": {"id": "b73fe645-ae99-4c53-b35e-e01a7301f581", "version": 1, "alive":
      true, "created_by_id": "a03b888f-5426-4e4f-b5ef-bed855b162f0", "created_by_table":
      "notion_user", "created_time": 1653404870543, "parent_id": "d51d3ca5-7889-4c70-b906-3a5a37b60274",
      "parent_table": "space", "type": "collection_view_page", "permissions": [{"role":
      "editor", "type": "user_permission", "user_id": "a03b888f-5426-4e4f-b5ef-bed855b162f0"}]},
      "command": "set", "table": "block"}, {"args": {"last_edited_by_id": "a03b888f-5426-4e4f-b5ef-bed855b162f0",
      "last_edited_by_table": "notion_user", "last_edited_time": 1653404870543}, "command":
      "update", "id": "b73fe645-ae99-4c53-b35e-e01a7301f581", "path": [], "table":
      "block"}, {"id": "d51d3ca5-7889-4c70-b906-3a5a37b60274", "path": ["pages"],
      "args": {"id": "b73fe645-ae99-4c53-b35e-e01a7301f581"}, "command": "listAfter",
      "table": "space"}, {"args": {"last_edited_by_id": "a03b888f-5426-4e4f-b5ef-bed855b162f0",
      "last_edited_by_table": "notion_user", "last_edited_time": 1653404870543}, "command":
      "update", "id": "b73fe645-ae99-4c53-b35e-e01a7301f581", "path": [], "table":
      "block"}]}'
    headers:
      Content-Length:
      - '1198'
      content-type:
      - application/json
      cookie:
      - PRIVATE
      x-notion-active-user-header:
      - a03b888f-5426-4e4f-b5ef-bed855b162f0
    method: POST
    uri: https://www.notion.so/api/v3/submitTransaction
  response:
    body:
      string: '{}'
    headers:
      Content-Length:
      - '2'
      Content-Type:
      - application/json; charset=utf-8
    status:
      code: 200
      message: OK
- request:
    body: '{"operations": [{"id": "ff29f407-8120-4af2-8220-cf50d5ee0cb7", "path":
      [], "args": {"id": "ff29f407-8120-4af2-8220-cf50d5ee0cb7", "version": 1, "alive":
      true, "created_by_id": "a03b888f-5426-4e4f-b5ef-bed855b162f0", "created_by_table":
      "notion_user", "created_time": 1653404870944, "parent_id": "b73fe645-ae99-4c53-b35e-e01a7301f581",
      "parent_table": "block", "schema": {"title": {"name": "a", "type": "title"},
      "FCPV": {"name": "b", "type": "person"}}}, "command": "set", "table": "collection"},
      {"id": "b73fe645-ae99-4c53-b35e-e01a7301f581", "path": ["content"], "args":
      {"id": "ff29f407-8120-4af2-8220-cf50d5ee0cb7"}, "command": "listAfter", "table":
      "block"}, {"args": {"last_edited_by_id": "a03b888f-5426-4e4f-b5ef-bed855b162f0",
      "last_edited_by_table": "notion_user", "last_edited_time": 1653404870944}, "command":
      "update", "id": "b73fe645-ae99-4c53-b35e-e01a7301f581", "path": [], "table":
      "block"}, {"args": {"last_edited_by_id": "a03b888f-5426-4e4f-b5ef-bed855b162f0",
      "last_edited_by_table": "notion_user", "last_edited_time": 1653404870944}, "command":
      "update", "id": "b73fe645-ae99-4c53-b35e-e01a7301f581", "path": [], "table":
      "block"}]}'
    headers:
      Content-Length:
      - '1152'
      content-type:
      - application/json
      cookie:
      - PRIVATE
      x-notion-active-user-header:
      - a03b888f-5426-4e4f-b5ef-bed855b162f0
    method: POST
    uri: https://www.notion.so/api/v3/submitTransaction
  response:
    body:
      string: '{}'
    headers:
      Content-Length:
      - '2'
      Content-Type:
      - application/json; charset=utf-8
    status:
      code: 200
      message: OK
- request:
    body: '{"operations": [{"id": "b73fe645-ae99-4c53-b35e-e01a7301f581", "path":
      ["format", "collection_pointer", "id"], "args": "ff29f407-8120-4af2-8220-cf50d5ee0cb7",
      "command": "set", "table": "block"}, {"args": {"last_edited_by_id": "a03b888f-5426-4e4f-b5ef-bed855b162f0",
      "last_edited_by_table": "notion_user", "last_edited_time": 1653404871302}, "command":
      "update", "id": "b73fe645-ae99-4c53-b35e-e01a7301f581", "path": [], "table":
      "block"}]}'
    headers:
      Content-Length:
      - '440'
      content-type:
      - application/json
      cookie:
      - PRIVATE
      x-notion-active-user-header:
      - a03b888f-5426-4e4f-b5ef-bed855b162f0
    method: POST
    uri: https://www.notion.so/api/v3/submitTransaction
  response:
    body:
      string: '{}'
    headers:
      Content-Length:
      - '2'
      Content-Type:
      - application/json; charset=utf-8
    status:
      code: 200
      message: OK
- request:
    body: '{"operations": [{"id": "1156a12f-11b8-448d-a1f9-a2352b7c9780", "path":
      [], "args": {"id": "1156a12f-11b8-448d-a1f9-a2352b7c9780", "version": 1, "alive":
      true, "created_by_id": "a03b888f-5426-4e4f-b5ef-bed855b162f0", "created_by_table":
      "notion_user", "created_time": 1653404871642, "parent_id": "b73fe645-ae99-4c53-b35e-e01a7301f581",
      "parent_table": "block", "type": "table"}, "command": "set", "table": "collection_view"},
      {"id": "b73fe645-ae99-4c53-b35e-e01a7301f581", "path": ["content"], "args":
      {"id": "1156a12f-11b8-448d-a1f9-a2352b7c9780"}, "command": "listAfter", "table":
      "block"}, {"args": {"last_edited_by_id": "a03b888f-5426-4e4f-b5ef-bed855b162f0",
      "last_edited_by_table": "notion_user", "last_edited_time": 1653404871642}, "command":
      "update", "id": "b73fe645-ae99-4c53-b35e-e01a7301f581", "path": [], "table":
      "block"}, {"args": {"last_edited_by_id": "a03b888f-5426-4e4f-b5ef-bed855b162f0",
      "last_edited_by_table": "notion_user", "last_edited_time": 1653404871642}, "command":
      "update", "id": "b73fe645-ae99-4c53-b35e-e01a7301f581", "path": [], "table":
      "block"}]}'
    headers:
      Content-Length:
      - '1080'
      content-type:
      - application/json
      cookie:
      - PRIVATE
      x-notion-active-user-header:
      - a03b888f-5426-4e4f-b5ef-bed855b162f0
    method: POST
    uri: https://www.notion.so/api/v3/submitTransaction
  response:
    body:
      string: '{}'
    headers:
      Content-Length:
      - '2'
      Content-Type:
      - application/json; charset=utf-8
    status:
      code: 200
      message: OK
- request:
    body: '{"operations": [{"id": "1156a12f-11b8-448d-a1f9-a2352b7c9780", "path":
      ["collection_id"], "args": "ff29f407-8120-4af2-8220-cf50d5ee0cb7", "command":
      "set", "table": "collection_view"}]}'
    headers:
      Content-Length:
      - '185'
      content-type:
      - application/json
      cookie:
      - PRIVATE
      x-notion-active-user-header:
      - a03b888f-5426-4e4f-b5ef-bed855b162f0
    method: POST
    uri: https://www.notion.so/api/v3/submitTransaction
  response:
    body:
      string: '{}'
    headers:
      Content-Length:
      - '2'
      Content-Type:
      - application/json; charset=utf-8
    status:
      code: 200
      message: OK
- request:
    body: '{"operations": [{"id": "b73fe645-ae99-4c53-b35e-e01a7301f581", "path":
      ["view_ids"], "args": ["1156a12f-11b8-448d-a1f9-a2352b7c9780"], "command": "set",
      "table": "block"}, {"args": {"last_edited_by_id": "a03b888f-5426-4e4f-b5ef-bed855b162f0",
      "last_edited_by_table": "notion_user", "last_edited_time": 1653404872396}, "command":
      "update", "id": "b73fe645-ae99-4c53-b35e-e01a7301f581", "path": [], "table":
      "block"}]}'
    headers:
      Content-Length:
      - '416'
      content-type:
      - application/json
      cookie:
      - PRIVATE
      x-notion-active-user-header:
      - a03b888f-5426-4e4f-b5ef-bed855b162f0
    method: POST
    uri: https://www.notion.so/api/v3/submitTransaction
  response:
    body:
      string: '{}'
    headers:
      Content-Length:
      - '2'
      Content-Type:
      - application/json; charset=utf-8
    status:
      code: 200
      message: OK
- request:
    body: '{"operations": [{"id": "1156a12f-11b8-448d-a1f9-a2352b7c9780", "path":
      ["format", "table_properties"], "args": [{"visible": true, "property": "title"},
      {"visible": true, "property": "FCPV"}], "command": "set", "table": "collection_view"}]}'
    headers:
      Content-Length:
      - '239'
      content-type:
      - application/json
      cookie:
      - PRIVATE
      x-notion-active-user-header:
      - a03b888f-5426-4e4f-b5ef-bed855b162f0
    method: POST
    uri: https://www.notion.so/api/v3/submitTransaction
  response:
    body:
      string: '{}'
    headers:
      Content-Length:
      - '2'
      Content-Type:
      - application/json; charset=utf-8
    status:
      code: 200
      message: OK
- request:
    body: '{"operations": [{"id": "ff29f407-8120-4af2-8220-cf50d5ee0cb7", "path":
      ["name"], "args": [["TESTING PAGE"]], "command": "set", "table": "collection"}]}'
    headers:
      Content-Length:
      - '151'
      content-type:
      - application/json
      cookie:
      - PRIVATE
      x-notion-active-user-header:
      - a03b888f-5426-4e4f-b5ef-bed855b162f0
    method: POST
    uri: https://www.notion.so/api/v3/submitTransaction
  response:
    body:
      string: '{}'
    headers:
      Content-Length:
      - '2'
      Content-Type:
      - application/json; charset=utf-8
    status:
      code: 200
      message: OK
- request:
    body: '{"requests": [{"table": "notion_user", "id": "a03b888f-5426-4e4f-b5ef-bed855b162f0"}]}'
    headers:
      Content-Length:
      - '86'
      content-type:
      - application/json
      cookie:
      - PRIVATE
      x-notion-active-user-header:
      - a03b888f-5426-4e4f-b5ef-bed855b162f0
    method: POST
    uri: https://www.notion.so/api/v3/getRecordValues
  response:
    body:
      string: '{"results":[{"role":"editor","value":{"id":"a03b888f-5426-4e4f-b5ef-bed855b162f0","version":7,"email":"test_py_notion@protonmail.com","onboarding_completed":true,"name":"test_py"}}],"recordMapWithRoles":{"notion_user":{"a03b888f-5426-4e4f-b5ef-bed855b162f0":{"role":"editor","value":{"id":"a03b888f-5426-4e4f-b5ef-bed855b162f0","version":7,"email":"test_py_notion@protonmail.com","onboarding_completed":true,"name":"test_py"}}}}}'
    headers:
      Content-Type:
      - application/json; charset=utf-8
      Transfer-Encoding:
      - chunked
      content-length:
      - '429'
    status:
      code: 200
      message: OK
- request:
    body: '{"operations": [{"id": "8f135f80-e326-4a8c-ab1f-cd6601c03db0", "path":
      [], "args": {"id": "8f135f80-e326-4a8c-ab1f-cd6601c03db0", "version": 1, "alive":
      true, "created_by_id": "a03b888f-5426-4e4f-b5ef-bed855b162f0", "created_by_table":
      "notion_user", "created_time": 1653404874462, "parent_id": "ff29f407-8120-4af2-8220-cf50d5ee0cb7",
      "parent_table": "collection", "type": "page"}, "command": "set", "table": "block"},
      {"args": {"last_edited_by_id": "a03b888f-5426-4e4f-b5ef-bed855b162f0", "last_edited_by_table":
      "notion_user", "last_edited_time": 1653404874462}, "command": "update", "id":
      "8f135f80-e326-4a8c-ab1f-cd6601c03db0", "path": [], "table": "block"}, {"args":
      {"last_edited_by_id": "a03b888f-5426-4e4f-b5ef-bed855b162f0", "last_edited_by_table":
      "notion_user", "last_edited_time": 1653404874462}, "command": "update", "id":
      "8f135f80-e326-4a8c-ab1f-cd6601c03db0", "path": [], "table": "block"}]}'
    headers:
      Content-Length:
      - '907'
      content-type:
      - application/json
      cookie:
      - PRIVATE
      x-notion-active-user-header:
      - a03b888f-5426-4e4f-b5ef-bed855b162f0
    method: POST
    uri: https://www.notion.so/api/v3/submitTransaction
  response:
    body:
      string: '{}'
    headers:
      Content-Length:
      - '2'
      Content-Type:
      - application/json; charset=utf-8
    status:
      code: 200
      message: OK
- request:
    body: '{"operations": [{"id": "8f135f80-e326-4a8c-ab1f-cd6601c03db0", "path":
      ["properties", "title"], "args": [["a1"]], "command": "set", "table": "block"},
      {"args": {"last_edited_by_id": "a03b888f-5426-4e4f-b5ef-bed855b162f0", "last_edited_by_table":
      "notion_user", "last_edited_time": 1653404874999}, "command": "update", "id":
      "8f135f80-e326-4a8c-ab1f-cd6601c03db0", "path": [], "table": "block"}, {"id":
      "8f135f80-e326-4a8c-ab1f-cd6601c03db0", "path": ["properties", "FCPV"], "args":
      [["\u2023", [["u", "a03b888f-5426-4e4f-b5ef-bed855b162f0"]]]], "command": "set",
      "table": "block"}, {"args": {"last_edited_by_id": "a03b888f-5426-4e4f-b5ef-bed855b162f0",
      "last_edited_by_table": "notion_user", "last_edited_time": 1653404874999}, "command":
      "update", "id": "8f135f80-e326-4a8c-ab1f-cd6601c03db0", "path": [], "table":
      "block"}, {"id": "1156a12f-11b8-448d-a1f9-a2352b7c9780", "path": ["page_sort"],
      "args": ["8f135f80-e326-4a8c-ab1f-cd6601c03db0"], "command": "set", "table":
      "collection_view"}, {"args": {"last_edited_by_id": "a03b888f-5426-4e4f-b5ef-bed855b162f0",
      "last_edited_by_table": "notion_user", "last_edited_time": 1653404874999}, "command":
      "update", "id": "8f135f80-e326-4a8c-ab1f-cd6601c03db0", "path": [], "table":
      "block"}]}'
    headers:
      Content-Length:
      - '1237'
      content-type:
      - application/json
      cookie:
      - PRIVATE
      x-notion-active-user-header:
      - a03b888f-5426-4e4f-b5ef-bed855b162f0
    method: POST
    uri: https://www.notion.so/api/v3/submitTransaction
  response:
    body:
      string: '{}'
    headers:
      Content-Length:
      - '2'
      Content-Type:
      - application/json; charset=utf-8
    status:
      code: 200
      message: OK
- request:
    body: '{"collection": {"id": "ff29f407-8120-4af2-8220-cf50d5ee0cb7", "spaceId":
      "d51d3ca5-7889-4c70-b906-3a5a37b60274"}, "collectionView": {"id": "1156a12f-11b8-448d-a1f9-a2352b7c9780",
      "spaceId": "d51d3ca5-7889-4c70-b906-3a5a37b60274"}, "loader": {"reducers": {"table:uncategorized:title:count":
      {"aggregation": {"aggregator": "count", "property": "title"}, "type": "aggregation"}},
      "searchQuery": "", "sort": [], "userTimeZone": "Asia/Tashkent", "type": "reducer"}}'
    headers:
      Content-Length:
      - '460'
      content-type:
      - application/json
      cookie:
      - PRIVATE
      x-notion-active-user-header:
      - a03b888f-5426-4e4f-b5ef-bed855b162f0
    method: POST
    uri: https://www.notion.so/api/v3/queryCollection
  response:
    body:
      string: '{"result":{"type":"reducer","reducerResults":{"table:uncategorized:title:count":{"type":"aggregation","aggregationResult":{"type":"number","value":1}}}},"recordMap":{}}'
    headers:
      Content-Type:
      - application/json; charset=utf-8
      Transfer-Encoding:
      - chunked
      content-encoding:
      - undefined
    status:
      code: 200
      message: OK
- request:
    body: '{"collection": {"id": "ff29f407-8120-4af2-8220-cf50d5ee0cb7", "spaceId":
      "d51d3ca5-7889-4c70-b906-3a5a37b60274"}, "collectionView": {"id": "1156a12f-11b8-448d-a1f9-a2352b7c9780",
      "spaceId": "d51d3ca5-7889-4c70-b906-3a5a37b60274"}, "loader": {"reducers": {"collection_group_results":
      {"limit": 1, "type": "results"}}, "searchQuery": "", "sort": [], "userTimeZone":
      "Asia/Tashkent", "type": "reducer"}}'
    headers:
      Content-Length:
      - '400'
      content-type:
      - application/json
      cookie:
      - PRIVATE
      x-notion-active-user-header:
      - a03b888f-5426-4e4f-b5ef-bed855b162f0
    method: POST
    uri: https://www.notion.so/api/v3/queryCollection
  response:
    body:
      string: "{\"result\":{\"type\":\"reducer\",\"reducerResults\":{\"collection_group_results\":{\"type\":\"results\",\"blockIds\":[\"8f135f80-e326-4a8c-ab1f-cd6601c03db0\"],\"hasMore\":false}}},\"recordMap\":{\"block\":{\"8f135f80-e326-4a8c-ab1f-cd6601c03db0\":{\"role\":\"editor\",\"value\":{\"id\":\"8f135f80-e326-4a8c-ab1f-cd6601c03db0\",\"version\":8,\"type\":\"page\",\"properties\":{\"FCPV\":[[\"\u2023\",[[\"u\",\"a03b888f-5426-4e4f-b5ef-bed855b162f0\"]]]],\"title\":[[\"a1\"]]},\"created_time\":1653404874462,\"last_edited_time\":1653404874999,\"parent_id\":\"ff29f407-8120-4af2-8220-cf50d5ee0cb7\",\"parent_table\":\"collection\",\"alive\":true,\"created_by_table\":\"notion_user\",\"created_by_id\":\"a03b888f-5426-4e4f-b5ef-bed855b162f0\",\"last_edited_by_table\":\"notion_user\",\"last_edited_by_id\":\"a03b888f-5426-4e4f-b5ef-bed855b162f0\",\"space_id\":\"d51d3ca5-7889-4c70-b906-3a5a37b60274\"}},\"b73fe645-ae99-4c53-b35e-e01a7301f581\":{\"role\":\"editor\",\"value\":{\"id\":\"b73fe645-ae99-4c53-b35e-e01a7301f581\",\"version\":13,\"type\":\"collection_view_page\",\"content\":[\"ff29f407-8120-4af2-8220-cf50d5ee0cb7\",\"1156a12f-11b8-448d-a1f9-a2352b7c9780\"],\"view_ids\":[\"1156a12f-11b8-448d-a1f9-a2352b7c9780\"],\"format\":{\"collection_pointer\":{\"id\":\"ff29f407-8120-4af2-8220-cf50d5ee0cb7\",\"table\":\"collection\",\"spaceId\":\"d51d3ca5-7889-4c70-b906-3a5a37b60274\"}},\"permissions\":[{\"role\":\"editor\",\"type\":\"user_permission\",\"user_id\":\"a03b888f-5426-4e4f-b5ef-bed855b162f0\"}],\"created_time\":1653404870543,\"last_edited_time\":1653404872396,\"parent_id\":\"d51d3ca5-7889-4c70-b906-3a5a37b60274\",\"parent_table\":\"space\",\"alive\":true,\"created_by_table\":\"notion_user\",\"created_by_id\":\"a03b888f-5426-4e4f-b5ef-bed855b162f0\",\"last_edited_by_table\":\"notion_user\",\"last_edited_by_id\":\"a03b888f-5426-4e4f-b5ef-bed855b162f0\",\"space_id\":\"d51d3ca5-7889-4c70-b906-3a5a37b60274\"}}},\"collection\":{\"ff29f407-8120-4af2-8220-cf50d5ee0cb7\":{\"role\":\"editor\",\"value\":{\"id\":\"ff29f407-8120-4af2-8220-cf50d5ee0cb7\",\"version\":2,\"name\":[[\"TESTING
        PAGE\"]],\"schema\":{\"FCPV\":{\"name\":\"b\",\"type\":\"person\"},\"title\":{\"name\":\"a\",\"type\":\"title\"}},\"parent_id\":\"b73fe645-ae99-4c53-b35e-e01a7301f581\",\"parent_table\":\"block\",\"alive\":true,\"migrated\":true,\"space_id\":\"d51d3ca5-7889-4c70-b906-3a5a37b60274\"}}},\"space\":{\"d51d3ca5-7889-4c70-b906-3a5a37b60274\":{\"role\":\"editor\",\"value\":{\"id\":\"d51d3ca5-7889-4c70-b906-3a5a37b60274\",\"version\":5445,\"name\":\"test_py\",\"permissions\":[{\"role\":\"editor\",\"type\":\"user_permission\",\"user_id\":\"a03b888f-5426-4e4f-b5ef-bed855b162f0\"}],\"beta_enabled\":false,\"pages\":[\"b73fe645-ae99-4c53-b35e-e01a7301f581\"],\"created_time\":1638259881592,\"last_edited_time\":1652698380000,\"created_by_table\":\"notion_user\",\"created_by_id\":\"a03b888f-5426-4e4f-b5ef-bed855b162f0\",\"last_edited_by_table\":\"notion_user\",\"last_edited_by_id\":\"a03b888f-5426-4e4f-b5ef-bed855b162f0\",\"plan_type\":\"personal\",\"invite_link_enabled\":true}}}}}"
    headers:
      Content-Type:
      - application/json; charset=utf-8
      Transfer-Encoding:
      - chunked
      content-length:
      - '2769'
    status:
      code: 200
      message: OK
- request:
    body: '{"page": {"id": "b73fe645-ae99-4c53-b35e-e01a7301f581"}, "limit": 100,
      "cursor": {"stack": []}, "chunkNumber": 0, "verticalColumns": false}'
    headers:
      Content-Length:
      - '139'
      content-type:
      - application/json
      cookie:
      - PRIVATE
      x-notion-active-user-header:
      - a03b888f-5426-4e4f-b5ef-bed855b162f0
    method: POST
    uri: https://www.notion.so/api/v3/loadPageChunk
  response:
    body:
      string: '{"cursor":{"stack":[]},"recordMap":{"block":{"b73fe645-ae99-4c53-b35e-e01a7301f581":{"role":"editor","value":{"id":"b73fe645-ae99-4c53-b35e-e01a7301f581","version":13,"type":"collection_view_page","content":["ff29f407-8120-4af2-8220-cf50d5ee0cb7","1156a12f-11b8-448d-a1f9-a2352b7c9780"],"view_ids":["1156a12f-11b8-448d-a1f9-a2352b7c9780"],"format":{"collection_pointer":{"id":"ff29f407-8120-4af2-8220-cf50d5ee0cb7","table":"collection","spaceId":"d51d3ca5-7889-4c70-b906-3a5a37b60274"}},"permissions":[{"role":"editor","type":"user_permission","user_id":"a03b888f-5426-4e4f-b5ef-bed855b162f0"}],"created_time":1653404870543,"last_edited_time":1653404872396,"parent_id":"d51d3ca5-7889-4c70-b906-3a5a37b60274","parent_table":"space","alive":true,"created_by_table":"notion_user","created_by_id":"a03b888f-5426-4e4f-b5ef-bed855b162f0","last_edited_by_table":"notion_user","last_edited_by_id":"a03b888f-5426-4e4f-b5ef-bed855b162f0","space_id":"d51d3ca5-7889-4c70-b906-3a5a37b60274"}}},"space":{"d51d3ca5-7889-4c70-b906-3a5a37b60274":{"role":"editor","value":{"id":"d51d3ca5-7889-4c70-b906-3a5a37b60274","version":5445,"name":"test_py","permissions":[{"role":"editor","type":"user_permission","user_id":"a03b888f-5426-4e4f-b5ef-bed855b162f0"}],"beta_enabled":false,"pages":["b73fe645-ae99-4c53-b35e-e01a7301f581"],"created_time":1638259881592,"last_edited_time":1652698380000,"created_by_table":"notion_user","created_by_id":"a03b888f-5426-4e4f-b5ef-bed855b162f0","last_edited_by_table":"notion_user","last_edited_by_id":"a03b888f-5426-4e4f-b5ef-bed855b162f0","plan_type":"personal","invite_link_enabled":true}}},"collection":{"ff29f407-8120-4af2-8220-cf50d5ee0cb7":{"role":"editor","value":{"id":"ff29f407-8120-4af2-8220-cf50d5ee0cb7","version":2,"name":[["TESTING
        PAGE"]],"schema":{"FCPV":{"name":"b","type":"person"},"title":{"name":"a","type":"title"}},"parent_id":"b73fe645-ae99-4c53-b35e-e01a7301f581","parent_table":"block","alive":true,"migrated":true,"space_id":"d51d3ca5-7889-4c70-b906-3a5a37b60274"}}},"collection_view":{"1156a12f-11b8-448d-a1f9-a2352b7c9780":{"role":"editor","value":{"id":"1156a12f-11b8-448d-a1f9-a2352b7c9780","version":4,"type":"table","format":{"table_properties":[{"visible":true,"property":"title"},{"visible":true,"property":"FCPV"}]},"parent_id":"b73fe645-ae99-4c53-b35e-e01a7301f581","parent_table":"block","alive":true,"page_sort":["8f135f80-e326-4a8c-ab1f-cd6601c03db0"],"space_id":"d51d3ca5-7889-4c70-b906-3a5a37b60274","created_time":1653404871642,"created_by_table":"notion_user","created_by_id":"a03b888f-5426-4e4f-b5ef-bed855b162f0"}}}}}'
    headers:
      Content-Type:
      - application/json; charset=utf-8
      Transfer-Encoding:
      - chunked
      content-length:
      - '2577'
    status:
      code: 200
      message: OK
- request:
    body: '{"collection": {"id": "ff29f407-8120-4af2-8220-cf50d5ee0cb7", "spaceId":
      "d51d3ca5-7889-4c70-b906-3a5a37b60274"}, "collectionView": {"id": "1156a12f-11b8-448d-a1f9-a2352b7c9780",
      "spaceId": "d51d3ca5-7889-4c70-b906-3a5a37b60274"}, "loader": {"reducers": {"table:uncategorized:title:count":
      {"aggregation": {"aggregator": "count", "property": "title"}, "type": "aggregation"}},
      "searchQuery": "", "sort": [], "userTimeZone": "Asia/Tashkent", "type": "reducer"}}'
    headers:
      Content-Length:
      - '460'
      content-type:
      - application/json
      cookie:
      - PRIVATE
      x-notion-active-user-header:
      - a03b888f-5426-4e4f-b5ef-bed855b162f0
    method: POST
    uri: https://www.notion.so/api/v3/queryCollection
  response:
    body:
      string: '{"result":{"type":"reducer","reducerResults":{"table:uncategorized:title:count":{"type":"aggregation","aggregationResult":{"type":"number","value":1}}}},"recordMap":{}}'
    headers:
      Content-Type:
      - application/json; charset=utf-8
      Transfer-Encoding:
      - chunked
      content-encoding:
      - undefined
    status:
      code: 200
      message: OK
- request:
    body: '{"collection": {"id": "ff29f407-8120-4af2-8220-cf50d5ee0cb7", "spaceId":
      "d51d3ca5-7889-4c70-b906-3a5a37b60274"}, "collectionView": {"id": "1156a12f-11b8-448d-a1f9-a2352b7c9780",
      "spaceId": "d51d3ca5-7889-4c70-b906-3a5a37b60274"}, "loader": {"reducers": {"collection_group_results":
      {"limit": 1, "type": "results"}}, "searchQuery": "", "sort": [], "userTimeZone":
      "Asia/Tashkent", "type": "reducer"}}'
    headers:
      Content-Length:
      - '400'
      content-type:
      - application/json
      cookie:
      - PRIVATE
      x-notion-active-user-header:
      - a03b888f-5426-4e4f-b5ef-bed855b162f0
    method: POST
    uri: https://www.notion.so/api/v3/queryCollection
  response:
    body:
      string: "{\"result\":{\"type\":\"reducer\",\"reducerResults\":{\"collection_group_results\":{\"type\":\"results\",\"blockIds\":[\"8f135f80-e326-4a8c-ab1f-cd6601c03db0\"],\"hasMore\":false}}},\"recordMap\":{\"block\":{\"8f135f80-e326-4a8c-ab1f-cd6601c03db0\":{\"role\":\"editor\",\"value\":{\"id\":\"8f135f80-e326-4a8c-ab1f-cd6601c03db0\",\"version\":8,\"type\":\"page\",\"properties\":{\"FCPV\":[[\"\u2023\",[[\"u\",\"a03b888f-5426-4e4f-b5ef-bed855b162f0\"]]]],\"title\":[[\"a1\"]]},\"created_time\":1653404874462,\"last_edited_time\":1653404874999,\"parent_id\":\"ff29f407-8120-4af2-8220-cf50d5ee0cb7\",\"parent_table\":\"collection\",\"alive\":true,\"created_by_table\":\"notion_user\",\"created_by_id\":\"a03b888f-5426-4e4f-b5ef-bed855b162f0\",\"last_edited_by_table\":\"notion_user\",\"last_edited_by_id\":\"a03b888f-5426-4e4f-b5ef-bed855b162f0\",\"space_id\":\"d51d3ca5-7889-4c70-b906-3a5a37b60274\"}},\"b73fe645-ae99-4c53-b35e-e01a7301f581\":{\"role\":\"editor\",\"value\":{\"id\":\"b73fe645-ae99-4c53-b35e-e01a7301f581\",\"version\":13,\"type\":\"collection_view_page\",\"content\":[\"ff29f407-8120-4af2-8220-cf50d5ee0cb7\",\"1156a12f-11b8-448d-a1f9-a2352b7c9780\"],\"view_ids\":[\"1156a12f-11b8-448d-a1f9-a2352b7c9780\"],\"format\":{\"collection_pointer\":{\"id\":\"ff29f407-8120-4af2-8220-cf50d5ee0cb7\",\"table\":\"collection\",\"spaceId\":\"d51d3ca5-7889-4c70-b906-3a5a37b60274\"}},\"permissions\":[{\"role\":\"editor\",\"type\":\"user_permission\",\"user_id\":\"a03b888f-5426-4e4f-b5ef-bed855b162f0\"}],\"created_time\":1653404870543,\"last_edited_time\":1653404872396,\"parent_id\":\"d51d3ca5-7889-4c70-b906-3a5a37b60274\",\"parent_table\":\"space\",\"alive\":true,\"created_by_table\":\"notion_user\",\"created_by_id\":\"a03b888f-5426-4e4f-b5ef-bed855b162f0\",\"last_edited_by_table\":\"notion_user\",\"last_edited_by_id\":\"a03b888f-5426-4e4f-b5ef-bed855b162f0\",\"space_id\":\"d51d3ca5-7889-4c70-b906-3a5a37b60274\"}}},\"collection\":{\"ff29f407-8120-4af2-8220-cf50d5ee0cb7\":{\"role\":\"editor\",\"value\":{\"id\":\"ff29f407-8120-4af2-8220-cf50d5ee0cb7\",\"version\":2,\"name\":[[\"TESTING
        PAGE\"]],\"schema\":{\"FCPV\":{\"name\":\"b\",\"type\":\"person\"},\"title\":{\"name\":\"a\",\"type\":\"title\"}},\"parent_id\":\"b73fe645-ae99-4c53-b35e-e01a7301f581\",\"parent_table\":\"block\",\"alive\":true,\"migrated\":true,\"space_id\":\"d51d3ca5-7889-4c70-b906-3a5a37b60274\"}}},\"space\":{\"d51d3ca5-7889-4c70-b906-3a5a37b60274\":{\"role\":\"editor\",\"value\":{\"id\":\"d51d3ca5-7889-4c70-b906-3a5a37b60274\",\"version\":5445,\"name\":\"test_py\",\"permissions\":[{\"role\":\"editor\",\"type\":\"user_permission\",\"user_id\":\"a03b888f-5426-4e4f-b5ef-bed855b162f0\"}],\"beta_enabled\":false,\"pages\":[\"b73fe645-ae99-4c53-b35e-e01a7301f581\"],\"created_time\":1638259881592,\"last_edited_time\":1652698380000,\"created_by_table\":\"notion_user\",\"created_by_id\":\"a03b888f-5426-4e4f-b5ef-bed855b162f0\",\"last_edited_by_table\":\"notion_user\",\"last_edited_by_id\":\"a03b888f-5426-4e4f-b5ef-bed855b162f0\",\"plan_type\":\"personal\",\"invite_link_enabled\":true}}}}}"
    headers:
      Content-Type:
      - application/json; charset=utf-8
      Transfer-Encoding:
      - chunked
      content-length:
      - '2769'
    status:
      code: 200
      message: OK
- request:
    body: '{"collection": {"id": "ff29f407-8120-4af2-8220-cf50d5ee0cb7", "spaceId":
      "d51d3ca5-7889-4c70-b906-3a5a37b60274"}, "collectionView": {"id": "1156a12f-11b8-448d-a1f9-a2352b7c9780",
      "spaceId": "d51d3ca5-7889-4c70-b906-3a5a37b60274"}, "loader": {"reducers": {"table:uncategorized:title:count":
      {"aggregation": {"aggregator": "count", "property": "title"}, "type": "aggregation"}},
      "searchQuery": "", "sort": [], "userTimeZone": "Asia/Tashkent", "type": "reducer"}}'
    headers:
      Content-Length:
      - '460'
      content-type:
      - application/json
      cookie:
      - PRIVATE
      x-notion-active-user-header:
      - a03b888f-5426-4e4f-b5ef-bed855b162f0
    method: POST
    uri: https://www.notion.so/api/v3/queryCollection
  response:
    body:
      string: '{"result":{"type":"reducer","reducerResults":{"table:uncategorized:title:count":{"type":"aggregation","aggregationResult":{"type":"number","value":1}}}},"recordMap":{}}'
    headers:
      Content-Type:
      - application/json; charset=utf-8
      Transfer-Encoding:
      - chunked
      content-encoding:
      - undefined
    status:
      code: 200
      message: OK
- request:
    body: '{"collection": {"id": "ff29f407-8120-4af2-8220-cf50d5ee0cb7", "spaceId":
      "d51d3ca5-7889-4c70-b906-3a5a37b60274"}, "collectionView": {"id": "1156a12f-11b8-448d-a1f9-a2352b7c9780",
      "spaceId": "d51d3ca5-7889-4c70-b906-3a5a37b60274"}, "loader": {"reducers": {"collection_group_results":
      {"limit": 1, "type": "results"}}, "searchQuery": "", "sort": [], "userTimeZone":
      "Asia/Tashkent", "type": "reducer"}}'
    headers:
      Content-Length:
      - '400'
      content-type:
      - application/json
      cookie:
      - PRIVATE
      x-notion-active-user-header:
      - a03b888f-5426-4e4f-b5ef-bed855b162f0
    method: POST
    uri: https://www.notion.so/api/v3/queryCollection
  response:
    body:
      string: "{\"result\":{\"type\":\"reducer\",\"reducerResults\":{\"collection_group_results\":{\"type\":\"results\",\"blockIds\":[\"8f135f80-e326-4a8c-ab1f-cd6601c03db0\"],\"hasMore\":false}}},\"recordMap\":{\"block\":{\"8f135f80-e326-4a8c-ab1f-cd6601c03db0\":{\"role\":\"editor\",\"value\":{\"id\":\"8f135f80-e326-4a8c-ab1f-cd6601c03db0\",\"version\":8,\"type\":\"page\",\"properties\":{\"FCPV\":[[\"\u2023\",[[\"u\",\"a03b888f-5426-4e4f-b5ef-bed855b162f0\"]]]],\"title\":[[\"a1\"]]},\"created_time\":1653404874462,\"last_edited_time\":1653404874999,\"parent_id\":\"ff29f407-8120-4af2-8220-cf50d5ee0cb7\",\"parent_table\":\"collection\",\"alive\":true,\"created_by_table\":\"notion_user\",\"created_by_id\":\"a03b888f-5426-4e4f-b5ef-bed855b162f0\",\"last_edited_by_table\":\"notion_user\",\"last_edited_by_id\":\"a03b888f-5426-4e4f-b5ef-bed855b162f0\",\"space_id\":\"d51d3ca5-7889-4c70-b906-3a5a37b60274\"}},\"b73fe645-ae99-4c53-b35e-e01a7301f581\":{\"role\":\"editor\",\"value\":{\"id\":\"b73fe645-ae99-4c53-b35e-e01a7301f581\",\"version\":13,\"type\":\"collection_view_page\",\"content\":[\"ff29f407-8120-4af2-8220-cf50d5ee0cb7\",\"1156a12f-11b8-448d-a1f9-a2352b7c9780\"],\"view_ids\":[\"1156a12f-11b8-448d-a1f9-a2352b7c9780\"],\"format\":{\"collection_pointer\":{\"id\":\"ff29f407-8120-4af2-8220-cf50d5ee0cb7\",\"table\":\"collection\",\"spaceId\":\"d51d3ca5-7889-4c70-b906-3a5a37b60274\"}},\"permissions\":[{\"role\":\"editor\",\"type\":\"user_permission\",\"user_id\":\"a03b888f-5426-4e4f-b5ef-bed855b162f0\"}],\"created_time\":1653404870543,\"last_edited_time\":1653404872396,\"parent_id\":\"d51d3ca5-7889-4c70-b906-3a5a37b60274\",\"parent_table\":\"space\",\"alive\":true,\"created_by_table\":\"notion_user\",\"created_by_id\":\"a03b888f-5426-4e4f-b5ef-bed855b162f0\",\"last_edited_by_table\":\"notion_user\",\"last_edited_by_id\":\"a03b888f-5426-4e4f-b5ef-bed855b162f0\",\"space_id\":\"d51d3ca5-7889-4c70-b906-3a5a37b60274\"}}},\"collection\":{\"ff29f407-8120-4af2-8220-cf50d5ee0cb7\":{\"role\":\"editor\",\"value\":{\"id\":\"ff29f407-8120-4af2-8220-cf50d5ee0cb7\",\"version\":2,\"name\":[[\"TESTING
        PAGE\"]],\"schema\":{\"FCPV\":{\"name\":\"b\",\"type\":\"person\"},\"title\":{\"name\":\"a\",\"type\":\"title\"}},\"parent_id\":\"b73fe645-ae99-4c53-b35e-e01a7301f581\",\"parent_table\":\"block\",\"alive\":true,\"migrated\":true,\"space_id\":\"d51d3ca5-7889-4c70-b906-3a5a37b60274\"}}},\"space\":{\"d51d3ca5-7889-4c70-b906-3a5a37b60274\":{\"role\":\"editor\",\"value\":{\"id\":\"d51d3ca5-7889-4c70-b906-3a5a37b60274\",\"version\":5445,\"name\":\"test_py\",\"permissions\":[{\"role\":\"editor\",\"type\":\"user_permission\",\"user_id\":\"a03b888f-5426-4e4f-b5ef-bed855b162f0\"}],\"beta_enabled\":false,\"pages\":[\"b73fe645-ae99-4c53-b35e-e01a7301f581\"],\"created_time\":1638259881592,\"last_edited_time\":1652698380000,\"created_by_table\":\"notion_user\",\"created_by_id\":\"a03b888f-5426-4e4f-b5ef-bed855b162f0\",\"last_edited_by_table\":\"notion_user\",\"last_edited_by_id\":\"a03b888f-5426-4e4f-b5ef-bed855b162f0\",\"plan_type\":\"personal\",\"invite_link_enabled\":true}}}}}"
    headers:
      Content-Type:
      - application/json; charset=utf-8
      Transfer-Encoding:
      - chunked
      content-length:
      - '2769'
    status:
      code: 200
      message: OK
- request:
    body: '{"collection": {"id": "ff29f407-8120-4af2-8220-cf50d5ee0cb7", "spaceId":
      "d51d3ca5-7889-4c70-b906-3a5a37b60274"}, "collectionView": {"id": "1156a12f-11b8-448d-a1f9-a2352b7c9780",
      "spaceId": "d51d3ca5-7889-4c70-b906-3a5a37b60274"}, "loader": {"reducers": {"table:uncategorized:title:count":
      {"aggregation": {"aggregator": "count", "property": "title"}, "type": "aggregation"}},
      "searchQuery": "", "sort": [], "userTimeZone": "Asia/Tashkent", "type": "reducer"}}'
    headers:
      Content-Length:
      - '460'
      content-type:
      - application/json
      cookie:
      - PRIVATE
      x-notion-active-user-header:
      - a03b888f-5426-4e4f-b5ef-bed855b162f0
    method: POST
    uri: https://www.notion.so/api/v3/queryCollection
  response:
    body:
      string: '{"result":{"type":"reducer","reducerResults":{"table:uncategorized:title:count":{"type":"aggregation","aggregationResult":{"type":"number","value":1}}}},"recordMap":{}}'
    headers:
      Content-Type:
      - application/json; charset=utf-8
      Transfer-Encoding:
      - chunked
      content-encoding:
      - undefined
    status:
      code: 200
      message: OK
- request:
    body: '{"collection": {"id": "ff29f407-8120-4af2-8220-cf50d5ee0cb7", "spaceId":
      "d51d3ca5-7889-4c70-b906-3a5a37b60274"}, "collectionView": {"id": "1156a12f-11b8-448d-a1f9-a2352b7c9780",
      "spaceId": "d51d3ca5-7889-4c70-b906-3a5a37b60274"}, "loader": {"reducers": {"collection_group_results":
      {"limit": 1, "type": "results"}}, "searchQuery": "", "sort": [], "userTimeZone":
      "Asia/Tashkent", "type": "reducer"}}'
    headers:
      Content-Length:
      - '400'
      content-type:
      - application/json
      cookie:
      - PRIVATE
      x-notion-active-user-header:
      - a03b888f-5426-4e4f-b5ef-bed855b162f0
    method: POST
    uri: https://www.notion.so/api/v3/queryCollection
  response:
    body:
      string: "{\"result\":{\"type\":\"reducer\",\"reducerResults\":{\"collection_group_results\":{\"type\":\"results\",\"blockIds\":[\"8f135f80-e326-4a8c-ab1f-cd6601c03db0\"],\"hasMore\":false}}},\"recordMap\":{\"block\":{\"8f135f80-e326-4a8c-ab1f-cd6601c03db0\":{\"role\":\"editor\",\"value\":{\"id\":\"8f135f80-e326-4a8c-ab1f-cd6601c03db0\",\"version\":8,\"type\":\"page\",\"properties\":{\"FCPV\":[[\"\u2023\",[[\"u\",\"a03b888f-5426-4e4f-b5ef-bed855b162f0\"]]]],\"title\":[[\"a1\"]]},\"created_time\":1653404874462,\"last_edited_time\":1653404874999,\"parent_id\":\"ff29f407-8120-4af2-8220-cf50d5ee0cb7\",\"parent_table\":\"collection\",\"alive\":true,\"created_by_table\":\"notion_user\",\"created_by_id\":\"a03b888f-5426-4e4f-b5ef-bed855b162f0\",\"last_edited_by_table\":\"notion_user\",\"last_edited_by_id\":\"a03b888f-5426-4e4f-b5ef-bed855b162f0\",\"space_id\":\"d51d3ca5-7889-4c70-b906-3a5a37b60274\"}},\"b73fe645-ae99-4c53-b35e-e01a7301f581\":{\"role\":\"editor\",\"value\":{\"id\":\"b73fe645-ae99-4c53-b35e-e01a7301f581\",\"version\":13,\"type\":\"collection_view_page\",\"content\":[\"ff29f407-8120-4af2-8220-cf50d5ee0cb7\",\"1156a12f-11b8-448d-a1f9-a2352b7c9780\"],\"view_ids\":[\"1156a12f-11b8-448d-a1f9-a2352b7c9780\"],\"format\":{\"collection_pointer\":{\"id\":\"ff29f407-8120-4af2-8220-cf50d5ee0cb7\",\"table\":\"collection\",\"spaceId\":\"d51d3ca5-7889-4c70-b906-3a5a37b60274\"}},\"permissions\":[{\"role\":\"editor\",\"type\":\"user_permission\",\"user_id\":\"a03b888f-5426-4e4f-b5ef-bed855b162f0\"}],\"created_time\":1653404870543,\"last_edited_time\":1653404872396,\"parent_id\":\"d51d3ca5-7889-4c70-b906-3a5a37b60274\",\"parent_table\":\"space\",\"alive\":true,\"created_by_table\":\"notion_user\",\"created_by_id\":\"a03b888f-5426-4e4f-b5ef-bed855b162f0\",\"last_edited_by_table\":\"notion_user\",\"last_edited_by_id\":\"a03b888f-5426-4e4f-b5ef-bed855b162f0\",\"space_id\":\"d51d3ca5-7889-4c70-b906-3a5a37b60274\"}}},\"collection\":{\"ff29f407-8120-4af2-8220-cf50d5ee0cb7\":{\"role\":\"editor\",\"value\":{\"id\":\"ff29f407-8120-4af2-8220-cf50d5ee0cb7\",\"version\":2,\"name\":[[\"TESTING
        PAGE\"]],\"schema\":{\"FCPV\":{\"name\":\"b\",\"type\":\"person\"},\"title\":{\"name\":\"a\",\"type\":\"title\"}},\"parent_id\":\"b73fe645-ae99-4c53-b35e-e01a7301f581\",\"parent_table\":\"block\",\"alive\":true,\"migrated\":true,\"space_id\":\"d51d3ca5-7889-4c70-b906-3a5a37b60274\"}}},\"space\":{\"d51d3ca5-7889-4c70-b906-3a5a37b60274\":{\"role\":\"editor\",\"value\":{\"id\":\"d51d3ca5-7889-4c70-b906-3a5a37b60274\",\"version\":5445,\"name\":\"test_py\",\"permissions\":[{\"role\":\"editor\",\"type\":\"user_permission\",\"user_id\":\"a03b888f-5426-4e4f-b5ef-bed855b162f0\"}],\"beta_enabled\":false,\"pages\":[\"b73fe645-ae99-4c53-b35e-e01a7301f581\"],\"created_time\":1638259881592,\"last_edited_time\":1652698380000,\"created_by_table\":\"notion_user\",\"created_by_id\":\"a03b888f-5426-4e4f-b5ef-bed855b162f0\",\"last_edited_by_table\":\"notion_user\",\"last_edited_by_id\":\"a03b888f-5426-4e4f-b5ef-bed855b162f0\",\"plan_type\":\"personal\",\"invite_link_enabled\":true}}}}}"
    headers:
      Content-Type:
      - application/json; charset=utf-8
      Transfer-Encoding:
      - chunked
      content-length:
      - '2769'
    status:
      code: 200
      message: OK
- request:
    body: '{"operations": [{"id": "b73fe645-ae99-4c53-b35e-e01a7301f581", "path":
      [], "args": {"alive": false}, "command": "update", "table": "block"}, {"args":
      {"last_edited_by_id": "a03b888f-5426-4e4f-b5ef-bed855b162f0", "last_edited_by_table":
      "notion_user", "last_edited_time": 1653404880667}, "command": "update", "id":
      "b73fe645-ae99-4c53-b35e-e01a7301f581", "path": [], "table": "block"}, {"id":
      "d51d3ca5-7889-4c70-b906-3a5a37b60274", "path": ["pages"], "args": {"id": "b73fe645-ae99-4c53-b35e-e01a7301f581"},
      "command": "listRemove", "table": "space"}, {"args": {"last_edited_by_id": "a03b888f-5426-4e4f-b5ef-bed855b162f0",
      "last_edited_by_table": "notion_user", "last_edited_time": 1653404880667}, "command":
      "update", "id": "b73fe645-ae99-4c53-b35e-e01a7301f581", "path": [], "table":
      "block"}]}'
    headers:
      Content-Length:
      - '795'
      content-type:
      - application/json
      cookie:
      - PRIVATE
      x-notion-active-user-header:
      - a03b888f-5426-4e4f-b5ef-bed855b162f0
    method: POST
    uri: https://www.notion.so/api/v3/submitTransaction
  response:
    body:
      string: '{}'
    headers:
      Content-Length:
      - '2'
      Content-Type:
      - application/json; charset=utf-8
    status:
      code: 200
      message: OK
- request:
    body: '{"blockIds": ["b73fe645-ae99-4c53-b35e-e01a7301f581"], "permanentlyDelete":
      true}'
    headers:
      Content-Length:
      - '81'
      content-type:
      - application/json
      cookie:
      - PRIVATE
      x-notion-active-user-header:
      - a03b888f-5426-4e4f-b5ef-bed855b162f0
    method: POST
    uri: https://www.notion.so/api/v3/deleteBlocks
  response:
    body:
      string: '{"recordMap":{}}'
    headers:
      Content-Length:
      - '16'
      Content-Type:
      - application/json; charset=utf-8
    status:
      code: 200
      message: OK
version: 1
