interactions:
- request:
    body: '{}'
    headers:
      Content-Length:
      - '2'
      content-type:
      - application/json
      cookie:
      - PRIVATE
    method: POST
    uri: https://www.notion.so/api/v3/loadUserContent
  response:
    body:
      string: '{"recordMap":{"notion_user":{"a03b888f-5426-4e4f-b5ef-bed855b162f0":{"role":"editor","value":{"id":"a03b888f-5426-4e4f-b5ef-bed855b162f0","version":7,"email":"test_py_notion@protonmail.com","onboarding_completed":true,"name":"test_py"}}},"user_root":{"a03b888f-5426-4e4f-b5ef-bed855b162f0":{"role":"editor","value":{"id":"a03b888f-5426-4e4f-b5ef-bed855b162f0","version":3,"space_views":["703440cc-f5cb-4f27-ba54-a9125a58e033"],"space_view_pointers":[{"id":"703440cc-f5cb-4f27-ba54-a9125a58e033","table":"space_view","spaceId":"d51d3ca5-7889-4c70-b906-3a5a37b60274"}]}}},"user_settings":{"a03b888f-5426-4e4f-b5ef-bed855b162f0":{"role":"editor","value":{"id":"a03b888f-5426-4e4f-b5ef-bed855b162f0","version":10,"settings":{"type":"personal","persona":"personal","team_role":"unfilled","time_zone":"Asia/Tashkent","signup_time":1638259864507,"cookie_consent":{"id":"2c2f9260-c9a6-4097-bc19-30e5395dfb02","permission":{"necessary":true,"targeting":false,"preference":false,"performance":false}},"preferred_locale":"en-US","used_desktop_web_app":true,"seen_views_intro_modal":true,"preferred_locale_origin":"autodetect","seen_persona_collection":true}}}},"space_view":{"703440cc-f5cb-4f27-ba54-a9125a58e033":{"role":"editor","value":{"id":"703440cc-f5cb-4f27-ba54-a9125a58e033","version":31,"space_id":"d51d3ca5-7889-4c70-b906-3a5a37b60274","parent_id":"a03b888f-5426-4e4f-b5ef-bed855b162f0","parent_table":"user_root","alive":true,"notify_mobile":false,"notify_desktop":true,"notify_email":false,"visited_templates":["7e89f436-7aac-4f66-b0a6-6e65ec868d2a","88c9c2b0-d732-4342-8963-0580a4725571","ba43b46e-4ad3-47f7-95f0-58a3ba01476f","2dddc8c5-a711-4aa2-b5b3-ff952a49bcfa","b7572331-51ab-4ed5-a931-5a7d34b08bf0"],"sidebar_hidden_templates":["7e89f436-7aac-4f66-b0a6-6e65ec868d2a","88c9c2b0-d732-4342-8963-0580a4725571","ba43b46e-4ad3-47f7-95f0-58a3ba01476f","2dddc8c5-a711-4aa2-b5b3-ff952a49bcfa","b7572331-51ab-4ed5-a931-5a7d34b08bf0"],"created_getting_started":true,"created_onboarding_templates":true,"private_pages":["5585f343-8ea5-469b-8a90-a05987977424"],"joined":true,"settings":{"on_app_start":"first_page"}}}},"space":{"d51d3ca5-7889-4c70-b906-3a5a37b60274":{"role":"editor","value":{"id":"d51d3ca5-7889-4c70-b906-3a5a37b60274","version":4215,"name":"test_py","permissions":[{"role":"editor","type":"user_permission","user_id":"a03b888f-5426-4e4f-b5ef-bed855b162f0"}],"beta_enabled":false,"created_time":1638259881592,"last_edited_time":1652698380000,"created_by_table":"notion_user","created_by_id":"a03b888f-5426-4e4f-b5ef-bed855b162f0","last_edited_by_table":"notion_user","last_edited_by_id":"a03b888f-5426-4e4f-b5ef-bed855b162f0","plan_type":"personal","invite_link_enabled":true}}}}}'
    headers:
      Content-Type:
      - application/json; charset=utf-8
      Transfer-Encoding:
      - chunked
      content-length:
      - '2694'
    status:
      code: 200
      message: OK
- request:
    body: '{}'
    headers:
      Content-Length:
      - '2'
      content-type:
      - application/json
      cookie:
      - PRIVATE
      x-notion-active-user-header:
      - a03b888f-5426-4e4f-b5ef-bed855b162f0
    method: POST
    uri: https://www.notion.so/api/v3/loadUserContent
  response:
    body:
      string: '{"recordMap":{"notion_user":{"a03b888f-5426-4e4f-b5ef-bed855b162f0":{"role":"editor","value":{"id":"a03b888f-5426-4e4f-b5ef-bed855b162f0","version":7,"email":"test_py_notion@protonmail.com","onboarding_completed":true,"name":"test_py"}}},"user_root":{"a03b888f-5426-4e4f-b5ef-bed855b162f0":{"role":"editor","value":{"id":"a03b888f-5426-4e4f-b5ef-bed855b162f0","version":3,"space_views":["703440cc-f5cb-4f27-ba54-a9125a58e033"],"space_view_pointers":[{"id":"703440cc-f5cb-4f27-ba54-a9125a58e033","table":"space_view","spaceId":"d51d3ca5-7889-4c70-b906-3a5a37b60274"}]}}},"user_settings":{"a03b888f-5426-4e4f-b5ef-bed855b162f0":{"role":"editor","value":{"id":"a03b888f-5426-4e4f-b5ef-bed855b162f0","version":10,"settings":{"type":"personal","persona":"personal","team_role":"unfilled","time_zone":"Asia/Tashkent","signup_time":1638259864507,"cookie_consent":{"id":"2c2f9260-c9a6-4097-bc19-30e5395dfb02","permission":{"necessary":true,"targeting":false,"preference":false,"performance":false}},"preferred_locale":"en-US","used_desktop_web_app":true,"seen_views_intro_modal":true,"preferred_locale_origin":"autodetect","seen_persona_collection":true}}}},"space_view":{"703440cc-f5cb-4f27-ba54-a9125a58e033":{"role":"editor","value":{"id":"703440cc-f5cb-4f27-ba54-a9125a58e033","version":31,"space_id":"d51d3ca5-7889-4c70-b906-3a5a37b60274","parent_id":"a03b888f-5426-4e4f-b5ef-bed855b162f0","parent_table":"user_root","alive":true,"notify_mobile":false,"notify_desktop":true,"notify_email":false,"visited_templates":["7e89f436-7aac-4f66-b0a6-6e65ec868d2a","88c9c2b0-d732-4342-8963-0580a4725571","ba43b46e-4ad3-47f7-95f0-58a3ba01476f","2dddc8c5-a711-4aa2-b5b3-ff952a49bcfa","b7572331-51ab-4ed5-a931-5a7d34b08bf0"],"sidebar_hidden_templates":["7e89f436-7aac-4f66-b0a6-6e65ec868d2a","88c9c2b0-d732-4342-8963-0580a4725571","ba43b46e-4ad3-47f7-95f0-58a3ba01476f","2dddc8c5-a711-4aa2-b5b3-ff952a49bcfa","b7572331-51ab-4ed5-a931-5a7d34b08bf0"],"created_getting_started":true,"created_onboarding_templates":true,"private_pages":["5585f343-8ea5-469b-8a90-a05987977424"],"joined":true,"settings":{"on_app_start":"first_page"}}}},"space":{"d51d3ca5-7889-4c70-b906-3a5a37b60274":{"role":"editor","value":{"id":"d51d3ca5-7889-4c70-b906-3a5a37b60274","version":4215,"name":"test_py","permissions":[{"role":"editor","type":"user_permission","user_id":"a03b888f-5426-4e4f-b5ef-bed855b162f0"}],"beta_enabled":false,"created_time":1638259881592,"last_edited_time":1652698380000,"created_by_table":"notion_user","created_by_id":"a03b888f-5426-4e4f-b5ef-bed855b162f0","last_edited_by_table":"notion_user","last_edited_by_id":"a03b888f-5426-4e4f-b5ef-bed855b162f0","plan_type":"personal","invite_link_enabled":true}}}}}'
    headers:
      Content-Type:
      - application/json; charset=utf-8
      Transfer-Encoding:
      - chunked
      content-length:
      - '2694'
    status:
      code: 200
      message: OK
- request:
    body: '{}'
    headers:
      Content-Length:
      - '2'
      content-type:
      - application/json
      cookie:
      - PRIVATE
    method: POST
    uri: https://www.notion.so/api/v3/loadUserContent
  response:
    body:
      string: '{"recordMap":{"notion_user":{"a03b888f-5426-4e4f-b5ef-bed855b162f0":{"role":"editor","value":{"id":"a03b888f-5426-4e4f-b5ef-bed855b162f0","version":7,"email":"test_py_notion@protonmail.com","onboarding_completed":true,"name":"test_py"}}},"user_root":{"a03b888f-5426-4e4f-b5ef-bed855b162f0":{"role":"editor","value":{"id":"a03b888f-5426-4e4f-b5ef-bed855b162f0","version":3,"space_views":["703440cc-f5cb-4f27-ba54-a9125a58e033"],"space_view_pointers":[{"id":"703440cc-f5cb-4f27-ba54-a9125a58e033","table":"space_view","spaceId":"d51d3ca5-7889-4c70-b906-3a5a37b60274"}]}}},"user_settings":{"a03b888f-5426-4e4f-b5ef-bed855b162f0":{"role":"editor","value":{"id":"a03b888f-5426-4e4f-b5ef-bed855b162f0","version":10,"settings":{"type":"personal","persona":"personal","team_role":"unfilled","time_zone":"Asia/Tashkent","signup_time":1638259864507,"cookie_consent":{"id":"2c2f9260-c9a6-4097-bc19-30e5395dfb02","permission":{"necessary":true,"targeting":false,"preference":false,"performance":false}},"preferred_locale":"en-US","used_desktop_web_app":true,"seen_views_intro_modal":true,"preferred_locale_origin":"autodetect","seen_persona_collection":true}}}},"space_view":{"703440cc-f5cb-4f27-ba54-a9125a58e033":{"role":"editor","value":{"id":"703440cc-f5cb-4f27-ba54-a9125a58e033","version":31,"space_id":"d51d3ca5-7889-4c70-b906-3a5a37b60274","parent_id":"a03b888f-5426-4e4f-b5ef-bed855b162f0","parent_table":"user_root","alive":true,"notify_mobile":false,"notify_desktop":true,"notify_email":false,"visited_templates":["7e89f436-7aac-4f66-b0a6-6e65ec868d2a","88c9c2b0-d732-4342-8963-0580a4725571","ba43b46e-4ad3-47f7-95f0-58a3ba01476f","2dddc8c5-a711-4aa2-b5b3-ff952a49bcfa","b7572331-51ab-4ed5-a931-5a7d34b08bf0"],"sidebar_hidden_templates":["7e89f436-7aac-4f66-b0a6-6e65ec868d2a","88c9c2b0-d732-4342-8963-0580a4725571","ba43b46e-4ad3-47f7-95f0-58a3ba01476f","2dddc8c5-a711-4aa2-b5b3-ff952a49bcfa","b7572331-51ab-4ed5-a931-5a7d34b08bf0"],"created_getting_started":true,"created_onboarding_templates":true,"private_pages":["5585f343-8ea5-469b-8a90-a05987977424"],"joined":true,"settings":{"on_app_start":"first_page"}}}},"space":{"d51d3ca5-7889-4c70-b906-3a5a37b60274":{"role":"editor","value":{"id":"d51d3ca5-7889-4c70-b906-3a5a37b60274","version":4215,"name":"test_py","permissions":[{"role":"editor","type":"user_permission","user_id":"a03b888f-5426-4e4f-b5ef-bed855b162f0"}],"beta_enabled":false,"created_time":1638259881592,"last_edited_time":1652698380000,"created_by_table":"notion_user","created_by_id":"a03b888f-5426-4e4f-b5ef-bed855b162f0","last_edited_by_table":"notion_user","last_edited_by_id":"a03b888f-5426-4e4f-b5ef-bed855b162f0","plan_type":"personal","invite_link_enabled":true}}}}}'
    headers:
      Content-Type:
      - application/json; charset=utf-8
      Transfer-Encoding:
      - chunked
      content-length:
      - '2694'
    status:
      code: 200
      message: OK
- request:
    body: '{"operations": [{"id": "93e3fdd4-dd40-4bbe-93e8-2b4c92f72a7e", "path":
      [], "args": {"id": "93e3fdd4-dd40-4bbe-93e8-2b4c92f72a7e", "version": 1, "alive":
      true, "created_by_id": "a03b888f-5426-4e4f-b5ef-bed855b162f0", "created_by_table":
      "notion_user", "created_time": 1653055045650, "parent_id": "d51d3ca5-7889-4c70-b906-3a5a37b60274",
      "parent_table": "space", "type": "collection_view_page", "permissions": [{"role":
      "editor", "type": "user_permission", "user_id": "a03b888f-5426-4e4f-b5ef-bed855b162f0"}]},
      "command": "set", "table": "block"}, {"args": {"last_edited_by_id": "a03b888f-5426-4e4f-b5ef-bed855b162f0",
      "last_edited_by_table": "notion_user", "last_edited_time": 1653055045650}, "command":
      "update", "id": "93e3fdd4-dd40-4bbe-93e8-2b4c92f72a7e", "path": [], "table":
      "block"}, {"id": "d51d3ca5-7889-4c70-b906-3a5a37b60274", "path": ["pages"],
      "args": {"id": "93e3fdd4-dd40-4bbe-93e8-2b4c92f72a7e"}, "command": "listAfter",
      "table": "space"}, {"args": {"last_edited_by_id": "a03b888f-5426-4e4f-b5ef-bed855b162f0",
      "last_edited_by_table": "notion_user", "last_edited_time": 1653055045650}, "command":
      "update", "id": "93e3fdd4-dd40-4bbe-93e8-2b4c92f72a7e", "path": [], "table":
      "block"}]}'
    headers:
      Content-Length:
      - '1198'
      content-type:
      - application/json
      cookie:
      - PRIVATE
      x-notion-active-user-header:
      - a03b888f-5426-4e4f-b5ef-bed855b162f0
    method: POST
    uri: https://www.notion.so/api/v3/submitTransaction
  response:
    body:
      string: '{}'
    headers:
      Content-Length:
      - '2'
      Content-Type:
      - application/json; charset=utf-8
    status:
      code: 200
      message: OK
- request:
    body: '{"operations": [{"id": "3ee435df-5809-4517-8b1a-7fb8790c87e3", "path":
      [], "args": {"id": "3ee435df-5809-4517-8b1a-7fb8790c87e3", "version": 1, "alive":
      true, "created_by_id": "a03b888f-5426-4e4f-b5ef-bed855b162f0", "created_by_table":
      "notion_user", "created_time": 1653055046134, "parent_id": "93e3fdd4-dd40-4bbe-93e8-2b4c92f72a7e",
      "parent_table": "block", "schema": {"title": {"name": "a", "type": "title"},
      "Hz7W": {"name": "b", "type": "date"}}}, "command": "set", "table": "collection"},
      {"id": "93e3fdd4-dd40-4bbe-93e8-2b4c92f72a7e", "path": ["content"], "args":
      {"id": "3ee435df-5809-4517-8b1a-7fb8790c87e3"}, "command": "listAfter", "table":
      "block"}, {"args": {"last_edited_by_id": "a03b888f-5426-4e4f-b5ef-bed855b162f0",
      "last_edited_by_table": "notion_user", "last_edited_time": 1653055046134}, "command":
      "update", "id": "93e3fdd4-dd40-4bbe-93e8-2b4c92f72a7e", "path": [], "table":
      "block"}, {"args": {"last_edited_by_id": "a03b888f-5426-4e4f-b5ef-bed855b162f0",
      "last_edited_by_table": "notion_user", "last_edited_time": 1653055046134}, "command":
      "update", "id": "93e3fdd4-dd40-4bbe-93e8-2b4c92f72a7e", "path": [], "table":
      "block"}]}'
    headers:
      Content-Length:
      - '1150'
      content-type:
      - application/json
      cookie:
      - PRIVATE
      x-notion-active-user-header:
      - a03b888f-5426-4e4f-b5ef-bed855b162f0
    method: POST
    uri: https://www.notion.so/api/v3/submitTransaction
  response:
    body:
      string: '{}'
    headers:
      Content-Length:
      - '2'
      Content-Type:
      - application/json; charset=utf-8
    status:
      code: 200
      message: OK
- request:
    body: '{"operations": [{"id": "93e3fdd4-dd40-4bbe-93e8-2b4c92f72a7e", "path":
      ["format", "collection_pointer", "id"], "args": "3ee435df-5809-4517-8b1a-7fb8790c87e3",
      "command": "set", "table": "block"}, {"args": {"last_edited_by_id": "a03b888f-5426-4e4f-b5ef-bed855b162f0",
      "last_edited_by_table": "notion_user", "last_edited_time": 1653055047118}, "command":
      "update", "id": "93e3fdd4-dd40-4bbe-93e8-2b4c92f72a7e", "path": [], "table":
      "block"}]}'
    headers:
      Content-Length:
      - '440'
      content-type:
      - application/json
      cookie:
      - PRIVATE
      x-notion-active-user-header:
      - a03b888f-5426-4e4f-b5ef-bed855b162f0
    method: POST
    uri: https://www.notion.so/api/v3/submitTransaction
  response:
    body:
      string: '{}'
    headers:
      Content-Length:
      - '2'
      Content-Type:
      - application/json; charset=utf-8
    status:
      code: 200
      message: OK
- request:
    body: '{"operations": [{"id": "1dc4e6f4-f559-41b4-b6c5-064bce081a3e", "path":
      [], "args": {"id": "1dc4e6f4-f559-41b4-b6c5-064bce081a3e", "version": 1, "alive":
      true, "created_by_id": "a03b888f-5426-4e4f-b5ef-bed855b162f0", "created_by_table":
      "notion_user", "created_time": 1653055047470, "parent_id": "93e3fdd4-dd40-4bbe-93e8-2b4c92f72a7e",
      "parent_table": "block", "type": "table"}, "command": "set", "table": "collection_view"},
      {"id": "93e3fdd4-dd40-4bbe-93e8-2b4c92f72a7e", "path": ["content"], "args":
      {"id": "1dc4e6f4-f559-41b4-b6c5-064bce081a3e"}, "command": "listAfter", "table":
      "block"}, {"args": {"last_edited_by_id": "a03b888f-5426-4e4f-b5ef-bed855b162f0",
      "last_edited_by_table": "notion_user", "last_edited_time": 1653055047470}, "command":
      "update", "id": "93e3fdd4-dd40-4bbe-93e8-2b4c92f72a7e", "path": [], "table":
      "block"}, {"args": {"last_edited_by_id": "a03b888f-5426-4e4f-b5ef-bed855b162f0",
      "last_edited_by_table": "notion_user", "last_edited_time": 1653055047470}, "command":
      "update", "id": "93e3fdd4-dd40-4bbe-93e8-2b4c92f72a7e", "path": [], "table":
      "block"}]}'
    headers:
      Content-Length:
      - '1080'
      content-type:
      - application/json
      cookie:
      - PRIVATE
      x-notion-active-user-header:
      - a03b888f-5426-4e4f-b5ef-bed855b162f0
    method: POST
    uri: https://www.notion.so/api/v3/submitTransaction
  response:
    body:
      string: '{}'
    headers:
      Content-Length:
      - '2'
      Content-Type:
      - application/json; charset=utf-8
    status:
      code: 200
      message: OK
- request:
    body: '{"operations": [{"id": "1dc4e6f4-f559-41b4-b6c5-064bce081a3e", "path":
      ["collection_id"], "args": "3ee435df-5809-4517-8b1a-7fb8790c87e3", "command":
      "set", "table": "collection_view"}]}'
    headers:
      Content-Length:
      - '185'
      content-type:
      - application/json
      cookie:
      - PRIVATE
      x-notion-active-user-header:
      - a03b888f-5426-4e4f-b5ef-bed855b162f0
    method: POST
    uri: https://www.notion.so/api/v3/submitTransaction
  response:
    body:
      string: '{}'
    headers:
      Content-Length:
      - '2'
      Content-Type:
      - application/json; charset=utf-8
    status:
      code: 200
      message: OK
- request:
    body: '{"operations": [{"id": "93e3fdd4-dd40-4bbe-93e8-2b4c92f72a7e", "path":
      ["view_ids"], "args": ["1dc4e6f4-f559-41b4-b6c5-064bce081a3e"], "command": "set",
      "table": "block"}, {"args": {"last_edited_by_id": "a03b888f-5426-4e4f-b5ef-bed855b162f0",
      "last_edited_by_table": "notion_user", "last_edited_time": 1653055048213}, "command":
      "update", "id": "93e3fdd4-dd40-4bbe-93e8-2b4c92f72a7e", "path": [], "table":
      "block"}]}'
    headers:
      Content-Length:
      - '416'
      content-type:
      - application/json
      cookie:
      - PRIVATE
      x-notion-active-user-header:
      - a03b888f-5426-4e4f-b5ef-bed855b162f0
    method: POST
    uri: https://www.notion.so/api/v3/submitTransaction
  response:
    body:
      string: '{}'
    headers:
      Content-Length:
      - '2'
      Content-Type:
      - application/json; charset=utf-8
    status:
      code: 200
      message: OK
- request:
    body: '{"operations": [{"id": "1dc4e6f4-f559-41b4-b6c5-064bce081a3e", "path":
      ["format", "table_properties"], "args": [{"visible": true, "property": "title"},
      {"visible": true, "property": "Hz7W"}], "command": "set", "table": "collection_view"}]}'
    headers:
      Content-Length:
      - '239'
      content-type:
      - application/json
      cookie:
      - PRIVATE
      x-notion-active-user-header:
      - a03b888f-5426-4e4f-b5ef-bed855b162f0
    method: POST
    uri: https://www.notion.so/api/v3/submitTransaction
  response:
    body:
      string: '{}'
    headers:
      Content-Length:
      - '2'
      Content-Type:
      - application/json; charset=utf-8
    status:
      code: 200
      message: OK
- request:
    body: '{"operations": [{"id": "3ee435df-5809-4517-8b1a-7fb8790c87e3", "path":
      ["name"], "args": [["TESTING PAGE"]], "command": "set", "table": "collection"}]}'
    headers:
      Content-Length:
      - '151'
      content-type:
      - application/json
      cookie:
      - PRIVATE
      x-notion-active-user-header:
      - a03b888f-5426-4e4f-b5ef-bed855b162f0
    method: POST
    uri: https://www.notion.so/api/v3/submitTransaction
  response:
    body:
      string: '{}'
    headers:
      Content-Length:
      - '2'
      Content-Type:
      - application/json; charset=utf-8
    status:
      code: 200
      message: OK
- request:
    body: '{"page": {"id": "93e3fdd4-dd40-4bbe-93e8-2b4c92f72a7e"}, "limit": 100,
      "cursor": {"stack": []}, "chunkNumber": 0, "verticalColumns": false}'
    headers:
      Content-Length:
      - '139'
      content-type:
      - application/json
      cookie:
      - PRIVATE
      x-notion-active-user-header:
      - a03b888f-5426-4e4f-b5ef-bed855b162f0
    method: POST
    uri: https://www.notion.so/api/v3/loadPageChunk
  response:
    body:
      string: '{"cursor":{"stack":[]},"recordMap":{"block":{"93e3fdd4-dd40-4bbe-93e8-2b4c92f72a7e":{"role":"editor","value":{"id":"93e3fdd4-dd40-4bbe-93e8-2b4c92f72a7e","version":13,"type":"collection_view_page","content":["3ee435df-5809-4517-8b1a-7fb8790c87e3","1dc4e6f4-f559-41b4-b6c5-064bce081a3e"],"view_ids":["1dc4e6f4-f559-41b4-b6c5-064bce081a3e"],"format":{"collection_pointer":{"id":"3ee435df-5809-4517-8b1a-7fb8790c87e3","table":"collection","spaceId":"d51d3ca5-7889-4c70-b906-3a5a37b60274"}},"permissions":[{"role":"editor","type":"user_permission","user_id":"a03b888f-5426-4e4f-b5ef-bed855b162f0"}],"created_time":1653055045650,"last_edited_time":1653055048213,"parent_id":"d51d3ca5-7889-4c70-b906-3a5a37b60274","parent_table":"space","alive":true,"created_by_table":"notion_user","created_by_id":"a03b888f-5426-4e4f-b5ef-bed855b162f0","last_edited_by_table":"notion_user","last_edited_by_id":"a03b888f-5426-4e4f-b5ef-bed855b162f0","space_id":"d51d3ca5-7889-4c70-b906-3a5a37b60274"}}},"space":{"d51d3ca5-7889-4c70-b906-3a5a37b60274":{"role":"editor","value":{"id":"d51d3ca5-7889-4c70-b906-3a5a37b60274","version":4216,"name":"test_py","permissions":[{"role":"editor","type":"user_permission","user_id":"a03b888f-5426-4e4f-b5ef-bed855b162f0"}],"beta_enabled":false,"pages":["93e3fdd4-dd40-4bbe-93e8-2b4c92f72a7e"],"created_time":1638259881592,"last_edited_time":1652698380000,"created_by_table":"notion_user","created_by_id":"a03b888f-5426-4e4f-b5ef-bed855b162f0","last_edited_by_table":"notion_user","last_edited_by_id":"a03b888f-5426-4e4f-b5ef-bed855b162f0","plan_type":"personal","invite_link_enabled":true}}},"collection_view":{"1dc4e6f4-f559-41b4-b6c5-064bce081a3e":{"role":"editor","value":{"id":"1dc4e6f4-f559-41b4-b6c5-064bce081a3e","version":3,"type":"table","format":{"table_properties":[{"visible":true,"property":"title"},{"visible":true,"property":"Hz7W"}]},"parent_id":"93e3fdd4-dd40-4bbe-93e8-2b4c92f72a7e","parent_table":"block","alive":true,"space_id":"d51d3ca5-7889-4c70-b906-3a5a37b60274","created_time":1653055047470,"created_by_table":"notion_user","created_by_id":"a03b888f-5426-4e4f-b5ef-bed855b162f0"}}},"collection":{"3ee435df-5809-4517-8b1a-7fb8790c87e3":{"role":"editor","value":{"id":"3ee435df-5809-4517-8b1a-7fb8790c87e3","version":2,"name":[["TESTING
        PAGE"]],"schema":{"Hz7W":{"name":"b","type":"date"},"title":{"name":"a","type":"title"}},"parent_id":"93e3fdd4-dd40-4bbe-93e8-2b4c92f72a7e","parent_table":"block","alive":true,"migrated":true,"space_id":"d51d3ca5-7889-4c70-b906-3a5a37b60274"}}}}}'
    headers:
      Content-Type:
      - application/json; charset=utf-8
      Transfer-Encoding:
      - chunked
      content-length:
      - '2522'
    status:
      code: 200
      message: OK
- request:
    body: '{}'
    headers:
      Content-Length:
      - '2'
      content-type:
      - application/json
      cookie:
      - PRIVATE
    method: POST
    uri: https://www.notion.so/api/v3/loadUserContent
  response:
    body:
      string: '{"recordMap":{"notion_user":{"a03b888f-5426-4e4f-b5ef-bed855b162f0":{"role":"editor","value":{"id":"a03b888f-5426-4e4f-b5ef-bed855b162f0","version":7,"email":"test_py_notion@protonmail.com","onboarding_completed":true,"name":"test_py"}}},"user_root":{"a03b888f-5426-4e4f-b5ef-bed855b162f0":{"role":"editor","value":{"id":"a03b888f-5426-4e4f-b5ef-bed855b162f0","version":3,"space_views":["703440cc-f5cb-4f27-ba54-a9125a58e033"],"space_view_pointers":[{"id":"703440cc-f5cb-4f27-ba54-a9125a58e033","table":"space_view","spaceId":"d51d3ca5-7889-4c70-b906-3a5a37b60274"}]}}},"user_settings":{"a03b888f-5426-4e4f-b5ef-bed855b162f0":{"role":"editor","value":{"id":"a03b888f-5426-4e4f-b5ef-bed855b162f0","version":10,"settings":{"type":"personal","persona":"personal","team_role":"unfilled","time_zone":"Asia/Tashkent","signup_time":1638259864507,"cookie_consent":{"id":"2c2f9260-c9a6-4097-bc19-30e5395dfb02","permission":{"necessary":true,"targeting":false,"preference":false,"performance":false}},"preferred_locale":"en-US","used_desktop_web_app":true,"seen_views_intro_modal":true,"preferred_locale_origin":"autodetect","seen_persona_collection":true}}}},"space_view":{"703440cc-f5cb-4f27-ba54-a9125a58e033":{"role":"editor","value":{"id":"703440cc-f5cb-4f27-ba54-a9125a58e033","version":31,"space_id":"d51d3ca5-7889-4c70-b906-3a5a37b60274","parent_id":"a03b888f-5426-4e4f-b5ef-bed855b162f0","parent_table":"user_root","alive":true,"notify_mobile":false,"notify_desktop":true,"notify_email":false,"visited_templates":["7e89f436-7aac-4f66-b0a6-6e65ec868d2a","88c9c2b0-d732-4342-8963-0580a4725571","ba43b46e-4ad3-47f7-95f0-58a3ba01476f","2dddc8c5-a711-4aa2-b5b3-ff952a49bcfa","b7572331-51ab-4ed5-a931-5a7d34b08bf0"],"sidebar_hidden_templates":["7e89f436-7aac-4f66-b0a6-6e65ec868d2a","88c9c2b0-d732-4342-8963-0580a4725571","ba43b46e-4ad3-47f7-95f0-58a3ba01476f","2dddc8c5-a711-4aa2-b5b3-ff952a49bcfa","b7572331-51ab-4ed5-a931-5a7d34b08bf0"],"created_getting_started":true,"created_onboarding_templates":true,"private_pages":["5585f343-8ea5-469b-8a90-a05987977424"],"joined":true,"settings":{"on_app_start":"first_page"}}}},"space":{"d51d3ca5-7889-4c70-b906-3a5a37b60274":{"role":"editor","value":{"id":"d51d3ca5-7889-4c70-b906-3a5a37b60274","version":4216,"name":"test_py","permissions":[{"role":"editor","type":"user_permission","user_id":"a03b888f-5426-4e4f-b5ef-bed855b162f0"}],"beta_enabled":false,"pages":["93e3fdd4-dd40-4bbe-93e8-2b4c92f72a7e"],"created_time":1638259881592,"last_edited_time":1652698380000,"created_by_table":"notion_user","created_by_id":"a03b888f-5426-4e4f-b5ef-bed855b162f0","last_edited_by_table":"notion_user","last_edited_by_id":"a03b888f-5426-4e4f-b5ef-bed855b162f0","plan_type":"personal","invite_link_enabled":true}}},"block":{"93e3fdd4-dd40-4bbe-93e8-2b4c92f72a7e":{"role":"editor","value":{"id":"93e3fdd4-dd40-4bbe-93e8-2b4c92f72a7e","version":13,"type":"collection_view_page","content":["3ee435df-5809-4517-8b1a-7fb8790c87e3","1dc4e6f4-f559-41b4-b6c5-064bce081a3e"],"view_ids":["1dc4e6f4-f559-41b4-b6c5-064bce081a3e"],"format":{"collection_pointer":{"id":"3ee435df-5809-4517-8b1a-7fb8790c87e3","table":"collection","spaceId":"d51d3ca5-7889-4c70-b906-3a5a37b60274"}},"permissions":[{"role":"editor","type":"user_permission","user_id":"a03b888f-5426-4e4f-b5ef-bed855b162f0"}],"created_time":1653055045650,"last_edited_time":1653055048213,"parent_id":"d51d3ca5-7889-4c70-b906-3a5a37b60274","parent_table":"space","alive":true,"created_by_table":"notion_user","created_by_id":"a03b888f-5426-4e4f-b5ef-bed855b162f0","last_edited_by_table":"notion_user","last_edited_by_id":"a03b888f-5426-4e4f-b5ef-bed855b162f0","space_id":"d51d3ca5-7889-4c70-b906-3a5a37b60274"}}},"collection":{"3ee435df-5809-4517-8b1a-7fb8790c87e3":{"role":"editor","value":{"id":"3ee435df-5809-4517-8b1a-7fb8790c87e3","version":2,"name":[["TESTING
        PAGE"]],"schema":{"Hz7W":{"name":"b","type":"date"},"title":{"name":"a","type":"title"}},"parent_id":"93e3fdd4-dd40-4bbe-93e8-2b4c92f72a7e","parent_table":"block","alive":true,"migrated":true,"space_id":"d51d3ca5-7889-4c70-b906-3a5a37b60274"}}}}}'
    headers:
      Content-Type:
      - application/json; charset=utf-8
      Transfer-Encoding:
      - chunked
      content-length:
      - '4086'
    status:
      code: 200
      message: OK
- request:
    body: '{"page": {"id": "93e3fdd4-dd40-4bbe-93e8-2b4c92f72a7e"}, "limit": 100,
      "cursor": {"stack": []}, "chunkNumber": 0, "verticalColumns": false}'
    headers:
      Content-Length:
      - '139'
      content-type:
      - application/json
      cookie:
      - PRIVATE
      x-notion-active-user-header:
      - a03b888f-5426-4e4f-b5ef-bed855b162f0
    method: POST
    uri: https://www.notion.so/api/v3/loadPageChunk
  response:
    body:
      string: '{"cursor":{"stack":[]},"recordMap":{"block":{"93e3fdd4-dd40-4bbe-93e8-2b4c92f72a7e":{"role":"editor","value":{"id":"93e3fdd4-dd40-4bbe-93e8-2b4c92f72a7e","version":13,"type":"collection_view_page","content":["3ee435df-5809-4517-8b1a-7fb8790c87e3","1dc4e6f4-f559-41b4-b6c5-064bce081a3e"],"view_ids":["1dc4e6f4-f559-41b4-b6c5-064bce081a3e"],"format":{"collection_pointer":{"id":"3ee435df-5809-4517-8b1a-7fb8790c87e3","table":"collection","spaceId":"d51d3ca5-7889-4c70-b906-3a5a37b60274"}},"permissions":[{"role":"editor","type":"user_permission","user_id":"a03b888f-5426-4e4f-b5ef-bed855b162f0"}],"created_time":1653055045650,"last_edited_time":1653055048213,"parent_id":"d51d3ca5-7889-4c70-b906-3a5a37b60274","parent_table":"space","alive":true,"created_by_table":"notion_user","created_by_id":"a03b888f-5426-4e4f-b5ef-bed855b162f0","last_edited_by_table":"notion_user","last_edited_by_id":"a03b888f-5426-4e4f-b5ef-bed855b162f0","space_id":"d51d3ca5-7889-4c70-b906-3a5a37b60274"}}},"space":{"d51d3ca5-7889-4c70-b906-3a5a37b60274":{"role":"editor","value":{"id":"d51d3ca5-7889-4c70-b906-3a5a37b60274","version":4216,"name":"test_py","permissions":[{"role":"editor","type":"user_permission","user_id":"a03b888f-5426-4e4f-b5ef-bed855b162f0"}],"beta_enabled":false,"pages":["93e3fdd4-dd40-4bbe-93e8-2b4c92f72a7e"],"created_time":1638259881592,"last_edited_time":1652698380000,"created_by_table":"notion_user","created_by_id":"a03b888f-5426-4e4f-b5ef-bed855b162f0","last_edited_by_table":"notion_user","last_edited_by_id":"a03b888f-5426-4e4f-b5ef-bed855b162f0","plan_type":"personal","invite_link_enabled":true}}},"collection_view":{"1dc4e6f4-f559-41b4-b6c5-064bce081a3e":{"role":"editor","value":{"id":"1dc4e6f4-f559-41b4-b6c5-064bce081a3e","version":3,"type":"table","format":{"table_properties":[{"visible":true,"property":"title"},{"visible":true,"property":"Hz7W"}]},"parent_id":"93e3fdd4-dd40-4bbe-93e8-2b4c92f72a7e","parent_table":"block","alive":true,"space_id":"d51d3ca5-7889-4c70-b906-3a5a37b60274","created_time":1653055047470,"created_by_table":"notion_user","created_by_id":"a03b888f-5426-4e4f-b5ef-bed855b162f0"}}},"collection":{"3ee435df-5809-4517-8b1a-7fb8790c87e3":{"role":"editor","value":{"id":"3ee435df-5809-4517-8b1a-7fb8790c87e3","version":2,"name":[["TESTING
        PAGE"]],"schema":{"Hz7W":{"name":"b","type":"date"},"title":{"name":"a","type":"title"}},"parent_id":"93e3fdd4-dd40-4bbe-93e8-2b4c92f72a7e","parent_table":"block","alive":true,"migrated":true,"space_id":"d51d3ca5-7889-4c70-b906-3a5a37b60274"}}}}}'
    headers:
      Content-Type:
      - application/json; charset=utf-8
      Transfer-Encoding:
      - chunked
      content-length:
      - '2522'
    status:
      code: 200
      message: OK
- request:
    body: '{"requests": [{"table": "collection", "id": "3ee435df-5809-4517-8b1a-7fb8790c87e3"}]}'
    headers:
      Content-Length:
      - '85'
      content-type:
      - application/json
      cookie:
      - PRIVATE
      x-notion-active-user-header:
      - a03b888f-5426-4e4f-b5ef-bed855b162f0
    method: POST
    uri: https://www.notion.so/api/v3/getRecordValues
  response:
    body:
      string: '{"results":[{"role":"editor","value":{"id":"3ee435df-5809-4517-8b1a-7fb8790c87e3","version":2,"name":[["TESTING
        PAGE"]],"schema":{"Hz7W":{"name":"b","type":"date"},"title":{"name":"a","type":"title"}},"parent_id":"93e3fdd4-dd40-4bbe-93e8-2b4c92f72a7e","parent_table":"block","alive":true,"migrated":true,"space_id":"d51d3ca5-7889-4c70-b906-3a5a37b60274"}}],"recordMapWithRoles":{"collection":{"3ee435df-5809-4517-8b1a-7fb8790c87e3":{"role":"editor","value":{"id":"3ee435df-5809-4517-8b1a-7fb8790c87e3","version":2,"name":[["TESTING
        PAGE"]],"schema":{"Hz7W":{"name":"b","type":"date"},"title":{"name":"a","type":"title"}},"parent_id":"93e3fdd4-dd40-4bbe-93e8-2b4c92f72a7e","parent_table":"block","alive":true,"migrated":true,"space_id":"d51d3ca5-7889-4c70-b906-3a5a37b60274"}}},"block":{"93e3fdd4-dd40-4bbe-93e8-2b4c92f72a7e":{"role":"editor","value":{"id":"93e3fdd4-dd40-4bbe-93e8-2b4c92f72a7e","version":13,"type":"collection_view_page","content":["3ee435df-5809-4517-8b1a-7fb8790c87e3","1dc4e6f4-f559-41b4-b6c5-064bce081a3e"],"view_ids":["1dc4e6f4-f559-41b4-b6c5-064bce081a3e"],"format":{"collection_pointer":{"id":"3ee435df-5809-4517-8b1a-7fb8790c87e3","table":"collection","spaceId":"d51d3ca5-7889-4c70-b906-3a5a37b60274"}},"permissions":[{"role":"editor","type":"user_permission","user_id":"a03b888f-5426-4e4f-b5ef-bed855b162f0"}],"created_time":1653055045650,"last_edited_time":1653055048213,"parent_id":"d51d3ca5-7889-4c70-b906-3a5a37b60274","parent_table":"space","alive":true,"created_by_table":"notion_user","created_by_id":"a03b888f-5426-4e4f-b5ef-bed855b162f0","last_edited_by_table":"notion_user","last_edited_by_id":"a03b888f-5426-4e4f-b5ef-bed855b162f0","space_id":"d51d3ca5-7889-4c70-b906-3a5a37b60274"}}},"space":{"d51d3ca5-7889-4c70-b906-3a5a37b60274":{"role":"editor","value":{"id":"d51d3ca5-7889-4c70-b906-3a5a37b60274","version":4216,"name":"test_py","permissions":[{"role":"editor","type":"user_permission","user_id":"a03b888f-5426-4e4f-b5ef-bed855b162f0"}],"beta_enabled":false,"pages":["93e3fdd4-dd40-4bbe-93e8-2b4c92f72a7e"],"created_time":1638259881592,"last_edited_time":1652698380000,"created_by_table":"notion_user","created_by_id":"a03b888f-5426-4e4f-b5ef-bed855b162f0","last_edited_by_table":"notion_user","last_edited_by_id":"a03b888f-5426-4e4f-b5ef-bed855b162f0","plan_type":"personal","invite_link_enabled":true}}}}}'
    headers:
      Content-Type:
      - application/json; charset=utf-8
      Transfer-Encoding:
      - chunked
      content-length:
      - '2350'
    status:
      code: 200
      message: OK
- request:
    body: '{"collection": {"id": "3ee435df-5809-4517-8b1a-7fb8790c87e3", "spaceId":
      "d51d3ca5-7889-4c70-b906-3a5a37b60274"}, "collectionView": {"id": "1dc4e6f4-f559-41b4-b6c5-064bce081a3e",
      "spaceId": "d51d3ca5-7889-4c70-b906-3a5a37b60274"}, "loader": {"reducers": {"table:uncategorized:title:count":
      {"aggregation": {"aggregator": "count", "property": "title"}, "type": "aggregation"}},
      "searchQuery": "", "sort": [], "userTimeZone": "Asia/Tashkent", "type": "reducer"}}'
    headers:
      Content-Length:
      - '460'
      content-type:
      - application/json
      cookie:
      - PRIVATE
      x-notion-active-user-header:
      - a03b888f-5426-4e4f-b5ef-bed855b162f0
    method: POST
    uri: https://www.notion.so/api/v3/queryCollection
  response:
    body:
      string: '{"result":{"type":"reducer","reducerResults":{"table:uncategorized:title:count":{"type":"aggregation","aggregationResult":{"type":"number","value":0}}}},"recordMap":{}}'
    headers:
      Content-Type:
      - application/json; charset=utf-8
      Transfer-Encoding:
      - chunked
      content-encoding:
      - undefined
    status:
      code: 200
      message: OK
- request:
    body: '{"collection": {"id": "3ee435df-5809-4517-8b1a-7fb8790c87e3", "spaceId":
      "d51d3ca5-7889-4c70-b906-3a5a37b60274"}, "collectionView": {"id": "1dc4e6f4-f559-41b4-b6c5-064bce081a3e",
      "spaceId": "d51d3ca5-7889-4c70-b906-3a5a37b60274"}, "loader": {"reducers": {"collection_group_results":
      {"limit": 0, "type": "results"}}, "searchQuery": "", "sort": [], "userTimeZone":
      "Asia/Tashkent", "type": "reducer"}}'
    headers:
      Content-Length:
      - '400'
      content-type:
      - application/json
      cookie:
      - PRIVATE
      x-notion-active-user-header:
      - a03b888f-5426-4e4f-b5ef-bed855b162f0
    method: POST
    uri: https://www.notion.so/api/v3/queryCollection
  response:
    body:
      string: '{"result":{"type":"reducer","reducerResults":{"collection_group_results":{"type":"results","blockIds":[],"hasMore":false}}},"recordMap":{}}'
    headers:
      Content-Type:
      - application/json; charset=utf-8
      Transfer-Encoding:
      - chunked
      content-encoding:
      - undefined
    status:
      code: 200
      message: OK
- request:
    body: '{"operations": [{"id": "67cc6304-d780-446f-945a-40d344476727", "path":
      [], "args": {"id": "67cc6304-d780-446f-945a-40d344476727", "version": 1, "alive":
      true, "created_by_id": "a03b888f-5426-4e4f-b5ef-bed855b162f0", "created_by_table":
      "notion_user", "created_time": 1653055051690, "parent_id": "3ee435df-5809-4517-8b1a-7fb8790c87e3",
      "parent_table": "collection", "type": "page"}, "command": "set", "table": "block"},
      {"args": {"last_edited_by_id": "a03b888f-5426-4e4f-b5ef-bed855b162f0", "last_edited_by_table":
      "notion_user", "last_edited_time": 1653055051690}, "command": "update", "id":
      "67cc6304-d780-446f-945a-40d344476727", "path": [], "table": "block"}, {"args":
      {"last_edited_by_id": "a03b888f-5426-4e4f-b5ef-bed855b162f0", "last_edited_by_table":
      "notion_user", "last_edited_time": 1653055051690}, "command": "update", "id":
      "67cc6304-d780-446f-945a-40d344476727", "path": [], "table": "block"}]}'
    headers:
      Content-Length:
      - '907'
      content-type:
      - application/json
      cookie:
      - PRIVATE
      x-notion-active-user-header:
      - a03b888f-5426-4e4f-b5ef-bed855b162f0
    method: POST
    uri: https://www.notion.so/api/v3/submitTransaction
  response:
    body:
      string: '{}'
    headers:
      Content-Length:
      - '2'
      Content-Type:
      - application/json; charset=utf-8
    status:
      code: 200
      message: OK
- request:
    body: '{"operations": [{"id": "67cc6304-d780-446f-945a-40d344476727", "path":
      ["properties", "title"], "args": [["a"]], "command": "set", "table": "block"},
      {"args": {"last_edited_by_id": "a03b888f-5426-4e4f-b5ef-bed855b162f0", "last_edited_by_table":
      "notion_user", "last_edited_time": 1653055052063}, "command": "update", "id":
      "67cc6304-d780-446f-945a-40d344476727", "path": [], "table": "block"}, {"id":
      "67cc6304-d780-446f-945a-40d344476727", "path": ["properties", "Hz7W"], "args":
      [["\u2023", [["d", {"type": "datetime", "start_date": "2001-12-01", "time_zone":
      "Asia/Tashkent", "start_time": "00:00"}]]]], "command": "set", "table": "block"},
      {"args": {"last_edited_by_id": "a03b888f-5426-4e4f-b5ef-bed855b162f0", "last_edited_by_table":
      "notion_user", "last_edited_time": 1653055052063}, "command": "update", "id":
      "67cc6304-d780-446f-945a-40d344476727", "path": [], "table": "block"}, {"id":
      "1dc4e6f4-f559-41b4-b6c5-064bce081a3e", "path": ["page_sort"], "args": ["67cc6304-d780-446f-945a-40d344476727"],
      "command": "set", "table": "collection_view"}, {"args": {"last_edited_by_id":
      "a03b888f-5426-4e4f-b5ef-bed855b162f0", "last_edited_by_table": "notion_user",
      "last_edited_time": 1653055052063}, "command": "update", "id": "67cc6304-d780-446f-945a-40d344476727",
      "path": [], "table": "block"}]}'
    headers:
      Content-Length:
      - '1299'
      content-type:
      - application/json
      cookie:
      - PRIVATE
      x-notion-active-user-header:
      - a03b888f-5426-4e4f-b5ef-bed855b162f0
    method: POST
    uri: https://www.notion.so/api/v3/submitTransaction
  response:
    body:
      string: '{}'
    headers:
      Content-Length:
      - '2'
      Content-Type:
      - application/json; charset=utf-8
    status:
      code: 200
      message: OK
- request:
    body: '{"requests": [{"table": "collection", "id": "3ee435df-5809-4517-8b1a-7fb8790c87e3"}]}'
    headers:
      Content-Length:
      - '85'
      content-type:
      - application/json
      cookie:
      - PRIVATE
      x-notion-active-user-header:
      - a03b888f-5426-4e4f-b5ef-bed855b162f0
    method: POST
    uri: https://www.notion.so/api/v3/getRecordValues
  response:
    body:
      string: '{"results":[{"role":"editor","value":{"id":"3ee435df-5809-4517-8b1a-7fb8790c87e3","version":2,"name":[["TESTING
        PAGE"]],"schema":{"Hz7W":{"name":"b","type":"date"},"title":{"name":"a","type":"title"}},"parent_id":"93e3fdd4-dd40-4bbe-93e8-2b4c92f72a7e","parent_table":"block","alive":true,"migrated":true,"space_id":"d51d3ca5-7889-4c70-b906-3a5a37b60274"}}],"recordMapWithRoles":{"collection":{"3ee435df-5809-4517-8b1a-7fb8790c87e3":{"role":"editor","value":{"id":"3ee435df-5809-4517-8b1a-7fb8790c87e3","version":2,"name":[["TESTING
        PAGE"]],"schema":{"Hz7W":{"name":"b","type":"date"},"title":{"name":"a","type":"title"}},"parent_id":"93e3fdd4-dd40-4bbe-93e8-2b4c92f72a7e","parent_table":"block","alive":true,"migrated":true,"space_id":"d51d3ca5-7889-4c70-b906-3a5a37b60274"}}},"block":{"93e3fdd4-dd40-4bbe-93e8-2b4c92f72a7e":{"role":"editor","value":{"id":"93e3fdd4-dd40-4bbe-93e8-2b4c92f72a7e","version":13,"type":"collection_view_page","content":["3ee435df-5809-4517-8b1a-7fb8790c87e3","1dc4e6f4-f559-41b4-b6c5-064bce081a3e"],"view_ids":["1dc4e6f4-f559-41b4-b6c5-064bce081a3e"],"format":{"collection_pointer":{"id":"3ee435df-5809-4517-8b1a-7fb8790c87e3","table":"collection","spaceId":"d51d3ca5-7889-4c70-b906-3a5a37b60274"}},"permissions":[{"role":"editor","type":"user_permission","user_id":"a03b888f-5426-4e4f-b5ef-bed855b162f0"}],"created_time":1653055045650,"last_edited_time":1653055048213,"parent_id":"d51d3ca5-7889-4c70-b906-3a5a37b60274","parent_table":"space","alive":true,"created_by_table":"notion_user","created_by_id":"a03b888f-5426-4e4f-b5ef-bed855b162f0","last_edited_by_table":"notion_user","last_edited_by_id":"a03b888f-5426-4e4f-b5ef-bed855b162f0","space_id":"d51d3ca5-7889-4c70-b906-3a5a37b60274"}}},"space":{"d51d3ca5-7889-4c70-b906-3a5a37b60274":{"role":"editor","value":{"id":"d51d3ca5-7889-4c70-b906-3a5a37b60274","version":4216,"name":"test_py","permissions":[{"role":"editor","type":"user_permission","user_id":"a03b888f-5426-4e4f-b5ef-bed855b162f0"}],"beta_enabled":false,"pages":["93e3fdd4-dd40-4bbe-93e8-2b4c92f72a7e"],"created_time":1638259881592,"last_edited_time":1652698380000,"created_by_table":"notion_user","created_by_id":"a03b888f-5426-4e4f-b5ef-bed855b162f0","last_edited_by_table":"notion_user","last_edited_by_id":"a03b888f-5426-4e4f-b5ef-bed855b162f0","plan_type":"personal","invite_link_enabled":true}}}}}'
    headers:
      Content-Type:
      - application/json; charset=utf-8
      Transfer-Encoding:
      - chunked
      content-length:
      - '2350'
    status:
      code: 200
      message: OK
- request:
    body: '{"collection": {"id": "3ee435df-5809-4517-8b1a-7fb8790c87e3", "spaceId":
      "d51d3ca5-7889-4c70-b906-3a5a37b60274"}, "collectionView": {"id": "1dc4e6f4-f559-41b4-b6c5-064bce081a3e",
      "spaceId": "d51d3ca5-7889-4c70-b906-3a5a37b60274"}, "loader": {"reducers": {"table:uncategorized:title:count":
      {"aggregation": {"aggregator": "count", "property": "title"}, "type": "aggregation"}},
      "searchQuery": "", "sort": [], "userTimeZone": "Asia/Tashkent", "type": "reducer"}}'
    headers:
      Content-Length:
      - '460'
      content-type:
      - application/json
      cookie:
      - PRIVATE
      x-notion-active-user-header:
      - a03b888f-5426-4e4f-b5ef-bed855b162f0
    method: POST
    uri: https://www.notion.so/api/v3/queryCollection
  response:
    body:
      string: '{"result":{"type":"reducer","reducerResults":{"table:uncategorized:title:count":{"type":"aggregation","aggregationResult":{"type":"number","value":1}}}},"recordMap":{}}'
    headers:
      Content-Type:
      - application/json; charset=utf-8
      Transfer-Encoding:
      - chunked
      content-encoding:
      - undefined
    status:
      code: 200
      message: OK
- request:
    body: '{"collection": {"id": "3ee435df-5809-4517-8b1a-7fb8790c87e3", "spaceId":
      "d51d3ca5-7889-4c70-b906-3a5a37b60274"}, "collectionView": {"id": "1dc4e6f4-f559-41b4-b6c5-064bce081a3e",
      "spaceId": "d51d3ca5-7889-4c70-b906-3a5a37b60274"}, "loader": {"reducers": {"collection_group_results":
      {"limit": 1, "type": "results"}}, "searchQuery": "", "sort": [], "userTimeZone":
      "Asia/Tashkent", "type": "reducer"}}'
    headers:
      Content-Length:
      - '400'
      content-type:
      - application/json
      cookie:
      - PRIVATE
      x-notion-active-user-header:
      - a03b888f-5426-4e4f-b5ef-bed855b162f0
    method: POST
    uri: https://www.notion.so/api/v3/queryCollection
  response:
    body:
      string: "{\"result\":{\"type\":\"reducer\",\"reducerResults\":{\"collection_group_results\":{\"type\":\"results\",\"blockIds\":[\"67cc6304-d780-446f-945a-40d344476727\"],\"hasMore\":false}}},\"recordMap\":{\"block\":{\"67cc6304-d780-446f-945a-40d344476727\":{\"role\":\"editor\",\"value\":{\"id\":\"67cc6304-d780-446f-945a-40d344476727\",\"version\":8,\"type\":\"page\",\"properties\":{\"Hz7W\":[[\"\u2023\",[[\"d\",{\"type\":\"datetime\",\"time_zone\":\"Asia/Tashkent\",\"start_date\":\"2001-12-01\",\"start_time\":\"00:00\"}]]]],\"title\":[[\"a\"]]},\"created_time\":1653055051690,\"last_edited_time\":1653055052063,\"parent_id\":\"3ee435df-5809-4517-8b1a-7fb8790c87e3\",\"parent_table\":\"collection\",\"alive\":true,\"created_by_table\":\"notion_user\",\"created_by_id\":\"a03b888f-5426-4e4f-b5ef-bed855b162f0\",\"last_edited_by_table\":\"notion_user\",\"last_edited_by_id\":\"a03b888f-5426-4e4f-b5ef-bed855b162f0\",\"space_id\":\"d51d3ca5-7889-4c70-b906-3a5a37b60274\"}},\"93e3fdd4-dd40-4bbe-93e8-2b4c92f72a7e\":{\"role\":\"editor\",\"value\":{\"id\":\"93e3fdd4-dd40-4bbe-93e8-2b4c92f72a7e\",\"version\":13,\"type\":\"collection_view_page\",\"content\":[\"3ee435df-5809-4517-8b1a-7fb8790c87e3\",\"1dc4e6f4-f559-41b4-b6c5-064bce081a3e\"],\"view_ids\":[\"1dc4e6f4-f559-41b4-b6c5-064bce081a3e\"],\"format\":{\"collection_pointer\":{\"id\":\"3ee435df-5809-4517-8b1a-7fb8790c87e3\",\"table\":\"collection\",\"spaceId\":\"d51d3ca5-7889-4c70-b906-3a5a37b60274\"}},\"permissions\":[{\"role\":\"editor\",\"type\":\"user_permission\",\"user_id\":\"a03b888f-5426-4e4f-b5ef-bed855b162f0\"}],\"created_time\":1653055045650,\"last_edited_time\":1653055048213,\"parent_id\":\"d51d3ca5-7889-4c70-b906-3a5a37b60274\",\"parent_table\":\"space\",\"alive\":true,\"created_by_table\":\"notion_user\",\"created_by_id\":\"a03b888f-5426-4e4f-b5ef-bed855b162f0\",\"last_edited_by_table\":\"notion_user\",\"last_edited_by_id\":\"a03b888f-5426-4e4f-b5ef-bed855b162f0\",\"space_id\":\"d51d3ca5-7889-4c70-b906-3a5a37b60274\"}}},\"collection\":{\"3ee435df-5809-4517-8b1a-7fb8790c87e3\":{\"role\":\"editor\",\"value\":{\"id\":\"3ee435df-5809-4517-8b1a-7fb8790c87e3\",\"version\":2,\"name\":[[\"TESTING
        PAGE\"]],\"schema\":{\"Hz7W\":{\"name\":\"b\",\"type\":\"date\"},\"title\":{\"name\":\"a\",\"type\":\"title\"}},\"parent_id\":\"93e3fdd4-dd40-4bbe-93e8-2b4c92f72a7e\",\"parent_table\":\"block\",\"alive\":true,\"migrated\":true,\"space_id\":\"d51d3ca5-7889-4c70-b906-3a5a37b60274\"}}},\"space\":{\"d51d3ca5-7889-4c70-b906-3a5a37b60274\":{\"role\":\"editor\",\"value\":{\"id\":\"d51d3ca5-7889-4c70-b906-3a5a37b60274\",\"version\":4216,\"name\":\"test_py\",\"permissions\":[{\"role\":\"editor\",\"type\":\"user_permission\",\"user_id\":\"a03b888f-5426-4e4f-b5ef-bed855b162f0\"}],\"beta_enabled\":false,\"pages\":[\"93e3fdd4-dd40-4bbe-93e8-2b4c92f72a7e\"],\"created_time\":1638259881592,\"last_edited_time\":1652698380000,\"created_by_table\":\"notion_user\",\"created_by_id\":\"a03b888f-5426-4e4f-b5ef-bed855b162f0\",\"last_edited_by_table\":\"notion_user\",\"last_edited_by_id\":\"a03b888f-5426-4e4f-b5ef-bed855b162f0\",\"plan_type\":\"personal\",\"invite_link_enabled\":true}}}}}"
    headers:
      Content-Type:
      - application/json; charset=utf-8
      Transfer-Encoding:
      - chunked
      content-length:
      - '2822'
    status:
      code: 200
      message: OK
- request:
    body: '{"operations": [{"id": "9504adb9-3fee-4868-9c99-b770dbe5dfb2", "path":
      [], "args": {"id": "9504adb9-3fee-4868-9c99-b770dbe5dfb2", "version": 1, "alive":
      true, "created_by_id": "a03b888f-5426-4e4f-b5ef-bed855b162f0", "created_by_table":
      "notion_user", "created_time": 1653055053756, "parent_id": "3ee435df-5809-4517-8b1a-7fb8790c87e3",
      "parent_table": "collection", "type": "page"}, "command": "set", "table": "block"},
      {"args": {"last_edited_by_id": "a03b888f-5426-4e4f-b5ef-bed855b162f0", "last_edited_by_table":
      "notion_user", "last_edited_time": 1653055053756}, "command": "update", "id":
      "9504adb9-3fee-4868-9c99-b770dbe5dfb2", "path": [], "table": "block"}, {"args":
      {"last_edited_by_id": "a03b888f-5426-4e4f-b5ef-bed855b162f0", "last_edited_by_table":
      "notion_user", "last_edited_time": 1653055053756}, "command": "update", "id":
      "9504adb9-3fee-4868-9c99-b770dbe5dfb2", "path": [], "table": "block"}]}'
    headers:
      Content-Length:
      - '907'
      content-type:
      - application/json
      cookie:
      - PRIVATE
      x-notion-active-user-header:
      - a03b888f-5426-4e4f-b5ef-bed855b162f0
    method: POST
    uri: https://www.notion.so/api/v3/submitTransaction
  response:
    body:
      string: '{}'
    headers:
      Content-Length:
      - '2'
      Content-Type:
      - application/json; charset=utf-8
    status:
      code: 200
      message: OK
- request:
    body: '{"operations": [{"id": "9504adb9-3fee-4868-9c99-b770dbe5dfb2", "path":
      ["properties", "title"], "args": [["b"]], "command": "set", "table": "block"},
      {"args": {"last_edited_by_id": "a03b888f-5426-4e4f-b5ef-bed855b162f0", "last_edited_by_table":
      "notion_user", "last_edited_time": 1653055054126}, "command": "update", "id":
      "9504adb9-3fee-4868-9c99-b770dbe5dfb2", "path": [], "table": "block"}, {"id":
      "9504adb9-3fee-4868-9c99-b770dbe5dfb2", "path": ["properties", "Hz7W"], "args":
      [], "command": "set", "table": "block"}, {"args": {"last_edited_by_id": "a03b888f-5426-4e4f-b5ef-bed855b162f0",
      "last_edited_by_table": "notion_user", "last_edited_time": 1653055054126}, "command":
      "update", "id": "9504adb9-3fee-4868-9c99-b770dbe5dfb2", "path": [], "table":
      "block"}, {"id": "1dc4e6f4-f559-41b4-b6c5-064bce081a3e", "path": ["page_sort"],
      "args": ["67cc6304-d780-446f-945a-40d344476727", "9504adb9-3fee-4868-9c99-b770dbe5dfb2"],
      "command": "set", "table": "collection_view"}, {"args": {"last_edited_by_id":
      "a03b888f-5426-4e4f-b5ef-bed855b162f0", "last_edited_by_table": "notion_user",
      "last_edited_time": 1653055054126}, "command": "update", "id": "9504adb9-3fee-4868-9c99-b770dbe5dfb2",
      "path": [], "table": "block"}]}'
    headers:
      Content-Length:
      - '1217'
      content-type:
      - application/json
      cookie:
      - PRIVATE
      x-notion-active-user-header:
      - a03b888f-5426-4e4f-b5ef-bed855b162f0
    method: POST
    uri: https://www.notion.so/api/v3/submitTransaction
  response:
    body:
      string: '{}'
    headers:
      Content-Length:
      - '2'
      Content-Type:
      - application/json; charset=utf-8
    status:
      code: 200
      message: OK
- request:
    body: '{"page": {"id": "93e3fdd4-dd40-4bbe-93e8-2b4c92f72a7e"}, "limit": 100,
      "cursor": {"stack": []}, "chunkNumber": 0, "verticalColumns": false}'
    headers:
      Content-Length:
      - '139'
      content-type:
      - application/json
      cookie:
      - PRIVATE
      x-notion-active-user-header:
      - a03b888f-5426-4e4f-b5ef-bed855b162f0
    method: POST
    uri: https://www.notion.so/api/v3/loadPageChunk
  response:
    body:
      string: '{"cursor":{"stack":[]},"recordMap":{"block":{"93e3fdd4-dd40-4bbe-93e8-2b4c92f72a7e":{"role":"editor","value":{"id":"93e3fdd4-dd40-4bbe-93e8-2b4c92f72a7e","version":13,"type":"collection_view_page","content":["3ee435df-5809-4517-8b1a-7fb8790c87e3","1dc4e6f4-f559-41b4-b6c5-064bce081a3e"],"view_ids":["1dc4e6f4-f559-41b4-b6c5-064bce081a3e"],"format":{"collection_pointer":{"id":"3ee435df-5809-4517-8b1a-7fb8790c87e3","table":"collection","spaceId":"d51d3ca5-7889-4c70-b906-3a5a37b60274"}},"permissions":[{"role":"editor","type":"user_permission","user_id":"a03b888f-5426-4e4f-b5ef-bed855b162f0"}],"created_time":1653055045650,"last_edited_time":1653055048213,"parent_id":"d51d3ca5-7889-4c70-b906-3a5a37b60274","parent_table":"space","alive":true,"created_by_table":"notion_user","created_by_id":"a03b888f-5426-4e4f-b5ef-bed855b162f0","last_edited_by_table":"notion_user","last_edited_by_id":"a03b888f-5426-4e4f-b5ef-bed855b162f0","space_id":"d51d3ca5-7889-4c70-b906-3a5a37b60274"}}},"space":{"d51d3ca5-7889-4c70-b906-3a5a37b60274":{"role":"editor","value":{"id":"d51d3ca5-7889-4c70-b906-3a5a37b60274","version":4216,"name":"test_py","permissions":[{"role":"editor","type":"user_permission","user_id":"a03b888f-5426-4e4f-b5ef-bed855b162f0"}],"beta_enabled":false,"pages":["93e3fdd4-dd40-4bbe-93e8-2b4c92f72a7e"],"created_time":1638259881592,"last_edited_time":1652698380000,"created_by_table":"notion_user","created_by_id":"a03b888f-5426-4e4f-b5ef-bed855b162f0","last_edited_by_table":"notion_user","last_edited_by_id":"a03b888f-5426-4e4f-b5ef-bed855b162f0","plan_type":"personal","invite_link_enabled":true}}},"collection_view":{"1dc4e6f4-f559-41b4-b6c5-064bce081a3e":{"role":"editor","value":{"id":"1dc4e6f4-f559-41b4-b6c5-064bce081a3e","version":5,"type":"table","format":{"table_properties":[{"visible":true,"property":"title"},{"visible":true,"property":"Hz7W"}]},"parent_id":"93e3fdd4-dd40-4bbe-93e8-2b4c92f72a7e","parent_table":"block","alive":true,"page_sort":["67cc6304-d780-446f-945a-40d344476727","9504adb9-3fee-4868-9c99-b770dbe5dfb2"],"space_id":"d51d3ca5-7889-4c70-b906-3a5a37b60274","created_time":1653055047470,"created_by_table":"notion_user","created_by_id":"a03b888f-5426-4e4f-b5ef-bed855b162f0"}}},"collection":{"3ee435df-5809-4517-8b1a-7fb8790c87e3":{"role":"editor","value":{"id":"3ee435df-5809-4517-8b1a-7fb8790c87e3","version":2,"name":[["TESTING
        PAGE"]],"schema":{"Hz7W":{"name":"b","type":"date"},"title":{"name":"a","type":"title"}},"parent_id":"93e3fdd4-dd40-4bbe-93e8-2b4c92f72a7e","parent_table":"block","alive":true,"migrated":true,"space_id":"d51d3ca5-7889-4c70-b906-3a5a37b60274"}}}}}'
    headers:
      Content-Type:
      - application/json; charset=utf-8
      Transfer-Encoding:
      - chunked
      content-length:
      - '2614'
    status:
      code: 200
      message: OK
- request:
    body: '{"collection": {"id": "3ee435df-5809-4517-8b1a-7fb8790c87e3", "spaceId":
      "d51d3ca5-7889-4c70-b906-3a5a37b60274"}, "collectionView": {"id": "1dc4e6f4-f559-41b4-b6c5-064bce081a3e",
      "spaceId": "d51d3ca5-7889-4c70-b906-3a5a37b60274"}, "loader": {"reducers": {"table:uncategorized:title:count":
      {"aggregation": {"aggregator": "count", "property": "title"}, "type": "aggregation"}},
      "searchQuery": "", "sort": [], "userTimeZone": "Asia/Tashkent", "type": "reducer"}}'
    headers:
      Content-Length:
      - '460'
      content-type:
      - application/json
      cookie:
      - PRIVATE
      x-notion-active-user-header:
      - a03b888f-5426-4e4f-b5ef-bed855b162f0
    method: POST
    uri: https://www.notion.so/api/v3/queryCollection
  response:
    body:
      string: '{"result":{"type":"reducer","reducerResults":{"table:uncategorized:title:count":{"type":"aggregation","aggregationResult":{"type":"number","value":2}}}},"recordMap":{}}'
    headers:
      Content-Type:
      - application/json; charset=utf-8
      Transfer-Encoding:
      - chunked
      content-encoding:
      - undefined
    status:
      code: 200
      message: OK
- request:
    body: '{"collection": {"id": "3ee435df-5809-4517-8b1a-7fb8790c87e3", "spaceId":
      "d51d3ca5-7889-4c70-b906-3a5a37b60274"}, "collectionView": {"id": "1dc4e6f4-f559-41b4-b6c5-064bce081a3e",
      "spaceId": "d51d3ca5-7889-4c70-b906-3a5a37b60274"}, "loader": {"reducers": {"collection_group_results":
      {"limit": 2, "type": "results"}}, "searchQuery": "", "sort": [], "userTimeZone":
      "Asia/Tashkent", "type": "reducer"}}'
    headers:
      Content-Length:
      - '400'
      content-type:
      - application/json
      cookie:
      - PRIVATE
      x-notion-active-user-header:
      - a03b888f-5426-4e4f-b5ef-bed855b162f0
    method: POST
    uri: https://www.notion.so/api/v3/queryCollection
  response:
    body:
      string: "{\"result\":{\"type\":\"reducer\",\"reducerResults\":{\"collection_group_results\":{\"type\":\"results\",\"blockIds\":[\"67cc6304-d780-446f-945a-40d344476727\",\"9504adb9-3fee-4868-9c99-b770dbe5dfb2\"],\"hasMore\":false}}},\"recordMap\":{\"block\":{\"67cc6304-d780-446f-945a-40d344476727\":{\"role\":\"editor\",\"value\":{\"id\":\"67cc6304-d780-446f-945a-40d344476727\",\"version\":8,\"type\":\"page\",\"properties\":{\"Hz7W\":[[\"\u2023\",[[\"d\",{\"type\":\"datetime\",\"time_zone\":\"Asia/Tashkent\",\"start_date\":\"2001-12-01\",\"start_time\":\"00:00\"}]]]],\"title\":[[\"a\"]]},\"created_time\":1653055051690,\"last_edited_time\":1653055052063,\"parent_id\":\"3ee435df-5809-4517-8b1a-7fb8790c87e3\",\"parent_table\":\"collection\",\"alive\":true,\"created_by_table\":\"notion_user\",\"created_by_id\":\"a03b888f-5426-4e4f-b5ef-bed855b162f0\",\"last_edited_by_table\":\"notion_user\",\"last_edited_by_id\":\"a03b888f-5426-4e4f-b5ef-bed855b162f0\",\"space_id\":\"d51d3ca5-7889-4c70-b906-3a5a37b60274\"}},\"9504adb9-3fee-4868-9c99-b770dbe5dfb2\":{\"role\":\"editor\",\"value\":{\"id\":\"9504adb9-3fee-4868-9c99-b770dbe5dfb2\",\"version\":8,\"type\":\"page\",\"properties\":{\"title\":[[\"b\"]]},\"created_time\":1653055053756,\"last_edited_time\":1653055054126,\"parent_id\":\"3ee435df-5809-4517-8b1a-7fb8790c87e3\",\"parent_table\":\"collection\",\"alive\":true,\"created_by_table\":\"notion_user\",\"created_by_id\":\"a03b888f-5426-4e4f-b5ef-bed855b162f0\",\"last_edited_by_table\":\"notion_user\",\"last_edited_by_id\":\"a03b888f-5426-4e4f-b5ef-bed855b162f0\",\"space_id\":\"d51d3ca5-7889-4c70-b906-3a5a37b60274\"}},\"93e3fdd4-dd40-4bbe-93e8-2b4c92f72a7e\":{\"role\":\"editor\",\"value\":{\"id\":\"93e3fdd4-dd40-4bbe-93e8-2b4c92f72a7e\",\"version\":13,\"type\":\"collection_view_page\",\"content\":[\"3ee435df-5809-4517-8b1a-7fb8790c87e3\",\"1dc4e6f4-f559-41b4-b6c5-064bce081a3e\"],\"view_ids\":[\"1dc4e6f4-f559-41b4-b6c5-064bce081a3e\"],\"format\":{\"collection_pointer\":{\"id\":\"3ee435df-5809-4517-8b1a-7fb8790c87e3\",\"table\":\"collection\",\"spaceId\":\"d51d3ca5-7889-4c70-b906-3a5a37b60274\"}},\"permissions\":[{\"role\":\"editor\",\"type\":\"user_permission\",\"user_id\":\"a03b888f-5426-4e4f-b5ef-bed855b162f0\"}],\"created_time\":1653055045650,\"last_edited_time\":1653055048213,\"parent_id\":\"d51d3ca5-7889-4c70-b906-3a5a37b60274\",\"parent_table\":\"space\",\"alive\":true,\"created_by_table\":\"notion_user\",\"created_by_id\":\"a03b888f-5426-4e4f-b5ef-bed855b162f0\",\"last_edited_by_table\":\"notion_user\",\"last_edited_by_id\":\"a03b888f-5426-4e4f-b5ef-bed855b162f0\",\"space_id\":\"d51d3ca5-7889-4c70-b906-3a5a37b60274\"}}},\"collection\":{\"3ee435df-5809-4517-8b1a-7fb8790c87e3\":{\"role\":\"editor\",\"value\":{\"id\":\"3ee435df-5809-4517-8b1a-7fb8790c87e3\",\"version\":2,\"name\":[[\"TESTING
        PAGE\"]],\"schema\":{\"Hz7W\":{\"name\":\"b\",\"type\":\"date\"},\"title\":{\"name\":\"a\",\"type\":\"title\"}},\"parent_id\":\"93e3fdd4-dd40-4bbe-93e8-2b4c92f72a7e\",\"parent_table\":\"block\",\"alive\":true,\"migrated\":true,\"space_id\":\"d51d3ca5-7889-4c70-b906-3a5a37b60274\"}}},\"space\":{\"d51d3ca5-7889-4c70-b906-3a5a37b60274\":{\"role\":\"editor\",\"value\":{\"id\":\"d51d3ca5-7889-4c70-b906-3a5a37b60274\",\"version\":4216,\"name\":\"test_py\",\"permissions\":[{\"role\":\"editor\",\"type\":\"user_permission\",\"user_id\":\"a03b888f-5426-4e4f-b5ef-bed855b162f0\"}],\"beta_enabled\":false,\"pages\":[\"93e3fdd4-dd40-4bbe-93e8-2b4c92f72a7e\"],\"created_time\":1638259881592,\"last_edited_time\":1652698380000,\"created_by_table\":\"notion_user\",\"created_by_id\":\"a03b888f-5426-4e4f-b5ef-bed855b162f0\",\"last_edited_by_table\":\"notion_user\",\"last_edited_by_id\":\"a03b888f-5426-4e4f-b5ef-bed855b162f0\",\"plan_type\":\"personal\",\"invite_link_enabled\":true}}}}}"
    headers:
      Content-Type:
      - application/json; charset=utf-8
      Transfer-Encoding:
      - chunked
      content-length:
      - '3417'
    status:
      code: 200
      message: OK
- request:
    body: '{"collection": {"id": "3ee435df-5809-4517-8b1a-7fb8790c87e3", "spaceId":
      "d51d3ca5-7889-4c70-b906-3a5a37b60274"}, "collectionView": {"id": "1dc4e6f4-f559-41b4-b6c5-064bce081a3e",
      "spaceId": "d51d3ca5-7889-4c70-b906-3a5a37b60274"}, "loader": {"reducers": {"table:uncategorized:title:count":
      {"aggregation": {"aggregator": "count", "property": "title"}, "type": "aggregation"}},
      "searchQuery": "", "sort": [], "userTimeZone": "Asia/Tashkent", "type": "reducer"}}'
    headers:
      Content-Length:
      - '460'
      content-type:
      - application/json
      cookie:
      - PRIVATE
      x-notion-active-user-header:
      - a03b888f-5426-4e4f-b5ef-bed855b162f0
    method: POST
    uri: https://www.notion.so/api/v3/queryCollection
  response:
    body:
      string: '{"result":{"type":"reducer","reducerResults":{"table:uncategorized:title:count":{"type":"aggregation","aggregationResult":{"type":"number","value":2}}}},"recordMap":{}}'
    headers:
      Content-Type:
      - application/json; charset=utf-8
      Transfer-Encoding:
      - chunked
      content-encoding:
      - undefined
    status:
      code: 200
      message: OK
- request:
    body: '{"collection": {"id": "3ee435df-5809-4517-8b1a-7fb8790c87e3", "spaceId":
      "d51d3ca5-7889-4c70-b906-3a5a37b60274"}, "collectionView": {"id": "1dc4e6f4-f559-41b4-b6c5-064bce081a3e",
      "spaceId": "d51d3ca5-7889-4c70-b906-3a5a37b60274"}, "loader": {"reducers": {"collection_group_results":
      {"limit": 2, "type": "results"}}, "searchQuery": "", "sort": [], "userTimeZone":
      "Asia/Tashkent", "type": "reducer"}}'
    headers:
      Content-Length:
      - '400'
      content-type:
      - application/json
      cookie:
      - PRIVATE
      x-notion-active-user-header:
      - a03b888f-5426-4e4f-b5ef-bed855b162f0
    method: POST
    uri: https://www.notion.so/api/v3/queryCollection
  response:
    body:
      string: "{\"result\":{\"type\":\"reducer\",\"reducerResults\":{\"collection_group_results\":{\"type\":\"results\",\"blockIds\":[\"67cc6304-d780-446f-945a-40d344476727\",\"9504adb9-3fee-4868-9c99-b770dbe5dfb2\"],\"hasMore\":false}}},\"recordMap\":{\"block\":{\"67cc6304-d780-446f-945a-40d344476727\":{\"role\":\"editor\",\"value\":{\"id\":\"67cc6304-d780-446f-945a-40d344476727\",\"version\":8,\"type\":\"page\",\"properties\":{\"Hz7W\":[[\"\u2023\",[[\"d\",{\"type\":\"datetime\",\"time_zone\":\"Asia/Tashkent\",\"start_date\":\"2001-12-01\",\"start_time\":\"00:00\"}]]]],\"title\":[[\"a\"]]},\"created_time\":1653055051690,\"last_edited_time\":1653055052063,\"parent_id\":\"3ee435df-5809-4517-8b1a-7fb8790c87e3\",\"parent_table\":\"collection\",\"alive\":true,\"created_by_table\":\"notion_user\",\"created_by_id\":\"a03b888f-5426-4e4f-b5ef-bed855b162f0\",\"last_edited_by_table\":\"notion_user\",\"last_edited_by_id\":\"a03b888f-5426-4e4f-b5ef-bed855b162f0\",\"space_id\":\"d51d3ca5-7889-4c70-b906-3a5a37b60274\"}},\"9504adb9-3fee-4868-9c99-b770dbe5dfb2\":{\"role\":\"editor\",\"value\":{\"id\":\"9504adb9-3fee-4868-9c99-b770dbe5dfb2\",\"version\":8,\"type\":\"page\",\"properties\":{\"title\":[[\"b\"]]},\"created_time\":1653055053756,\"last_edited_time\":1653055054126,\"parent_id\":\"3ee435df-5809-4517-8b1a-7fb8790c87e3\",\"parent_table\":\"collection\",\"alive\":true,\"created_by_table\":\"notion_user\",\"created_by_id\":\"a03b888f-5426-4e4f-b5ef-bed855b162f0\",\"last_edited_by_table\":\"notion_user\",\"last_edited_by_id\":\"a03b888f-5426-4e4f-b5ef-bed855b162f0\",\"space_id\":\"d51d3ca5-7889-4c70-b906-3a5a37b60274\"}},\"93e3fdd4-dd40-4bbe-93e8-2b4c92f72a7e\":{\"role\":\"editor\",\"value\":{\"id\":\"93e3fdd4-dd40-4bbe-93e8-2b4c92f72a7e\",\"version\":13,\"type\":\"collection_view_page\",\"content\":[\"3ee435df-5809-4517-8b1a-7fb8790c87e3\",\"1dc4e6f4-f559-41b4-b6c5-064bce081a3e\"],\"view_ids\":[\"1dc4e6f4-f559-41b4-b6c5-064bce081a3e\"],\"format\":{\"collection_pointer\":{\"id\":\"3ee435df-5809-4517-8b1a-7fb8790c87e3\",\"table\":\"collection\",\"spaceId\":\"d51d3ca5-7889-4c70-b906-3a5a37b60274\"}},\"permissions\":[{\"role\":\"editor\",\"type\":\"user_permission\",\"user_id\":\"a03b888f-5426-4e4f-b5ef-bed855b162f0\"}],\"created_time\":1653055045650,\"last_edited_time\":1653055048213,\"parent_id\":\"d51d3ca5-7889-4c70-b906-3a5a37b60274\",\"parent_table\":\"space\",\"alive\":true,\"created_by_table\":\"notion_user\",\"created_by_id\":\"a03b888f-5426-4e4f-b5ef-bed855b162f0\",\"last_edited_by_table\":\"notion_user\",\"last_edited_by_id\":\"a03b888f-5426-4e4f-b5ef-bed855b162f0\",\"space_id\":\"d51d3ca5-7889-4c70-b906-3a5a37b60274\"}}},\"collection\":{\"3ee435df-5809-4517-8b1a-7fb8790c87e3\":{\"role\":\"editor\",\"value\":{\"id\":\"3ee435df-5809-4517-8b1a-7fb8790c87e3\",\"version\":2,\"name\":[[\"TESTING
        PAGE\"]],\"schema\":{\"Hz7W\":{\"name\":\"b\",\"type\":\"date\"},\"title\":{\"name\":\"a\",\"type\":\"title\"}},\"parent_id\":\"93e3fdd4-dd40-4bbe-93e8-2b4c92f72a7e\",\"parent_table\":\"block\",\"alive\":true,\"migrated\":true,\"space_id\":\"d51d3ca5-7889-4c70-b906-3a5a37b60274\"}}},\"space\":{\"d51d3ca5-7889-4c70-b906-3a5a37b60274\":{\"role\":\"editor\",\"value\":{\"id\":\"d51d3ca5-7889-4c70-b906-3a5a37b60274\",\"version\":4216,\"name\":\"test_py\",\"permissions\":[{\"role\":\"editor\",\"type\":\"user_permission\",\"user_id\":\"a03b888f-5426-4e4f-b5ef-bed855b162f0\"}],\"beta_enabled\":false,\"pages\":[\"93e3fdd4-dd40-4bbe-93e8-2b4c92f72a7e\"],\"created_time\":1638259881592,\"last_edited_time\":1652698380000,\"created_by_table\":\"notion_user\",\"created_by_id\":\"a03b888f-5426-4e4f-b5ef-bed855b162f0\",\"last_edited_by_table\":\"notion_user\",\"last_edited_by_id\":\"a03b888f-5426-4e4f-b5ef-bed855b162f0\",\"plan_type\":\"personal\",\"invite_link_enabled\":true}}}}}"
    headers:
      Content-Type:
      - application/json; charset=utf-8
      Transfer-Encoding:
      - chunked
      content-length:
      - '3417'
    status:
      code: 200
      message: OK
- request:
    body: '{"collection": {"id": "3ee435df-5809-4517-8b1a-7fb8790c87e3", "spaceId":
      "d51d3ca5-7889-4c70-b906-3a5a37b60274"}, "collectionView": {"id": "1dc4e6f4-f559-41b4-b6c5-064bce081a3e",
      "spaceId": "d51d3ca5-7889-4c70-b906-3a5a37b60274"}, "loader": {"reducers": {"table:uncategorized:title:count":
      {"aggregation": {"aggregator": "count", "property": "title"}, "type": "aggregation"}},
      "searchQuery": "", "sort": [], "userTimeZone": "Asia/Tashkent", "type": "reducer"}}'
    headers:
      Content-Length:
      - '460'
      content-type:
      - application/json
      cookie:
      - PRIVATE
      x-notion-active-user-header:
      - a03b888f-5426-4e4f-b5ef-bed855b162f0
    method: POST
    uri: https://www.notion.so/api/v3/queryCollection
  response:
    body:
      string: '{"result":{"type":"reducer","reducerResults":{"table:uncategorized:title:count":{"type":"aggregation","aggregationResult":{"type":"number","value":2}}}},"recordMap":{}}'
    headers:
      Content-Type:
      - application/json; charset=utf-8
      Transfer-Encoding:
      - chunked
      content-encoding:
      - undefined
    status:
      code: 200
      message: OK
- request:
    body: '{"collection": {"id": "3ee435df-5809-4517-8b1a-7fb8790c87e3", "spaceId":
      "d51d3ca5-7889-4c70-b906-3a5a37b60274"}, "collectionView": {"id": "1dc4e6f4-f559-41b4-b6c5-064bce081a3e",
      "spaceId": "d51d3ca5-7889-4c70-b906-3a5a37b60274"}, "loader": {"reducers": {"collection_group_results":
      {"limit": 2, "type": "results"}}, "searchQuery": "", "sort": [], "userTimeZone":
      "Asia/Tashkent", "type": "reducer"}}'
    headers:
      Content-Length:
      - '400'
      content-type:
      - application/json
      cookie:
      - PRIVATE
      x-notion-active-user-header:
      - a03b888f-5426-4e4f-b5ef-bed855b162f0
    method: POST
    uri: https://www.notion.so/api/v3/queryCollection
  response:
    body:
      string: "{\"result\":{\"type\":\"reducer\",\"reducerResults\":{\"collection_group_results\":{\"type\":\"results\",\"blockIds\":[\"67cc6304-d780-446f-945a-40d344476727\",\"9504adb9-3fee-4868-9c99-b770dbe5dfb2\"],\"hasMore\":false}}},\"recordMap\":{\"block\":{\"67cc6304-d780-446f-945a-40d344476727\":{\"role\":\"editor\",\"value\":{\"id\":\"67cc6304-d780-446f-945a-40d344476727\",\"version\":8,\"type\":\"page\",\"properties\":{\"Hz7W\":[[\"\u2023\",[[\"d\",{\"type\":\"datetime\",\"time_zone\":\"Asia/Tashkent\",\"start_date\":\"2001-12-01\",\"start_time\":\"00:00\"}]]]],\"title\":[[\"a\"]]},\"created_time\":1653055051690,\"last_edited_time\":1653055052063,\"parent_id\":\"3ee435df-5809-4517-8b1a-7fb8790c87e3\",\"parent_table\":\"collection\",\"alive\":true,\"created_by_table\":\"notion_user\",\"created_by_id\":\"a03b888f-5426-4e4f-b5ef-bed855b162f0\",\"last_edited_by_table\":\"notion_user\",\"last_edited_by_id\":\"a03b888f-5426-4e4f-b5ef-bed855b162f0\",\"space_id\":\"d51d3ca5-7889-4c70-b906-3a5a37b60274\"}},\"9504adb9-3fee-4868-9c99-b770dbe5dfb2\":{\"role\":\"editor\",\"value\":{\"id\":\"9504adb9-3fee-4868-9c99-b770dbe5dfb2\",\"version\":8,\"type\":\"page\",\"properties\":{\"title\":[[\"b\"]]},\"created_time\":1653055053756,\"last_edited_time\":1653055054126,\"parent_id\":\"3ee435df-5809-4517-8b1a-7fb8790c87e3\",\"parent_table\":\"collection\",\"alive\":true,\"created_by_table\":\"notion_user\",\"created_by_id\":\"a03b888f-5426-4e4f-b5ef-bed855b162f0\",\"last_edited_by_table\":\"notion_user\",\"last_edited_by_id\":\"a03b888f-5426-4e4f-b5ef-bed855b162f0\",\"space_id\":\"d51d3ca5-7889-4c70-b906-3a5a37b60274\"}},\"93e3fdd4-dd40-4bbe-93e8-2b4c92f72a7e\":{\"role\":\"editor\",\"value\":{\"id\":\"93e3fdd4-dd40-4bbe-93e8-2b4c92f72a7e\",\"version\":13,\"type\":\"collection_view_page\",\"content\":[\"3ee435df-5809-4517-8b1a-7fb8790c87e3\",\"1dc4e6f4-f559-41b4-b6c5-064bce081a3e\"],\"view_ids\":[\"1dc4e6f4-f559-41b4-b6c5-064bce081a3e\"],\"format\":{\"collection_pointer\":{\"id\":\"3ee435df-5809-4517-8b1a-7fb8790c87e3\",\"table\":\"collection\",\"spaceId\":\"d51d3ca5-7889-4c70-b906-3a5a37b60274\"}},\"permissions\":[{\"role\":\"editor\",\"type\":\"user_permission\",\"user_id\":\"a03b888f-5426-4e4f-b5ef-bed855b162f0\"}],\"created_time\":1653055045650,\"last_edited_time\":1653055048213,\"parent_id\":\"d51d3ca5-7889-4c70-b906-3a5a37b60274\",\"parent_table\":\"space\",\"alive\":true,\"created_by_table\":\"notion_user\",\"created_by_id\":\"a03b888f-5426-4e4f-b5ef-bed855b162f0\",\"last_edited_by_table\":\"notion_user\",\"last_edited_by_id\":\"a03b888f-5426-4e4f-b5ef-bed855b162f0\",\"space_id\":\"d51d3ca5-7889-4c70-b906-3a5a37b60274\"}}},\"collection\":{\"3ee435df-5809-4517-8b1a-7fb8790c87e3\":{\"role\":\"editor\",\"value\":{\"id\":\"3ee435df-5809-4517-8b1a-7fb8790c87e3\",\"version\":2,\"name\":[[\"TESTING
        PAGE\"]],\"schema\":{\"Hz7W\":{\"name\":\"b\",\"type\":\"date\"},\"title\":{\"name\":\"a\",\"type\":\"title\"}},\"parent_id\":\"93e3fdd4-dd40-4bbe-93e8-2b4c92f72a7e\",\"parent_table\":\"block\",\"alive\":true,\"migrated\":true,\"space_id\":\"d51d3ca5-7889-4c70-b906-3a5a37b60274\"}}},\"space\":{\"d51d3ca5-7889-4c70-b906-3a5a37b60274\":{\"role\":\"editor\",\"value\":{\"id\":\"d51d3ca5-7889-4c70-b906-3a5a37b60274\",\"version\":4216,\"name\":\"test_py\",\"permissions\":[{\"role\":\"editor\",\"type\":\"user_permission\",\"user_id\":\"a03b888f-5426-4e4f-b5ef-bed855b162f0\"}],\"beta_enabled\":false,\"pages\":[\"93e3fdd4-dd40-4bbe-93e8-2b4c92f72a7e\"],\"created_time\":1638259881592,\"last_edited_time\":1652698380000,\"created_by_table\":\"notion_user\",\"created_by_id\":\"a03b888f-5426-4e4f-b5ef-bed855b162f0\",\"last_edited_by_table\":\"notion_user\",\"last_edited_by_id\":\"a03b888f-5426-4e4f-b5ef-bed855b162f0\",\"plan_type\":\"personal\",\"invite_link_enabled\":true}}}}}"
    headers:
      Content-Type:
      - application/json; charset=utf-8
      Transfer-Encoding:
      - chunked
      content-length:
      - '3417'
    status:
      code: 200
      message: OK
- request:
    body: '{"collection": {"id": "3ee435df-5809-4517-8b1a-7fb8790c87e3", "spaceId":
      "d51d3ca5-7889-4c70-b906-3a5a37b60274"}, "collectionView": {"id": "1dc4e6f4-f559-41b4-b6c5-064bce081a3e",
      "spaceId": "d51d3ca5-7889-4c70-b906-3a5a37b60274"}, "loader": {"reducers": {"table:uncategorized:title:count":
      {"aggregation": {"aggregator": "count", "property": "title"}, "type": "aggregation"}},
      "searchQuery": "", "sort": [], "userTimeZone": "Asia/Tashkent", "type": "reducer"}}'
    headers:
      Content-Length:
      - '460'
      content-type:
      - application/json
      cookie:
      - PRIVATE
      x-notion-active-user-header:
      - a03b888f-5426-4e4f-b5ef-bed855b162f0
    method: POST
    uri: https://www.notion.so/api/v3/queryCollection
  response:
    body:
      string: '{"result":{"type":"reducer","reducerResults":{"table:uncategorized:title:count":{"type":"aggregation","aggregationResult":{"type":"number","value":2}}}},"recordMap":{}}'
    headers:
      Content-Type:
      - application/json; charset=utf-8
      Transfer-Encoding:
      - chunked
      content-encoding:
      - undefined
    status:
      code: 200
      message: OK
- request:
    body: '{"collection": {"id": "3ee435df-5809-4517-8b1a-7fb8790c87e3", "spaceId":
      "d51d3ca5-7889-4c70-b906-3a5a37b60274"}, "collectionView": {"id": "1dc4e6f4-f559-41b4-b6c5-064bce081a3e",
      "spaceId": "d51d3ca5-7889-4c70-b906-3a5a37b60274"}, "loader": {"reducers": {"collection_group_results":
      {"limit": 2, "type": "results"}}, "searchQuery": "", "sort": [], "userTimeZone":
      "Asia/Tashkent", "type": "reducer"}}'
    headers:
      Content-Length:
      - '400'
      content-type:
      - application/json
      cookie:
      - PRIVATE
      x-notion-active-user-header:
      - a03b888f-5426-4e4f-b5ef-bed855b162f0
    method: POST
    uri: https://www.notion.so/api/v3/queryCollection
  response:
    body:
      string: "{\"result\":{\"type\":\"reducer\",\"reducerResults\":{\"collection_group_results\":{\"type\":\"results\",\"blockIds\":[\"67cc6304-d780-446f-945a-40d344476727\",\"9504adb9-3fee-4868-9c99-b770dbe5dfb2\"],\"hasMore\":false}}},\"recordMap\":{\"block\":{\"67cc6304-d780-446f-945a-40d344476727\":{\"role\":\"editor\",\"value\":{\"id\":\"67cc6304-d780-446f-945a-40d344476727\",\"version\":8,\"type\":\"page\",\"properties\":{\"Hz7W\":[[\"\u2023\",[[\"d\",{\"type\":\"datetime\",\"time_zone\":\"Asia/Tashkent\",\"start_date\":\"2001-12-01\",\"start_time\":\"00:00\"}]]]],\"title\":[[\"a\"]]},\"created_time\":1653055051690,\"last_edited_time\":1653055052063,\"parent_id\":\"3ee435df-5809-4517-8b1a-7fb8790c87e3\",\"parent_table\":\"collection\",\"alive\":true,\"created_by_table\":\"notion_user\",\"created_by_id\":\"a03b888f-5426-4e4f-b5ef-bed855b162f0\",\"last_edited_by_table\":\"notion_user\",\"last_edited_by_id\":\"a03b888f-5426-4e4f-b5ef-bed855b162f0\",\"space_id\":\"d51d3ca5-7889-4c70-b906-3a5a37b60274\"}},\"9504adb9-3fee-4868-9c99-b770dbe5dfb2\":{\"role\":\"editor\",\"value\":{\"id\":\"9504adb9-3fee-4868-9c99-b770dbe5dfb2\",\"version\":8,\"type\":\"page\",\"properties\":{\"title\":[[\"b\"]]},\"created_time\":1653055053756,\"last_edited_time\":1653055054126,\"parent_id\":\"3ee435df-5809-4517-8b1a-7fb8790c87e3\",\"parent_table\":\"collection\",\"alive\":true,\"created_by_table\":\"notion_user\",\"created_by_id\":\"a03b888f-5426-4e4f-b5ef-bed855b162f0\",\"last_edited_by_table\":\"notion_user\",\"last_edited_by_id\":\"a03b888f-5426-4e4f-b5ef-bed855b162f0\",\"space_id\":\"d51d3ca5-7889-4c70-b906-3a5a37b60274\"}},\"93e3fdd4-dd40-4bbe-93e8-2b4c92f72a7e\":{\"role\":\"editor\",\"value\":{\"id\":\"93e3fdd4-dd40-4bbe-93e8-2b4c92f72a7e\",\"version\":13,\"type\":\"collection_view_page\",\"content\":[\"3ee435df-5809-4517-8b1a-7fb8790c87e3\",\"1dc4e6f4-f559-41b4-b6c5-064bce081a3e\"],\"view_ids\":[\"1dc4e6f4-f559-41b4-b6c5-064bce081a3e\"],\"format\":{\"collection_pointer\":{\"id\":\"3ee435df-5809-4517-8b1a-7fb8790c87e3\",\"table\":\"collection\",\"spaceId\":\"d51d3ca5-7889-4c70-b906-3a5a37b60274\"}},\"permissions\":[{\"role\":\"editor\",\"type\":\"user_permission\",\"user_id\":\"a03b888f-5426-4e4f-b5ef-bed855b162f0\"}],\"created_time\":1653055045650,\"last_edited_time\":1653055048213,\"parent_id\":\"d51d3ca5-7889-4c70-b906-3a5a37b60274\",\"parent_table\":\"space\",\"alive\":true,\"created_by_table\":\"notion_user\",\"created_by_id\":\"a03b888f-5426-4e4f-b5ef-bed855b162f0\",\"last_edited_by_table\":\"notion_user\",\"last_edited_by_id\":\"a03b888f-5426-4e4f-b5ef-bed855b162f0\",\"space_id\":\"d51d3ca5-7889-4c70-b906-3a5a37b60274\"}}},\"collection\":{\"3ee435df-5809-4517-8b1a-7fb8790c87e3\":{\"role\":\"editor\",\"value\":{\"id\":\"3ee435df-5809-4517-8b1a-7fb8790c87e3\",\"version\":2,\"name\":[[\"TESTING
        PAGE\"]],\"schema\":{\"Hz7W\":{\"name\":\"b\",\"type\":\"date\"},\"title\":{\"name\":\"a\",\"type\":\"title\"}},\"parent_id\":\"93e3fdd4-dd40-4bbe-93e8-2b4c92f72a7e\",\"parent_table\":\"block\",\"alive\":true,\"migrated\":true,\"space_id\":\"d51d3ca5-7889-4c70-b906-3a5a37b60274\"}}},\"space\":{\"d51d3ca5-7889-4c70-b906-3a5a37b60274\":{\"role\":\"editor\",\"value\":{\"id\":\"d51d3ca5-7889-4c70-b906-3a5a37b60274\",\"version\":4216,\"name\":\"test_py\",\"permissions\":[{\"role\":\"editor\",\"type\":\"user_permission\",\"user_id\":\"a03b888f-5426-4e4f-b5ef-bed855b162f0\"}],\"beta_enabled\":false,\"pages\":[\"93e3fdd4-dd40-4bbe-93e8-2b4c92f72a7e\"],\"created_time\":1638259881592,\"last_edited_time\":1652698380000,\"created_by_table\":\"notion_user\",\"created_by_id\":\"a03b888f-5426-4e4f-b5ef-bed855b162f0\",\"last_edited_by_table\":\"notion_user\",\"last_edited_by_id\":\"a03b888f-5426-4e4f-b5ef-bed855b162f0\",\"plan_type\":\"personal\",\"invite_link_enabled\":true}}}}}"
    headers:
      Content-Type:
      - application/json; charset=utf-8
      Transfer-Encoding:
      - chunked
      content-length:
      - '3417'
    status:
      code: 200
      message: OK
- request:
    body: '{"collection": {"id": "3ee435df-5809-4517-8b1a-7fb8790c87e3", "spaceId":
      "d51d3ca5-7889-4c70-b906-3a5a37b60274"}, "collectionView": {"id": "1dc4e6f4-f559-41b4-b6c5-064bce081a3e",
      "spaceId": "d51d3ca5-7889-4c70-b906-3a5a37b60274"}, "loader": {"reducers": {"table:uncategorized:title:count":
      {"aggregation": {"aggregator": "count", "property": "title"}, "type": "aggregation"}},
      "searchQuery": "", "sort": [], "userTimeZone": "Asia/Tashkent", "type": "reducer"}}'
    headers:
      Content-Length:
      - '460'
      content-type:
      - application/json
      cookie:
      - PRIVATE
      x-notion-active-user-header:
      - a03b888f-5426-4e4f-b5ef-bed855b162f0
    method: POST
    uri: https://www.notion.so/api/v3/queryCollection
  response:
    body:
      string: '{"result":{"type":"reducer","reducerResults":{"table:uncategorized:title:count":{"type":"aggregation","aggregationResult":{"type":"number","value":2}}}},"recordMap":{}}'
    headers:
      Content-Type:
      - application/json; charset=utf-8
      Transfer-Encoding:
      - chunked
      content-encoding:
      - undefined
    status:
      code: 200
      message: OK
- request:
    body: '{"collection": {"id": "3ee435df-5809-4517-8b1a-7fb8790c87e3", "spaceId":
      "d51d3ca5-7889-4c70-b906-3a5a37b60274"}, "collectionView": {"id": "1dc4e6f4-f559-41b4-b6c5-064bce081a3e",
      "spaceId": "d51d3ca5-7889-4c70-b906-3a5a37b60274"}, "loader": {"reducers": {"collection_group_results":
      {"limit": 2, "type": "results"}}, "searchQuery": "", "sort": [], "userTimeZone":
      "Asia/Tashkent", "type": "reducer"}}'
    headers:
      Content-Length:
      - '400'
      content-type:
      - application/json
      cookie:
      - PRIVATE
      x-notion-active-user-header:
      - a03b888f-5426-4e4f-b5ef-bed855b162f0
    method: POST
    uri: https://www.notion.so/api/v3/queryCollection
  response:
    body:
      string: "{\"result\":{\"type\":\"reducer\",\"reducerResults\":{\"collection_group_results\":{\"type\":\"results\",\"blockIds\":[\"67cc6304-d780-446f-945a-40d344476727\",\"9504adb9-3fee-4868-9c99-b770dbe5dfb2\"],\"hasMore\":false}}},\"recordMap\":{\"block\":{\"67cc6304-d780-446f-945a-40d344476727\":{\"role\":\"editor\",\"value\":{\"id\":\"67cc6304-d780-446f-945a-40d344476727\",\"version\":8,\"type\":\"page\",\"properties\":{\"Hz7W\":[[\"\u2023\",[[\"d\",{\"type\":\"datetime\",\"time_zone\":\"Asia/Tashkent\",\"start_date\":\"2001-12-01\",\"start_time\":\"00:00\"}]]]],\"title\":[[\"a\"]]},\"created_time\":1653055051690,\"last_edited_time\":1653055052063,\"parent_id\":\"3ee435df-5809-4517-8b1a-7fb8790c87e3\",\"parent_table\":\"collection\",\"alive\":true,\"created_by_table\":\"notion_user\",\"created_by_id\":\"a03b888f-5426-4e4f-b5ef-bed855b162f0\",\"last_edited_by_table\":\"notion_user\",\"last_edited_by_id\":\"a03b888f-5426-4e4f-b5ef-bed855b162f0\",\"space_id\":\"d51d3ca5-7889-4c70-b906-3a5a37b60274\"}},\"9504adb9-3fee-4868-9c99-b770dbe5dfb2\":{\"role\":\"editor\",\"value\":{\"id\":\"9504adb9-3fee-4868-9c99-b770dbe5dfb2\",\"version\":8,\"type\":\"page\",\"properties\":{\"title\":[[\"b\"]]},\"created_time\":1653055053756,\"last_edited_time\":1653055054126,\"parent_id\":\"3ee435df-5809-4517-8b1a-7fb8790c87e3\",\"parent_table\":\"collection\",\"alive\":true,\"created_by_table\":\"notion_user\",\"created_by_id\":\"a03b888f-5426-4e4f-b5ef-bed855b162f0\",\"last_edited_by_table\":\"notion_user\",\"last_edited_by_id\":\"a03b888f-5426-4e4f-b5ef-bed855b162f0\",\"space_id\":\"d51d3ca5-7889-4c70-b906-3a5a37b60274\"}},\"93e3fdd4-dd40-4bbe-93e8-2b4c92f72a7e\":{\"role\":\"editor\",\"value\":{\"id\":\"93e3fdd4-dd40-4bbe-93e8-2b4c92f72a7e\",\"version\":13,\"type\":\"collection_view_page\",\"content\":[\"3ee435df-5809-4517-8b1a-7fb8790c87e3\",\"1dc4e6f4-f559-41b4-b6c5-064bce081a3e\"],\"view_ids\":[\"1dc4e6f4-f559-41b4-b6c5-064bce081a3e\"],\"format\":{\"collection_pointer\":{\"id\":\"3ee435df-5809-4517-8b1a-7fb8790c87e3\",\"table\":\"collection\",\"spaceId\":\"d51d3ca5-7889-4c70-b906-3a5a37b60274\"}},\"permissions\":[{\"role\":\"editor\",\"type\":\"user_permission\",\"user_id\":\"a03b888f-5426-4e4f-b5ef-bed855b162f0\"}],\"created_time\":1653055045650,\"last_edited_time\":1653055048213,\"parent_id\":\"d51d3ca5-7889-4c70-b906-3a5a37b60274\",\"parent_table\":\"space\",\"alive\":true,\"created_by_table\":\"notion_user\",\"created_by_id\":\"a03b888f-5426-4e4f-b5ef-bed855b162f0\",\"last_edited_by_table\":\"notion_user\",\"last_edited_by_id\":\"a03b888f-5426-4e4f-b5ef-bed855b162f0\",\"space_id\":\"d51d3ca5-7889-4c70-b906-3a5a37b60274\"}}},\"collection\":{\"3ee435df-5809-4517-8b1a-7fb8790c87e3\":{\"role\":\"editor\",\"value\":{\"id\":\"3ee435df-5809-4517-8b1a-7fb8790c87e3\",\"version\":2,\"name\":[[\"TESTING
        PAGE\"]],\"schema\":{\"Hz7W\":{\"name\":\"b\",\"type\":\"date\"},\"title\":{\"name\":\"a\",\"type\":\"title\"}},\"parent_id\":\"93e3fdd4-dd40-4bbe-93e8-2b4c92f72a7e\",\"parent_table\":\"block\",\"alive\":true,\"migrated\":true,\"space_id\":\"d51d3ca5-7889-4c70-b906-3a5a37b60274\"}}},\"space\":{\"d51d3ca5-7889-4c70-b906-3a5a37b60274\":{\"role\":\"editor\",\"value\":{\"id\":\"d51d3ca5-7889-4c70-b906-3a5a37b60274\",\"version\":4216,\"name\":\"test_py\",\"permissions\":[{\"role\":\"editor\",\"type\":\"user_permission\",\"user_id\":\"a03b888f-5426-4e4f-b5ef-bed855b162f0\"}],\"beta_enabled\":false,\"pages\":[\"93e3fdd4-dd40-4bbe-93e8-2b4c92f72a7e\"],\"created_time\":1638259881592,\"last_edited_time\":1652698380000,\"created_by_table\":\"notion_user\",\"created_by_id\":\"a03b888f-5426-4e4f-b5ef-bed855b162f0\",\"last_edited_by_table\":\"notion_user\",\"last_edited_by_id\":\"a03b888f-5426-4e4f-b5ef-bed855b162f0\",\"plan_type\":\"personal\",\"invite_link_enabled\":true}}}}}"
    headers:
      Content-Type:
      - application/json; charset=utf-8
      Transfer-Encoding:
      - chunked
      content-length:
      - '3417'
    status:
      code: 200
      message: OK
- request:
    body: '{"operations": [{"id": "93e3fdd4-dd40-4bbe-93e8-2b4c92f72a7e", "path":
      [], "args": {"alive": false}, "command": "update", "table": "block"}, {"args":
      {"last_edited_by_id": "a03b888f-5426-4e4f-b5ef-bed855b162f0", "last_edited_by_table":
      "notion_user", "last_edited_time": 1653055058148}, "command": "update", "id":
      "93e3fdd4-dd40-4bbe-93e8-2b4c92f72a7e", "path": [], "table": "block"}, {"id":
      "d51d3ca5-7889-4c70-b906-3a5a37b60274", "path": ["pages"], "args": {"id": "93e3fdd4-dd40-4bbe-93e8-2b4c92f72a7e"},
      "command": "listRemove", "table": "space"}, {"args": {"last_edited_by_id": "a03b888f-5426-4e4f-b5ef-bed855b162f0",
      "last_edited_by_table": "notion_user", "last_edited_time": 1653055058149}, "command":
      "update", "id": "93e3fdd4-dd40-4bbe-93e8-2b4c92f72a7e", "path": [], "table":
      "block"}]}'
    headers:
      Content-Length:
      - '795'
      content-type:
      - application/json
      cookie:
      - PRIVATE
      x-notion-active-user-header:
      - a03b888f-5426-4e4f-b5ef-bed855b162f0
    method: POST
    uri: https://www.notion.so/api/v3/submitTransaction
  response:
    body:
      string: '{}'
    headers:
      Content-Length:
      - '2'
      Content-Type:
      - application/json; charset=utf-8
    status:
      code: 200
      message: OK
- request:
    body: '{"blockIds": ["93e3fdd4-dd40-4bbe-93e8-2b4c92f72a7e"], "permanentlyDelete":
      true}'
    headers:
      Content-Length:
      - '81'
      content-type:
      - application/json
      cookie:
      - PRIVATE
      x-notion-active-user-header:
      - a03b888f-5426-4e4f-b5ef-bed855b162f0
    method: POST
    uri: https://www.notion.so/api/v3/deleteBlocks
  response:
    body:
      string: '{"recordMap":{}}'
    headers:
      Content-Length:
      - '16'
      Content-Type:
      - application/json; charset=utf-8
    status:
      code: 200
      message: OK
version: 1
