interactions:
- request:
    body: '{}'
    headers:
      Content-Length:
      - '2'
      content-type:
      - application/json
      cookie:
      - PRIVATE
    method: POST
    uri: https://www.notion.so/api/v3/loadUserContent
  response:
    body:
      string: '{"recordMap":{"notion_user":{"a03b888f-5426-4e4f-b5ef-bed855b162f0":{"role":"editor","value":{"id":"a03b888f-5426-4e4f-b5ef-bed855b162f0","version":7,"email":"test_py_notion@protonmail.com","onboarding_completed":true,"name":"test_py"}}},"user_root":{"a03b888f-5426-4e4f-b5ef-bed855b162f0":{"role":"editor","value":{"id":"a03b888f-5426-4e4f-b5ef-bed855b162f0","version":3,"space_views":["703440cc-f5cb-4f27-ba54-a9125a58e033"],"space_view_pointers":[{"id":"703440cc-f5cb-4f27-ba54-a9125a58e033","table":"space_view","spaceId":"d51d3ca5-7889-4c70-b906-3a5a37b60274"}]}}},"user_settings":{"a03b888f-5426-4e4f-b5ef-bed855b162f0":{"role":"editor","value":{"id":"a03b888f-5426-4e4f-b5ef-bed855b162f0","version":10,"settings":{"type":"personal","persona":"personal","team_role":"unfilled","time_zone":"Asia/Tashkent","signup_time":1638259864507,"cookie_consent":{"id":"2c2f9260-c9a6-4097-bc19-30e5395dfb02","permission":{"necessary":true,"targeting":false,"preference":false,"performance":false}},"preferred_locale":"en-US","used_desktop_web_app":true,"seen_views_intro_modal":true,"preferred_locale_origin":"autodetect","seen_persona_collection":true}}}},"space_view":{"703440cc-f5cb-4f27-ba54-a9125a58e033":{"role":"editor","value":{"id":"703440cc-f5cb-4f27-ba54-a9125a58e033","version":31,"space_id":"d51d3ca5-7889-4c70-b906-3a5a37b60274","parent_id":"a03b888f-5426-4e4f-b5ef-bed855b162f0","parent_table":"user_root","alive":true,"notify_mobile":false,"notify_desktop":true,"notify_email":false,"visited_templates":["7e89f436-7aac-4f66-b0a6-6e65ec868d2a","88c9c2b0-d732-4342-8963-0580a4725571","ba43b46e-4ad3-47f7-95f0-58a3ba01476f","2dddc8c5-a711-4aa2-b5b3-ff952a49bcfa","b7572331-51ab-4ed5-a931-5a7d34b08bf0"],"sidebar_hidden_templates":["7e89f436-7aac-4f66-b0a6-6e65ec868d2a","88c9c2b0-d732-4342-8963-0580a4725571","ba43b46e-4ad3-47f7-95f0-58a3ba01476f","2dddc8c5-a711-4aa2-b5b3-ff952a49bcfa","b7572331-51ab-4ed5-a931-5a7d34b08bf0"],"created_getting_started":true,"created_onboarding_templates":true,"private_pages":["5585f343-8ea5-469b-8a90-a05987977424"],"joined":true,"settings":{"on_app_start":"first_page"}}}},"space":{"d51d3ca5-7889-4c70-b906-3a5a37b60274":{"role":"editor","value":{"id":"d51d3ca5-7889-4c70-b906-3a5a37b60274","version":5030,"name":"test_py","permissions":[{"role":"editor","type":"user_permission","user_id":"a03b888f-5426-4e4f-b5ef-bed855b162f0"}],"beta_enabled":false,"created_time":1638259881592,"last_edited_time":1652698380000,"created_by_table":"notion_user","created_by_id":"a03b888f-5426-4e4f-b5ef-bed855b162f0","last_edited_by_table":"notion_user","last_edited_by_id":"a03b888f-5426-4e4f-b5ef-bed855b162f0","plan_type":"personal","invite_link_enabled":true}}}}}'
    headers:
      Content-Type:
      - application/json; charset=utf-8
      Transfer-Encoding:
      - chunked
      content-length:
      - '2694'
    status:
      code: 200
      message: OK
- request:
    body: '{}'
    headers:
      Content-Length:
      - '2'
      content-type:
      - application/json
      cookie:
      - PRIVATE
      x-notion-active-user-header:
      - a03b888f-5426-4e4f-b5ef-bed855b162f0
    method: POST
    uri: https://www.notion.so/api/v3/loadUserContent
  response:
    body:
      string: '{"recordMap":{"notion_user":{"a03b888f-5426-4e4f-b5ef-bed855b162f0":{"role":"editor","value":{"id":"a03b888f-5426-4e4f-b5ef-bed855b162f0","version":7,"email":"test_py_notion@protonmail.com","onboarding_completed":true,"name":"test_py"}}},"user_root":{"a03b888f-5426-4e4f-b5ef-bed855b162f0":{"role":"editor","value":{"id":"a03b888f-5426-4e4f-b5ef-bed855b162f0","version":3,"space_views":["703440cc-f5cb-4f27-ba54-a9125a58e033"],"space_view_pointers":[{"id":"703440cc-f5cb-4f27-ba54-a9125a58e033","table":"space_view","spaceId":"d51d3ca5-7889-4c70-b906-3a5a37b60274"}]}}},"user_settings":{"a03b888f-5426-4e4f-b5ef-bed855b162f0":{"role":"editor","value":{"id":"a03b888f-5426-4e4f-b5ef-bed855b162f0","version":10,"settings":{"type":"personal","persona":"personal","team_role":"unfilled","time_zone":"Asia/Tashkent","signup_time":1638259864507,"cookie_consent":{"id":"2c2f9260-c9a6-4097-bc19-30e5395dfb02","permission":{"necessary":true,"targeting":false,"preference":false,"performance":false}},"preferred_locale":"en-US","used_desktop_web_app":true,"seen_views_intro_modal":true,"preferred_locale_origin":"autodetect","seen_persona_collection":true}}}},"space_view":{"703440cc-f5cb-4f27-ba54-a9125a58e033":{"role":"editor","value":{"id":"703440cc-f5cb-4f27-ba54-a9125a58e033","version":31,"space_id":"d51d3ca5-7889-4c70-b906-3a5a37b60274","parent_id":"a03b888f-5426-4e4f-b5ef-bed855b162f0","parent_table":"user_root","alive":true,"notify_mobile":false,"notify_desktop":true,"notify_email":false,"visited_templates":["7e89f436-7aac-4f66-b0a6-6e65ec868d2a","88c9c2b0-d732-4342-8963-0580a4725571","ba43b46e-4ad3-47f7-95f0-58a3ba01476f","2dddc8c5-a711-4aa2-b5b3-ff952a49bcfa","b7572331-51ab-4ed5-a931-5a7d34b08bf0"],"sidebar_hidden_templates":["7e89f436-7aac-4f66-b0a6-6e65ec868d2a","88c9c2b0-d732-4342-8963-0580a4725571","ba43b46e-4ad3-47f7-95f0-58a3ba01476f","2dddc8c5-a711-4aa2-b5b3-ff952a49bcfa","b7572331-51ab-4ed5-a931-5a7d34b08bf0"],"created_getting_started":true,"created_onboarding_templates":true,"private_pages":["5585f343-8ea5-469b-8a90-a05987977424"],"joined":true,"settings":{"on_app_start":"first_page"}}}},"space":{"d51d3ca5-7889-4c70-b906-3a5a37b60274":{"role":"editor","value":{"id":"d51d3ca5-7889-4c70-b906-3a5a37b60274","version":5030,"name":"test_py","permissions":[{"role":"editor","type":"user_permission","user_id":"a03b888f-5426-4e4f-b5ef-bed855b162f0"}],"beta_enabled":false,"created_time":1638259881592,"last_edited_time":1652698380000,"created_by_table":"notion_user","created_by_id":"a03b888f-5426-4e4f-b5ef-bed855b162f0","last_edited_by_table":"notion_user","last_edited_by_id":"a03b888f-5426-4e4f-b5ef-bed855b162f0","plan_type":"personal","invite_link_enabled":true}}}}}'
    headers:
      Content-Type:
      - application/json; charset=utf-8
      Transfer-Encoding:
      - chunked
      content-length:
      - '2694'
    status:
      code: 200
      message: OK
- request:
    body: '{}'
    headers:
      Content-Length:
      - '2'
      content-type:
      - application/json
      cookie:
      - PRIVATE
    method: POST
    uri: https://www.notion.so/api/v3/loadUserContent
  response:
    body:
      string: '{"recordMap":{"notion_user":{"a03b888f-5426-4e4f-b5ef-bed855b162f0":{"role":"editor","value":{"id":"a03b888f-5426-4e4f-b5ef-bed855b162f0","version":7,"email":"test_py_notion@protonmail.com","onboarding_completed":true,"name":"test_py"}}},"user_root":{"a03b888f-5426-4e4f-b5ef-bed855b162f0":{"role":"editor","value":{"id":"a03b888f-5426-4e4f-b5ef-bed855b162f0","version":3,"space_views":["703440cc-f5cb-4f27-ba54-a9125a58e033"],"space_view_pointers":[{"id":"703440cc-f5cb-4f27-ba54-a9125a58e033","table":"space_view","spaceId":"d51d3ca5-7889-4c70-b906-3a5a37b60274"}]}}},"user_settings":{"a03b888f-5426-4e4f-b5ef-bed855b162f0":{"role":"editor","value":{"id":"a03b888f-5426-4e4f-b5ef-bed855b162f0","version":10,"settings":{"type":"personal","persona":"personal","team_role":"unfilled","time_zone":"Asia/Tashkent","signup_time":1638259864507,"cookie_consent":{"id":"2c2f9260-c9a6-4097-bc19-30e5395dfb02","permission":{"necessary":true,"targeting":false,"preference":false,"performance":false}},"preferred_locale":"en-US","used_desktop_web_app":true,"seen_views_intro_modal":true,"preferred_locale_origin":"autodetect","seen_persona_collection":true}}}},"space_view":{"703440cc-f5cb-4f27-ba54-a9125a58e033":{"role":"editor","value":{"id":"703440cc-f5cb-4f27-ba54-a9125a58e033","version":31,"space_id":"d51d3ca5-7889-4c70-b906-3a5a37b60274","parent_id":"a03b888f-5426-4e4f-b5ef-bed855b162f0","parent_table":"user_root","alive":true,"notify_mobile":false,"notify_desktop":true,"notify_email":false,"visited_templates":["7e89f436-7aac-4f66-b0a6-6e65ec868d2a","88c9c2b0-d732-4342-8963-0580a4725571","ba43b46e-4ad3-47f7-95f0-58a3ba01476f","2dddc8c5-a711-4aa2-b5b3-ff952a49bcfa","b7572331-51ab-4ed5-a931-5a7d34b08bf0"],"sidebar_hidden_templates":["7e89f436-7aac-4f66-b0a6-6e65ec868d2a","88c9c2b0-d732-4342-8963-0580a4725571","ba43b46e-4ad3-47f7-95f0-58a3ba01476f","2dddc8c5-a711-4aa2-b5b3-ff952a49bcfa","b7572331-51ab-4ed5-a931-5a7d34b08bf0"],"created_getting_started":true,"created_onboarding_templates":true,"private_pages":["5585f343-8ea5-469b-8a90-a05987977424"],"joined":true,"settings":{"on_app_start":"first_page"}}}},"space":{"d51d3ca5-7889-4c70-b906-3a5a37b60274":{"role":"editor","value":{"id":"d51d3ca5-7889-4c70-b906-3a5a37b60274","version":5030,"name":"test_py","permissions":[{"role":"editor","type":"user_permission","user_id":"a03b888f-5426-4e4f-b5ef-bed855b162f0"}],"beta_enabled":false,"created_time":1638259881592,"last_edited_time":1652698380000,"created_by_table":"notion_user","created_by_id":"a03b888f-5426-4e4f-b5ef-bed855b162f0","last_edited_by_table":"notion_user","last_edited_by_id":"a03b888f-5426-4e4f-b5ef-bed855b162f0","plan_type":"personal","invite_link_enabled":true}}}}}'
    headers:
      Content-Type:
      - application/json; charset=utf-8
      Transfer-Encoding:
      - chunked
      content-length:
      - '2694'
    status:
      code: 200
      message: OK
- request:
    body: '{"operations": [{"id": "204c2ecc-af29-441c-a0bb-857ae7c6f6c7", "path":
      [], "args": {"id": "204c2ecc-af29-441c-a0bb-857ae7c6f6c7", "version": 1, "alive":
      true, "created_by_id": "a03b888f-5426-4e4f-b5ef-bed855b162f0", "created_by_table":
      "notion_user", "created_time": 1653314127329, "parent_id": "d51d3ca5-7889-4c70-b906-3a5a37b60274",
      "parent_table": "space", "type": "collection_view_page", "permissions": [{"role":
      "editor", "type": "user_permission", "user_id": "a03b888f-5426-4e4f-b5ef-bed855b162f0"}]},
      "command": "set", "table": "block"}, {"args": {"last_edited_by_id": "a03b888f-5426-4e4f-b5ef-bed855b162f0",
      "last_edited_by_table": "notion_user", "last_edited_time": 1653314127329}, "command":
      "update", "id": "204c2ecc-af29-441c-a0bb-857ae7c6f6c7", "path": [], "table":
      "block"}, {"id": "d51d3ca5-7889-4c70-b906-3a5a37b60274", "path": ["pages"],
      "args": {"id": "204c2ecc-af29-441c-a0bb-857ae7c6f6c7"}, "command": "listAfter",
      "table": "space"}, {"args": {"last_edited_by_id": "a03b888f-5426-4e4f-b5ef-bed855b162f0",
      "last_edited_by_table": "notion_user", "last_edited_time": 1653314127329}, "command":
      "update", "id": "204c2ecc-af29-441c-a0bb-857ae7c6f6c7", "path": [], "table":
      "block"}]}'
    headers:
      Content-Length:
      - '1198'
      content-type:
      - application/json
      cookie:
      - PRIVATE
      x-notion-active-user-header:
      - a03b888f-5426-4e4f-b5ef-bed855b162f0
    method: POST
    uri: https://www.notion.so/api/v3/submitTransaction
  response:
    body:
      string: '{}'
    headers:
      Content-Length:
      - '2'
      Content-Type:
      - application/json; charset=utf-8
    status:
      code: 200
      message: OK
- request:
    body: '{"operations": [{"id": "df62dcc0-39f8-459a-b45b-7d338f7b59c3", "path":
      [], "args": {"id": "df62dcc0-39f8-459a-b45b-7d338f7b59c3", "version": 1, "alive":
      true, "created_by_id": "a03b888f-5426-4e4f-b5ef-bed855b162f0", "created_by_table":
      "notion_user", "created_time": 1653314127749, "parent_id": "204c2ecc-af29-441c-a0bb-857ae7c6f6c7",
      "parent_table": "block", "schema": {"title": {"name": "a", "type": "title"},
      "dOWC": {"name": "b", "type": "person"}}}, "command": "set", "table": "collection"},
      {"id": "204c2ecc-af29-441c-a0bb-857ae7c6f6c7", "path": ["content"], "args":
      {"id": "df62dcc0-39f8-459a-b45b-7d338f7b59c3"}, "command": "listAfter", "table":
      "block"}, {"args": {"last_edited_by_id": "a03b888f-5426-4e4f-b5ef-bed855b162f0",
      "last_edited_by_table": "notion_user", "last_edited_time": 1653314127749}, "command":
      "update", "id": "204c2ecc-af29-441c-a0bb-857ae7c6f6c7", "path": [], "table":
      "block"}, {"args": {"last_edited_by_id": "a03b888f-5426-4e4f-b5ef-bed855b162f0",
      "last_edited_by_table": "notion_user", "last_edited_time": 1653314127749}, "command":
      "update", "id": "204c2ecc-af29-441c-a0bb-857ae7c6f6c7", "path": [], "table":
      "block"}]}'
    headers:
      Content-Length:
      - '1152'
      content-type:
      - application/json
      cookie:
      - PRIVATE
      x-notion-active-user-header:
      - a03b888f-5426-4e4f-b5ef-bed855b162f0
    method: POST
    uri: https://www.notion.so/api/v3/submitTransaction
  response:
    body:
      string: '{}'
    headers:
      Content-Length:
      - '2'
      Content-Type:
      - application/json; charset=utf-8
    status:
      code: 200
      message: OK
- request:
    body: '{"operations": [{"id": "204c2ecc-af29-441c-a0bb-857ae7c6f6c7", "path":
      ["format", "collection_pointer", "id"], "args": "df62dcc0-39f8-459a-b45b-7d338f7b59c3",
      "command": "set", "table": "block"}, {"args": {"last_edited_by_id": "a03b888f-5426-4e4f-b5ef-bed855b162f0",
      "last_edited_by_table": "notion_user", "last_edited_time": 1653314128115}, "command":
      "update", "id": "204c2ecc-af29-441c-a0bb-857ae7c6f6c7", "path": [], "table":
      "block"}]}'
    headers:
      Content-Length:
      - '440'
      content-type:
      - application/json
      cookie:
      - PRIVATE
      x-notion-active-user-header:
      - a03b888f-5426-4e4f-b5ef-bed855b162f0
    method: POST
    uri: https://www.notion.so/api/v3/submitTransaction
  response:
    body:
      string: '{}'
    headers:
      Content-Length:
      - '2'
      Content-Type:
      - application/json; charset=utf-8
    status:
      code: 200
      message: OK
- request:
    body: '{"operations": [{"id": "c576d527-acc7-4999-a854-927212ea44fe", "path":
      [], "args": {"id": "c576d527-acc7-4999-a854-927212ea44fe", "version": 1, "alive":
      true, "created_by_id": "a03b888f-5426-4e4f-b5ef-bed855b162f0", "created_by_table":
      "notion_user", "created_time": 1653314128442, "parent_id": "204c2ecc-af29-441c-a0bb-857ae7c6f6c7",
      "parent_table": "block", "type": "table"}, "command": "set", "table": "collection_view"},
      {"id": "204c2ecc-af29-441c-a0bb-857ae7c6f6c7", "path": ["content"], "args":
      {"id": "c576d527-acc7-4999-a854-927212ea44fe"}, "command": "listAfter", "table":
      "block"}, {"args": {"last_edited_by_id": "a03b888f-5426-4e4f-b5ef-bed855b162f0",
      "last_edited_by_table": "notion_user", "last_edited_time": 1653314128442}, "command":
      "update", "id": "204c2ecc-af29-441c-a0bb-857ae7c6f6c7", "path": [], "table":
      "block"}, {"args": {"last_edited_by_id": "a03b888f-5426-4e4f-b5ef-bed855b162f0",
      "last_edited_by_table": "notion_user", "last_edited_time": 1653314128442}, "command":
      "update", "id": "204c2ecc-af29-441c-a0bb-857ae7c6f6c7", "path": [], "table":
      "block"}]}'
    headers:
      Content-Length:
      - '1080'
      content-type:
      - application/json
      cookie:
      - PRIVATE
      x-notion-active-user-header:
      - a03b888f-5426-4e4f-b5ef-bed855b162f0
    method: POST
    uri: https://www.notion.so/api/v3/submitTransaction
  response:
    body:
      string: '{}'
    headers:
      Content-Length:
      - '2'
      Content-Type:
      - application/json; charset=utf-8
    status:
      code: 200
      message: OK
- request:
    body: '{"operations": [{"id": "c576d527-acc7-4999-a854-927212ea44fe", "path":
      ["collection_id"], "args": "df62dcc0-39f8-459a-b45b-7d338f7b59c3", "command":
      "set", "table": "collection_view"}]}'
    headers:
      Content-Length:
      - '185'
      content-type:
      - application/json
      cookie:
      - PRIVATE
      x-notion-active-user-header:
      - a03b888f-5426-4e4f-b5ef-bed855b162f0
    method: POST
    uri: https://www.notion.so/api/v3/submitTransaction
  response:
    body:
      string: '{}'
    headers:
      Content-Length:
      - '2'
      Content-Type:
      - application/json; charset=utf-8
    status:
      code: 200
      message: OK
- request:
    body: '{"operations": [{"id": "204c2ecc-af29-441c-a0bb-857ae7c6f6c7", "path":
      ["view_ids"], "args": ["c576d527-acc7-4999-a854-927212ea44fe"], "command": "set",
      "table": "block"}, {"args": {"last_edited_by_id": "a03b888f-5426-4e4f-b5ef-bed855b162f0",
      "last_edited_by_table": "notion_user", "last_edited_time": 1653314129185}, "command":
      "update", "id": "204c2ecc-af29-441c-a0bb-857ae7c6f6c7", "path": [], "table":
      "block"}]}'
    headers:
      Content-Length:
      - '416'
      content-type:
      - application/json
      cookie:
      - PRIVATE
      x-notion-active-user-header:
      - a03b888f-5426-4e4f-b5ef-bed855b162f0
    method: POST
    uri: https://www.notion.so/api/v3/submitTransaction
  response:
    body:
      string: '{}'
    headers:
      Content-Length:
      - '2'
      Content-Type:
      - application/json; charset=utf-8
    status:
      code: 200
      message: OK
- request:
    body: '{"operations": [{"id": "c576d527-acc7-4999-a854-927212ea44fe", "path":
      ["format", "table_properties"], "args": [{"visible": true, "property": "title"},
      {"visible": true, "property": "dOWC"}], "command": "set", "table": "collection_view"}]}'
    headers:
      Content-Length:
      - '239'
      content-type:
      - application/json
      cookie:
      - PRIVATE
      x-notion-active-user-header:
      - a03b888f-5426-4e4f-b5ef-bed855b162f0
    method: POST
    uri: https://www.notion.so/api/v3/submitTransaction
  response:
    body:
      string: '{}'
    headers:
      Content-Length:
      - '2'
      Content-Type:
      - application/json; charset=utf-8
    status:
      code: 200
      message: OK
- request:
    body: '{"operations": [{"id": "df62dcc0-39f8-459a-b45b-7d338f7b59c3", "path":
      ["name"], "args": [["TESTING PAGE"]], "command": "set", "table": "collection"}]}'
    headers:
      Content-Length:
      - '151'
      content-type:
      - application/json
      cookie:
      - PRIVATE
      x-notion-active-user-header:
      - a03b888f-5426-4e4f-b5ef-bed855b162f0
    method: POST
    uri: https://www.notion.so/api/v3/submitTransaction
  response:
    body:
      string: '{}'
    headers:
      Content-Length:
      - '2'
      Content-Type:
      - application/json; charset=utf-8
    status:
      code: 200
      message: OK
- request:
    body: '{"requests": [{"table": "notion_user", "id": "a03b888f-5426-4e4f-b5ef-bed855b162f0"}]}'
    headers:
      Content-Length:
      - '86'
      content-type:
      - application/json
      cookie:
      - PRIVATE
      x-notion-active-user-header:
      - a03b888f-5426-4e4f-b5ef-bed855b162f0
    method: POST
    uri: https://www.notion.so/api/v3/getRecordValues
  response:
    body:
      string: '{"results":[{"role":"editor","value":{"id":"a03b888f-5426-4e4f-b5ef-bed855b162f0","version":7,"email":"test_py_notion@protonmail.com","onboarding_completed":true,"name":"test_py"}}],"recordMapWithRoles":{"notion_user":{"a03b888f-5426-4e4f-b5ef-bed855b162f0":{"role":"editor","value":{"id":"a03b888f-5426-4e4f-b5ef-bed855b162f0","version":7,"email":"test_py_notion@protonmail.com","onboarding_completed":true,"name":"test_py"}}}}}'
    headers:
      Content-Type:
      - application/json; charset=utf-8
      Transfer-Encoding:
      - chunked
      content-length:
      - '429'
    status:
      code: 200
      message: OK
- request:
    body: '{}'
    headers:
      Content-Length:
      - '2'
      content-type:
      - application/json
      cookie:
      - PRIVATE
    method: POST
    uri: https://www.notion.so/api/v3/loadUserContent
  response:
    body:
      string: '{"recordMap":{"notion_user":{"a03b888f-5426-4e4f-b5ef-bed855b162f0":{"role":"editor","value":{"id":"a03b888f-5426-4e4f-b5ef-bed855b162f0","version":7,"email":"test_py_notion@protonmail.com","onboarding_completed":true,"name":"test_py"}}},"user_root":{"a03b888f-5426-4e4f-b5ef-bed855b162f0":{"role":"editor","value":{"id":"a03b888f-5426-4e4f-b5ef-bed855b162f0","version":3,"space_views":["703440cc-f5cb-4f27-ba54-a9125a58e033"],"space_view_pointers":[{"id":"703440cc-f5cb-4f27-ba54-a9125a58e033","table":"space_view","spaceId":"d51d3ca5-7889-4c70-b906-3a5a37b60274"}]}}},"user_settings":{"a03b888f-5426-4e4f-b5ef-bed855b162f0":{"role":"editor","value":{"id":"a03b888f-5426-4e4f-b5ef-bed855b162f0","version":10,"settings":{"type":"personal","persona":"personal","team_role":"unfilled","time_zone":"Asia/Tashkent","signup_time":1638259864507,"cookie_consent":{"id":"2c2f9260-c9a6-4097-bc19-30e5395dfb02","permission":{"necessary":true,"targeting":false,"preference":false,"performance":false}},"preferred_locale":"en-US","used_desktop_web_app":true,"seen_views_intro_modal":true,"preferred_locale_origin":"autodetect","seen_persona_collection":true}}}},"space_view":{"703440cc-f5cb-4f27-ba54-a9125a58e033":{"role":"editor","value":{"id":"703440cc-f5cb-4f27-ba54-a9125a58e033","version":31,"space_id":"d51d3ca5-7889-4c70-b906-3a5a37b60274","parent_id":"a03b888f-5426-4e4f-b5ef-bed855b162f0","parent_table":"user_root","alive":true,"notify_mobile":false,"notify_desktop":true,"notify_email":false,"visited_templates":["7e89f436-7aac-4f66-b0a6-6e65ec868d2a","88c9c2b0-d732-4342-8963-0580a4725571","ba43b46e-4ad3-47f7-95f0-58a3ba01476f","2dddc8c5-a711-4aa2-b5b3-ff952a49bcfa","b7572331-51ab-4ed5-a931-5a7d34b08bf0"],"sidebar_hidden_templates":["7e89f436-7aac-4f66-b0a6-6e65ec868d2a","88c9c2b0-d732-4342-8963-0580a4725571","ba43b46e-4ad3-47f7-95f0-58a3ba01476f","2dddc8c5-a711-4aa2-b5b3-ff952a49bcfa","b7572331-51ab-4ed5-a931-5a7d34b08bf0"],"created_getting_started":true,"created_onboarding_templates":true,"private_pages":["5585f343-8ea5-469b-8a90-a05987977424"],"joined":true,"settings":{"on_app_start":"first_page"}}}},"space":{"d51d3ca5-7889-4c70-b906-3a5a37b60274":{"role":"editor","value":{"id":"d51d3ca5-7889-4c70-b906-3a5a37b60274","version":5031,"name":"test_py","permissions":[{"role":"editor","type":"user_permission","user_id":"a03b888f-5426-4e4f-b5ef-bed855b162f0"}],"beta_enabled":false,"pages":["204c2ecc-af29-441c-a0bb-857ae7c6f6c7"],"created_time":1638259881592,"last_edited_time":1652698380000,"created_by_table":"notion_user","created_by_id":"a03b888f-5426-4e4f-b5ef-bed855b162f0","last_edited_by_table":"notion_user","last_edited_by_id":"a03b888f-5426-4e4f-b5ef-bed855b162f0","plan_type":"personal","invite_link_enabled":true}}},"block":{"204c2ecc-af29-441c-a0bb-857ae7c6f6c7":{"role":"editor","value":{"id":"204c2ecc-af29-441c-a0bb-857ae7c6f6c7","version":13,"type":"collection_view_page","content":["df62dcc0-39f8-459a-b45b-7d338f7b59c3","c576d527-acc7-4999-a854-927212ea44fe"],"view_ids":["c576d527-acc7-4999-a854-927212ea44fe"],"format":{"collection_pointer":{"id":"df62dcc0-39f8-459a-b45b-7d338f7b59c3","table":"collection","spaceId":"d51d3ca5-7889-4c70-b906-3a5a37b60274"}},"permissions":[{"role":"editor","type":"user_permission","user_id":"a03b888f-5426-4e4f-b5ef-bed855b162f0"}],"created_time":1653314127329,"last_edited_time":1653314129185,"parent_id":"d51d3ca5-7889-4c70-b906-3a5a37b60274","parent_table":"space","alive":true,"created_by_table":"notion_user","created_by_id":"a03b888f-5426-4e4f-b5ef-bed855b162f0","last_edited_by_table":"notion_user","last_edited_by_id":"a03b888f-5426-4e4f-b5ef-bed855b162f0","space_id":"d51d3ca5-7889-4c70-b906-3a5a37b60274"}}},"collection":{"df62dcc0-39f8-459a-b45b-7d338f7b59c3":{"role":"editor","value":{"id":"df62dcc0-39f8-459a-b45b-7d338f7b59c3","version":2,"name":[["TESTING
        PAGE"]],"schema":{"dOWC":{"name":"b","type":"person"},"title":{"name":"a","type":"title"}},"parent_id":"204c2ecc-af29-441c-a0bb-857ae7c6f6c7","parent_table":"block","alive":true,"migrated":true,"space_id":"d51d3ca5-7889-4c70-b906-3a5a37b60274"}}}}}'
    headers:
      Content-Type:
      - application/json; charset=utf-8
      Transfer-Encoding:
      - chunked
      content-length:
      - '4088'
    status:
      code: 200
      message: OK
- request:
    body: '{"requests": [{"table": "collection_view", "id": "c576d527-acc7-4999-a854-927212ea44fe"}]}'
    headers:
      Content-Length:
      - '90'
      content-type:
      - application/json
      cookie:
      - PRIVATE
      x-notion-active-user-header:
      - a03b888f-5426-4e4f-b5ef-bed855b162f0
    method: POST
    uri: https://www.notion.so/api/v3/getRecordValues
  response:
    body:
      string: '{"results":[{"role":"editor","value":{"id":"c576d527-acc7-4999-a854-927212ea44fe","version":3,"type":"table","format":{"table_properties":[{"visible":true,"property":"title"},{"visible":true,"property":"dOWC"}]},"parent_id":"204c2ecc-af29-441c-a0bb-857ae7c6f6c7","parent_table":"block","alive":true,"space_id":"d51d3ca5-7889-4c70-b906-3a5a37b60274","created_time":1653314128442,"created_by_table":"notion_user","created_by_id":"a03b888f-5426-4e4f-b5ef-bed855b162f0"}}],"recordMapWithRoles":{"collection_view":{"c576d527-acc7-4999-a854-927212ea44fe":{"role":"editor","value":{"id":"c576d527-acc7-4999-a854-927212ea44fe","version":3,"type":"table","format":{"table_properties":[{"visible":true,"property":"title"},{"visible":true,"property":"dOWC"}]},"parent_id":"204c2ecc-af29-441c-a0bb-857ae7c6f6c7","parent_table":"block","alive":true,"space_id":"d51d3ca5-7889-4c70-b906-3a5a37b60274","created_time":1653314128442,"created_by_table":"notion_user","created_by_id":"a03b888f-5426-4e4f-b5ef-bed855b162f0"}}},"block":{"204c2ecc-af29-441c-a0bb-857ae7c6f6c7":{"role":"editor","value":{"id":"204c2ecc-af29-441c-a0bb-857ae7c6f6c7","version":13,"type":"collection_view_page","content":["df62dcc0-39f8-459a-b45b-7d338f7b59c3","c576d527-acc7-4999-a854-927212ea44fe"],"view_ids":["c576d527-acc7-4999-a854-927212ea44fe"],"format":{"collection_pointer":{"id":"df62dcc0-39f8-459a-b45b-7d338f7b59c3","table":"collection","spaceId":"d51d3ca5-7889-4c70-b906-3a5a37b60274"}},"permissions":[{"role":"editor","type":"user_permission","user_id":"a03b888f-5426-4e4f-b5ef-bed855b162f0"}],"created_time":1653314127329,"last_edited_time":1653314129185,"parent_id":"d51d3ca5-7889-4c70-b906-3a5a37b60274","parent_table":"space","alive":true,"created_by_table":"notion_user","created_by_id":"a03b888f-5426-4e4f-b5ef-bed855b162f0","last_edited_by_table":"notion_user","last_edited_by_id":"a03b888f-5426-4e4f-b5ef-bed855b162f0","space_id":"d51d3ca5-7889-4c70-b906-3a5a37b60274"}}},"space":{"d51d3ca5-7889-4c70-b906-3a5a37b60274":{"role":"editor","value":{"id":"d51d3ca5-7889-4c70-b906-3a5a37b60274","version":5031,"name":"test_py","permissions":[{"role":"editor","type":"user_permission","user_id":"a03b888f-5426-4e4f-b5ef-bed855b162f0"}],"beta_enabled":false,"pages":["204c2ecc-af29-441c-a0bb-857ae7c6f6c7"],"created_time":1638259881592,"last_edited_time":1652698380000,"created_by_table":"notion_user","created_by_id":"a03b888f-5426-4e4f-b5ef-bed855b162f0","last_edited_by_table":"notion_user","last_edited_by_id":"a03b888f-5426-4e4f-b5ef-bed855b162f0","plan_type":"personal","invite_link_enabled":true}}}}}'
    headers:
      Content-Type:
      - application/json; charset=utf-8
      Transfer-Encoding:
      - chunked
      content-length:
      - '2579'
    status:
      code: 200
      message: OK
- request:
    body: '{"collection": {"id": "df62dcc0-39f8-459a-b45b-7d338f7b59c3", "spaceId":
      "d51d3ca5-7889-4c70-b906-3a5a37b60274"}, "collectionView": {"id": "c576d527-acc7-4999-a854-927212ea44fe",
      "spaceId": "d51d3ca5-7889-4c70-b906-3a5a37b60274"}, "loader": {"reducers": {"table:uncategorized:title:count":
      {"aggregation": {"aggregator": "count", "property": "title"}, "type": "aggregation"}},
      "searchQuery": "", "sort": [], "userTimeZone": "Asia/Tashkent", "type": "reducer"}}'
    headers:
      Content-Length:
      - '460'
      content-type:
      - application/json
      cookie:
      - PRIVATE
      x-notion-active-user-header:
      - a03b888f-5426-4e4f-b5ef-bed855b162f0
    method: POST
    uri: https://www.notion.so/api/v3/queryCollection
  response:
    body:
      string: '{"result":{"type":"reducer","reducerResults":{"table:uncategorized:title:count":{"type":"aggregation","aggregationResult":{"type":"number","value":0}}}},"recordMap":{}}'
    headers:
      Content-Type:
      - application/json; charset=utf-8
      Transfer-Encoding:
      - chunked
      content-encoding:
      - undefined
    status:
      code: 200
      message: OK
- request:
    body: '{"collection": {"id": "df62dcc0-39f8-459a-b45b-7d338f7b59c3", "spaceId":
      "d51d3ca5-7889-4c70-b906-3a5a37b60274"}, "collectionView": {"id": "c576d527-acc7-4999-a854-927212ea44fe",
      "spaceId": "d51d3ca5-7889-4c70-b906-3a5a37b60274"}, "loader": {"reducers": {"collection_group_results":
      {"limit": 0, "type": "results"}}, "searchQuery": "", "sort": [], "userTimeZone":
      "Asia/Tashkent", "type": "reducer"}}'
    headers:
      Content-Length:
      - '400'
      content-type:
      - application/json
      cookie:
      - PRIVATE
      x-notion-active-user-header:
      - a03b888f-5426-4e4f-b5ef-bed855b162f0
    method: POST
    uri: https://www.notion.so/api/v3/queryCollection
  response:
    body:
      string: '{"result":{"type":"reducer","reducerResults":{"collection_group_results":{"type":"results","blockIds":[],"hasMore":false}}},"recordMap":{}}'
    headers:
      Content-Type:
      - application/json; charset=utf-8
      Transfer-Encoding:
      - chunked
      content-encoding:
      - undefined
    status:
      code: 200
      message: OK
- request:
    body: '{"operations": [{"id": "f232ba4b-0a4e-4c6d-93cc-9fd56d714bee", "path":
      [], "args": {"id": "f232ba4b-0a4e-4c6d-93cc-9fd56d714bee", "version": 1, "alive":
      true, "created_by_id": "a03b888f-5426-4e4f-b5ef-bed855b162f0", "created_by_table":
      "notion_user", "created_time": 1653314132064, "parent_id": "df62dcc0-39f8-459a-b45b-7d338f7b59c3",
      "parent_table": "collection", "type": "page"}, "command": "set", "table": "block"},
      {"args": {"last_edited_by_id": "a03b888f-5426-4e4f-b5ef-bed855b162f0", "last_edited_by_table":
      "notion_user", "last_edited_time": 1653314132064}, "command": "update", "id":
      "f232ba4b-0a4e-4c6d-93cc-9fd56d714bee", "path": [], "table": "block"}, {"args":
      {"last_edited_by_id": "a03b888f-5426-4e4f-b5ef-bed855b162f0", "last_edited_by_table":
      "notion_user", "last_edited_time": 1653314132064}, "command": "update", "id":
      "f232ba4b-0a4e-4c6d-93cc-9fd56d714bee", "path": [], "table": "block"}]}'
    headers:
      Content-Length:
      - '907'
      content-type:
      - application/json
      cookie:
      - PRIVATE
      x-notion-active-user-header:
      - a03b888f-5426-4e4f-b5ef-bed855b162f0
    method: POST
    uri: https://www.notion.so/api/v3/submitTransaction
  response:
    body:
      string: '{}'
    headers:
      Content-Length:
      - '2'
      Content-Type:
      - application/json; charset=utf-8
    status:
      code: 200
      message: OK
- request:
    body: '{"operations": [{"id": "f232ba4b-0a4e-4c6d-93cc-9fd56d714bee", "path":
      ["properties", "title"], "args": [["a1"]], "command": "set", "table": "block"},
      {"args": {"last_edited_by_id": "a03b888f-5426-4e4f-b5ef-bed855b162f0", "last_edited_by_table":
      "notion_user", "last_edited_time": 1653314132554}, "command": "update", "id":
      "f232ba4b-0a4e-4c6d-93cc-9fd56d714bee", "path": [], "table": "block"}, {"id":
      "f232ba4b-0a4e-4c6d-93cc-9fd56d714bee", "path": ["properties", "dOWC"], "args":
      [["\u2023", [["u", "a03b888f-5426-4e4f-b5ef-bed855b162f0"]]]], "command": "set",
      "table": "block"}, {"args": {"last_edited_by_id": "a03b888f-5426-4e4f-b5ef-bed855b162f0",
      "last_edited_by_table": "notion_user", "last_edited_time": 1653314132554}, "command":
      "update", "id": "f232ba4b-0a4e-4c6d-93cc-9fd56d714bee", "path": [], "table":
      "block"}, {"id": "c576d527-acc7-4999-a854-927212ea44fe", "path": ["page_sort"],
      "args": ["f232ba4b-0a4e-4c6d-93cc-9fd56d714bee"], "command": "set", "table":
      "collection_view"}, {"args": {"last_edited_by_id": "a03b888f-5426-4e4f-b5ef-bed855b162f0",
      "last_edited_by_table": "notion_user", "last_edited_time": 1653314132554}, "command":
      "update", "id": "f232ba4b-0a4e-4c6d-93cc-9fd56d714bee", "path": [], "table":
      "block"}]}'
    headers:
      Content-Length:
      - '1237'
      content-type:
      - application/json
      cookie:
      - PRIVATE
      x-notion-active-user-header:
      - a03b888f-5426-4e4f-b5ef-bed855b162f0
    method: POST
    uri: https://www.notion.so/api/v3/submitTransaction
  response:
    body:
      string: '{}'
    headers:
      Content-Length:
      - '2'
      Content-Type:
      - application/json; charset=utf-8
    status:
      code: 200
      message: OK
- request:
    body: '{"collection": {"id": "df62dcc0-39f8-459a-b45b-7d338f7b59c3", "spaceId":
      "d51d3ca5-7889-4c70-b906-3a5a37b60274"}, "collectionView": {"id": "c576d527-acc7-4999-a854-927212ea44fe",
      "spaceId": "d51d3ca5-7889-4c70-b906-3a5a37b60274"}, "loader": {"reducers": {"table:uncategorized:title:count":
      {"aggregation": {"aggregator": "count", "property": "title"}, "type": "aggregation"}},
      "searchQuery": "", "sort": [], "userTimeZone": "Asia/Tashkent", "type": "reducer"}}'
    headers:
      Content-Length:
      - '460'
      content-type:
      - application/json
      cookie:
      - PRIVATE
      x-notion-active-user-header:
      - a03b888f-5426-4e4f-b5ef-bed855b162f0
    method: POST
    uri: https://www.notion.so/api/v3/queryCollection
  response:
    body:
      string: '{"result":{"type":"reducer","reducerResults":{"table:uncategorized:title:count":{"type":"aggregation","aggregationResult":{"type":"number","value":1}}}},"recordMap":{}}'
    headers:
      Content-Type:
      - application/json; charset=utf-8
      Transfer-Encoding:
      - chunked
      content-encoding:
      - undefined
    status:
      code: 200
      message: OK
- request:
    body: '{"collection": {"id": "df62dcc0-39f8-459a-b45b-7d338f7b59c3", "spaceId":
      "d51d3ca5-7889-4c70-b906-3a5a37b60274"}, "collectionView": {"id": "c576d527-acc7-4999-a854-927212ea44fe",
      "spaceId": "d51d3ca5-7889-4c70-b906-3a5a37b60274"}, "loader": {"reducers": {"collection_group_results":
      {"limit": 1, "type": "results"}}, "searchQuery": "", "sort": [], "userTimeZone":
      "Asia/Tashkent", "type": "reducer"}}'
    headers:
      Content-Length:
      - '400'
      content-type:
      - application/json
      cookie:
      - PRIVATE
      x-notion-active-user-header:
      - a03b888f-5426-4e4f-b5ef-bed855b162f0
    method: POST
    uri: https://www.notion.so/api/v3/queryCollection
  response:
    body:
      string: "{\"result\":{\"type\":\"reducer\",\"reducerResults\":{\"collection_group_results\":{\"type\":\"results\",\"blockIds\":[\"f232ba4b-0a4e-4c6d-93cc-9fd56d714bee\"],\"hasMore\":false}}},\"recordMap\":{\"block\":{\"f232ba4b-0a4e-4c6d-93cc-9fd56d714bee\":{\"role\":\"editor\",\"value\":{\"id\":\"f232ba4b-0a4e-4c6d-93cc-9fd56d714bee\",\"version\":8,\"type\":\"page\",\"properties\":{\"dOWC\":[[\"\u2023\",[[\"u\",\"a03b888f-5426-4e4f-b5ef-bed855b162f0\"]]]],\"title\":[[\"a1\"]]},\"created_time\":1653314132064,\"last_edited_time\":1653314132554,\"parent_id\":\"df62dcc0-39f8-459a-b45b-7d338f7b59c3\",\"parent_table\":\"collection\",\"alive\":true,\"created_by_table\":\"notion_user\",\"created_by_id\":\"a03b888f-5426-4e4f-b5ef-bed855b162f0\",\"last_edited_by_table\":\"notion_user\",\"last_edited_by_id\":\"a03b888f-5426-4e4f-b5ef-bed855b162f0\",\"space_id\":\"d51d3ca5-7889-4c70-b906-3a5a37b60274\"}},\"204c2ecc-af29-441c-a0bb-857ae7c6f6c7\":{\"role\":\"editor\",\"value\":{\"id\":\"204c2ecc-af29-441c-a0bb-857ae7c6f6c7\",\"version\":13,\"type\":\"collection_view_page\",\"content\":[\"df62dcc0-39f8-459a-b45b-7d338f7b59c3\",\"c576d527-acc7-4999-a854-927212ea44fe\"],\"view_ids\":[\"c576d527-acc7-4999-a854-927212ea44fe\"],\"format\":{\"collection_pointer\":{\"id\":\"df62dcc0-39f8-459a-b45b-7d338f7b59c3\",\"table\":\"collection\",\"spaceId\":\"d51d3ca5-7889-4c70-b906-3a5a37b60274\"}},\"permissions\":[{\"role\":\"editor\",\"type\":\"user_permission\",\"user_id\":\"a03b888f-5426-4e4f-b5ef-bed855b162f0\"}],\"created_time\":1653314127329,\"last_edited_time\":1653314129185,\"parent_id\":\"d51d3ca5-7889-4c70-b906-3a5a37b60274\",\"parent_table\":\"space\",\"alive\":true,\"created_by_table\":\"notion_user\",\"created_by_id\":\"a03b888f-5426-4e4f-b5ef-bed855b162f0\",\"last_edited_by_table\":\"notion_user\",\"last_edited_by_id\":\"a03b888f-5426-4e4f-b5ef-bed855b162f0\",\"space_id\":\"d51d3ca5-7889-4c70-b906-3a5a37b60274\"}}},\"collection\":{\"df62dcc0-39f8-459a-b45b-7d338f7b59c3\":{\"role\":\"editor\",\"value\":{\"id\":\"df62dcc0-39f8-459a-b45b-7d338f7b59c3\",\"version\":2,\"name\":[[\"TESTING
        PAGE\"]],\"schema\":{\"dOWC\":{\"name\":\"b\",\"type\":\"person\"},\"title\":{\"name\":\"a\",\"type\":\"title\"}},\"parent_id\":\"204c2ecc-af29-441c-a0bb-857ae7c6f6c7\",\"parent_table\":\"block\",\"alive\":true,\"migrated\":true,\"space_id\":\"d51d3ca5-7889-4c70-b906-3a5a37b60274\"}}},\"space\":{\"d51d3ca5-7889-4c70-b906-3a5a37b60274\":{\"role\":\"editor\",\"value\":{\"id\":\"d51d3ca5-7889-4c70-b906-3a5a37b60274\",\"version\":5031,\"name\":\"test_py\",\"permissions\":[{\"role\":\"editor\",\"type\":\"user_permission\",\"user_id\":\"a03b888f-5426-4e4f-b5ef-bed855b162f0\"}],\"beta_enabled\":false,\"pages\":[\"204c2ecc-af29-441c-a0bb-857ae7c6f6c7\"],\"created_time\":1638259881592,\"last_edited_time\":1652698380000,\"created_by_table\":\"notion_user\",\"created_by_id\":\"a03b888f-5426-4e4f-b5ef-bed855b162f0\",\"last_edited_by_table\":\"notion_user\",\"last_edited_by_id\":\"a03b888f-5426-4e4f-b5ef-bed855b162f0\",\"plan_type\":\"personal\",\"invite_link_enabled\":true}}}}}"
    headers:
      Content-Type:
      - application/json; charset=utf-8
      Transfer-Encoding:
      - chunked
      content-length:
      - '2769'
    status:
      code: 200
      message: OK
- request:
    body: '{"operations": [{"id": "18088df1-9584-42f0-8e75-a09aafcbcc17", "path":
      [], "args": {"id": "18088df1-9584-42f0-8e75-a09aafcbcc17", "version": 1, "alive":
      true, "created_by_id": "a03b888f-5426-4e4f-b5ef-bed855b162f0", "created_by_table":
      "notion_user", "created_time": 1653314133506, "parent_id": "df62dcc0-39f8-459a-b45b-7d338f7b59c3",
      "parent_table": "collection", "type": "page"}, "command": "set", "table": "block"},
      {"args": {"last_edited_by_id": "a03b888f-5426-4e4f-b5ef-bed855b162f0", "last_edited_by_table":
      "notion_user", "last_edited_time": 1653314133506}, "command": "update", "id":
      "18088df1-9584-42f0-8e75-a09aafcbcc17", "path": [], "table": "block"}, {"args":
      {"last_edited_by_id": "a03b888f-5426-4e4f-b5ef-bed855b162f0", "last_edited_by_table":
      "notion_user", "last_edited_time": 1653314133506}, "command": "update", "id":
      "18088df1-9584-42f0-8e75-a09aafcbcc17", "path": [], "table": "block"}]}'
    headers:
      Content-Length:
      - '907'
      content-type:
      - application/json
      cookie:
      - PRIVATE
      x-notion-active-user-header:
      - a03b888f-5426-4e4f-b5ef-bed855b162f0
    method: POST
    uri: https://www.notion.so/api/v3/submitTransaction
  response:
    body:
      string: '{}'
    headers:
      Content-Length:
      - '2'
      Content-Type:
      - application/json; charset=utf-8
    status:
      code: 200
      message: OK
- request:
    body: '{"operations": [{"id": "18088df1-9584-42f0-8e75-a09aafcbcc17", "path":
      ["properties", "title"], "args": [["a2"]], "command": "set", "table": "block"},
      {"args": {"last_edited_by_id": "a03b888f-5426-4e4f-b5ef-bed855b162f0", "last_edited_by_table":
      "notion_user", "last_edited_time": 1653314133896}, "command": "update", "id":
      "18088df1-9584-42f0-8e75-a09aafcbcc17", "path": [], "table": "block"}, {"id":
      "18088df1-9584-42f0-8e75-a09aafcbcc17", "path": ["properties", "dOWC"], "args":
      [], "command": "set", "table": "block"}, {"args": {"last_edited_by_id": "a03b888f-5426-4e4f-b5ef-bed855b162f0",
      "last_edited_by_table": "notion_user", "last_edited_time": 1653314133896}, "command":
      "update", "id": "18088df1-9584-42f0-8e75-a09aafcbcc17", "path": [], "table":
      "block"}, {"id": "c576d527-acc7-4999-a854-927212ea44fe", "path": ["page_sort"],
      "args": ["f232ba4b-0a4e-4c6d-93cc-9fd56d714bee", "18088df1-9584-42f0-8e75-a09aafcbcc17"],
      "command": "set", "table": "collection_view"}, {"args": {"last_edited_by_id":
      "a03b888f-5426-4e4f-b5ef-bed855b162f0", "last_edited_by_table": "notion_user",
      "last_edited_time": 1653314133896}, "command": "update", "id": "18088df1-9584-42f0-8e75-a09aafcbcc17",
      "path": [], "table": "block"}]}'
    headers:
      Content-Length:
      - '1218'
      content-type:
      - application/json
      cookie:
      - PRIVATE
      x-notion-active-user-header:
      - a03b888f-5426-4e4f-b5ef-bed855b162f0
    method: POST
    uri: https://www.notion.so/api/v3/submitTransaction
  response:
    body:
      string: '{}'
    headers:
      Content-Length:
      - '2'
      Content-Type:
      - application/json; charset=utf-8
    status:
      code: 200
      message: OK
- request:
    body: '{"operations": [{"id": "3d8665d5-c9b3-4fbd-bd0d-e1e4e949d516", "path":
      [], "args": {"id": "3d8665d5-c9b3-4fbd-bd0d-e1e4e949d516", "version": 1, "alive":
      true, "created_by_id": "a03b888f-5426-4e4f-b5ef-bed855b162f0", "created_by_table":
      "notion_user", "created_time": 1653314134259, "parent_id": "df62dcc0-39f8-459a-b45b-7d338f7b59c3",
      "parent_table": "collection", "type": "page"}, "command": "set", "table": "block"},
      {"args": {"last_edited_by_id": "a03b888f-5426-4e4f-b5ef-bed855b162f0", "last_edited_by_table":
      "notion_user", "last_edited_time": 1653314134259}, "command": "update", "id":
      "3d8665d5-c9b3-4fbd-bd0d-e1e4e949d516", "path": [], "table": "block"}, {"args":
      {"last_edited_by_id": "a03b888f-5426-4e4f-b5ef-bed855b162f0", "last_edited_by_table":
      "notion_user", "last_edited_time": 1653314134259}, "command": "update", "id":
      "3d8665d5-c9b3-4fbd-bd0d-e1e4e949d516", "path": [], "table": "block"}]}'
    headers:
      Content-Length:
      - '907'
      content-type:
      - application/json
      cookie:
      - PRIVATE
      x-notion-active-user-header:
      - a03b888f-5426-4e4f-b5ef-bed855b162f0
    method: POST
    uri: https://www.notion.so/api/v3/submitTransaction
  response:
    body:
      string: '{}'
    headers:
      Content-Length:
      - '2'
      Content-Type:
      - application/json; charset=utf-8
    status:
      code: 200
      message: OK
- request:
    body: '{"operations": [{"id": "3d8665d5-c9b3-4fbd-bd0d-e1e4e949d516", "path":
      ["properties", "title"], "args": [["a3"]], "command": "set", "table": "block"},
      {"args": {"last_edited_by_id": "a03b888f-5426-4e4f-b5ef-bed855b162f0", "last_edited_by_table":
      "notion_user", "last_edited_time": 1653314134696}, "command": "update", "id":
      "3d8665d5-c9b3-4fbd-bd0d-e1e4e949d516", "path": [], "table": "block"}, {"id":
      "3d8665d5-c9b3-4fbd-bd0d-e1e4e949d516", "path": ["properties", "dOWC"], "args":
      [], "command": "set", "table": "block"}, {"args": {"last_edited_by_id": "a03b888f-5426-4e4f-b5ef-bed855b162f0",
      "last_edited_by_table": "notion_user", "last_edited_time": 1653314134696}, "command":
      "update", "id": "3d8665d5-c9b3-4fbd-bd0d-e1e4e949d516", "path": [], "table":
      "block"}, {"id": "c576d527-acc7-4999-a854-927212ea44fe", "path": ["page_sort"],
      "args": ["f232ba4b-0a4e-4c6d-93cc-9fd56d714bee", "18088df1-9584-42f0-8e75-a09aafcbcc17",
      "3d8665d5-c9b3-4fbd-bd0d-e1e4e949d516"], "command": "set", "table": "collection_view"},
      {"args": {"last_edited_by_id": "a03b888f-5426-4e4f-b5ef-bed855b162f0", "last_edited_by_table":
      "notion_user", "last_edited_time": 1653314134696}, "command": "update", "id":
      "3d8665d5-c9b3-4fbd-bd0d-e1e4e949d516", "path": [], "table": "block"}]}'
    headers:
      Content-Length:
      - '1258'
      content-type:
      - application/json
      cookie:
      - PRIVATE
      x-notion-active-user-header:
      - a03b888f-5426-4e4f-b5ef-bed855b162f0
    method: POST
    uri: https://www.notion.so/api/v3/submitTransaction
  response:
    body:
      string: '{}'
    headers:
      Content-Length:
      - '2'
      Content-Type:
      - application/json; charset=utf-8
    status:
      code: 200
      message: OK
- request:
    body: '{"page": {"id": "204c2ecc-af29-441c-a0bb-857ae7c6f6c7"}, "limit": 100,
      "cursor": {"stack": []}, "chunkNumber": 0, "verticalColumns": false}'
    headers:
      Content-Length:
      - '139'
      content-type:
      - application/json
      cookie:
      - PRIVATE
      x-notion-active-user-header:
      - a03b888f-5426-4e4f-b5ef-bed855b162f0
    method: POST
    uri: https://www.notion.so/api/v3/loadPageChunk
  response:
    body:
      string: '{"cursor":{"stack":[]},"recordMap":{"block":{"204c2ecc-af29-441c-a0bb-857ae7c6f6c7":{"role":"editor","value":{"id":"204c2ecc-af29-441c-a0bb-857ae7c6f6c7","version":13,"type":"collection_view_page","content":["df62dcc0-39f8-459a-b45b-7d338f7b59c3","c576d527-acc7-4999-a854-927212ea44fe"],"view_ids":["c576d527-acc7-4999-a854-927212ea44fe"],"format":{"collection_pointer":{"id":"df62dcc0-39f8-459a-b45b-7d338f7b59c3","table":"collection","spaceId":"d51d3ca5-7889-4c70-b906-3a5a37b60274"}},"permissions":[{"role":"editor","type":"user_permission","user_id":"a03b888f-5426-4e4f-b5ef-bed855b162f0"}],"created_time":1653314127329,"last_edited_time":1653314129185,"parent_id":"d51d3ca5-7889-4c70-b906-3a5a37b60274","parent_table":"space","alive":true,"created_by_table":"notion_user","created_by_id":"a03b888f-5426-4e4f-b5ef-bed855b162f0","last_edited_by_table":"notion_user","last_edited_by_id":"a03b888f-5426-4e4f-b5ef-bed855b162f0","space_id":"d51d3ca5-7889-4c70-b906-3a5a37b60274"}}},"space":{"d51d3ca5-7889-4c70-b906-3a5a37b60274":{"role":"editor","value":{"id":"d51d3ca5-7889-4c70-b906-3a5a37b60274","version":5031,"name":"test_py","permissions":[{"role":"editor","type":"user_permission","user_id":"a03b888f-5426-4e4f-b5ef-bed855b162f0"}],"beta_enabled":false,"pages":["204c2ecc-af29-441c-a0bb-857ae7c6f6c7"],"created_time":1638259881592,"last_edited_time":1652698380000,"created_by_table":"notion_user","created_by_id":"a03b888f-5426-4e4f-b5ef-bed855b162f0","last_edited_by_table":"notion_user","last_edited_by_id":"a03b888f-5426-4e4f-b5ef-bed855b162f0","plan_type":"personal","invite_link_enabled":true}}},"collection":{"df62dcc0-39f8-459a-b45b-7d338f7b59c3":{"role":"editor","value":{"id":"df62dcc0-39f8-459a-b45b-7d338f7b59c3","version":2,"name":[["TESTING
        PAGE"]],"schema":{"dOWC":{"name":"b","type":"person"},"title":{"name":"a","type":"title"}},"parent_id":"204c2ecc-af29-441c-a0bb-857ae7c6f6c7","parent_table":"block","alive":true,"migrated":true,"space_id":"d51d3ca5-7889-4c70-b906-3a5a37b60274"}}},"collection_view":{"c576d527-acc7-4999-a854-927212ea44fe":{"role":"editor","value":{"id":"c576d527-acc7-4999-a854-927212ea44fe","version":6,"type":"table","format":{"table_properties":[{"visible":true,"property":"title"},{"visible":true,"property":"dOWC"}]},"parent_id":"204c2ecc-af29-441c-a0bb-857ae7c6f6c7","parent_table":"block","alive":true,"page_sort":["f232ba4b-0a4e-4c6d-93cc-9fd56d714bee","18088df1-9584-42f0-8e75-a09aafcbcc17","3d8665d5-c9b3-4fbd-bd0d-e1e4e949d516"],"space_id":"d51d3ca5-7889-4c70-b906-3a5a37b60274","created_time":1653314128442,"created_by_table":"notion_user","created_by_id":"a03b888f-5426-4e4f-b5ef-bed855b162f0"}}}}}'
    headers:
      Content-Type:
      - application/json; charset=utf-8
      Transfer-Encoding:
      - chunked
      content-length:
      - '2655'
    status:
      code: 200
      message: OK
- request:
    body: '{"collection": {"id": "df62dcc0-39f8-459a-b45b-7d338f7b59c3", "spaceId":
      "d51d3ca5-7889-4c70-b906-3a5a37b60274"}, "collectionView": {"id": "c576d527-acc7-4999-a854-927212ea44fe",
      "spaceId": "d51d3ca5-7889-4c70-b906-3a5a37b60274"}, "loader": {"reducers": {"table:uncategorized:title:count":
      {"aggregation": {"aggregator": "count", "property": "title"}, "type": "aggregation"}},
      "searchQuery": "", "sort": [], "userTimeZone": "Asia/Tashkent", "type": "reducer"}}'
    headers:
      Content-Length:
      - '460'
      content-type:
      - application/json
      cookie:
      - PRIVATE
      x-notion-active-user-header:
      - a03b888f-5426-4e4f-b5ef-bed855b162f0
    method: POST
    uri: https://www.notion.so/api/v3/queryCollection
  response:
    body:
      string: '{"result":{"type":"reducer","reducerResults":{"table:uncategorized:title:count":{"type":"aggregation","aggregationResult":{"type":"number","value":3}}}},"recordMap":{}}'
    headers:
      Content-Type:
      - application/json; charset=utf-8
      Transfer-Encoding:
      - chunked
      content-encoding:
      - undefined
    status:
      code: 200
      message: OK
- request:
    body: '{"collection": {"id": "df62dcc0-39f8-459a-b45b-7d338f7b59c3", "spaceId":
      "d51d3ca5-7889-4c70-b906-3a5a37b60274"}, "collectionView": {"id": "c576d527-acc7-4999-a854-927212ea44fe",
      "spaceId": "d51d3ca5-7889-4c70-b906-3a5a37b60274"}, "loader": {"reducers": {"collection_group_results":
      {"limit": 3, "type": "results"}}, "searchQuery": "", "sort": [], "userTimeZone":
      "Asia/Tashkent", "type": "reducer"}}'
    headers:
      Content-Length:
      - '400'
      content-type:
      - application/json
      cookie:
      - PRIVATE
      x-notion-active-user-header:
      - a03b888f-5426-4e4f-b5ef-bed855b162f0
    method: POST
    uri: https://www.notion.so/api/v3/queryCollection
  response:
    body:
      string: "{\"result\":{\"type\":\"reducer\",\"reducerResults\":{\"collection_group_results\":{\"type\":\"results\",\"blockIds\":[\"f232ba4b-0a4e-4c6d-93cc-9fd56d714bee\",\"18088df1-9584-42f0-8e75-a09aafcbcc17\",\"3d8665d5-c9b3-4fbd-bd0d-e1e4e949d516\"],\"hasMore\":false}}},\"recordMap\":{\"block\":{\"f232ba4b-0a4e-4c6d-93cc-9fd56d714bee\":{\"role\":\"editor\",\"value\":{\"id\":\"f232ba4b-0a4e-4c6d-93cc-9fd56d714bee\",\"version\":8,\"type\":\"page\",\"properties\":{\"dOWC\":[[\"\u2023\",[[\"u\",\"a03b888f-5426-4e4f-b5ef-bed855b162f0\"]]]],\"title\":[[\"a1\"]]},\"created_time\":1653314132064,\"last_edited_time\":1653314132554,\"parent_id\":\"df62dcc0-39f8-459a-b45b-7d338f7b59c3\",\"parent_table\":\"collection\",\"alive\":true,\"created_by_table\":\"notion_user\",\"created_by_id\":\"a03b888f-5426-4e4f-b5ef-bed855b162f0\",\"last_edited_by_table\":\"notion_user\",\"last_edited_by_id\":\"a03b888f-5426-4e4f-b5ef-bed855b162f0\",\"space_id\":\"d51d3ca5-7889-4c70-b906-3a5a37b60274\"}},\"18088df1-9584-42f0-8e75-a09aafcbcc17\":{\"role\":\"editor\",\"value\":{\"id\":\"18088df1-9584-42f0-8e75-a09aafcbcc17\",\"version\":8,\"type\":\"page\",\"properties\":{\"title\":[[\"a2\"]]},\"created_time\":1653314133506,\"last_edited_time\":1653314133896,\"parent_id\":\"df62dcc0-39f8-459a-b45b-7d338f7b59c3\",\"parent_table\":\"collection\",\"alive\":true,\"created_by_table\":\"notion_user\",\"created_by_id\":\"a03b888f-5426-4e4f-b5ef-bed855b162f0\",\"last_edited_by_table\":\"notion_user\",\"last_edited_by_id\":\"a03b888f-5426-4e4f-b5ef-bed855b162f0\",\"space_id\":\"d51d3ca5-7889-4c70-b906-3a5a37b60274\"}},\"3d8665d5-c9b3-4fbd-bd0d-e1e4e949d516\":{\"role\":\"editor\",\"value\":{\"id\":\"3d8665d5-c9b3-4fbd-bd0d-e1e4e949d516\",\"version\":8,\"type\":\"page\",\"properties\":{\"title\":[[\"a3\"]]},\"created_time\":1653314134259,\"last_edited_time\":1653314134696,\"parent_id\":\"df62dcc0-39f8-459a-b45b-7d338f7b59c3\",\"parent_table\":\"collection\",\"alive\":true,\"created_by_table\":\"notion_user\",\"created_by_id\":\"a03b888f-5426-4e4f-b5ef-bed855b162f0\",\"last_edited_by_table\":\"notion_user\",\"last_edited_by_id\":\"a03b888f-5426-4e4f-b5ef-bed855b162f0\",\"space_id\":\"d51d3ca5-7889-4c70-b906-3a5a37b60274\"}},\"204c2ecc-af29-441c-a0bb-857ae7c6f6c7\":{\"role\":\"editor\",\"value\":{\"id\":\"204c2ecc-af29-441c-a0bb-857ae7c6f6c7\",\"version\":13,\"type\":\"collection_view_page\",\"content\":[\"df62dcc0-39f8-459a-b45b-7d338f7b59c3\",\"c576d527-acc7-4999-a854-927212ea44fe\"],\"view_ids\":[\"c576d527-acc7-4999-a854-927212ea44fe\"],\"format\":{\"collection_pointer\":{\"id\":\"df62dcc0-39f8-459a-b45b-7d338f7b59c3\",\"table\":\"collection\",\"spaceId\":\"d51d3ca5-7889-4c70-b906-3a5a37b60274\"}},\"permissions\":[{\"role\":\"editor\",\"type\":\"user_permission\",\"user_id\":\"a03b888f-5426-4e4f-b5ef-bed855b162f0\"}],\"created_time\":1653314127329,\"last_edited_time\":1653314129185,\"parent_id\":\"d51d3ca5-7889-4c70-b906-3a5a37b60274\",\"parent_table\":\"space\",\"alive\":true,\"created_by_table\":\"notion_user\",\"created_by_id\":\"a03b888f-5426-4e4f-b5ef-bed855b162f0\",\"last_edited_by_table\":\"notion_user\",\"last_edited_by_id\":\"a03b888f-5426-4e4f-b5ef-bed855b162f0\",\"space_id\":\"d51d3ca5-7889-4c70-b906-3a5a37b60274\"}}},\"collection\":{\"df62dcc0-39f8-459a-b45b-7d338f7b59c3\":{\"role\":\"editor\",\"value\":{\"id\":\"df62dcc0-39f8-459a-b45b-7d338f7b59c3\",\"version\":2,\"name\":[[\"TESTING
        PAGE\"]],\"schema\":{\"dOWC\":{\"name\":\"b\",\"type\":\"person\"},\"title\":{\"name\":\"a\",\"type\":\"title\"}},\"parent_id\":\"204c2ecc-af29-441c-a0bb-857ae7c6f6c7\",\"parent_table\":\"block\",\"alive\":true,\"migrated\":true,\"space_id\":\"d51d3ca5-7889-4c70-b906-3a5a37b60274\"}}},\"space\":{\"d51d3ca5-7889-4c70-b906-3a5a37b60274\":{\"role\":\"editor\",\"value\":{\"id\":\"d51d3ca5-7889-4c70-b906-3a5a37b60274\",\"version\":5031,\"name\":\"test_py\",\"permissions\":[{\"role\":\"editor\",\"type\":\"user_permission\",\"user_id\":\"a03b888f-5426-4e4f-b5ef-bed855b162f0\"}],\"beta_enabled\":false,\"pages\":[\"204c2ecc-af29-441c-a0bb-857ae7c6f6c7\"],\"created_time\":1638259881592,\"last_edited_time\":1652698380000,\"created_by_table\":\"notion_user\",\"created_by_id\":\"a03b888f-5426-4e4f-b5ef-bed855b162f0\",\"last_edited_by_table\":\"notion_user\",\"last_edited_by_id\":\"a03b888f-5426-4e4f-b5ef-bed855b162f0\",\"plan_type\":\"personal\",\"invite_link_enabled\":true}}}}}"
    headers:
      Content-Type:
      - application/json; charset=utf-8
      Transfer-Encoding:
      - chunked
      content-length:
      - '3961'
    status:
      code: 200
      message: OK
- request:
    body: '{"collection": {"id": "df62dcc0-39f8-459a-b45b-7d338f7b59c3", "spaceId":
      "d51d3ca5-7889-4c70-b906-3a5a37b60274"}, "collectionView": {"id": "c576d527-acc7-4999-a854-927212ea44fe",
      "spaceId": "d51d3ca5-7889-4c70-b906-3a5a37b60274"}, "loader": {"reducers": {"table:uncategorized:title:count":
      {"aggregation": {"aggregator": "count", "property": "title"}, "type": "aggregation"}},
      "searchQuery": "", "sort": [], "userTimeZone": "Asia/Tashkent", "type": "reducer"}}'
    headers:
      Content-Length:
      - '460'
      content-type:
      - application/json
      cookie:
      - PRIVATE
      x-notion-active-user-header:
      - a03b888f-5426-4e4f-b5ef-bed855b162f0
    method: POST
    uri: https://www.notion.so/api/v3/queryCollection
  response:
    body:
      string: '{"result":{"type":"reducer","reducerResults":{"table:uncategorized:title:count":{"type":"aggregation","aggregationResult":{"type":"number","value":3}}}},"recordMap":{}}'
    headers:
      Content-Type:
      - application/json; charset=utf-8
      Transfer-Encoding:
      - chunked
      content-encoding:
      - undefined
    status:
      code: 200
      message: OK
- request:
    body: '{"collection": {"id": "df62dcc0-39f8-459a-b45b-7d338f7b59c3", "spaceId":
      "d51d3ca5-7889-4c70-b906-3a5a37b60274"}, "collectionView": {"id": "c576d527-acc7-4999-a854-927212ea44fe",
      "spaceId": "d51d3ca5-7889-4c70-b906-3a5a37b60274"}, "loader": {"reducers": {"collection_group_results":
      {"limit": 3, "type": "results"}}, "searchQuery": "", "sort": [], "userTimeZone":
      "Asia/Tashkent", "type": "reducer"}}'
    headers:
      Content-Length:
      - '400'
      content-type:
      - application/json
      cookie:
      - PRIVATE
      x-notion-active-user-header:
      - a03b888f-5426-4e4f-b5ef-bed855b162f0
    method: POST
    uri: https://www.notion.so/api/v3/queryCollection
  response:
    body:
      string: "{\"result\":{\"type\":\"reducer\",\"reducerResults\":{\"collection_group_results\":{\"type\":\"results\",\"blockIds\":[\"f232ba4b-0a4e-4c6d-93cc-9fd56d714bee\",\"18088df1-9584-42f0-8e75-a09aafcbcc17\",\"3d8665d5-c9b3-4fbd-bd0d-e1e4e949d516\"],\"hasMore\":false}}},\"recordMap\":{\"block\":{\"f232ba4b-0a4e-4c6d-93cc-9fd56d714bee\":{\"role\":\"editor\",\"value\":{\"id\":\"f232ba4b-0a4e-4c6d-93cc-9fd56d714bee\",\"version\":8,\"type\":\"page\",\"properties\":{\"dOWC\":[[\"\u2023\",[[\"u\",\"a03b888f-5426-4e4f-b5ef-bed855b162f0\"]]]],\"title\":[[\"a1\"]]},\"created_time\":1653314132064,\"last_edited_time\":1653314132554,\"parent_id\":\"df62dcc0-39f8-459a-b45b-7d338f7b59c3\",\"parent_table\":\"collection\",\"alive\":true,\"created_by_table\":\"notion_user\",\"created_by_id\":\"a03b888f-5426-4e4f-b5ef-bed855b162f0\",\"last_edited_by_table\":\"notion_user\",\"last_edited_by_id\":\"a03b888f-5426-4e4f-b5ef-bed855b162f0\",\"space_id\":\"d51d3ca5-7889-4c70-b906-3a5a37b60274\"}},\"18088df1-9584-42f0-8e75-a09aafcbcc17\":{\"role\":\"editor\",\"value\":{\"id\":\"18088df1-9584-42f0-8e75-a09aafcbcc17\",\"version\":8,\"type\":\"page\",\"properties\":{\"title\":[[\"a2\"]]},\"created_time\":1653314133506,\"last_edited_time\":1653314133896,\"parent_id\":\"df62dcc0-39f8-459a-b45b-7d338f7b59c3\",\"parent_table\":\"collection\",\"alive\":true,\"created_by_table\":\"notion_user\",\"created_by_id\":\"a03b888f-5426-4e4f-b5ef-bed855b162f0\",\"last_edited_by_table\":\"notion_user\",\"last_edited_by_id\":\"a03b888f-5426-4e4f-b5ef-bed855b162f0\",\"space_id\":\"d51d3ca5-7889-4c70-b906-3a5a37b60274\"}},\"3d8665d5-c9b3-4fbd-bd0d-e1e4e949d516\":{\"role\":\"editor\",\"value\":{\"id\":\"3d8665d5-c9b3-4fbd-bd0d-e1e4e949d516\",\"version\":8,\"type\":\"page\",\"properties\":{\"title\":[[\"a3\"]]},\"created_time\":1653314134259,\"last_edited_time\":1653314134696,\"parent_id\":\"df62dcc0-39f8-459a-b45b-7d338f7b59c3\",\"parent_table\":\"collection\",\"alive\":true,\"created_by_table\":\"notion_user\",\"created_by_id\":\"a03b888f-5426-4e4f-b5ef-bed855b162f0\",\"last_edited_by_table\":\"notion_user\",\"last_edited_by_id\":\"a03b888f-5426-4e4f-b5ef-bed855b162f0\",\"space_id\":\"d51d3ca5-7889-4c70-b906-3a5a37b60274\"}},\"204c2ecc-af29-441c-a0bb-857ae7c6f6c7\":{\"role\":\"editor\",\"value\":{\"id\":\"204c2ecc-af29-441c-a0bb-857ae7c6f6c7\",\"version\":13,\"type\":\"collection_view_page\",\"content\":[\"df62dcc0-39f8-459a-b45b-7d338f7b59c3\",\"c576d527-acc7-4999-a854-927212ea44fe\"],\"view_ids\":[\"c576d527-acc7-4999-a854-927212ea44fe\"],\"format\":{\"collection_pointer\":{\"id\":\"df62dcc0-39f8-459a-b45b-7d338f7b59c3\",\"table\":\"collection\",\"spaceId\":\"d51d3ca5-7889-4c70-b906-3a5a37b60274\"}},\"permissions\":[{\"role\":\"editor\",\"type\":\"user_permission\",\"user_id\":\"a03b888f-5426-4e4f-b5ef-bed855b162f0\"}],\"created_time\":1653314127329,\"last_edited_time\":1653314129185,\"parent_id\":\"d51d3ca5-7889-4c70-b906-3a5a37b60274\",\"parent_table\":\"space\",\"alive\":true,\"created_by_table\":\"notion_user\",\"created_by_id\":\"a03b888f-5426-4e4f-b5ef-bed855b162f0\",\"last_edited_by_table\":\"notion_user\",\"last_edited_by_id\":\"a03b888f-5426-4e4f-b5ef-bed855b162f0\",\"space_id\":\"d51d3ca5-7889-4c70-b906-3a5a37b60274\"}}},\"collection\":{\"df62dcc0-39f8-459a-b45b-7d338f7b59c3\":{\"role\":\"editor\",\"value\":{\"id\":\"df62dcc0-39f8-459a-b45b-7d338f7b59c3\",\"version\":2,\"name\":[[\"TESTING
        PAGE\"]],\"schema\":{\"dOWC\":{\"name\":\"b\",\"type\":\"person\"},\"title\":{\"name\":\"a\",\"type\":\"title\"}},\"parent_id\":\"204c2ecc-af29-441c-a0bb-857ae7c6f6c7\",\"parent_table\":\"block\",\"alive\":true,\"migrated\":true,\"space_id\":\"d51d3ca5-7889-4c70-b906-3a5a37b60274\"}}},\"space\":{\"d51d3ca5-7889-4c70-b906-3a5a37b60274\":{\"role\":\"editor\",\"value\":{\"id\":\"d51d3ca5-7889-4c70-b906-3a5a37b60274\",\"version\":5031,\"name\":\"test_py\",\"permissions\":[{\"role\":\"editor\",\"type\":\"user_permission\",\"user_id\":\"a03b888f-5426-4e4f-b5ef-bed855b162f0\"}],\"beta_enabled\":false,\"pages\":[\"204c2ecc-af29-441c-a0bb-857ae7c6f6c7\"],\"created_time\":1638259881592,\"last_edited_time\":1652698380000,\"created_by_table\":\"notion_user\",\"created_by_id\":\"a03b888f-5426-4e4f-b5ef-bed855b162f0\",\"last_edited_by_table\":\"notion_user\",\"last_edited_by_id\":\"a03b888f-5426-4e4f-b5ef-bed855b162f0\",\"plan_type\":\"personal\",\"invite_link_enabled\":true}}}}}"
    headers:
      Content-Type:
      - application/json; charset=utf-8
      Transfer-Encoding:
      - chunked
      content-length:
      - '3961'
    status:
      code: 200
      message: OK
- request:
    body: '{"collection": {"id": "df62dcc0-39f8-459a-b45b-7d338f7b59c3", "spaceId":
      "d51d3ca5-7889-4c70-b906-3a5a37b60274"}, "collectionView": {"id": "c576d527-acc7-4999-a854-927212ea44fe",
      "spaceId": "d51d3ca5-7889-4c70-b906-3a5a37b60274"}, "loader": {"reducers": {"table:uncategorized:title:count":
      {"aggregation": {"aggregator": "count", "property": "title"}, "type": "aggregation"}},
      "searchQuery": "", "sort": [], "userTimeZone": "Asia/Tashkent", "type": "reducer"}}'
    headers:
      Content-Length:
      - '460'
      content-type:
      - application/json
      cookie:
      - PRIVATE
      x-notion-active-user-header:
      - a03b888f-5426-4e4f-b5ef-bed855b162f0
    method: POST
    uri: https://www.notion.so/api/v3/queryCollection
  response:
    body:
      string: '{"result":{"type":"reducer","reducerResults":{"table:uncategorized:title:count":{"type":"aggregation","aggregationResult":{"type":"number","value":3}}}},"recordMap":{}}'
    headers:
      Content-Type:
      - application/json; charset=utf-8
      Transfer-Encoding:
      - chunked
      content-encoding:
      - undefined
    status:
      code: 200
      message: OK
- request:
    body: '{"collection": {"id": "df62dcc0-39f8-459a-b45b-7d338f7b59c3", "spaceId":
      "d51d3ca5-7889-4c70-b906-3a5a37b60274"}, "collectionView": {"id": "c576d527-acc7-4999-a854-927212ea44fe",
      "spaceId": "d51d3ca5-7889-4c70-b906-3a5a37b60274"}, "loader": {"reducers": {"collection_group_results":
      {"limit": 3, "type": "results"}}, "searchQuery": "", "sort": [], "userTimeZone":
      "Asia/Tashkent", "type": "reducer"}}'
    headers:
      Content-Length:
      - '400'
      content-type:
      - application/json
      cookie:
      - PRIVATE
      x-notion-active-user-header:
      - a03b888f-5426-4e4f-b5ef-bed855b162f0
    method: POST
    uri: https://www.notion.so/api/v3/queryCollection
  response:
    body:
      string: "{\"result\":{\"type\":\"reducer\",\"reducerResults\":{\"collection_group_results\":{\"type\":\"results\",\"blockIds\":[\"f232ba4b-0a4e-4c6d-93cc-9fd56d714bee\",\"18088df1-9584-42f0-8e75-a09aafcbcc17\",\"3d8665d5-c9b3-4fbd-bd0d-e1e4e949d516\"],\"hasMore\":false}}},\"recordMap\":{\"block\":{\"f232ba4b-0a4e-4c6d-93cc-9fd56d714bee\":{\"role\":\"editor\",\"value\":{\"id\":\"f232ba4b-0a4e-4c6d-93cc-9fd56d714bee\",\"version\":8,\"type\":\"page\",\"properties\":{\"dOWC\":[[\"\u2023\",[[\"u\",\"a03b888f-5426-4e4f-b5ef-bed855b162f0\"]]]],\"title\":[[\"a1\"]]},\"created_time\":1653314132064,\"last_edited_time\":1653314132554,\"parent_id\":\"df62dcc0-39f8-459a-b45b-7d338f7b59c3\",\"parent_table\":\"collection\",\"alive\":true,\"created_by_table\":\"notion_user\",\"created_by_id\":\"a03b888f-5426-4e4f-b5ef-bed855b162f0\",\"last_edited_by_table\":\"notion_user\",\"last_edited_by_id\":\"a03b888f-5426-4e4f-b5ef-bed855b162f0\",\"space_id\":\"d51d3ca5-7889-4c70-b906-3a5a37b60274\"}},\"18088df1-9584-42f0-8e75-a09aafcbcc17\":{\"role\":\"editor\",\"value\":{\"id\":\"18088df1-9584-42f0-8e75-a09aafcbcc17\",\"version\":8,\"type\":\"page\",\"properties\":{\"title\":[[\"a2\"]]},\"created_time\":1653314133506,\"last_edited_time\":1653314133896,\"parent_id\":\"df62dcc0-39f8-459a-b45b-7d338f7b59c3\",\"parent_table\":\"collection\",\"alive\":true,\"created_by_table\":\"notion_user\",\"created_by_id\":\"a03b888f-5426-4e4f-b5ef-bed855b162f0\",\"last_edited_by_table\":\"notion_user\",\"last_edited_by_id\":\"a03b888f-5426-4e4f-b5ef-bed855b162f0\",\"space_id\":\"d51d3ca5-7889-4c70-b906-3a5a37b60274\"}},\"3d8665d5-c9b3-4fbd-bd0d-e1e4e949d516\":{\"role\":\"editor\",\"value\":{\"id\":\"3d8665d5-c9b3-4fbd-bd0d-e1e4e949d516\",\"version\":8,\"type\":\"page\",\"properties\":{\"title\":[[\"a3\"]]},\"created_time\":1653314134259,\"last_edited_time\":1653314134696,\"parent_id\":\"df62dcc0-39f8-459a-b45b-7d338f7b59c3\",\"parent_table\":\"collection\",\"alive\":true,\"created_by_table\":\"notion_user\",\"created_by_id\":\"a03b888f-5426-4e4f-b5ef-bed855b162f0\",\"last_edited_by_table\":\"notion_user\",\"last_edited_by_id\":\"a03b888f-5426-4e4f-b5ef-bed855b162f0\",\"space_id\":\"d51d3ca5-7889-4c70-b906-3a5a37b60274\"}},\"204c2ecc-af29-441c-a0bb-857ae7c6f6c7\":{\"role\":\"editor\",\"value\":{\"id\":\"204c2ecc-af29-441c-a0bb-857ae7c6f6c7\",\"version\":13,\"type\":\"collection_view_page\",\"content\":[\"df62dcc0-39f8-459a-b45b-7d338f7b59c3\",\"c576d527-acc7-4999-a854-927212ea44fe\"],\"view_ids\":[\"c576d527-acc7-4999-a854-927212ea44fe\"],\"format\":{\"collection_pointer\":{\"id\":\"df62dcc0-39f8-459a-b45b-7d338f7b59c3\",\"table\":\"collection\",\"spaceId\":\"d51d3ca5-7889-4c70-b906-3a5a37b60274\"}},\"permissions\":[{\"role\":\"editor\",\"type\":\"user_permission\",\"user_id\":\"a03b888f-5426-4e4f-b5ef-bed855b162f0\"}],\"created_time\":1653314127329,\"last_edited_time\":1653314129185,\"parent_id\":\"d51d3ca5-7889-4c70-b906-3a5a37b60274\",\"parent_table\":\"space\",\"alive\":true,\"created_by_table\":\"notion_user\",\"created_by_id\":\"a03b888f-5426-4e4f-b5ef-bed855b162f0\",\"last_edited_by_table\":\"notion_user\",\"last_edited_by_id\":\"a03b888f-5426-4e4f-b5ef-bed855b162f0\",\"space_id\":\"d51d3ca5-7889-4c70-b906-3a5a37b60274\"}}},\"collection\":{\"df62dcc0-39f8-459a-b45b-7d338f7b59c3\":{\"role\":\"editor\",\"value\":{\"id\":\"df62dcc0-39f8-459a-b45b-7d338f7b59c3\",\"version\":2,\"name\":[[\"TESTING
        PAGE\"]],\"schema\":{\"dOWC\":{\"name\":\"b\",\"type\":\"person\"},\"title\":{\"name\":\"a\",\"type\":\"title\"}},\"parent_id\":\"204c2ecc-af29-441c-a0bb-857ae7c6f6c7\",\"parent_table\":\"block\",\"alive\":true,\"migrated\":true,\"space_id\":\"d51d3ca5-7889-4c70-b906-3a5a37b60274\"}}},\"space\":{\"d51d3ca5-7889-4c70-b906-3a5a37b60274\":{\"role\":\"editor\",\"value\":{\"id\":\"d51d3ca5-7889-4c70-b906-3a5a37b60274\",\"version\":5031,\"name\":\"test_py\",\"permissions\":[{\"role\":\"editor\",\"type\":\"user_permission\",\"user_id\":\"a03b888f-5426-4e4f-b5ef-bed855b162f0\"}],\"beta_enabled\":false,\"pages\":[\"204c2ecc-af29-441c-a0bb-857ae7c6f6c7\"],\"created_time\":1638259881592,\"last_edited_time\":1652698380000,\"created_by_table\":\"notion_user\",\"created_by_id\":\"a03b888f-5426-4e4f-b5ef-bed855b162f0\",\"last_edited_by_table\":\"notion_user\",\"last_edited_by_id\":\"a03b888f-5426-4e4f-b5ef-bed855b162f0\",\"plan_type\":\"personal\",\"invite_link_enabled\":true}}}}}"
    headers:
      Content-Type:
      - application/json; charset=utf-8
      Transfer-Encoding:
      - chunked
      content-length:
      - '3961'
    status:
      code: 200
      message: OK
- request:
    body: '{"collection": {"id": "df62dcc0-39f8-459a-b45b-7d338f7b59c3", "spaceId":
      "d51d3ca5-7889-4c70-b906-3a5a37b60274"}, "collectionView": {"id": "c576d527-acc7-4999-a854-927212ea44fe",
      "spaceId": "d51d3ca5-7889-4c70-b906-3a5a37b60274"}, "loader": {"reducers": {"table:uncategorized:title:count":
      {"aggregation": {"aggregator": "count", "property": "title"}, "type": "aggregation"}},
      "searchQuery": "", "sort": [], "userTimeZone": "Asia/Tashkent", "type": "reducer"}}'
    headers:
      Content-Length:
      - '460'
      content-type:
      - application/json
      cookie:
      - PRIVATE
      x-notion-active-user-header:
      - a03b888f-5426-4e4f-b5ef-bed855b162f0
    method: POST
    uri: https://www.notion.so/api/v3/queryCollection
  response:
    body:
      string: '{"result":{"type":"reducer","reducerResults":{"table:uncategorized:title:count":{"type":"aggregation","aggregationResult":{"type":"number","value":3}}}},"recordMap":{}}'
    headers:
      Content-Type:
      - application/json; charset=utf-8
      Transfer-Encoding:
      - chunked
      content-encoding:
      - undefined
    status:
      code: 200
      message: OK
- request:
    body: '{"collection": {"id": "df62dcc0-39f8-459a-b45b-7d338f7b59c3", "spaceId":
      "d51d3ca5-7889-4c70-b906-3a5a37b60274"}, "collectionView": {"id": "c576d527-acc7-4999-a854-927212ea44fe",
      "spaceId": "d51d3ca5-7889-4c70-b906-3a5a37b60274"}, "loader": {"reducers": {"collection_group_results":
      {"limit": 3, "type": "results"}}, "searchQuery": "", "sort": [], "userTimeZone":
      "Asia/Tashkent", "type": "reducer"}}'
    headers:
      Content-Length:
      - '400'
      content-type:
      - application/json
      cookie:
      - PRIVATE
      x-notion-active-user-header:
      - a03b888f-5426-4e4f-b5ef-bed855b162f0
    method: POST
    uri: https://www.notion.so/api/v3/queryCollection
  response:
    body:
      string: "{\"result\":{\"type\":\"reducer\",\"reducerResults\":{\"collection_group_results\":{\"type\":\"results\",\"blockIds\":[\"f232ba4b-0a4e-4c6d-93cc-9fd56d714bee\",\"18088df1-9584-42f0-8e75-a09aafcbcc17\",\"3d8665d5-c9b3-4fbd-bd0d-e1e4e949d516\"],\"hasMore\":false}}},\"recordMap\":{\"block\":{\"f232ba4b-0a4e-4c6d-93cc-9fd56d714bee\":{\"role\":\"editor\",\"value\":{\"id\":\"f232ba4b-0a4e-4c6d-93cc-9fd56d714bee\",\"version\":8,\"type\":\"page\",\"properties\":{\"dOWC\":[[\"\u2023\",[[\"u\",\"a03b888f-5426-4e4f-b5ef-bed855b162f0\"]]]],\"title\":[[\"a1\"]]},\"created_time\":1653314132064,\"last_edited_time\":1653314132554,\"parent_id\":\"df62dcc0-39f8-459a-b45b-7d338f7b59c3\",\"parent_table\":\"collection\",\"alive\":true,\"created_by_table\":\"notion_user\",\"created_by_id\":\"a03b888f-5426-4e4f-b5ef-bed855b162f0\",\"last_edited_by_table\":\"notion_user\",\"last_edited_by_id\":\"a03b888f-5426-4e4f-b5ef-bed855b162f0\",\"space_id\":\"d51d3ca5-7889-4c70-b906-3a5a37b60274\"}},\"18088df1-9584-42f0-8e75-a09aafcbcc17\":{\"role\":\"editor\",\"value\":{\"id\":\"18088df1-9584-42f0-8e75-a09aafcbcc17\",\"version\":8,\"type\":\"page\",\"properties\":{\"title\":[[\"a2\"]]},\"created_time\":1653314133506,\"last_edited_time\":1653314133896,\"parent_id\":\"df62dcc0-39f8-459a-b45b-7d338f7b59c3\",\"parent_table\":\"collection\",\"alive\":true,\"created_by_table\":\"notion_user\",\"created_by_id\":\"a03b888f-5426-4e4f-b5ef-bed855b162f0\",\"last_edited_by_table\":\"notion_user\",\"last_edited_by_id\":\"a03b888f-5426-4e4f-b5ef-bed855b162f0\",\"space_id\":\"d51d3ca5-7889-4c70-b906-3a5a37b60274\"}},\"3d8665d5-c9b3-4fbd-bd0d-e1e4e949d516\":{\"role\":\"editor\",\"value\":{\"id\":\"3d8665d5-c9b3-4fbd-bd0d-e1e4e949d516\",\"version\":8,\"type\":\"page\",\"properties\":{\"title\":[[\"a3\"]]},\"created_time\":1653314134259,\"last_edited_time\":1653314134696,\"parent_id\":\"df62dcc0-39f8-459a-b45b-7d338f7b59c3\",\"parent_table\":\"collection\",\"alive\":true,\"created_by_table\":\"notion_user\",\"created_by_id\":\"a03b888f-5426-4e4f-b5ef-bed855b162f0\",\"last_edited_by_table\":\"notion_user\",\"last_edited_by_id\":\"a03b888f-5426-4e4f-b5ef-bed855b162f0\",\"space_id\":\"d51d3ca5-7889-4c70-b906-3a5a37b60274\"}},\"204c2ecc-af29-441c-a0bb-857ae7c6f6c7\":{\"role\":\"editor\",\"value\":{\"id\":\"204c2ecc-af29-441c-a0bb-857ae7c6f6c7\",\"version\":13,\"type\":\"collection_view_page\",\"content\":[\"df62dcc0-39f8-459a-b45b-7d338f7b59c3\",\"c576d527-acc7-4999-a854-927212ea44fe\"],\"view_ids\":[\"c576d527-acc7-4999-a854-927212ea44fe\"],\"format\":{\"collection_pointer\":{\"id\":\"df62dcc0-39f8-459a-b45b-7d338f7b59c3\",\"table\":\"collection\",\"spaceId\":\"d51d3ca5-7889-4c70-b906-3a5a37b60274\"}},\"permissions\":[{\"role\":\"editor\",\"type\":\"user_permission\",\"user_id\":\"a03b888f-5426-4e4f-b5ef-bed855b162f0\"}],\"created_time\":1653314127329,\"last_edited_time\":1653314129185,\"parent_id\":\"d51d3ca5-7889-4c70-b906-3a5a37b60274\",\"parent_table\":\"space\",\"alive\":true,\"created_by_table\":\"notion_user\",\"created_by_id\":\"a03b888f-5426-4e4f-b5ef-bed855b162f0\",\"last_edited_by_table\":\"notion_user\",\"last_edited_by_id\":\"a03b888f-5426-4e4f-b5ef-bed855b162f0\",\"space_id\":\"d51d3ca5-7889-4c70-b906-3a5a37b60274\"}}},\"collection\":{\"df62dcc0-39f8-459a-b45b-7d338f7b59c3\":{\"role\":\"editor\",\"value\":{\"id\":\"df62dcc0-39f8-459a-b45b-7d338f7b59c3\",\"version\":2,\"name\":[[\"TESTING
        PAGE\"]],\"schema\":{\"dOWC\":{\"name\":\"b\",\"type\":\"person\"},\"title\":{\"name\":\"a\",\"type\":\"title\"}},\"parent_id\":\"204c2ecc-af29-441c-a0bb-857ae7c6f6c7\",\"parent_table\":\"block\",\"alive\":true,\"migrated\":true,\"space_id\":\"d51d3ca5-7889-4c70-b906-3a5a37b60274\"}}},\"space\":{\"d51d3ca5-7889-4c70-b906-3a5a37b60274\":{\"role\":\"editor\",\"value\":{\"id\":\"d51d3ca5-7889-4c70-b906-3a5a37b60274\",\"version\":5031,\"name\":\"test_py\",\"permissions\":[{\"role\":\"editor\",\"type\":\"user_permission\",\"user_id\":\"a03b888f-5426-4e4f-b5ef-bed855b162f0\"}],\"beta_enabled\":false,\"pages\":[\"204c2ecc-af29-441c-a0bb-857ae7c6f6c7\"],\"created_time\":1638259881592,\"last_edited_time\":1652698380000,\"created_by_table\":\"notion_user\",\"created_by_id\":\"a03b888f-5426-4e4f-b5ef-bed855b162f0\",\"last_edited_by_table\":\"notion_user\",\"last_edited_by_id\":\"a03b888f-5426-4e4f-b5ef-bed855b162f0\",\"plan_type\":\"personal\",\"invite_link_enabled\":true}}}}}"
    headers:
      Content-Type:
      - application/json; charset=utf-8
      Transfer-Encoding:
      - chunked
      content-length:
      - '3961'
    status:
      code: 200
      message: OK
- request:
    body: '{"collection": {"id": "df62dcc0-39f8-459a-b45b-7d338f7b59c3", "spaceId":
      "d51d3ca5-7889-4c70-b906-3a5a37b60274"}, "collectionView": {"id": "c576d527-acc7-4999-a854-927212ea44fe",
      "spaceId": "d51d3ca5-7889-4c70-b906-3a5a37b60274"}, "loader": {"reducers": {"table:uncategorized:title:count":
      {"aggregation": {"aggregator": "count", "property": "title"}, "type": "aggregation"}},
      "searchQuery": "", "sort": [], "userTimeZone": "Asia/Tashkent", "type": "reducer"}}'
    headers:
      Content-Length:
      - '460'
      content-type:
      - application/json
      cookie:
      - PRIVATE
      x-notion-active-user-header:
      - a03b888f-5426-4e4f-b5ef-bed855b162f0
    method: POST
    uri: https://www.notion.so/api/v3/queryCollection
  response:
    body:
      string: '{"result":{"type":"reducer","reducerResults":{"table:uncategorized:title:count":{"type":"aggregation","aggregationResult":{"type":"number","value":3}}}},"recordMap":{}}'
    headers:
      Content-Type:
      - application/json; charset=utf-8
      Transfer-Encoding:
      - chunked
      content-encoding:
      - undefined
    status:
      code: 200
      message: OK
- request:
    body: '{"collection": {"id": "df62dcc0-39f8-459a-b45b-7d338f7b59c3", "spaceId":
      "d51d3ca5-7889-4c70-b906-3a5a37b60274"}, "collectionView": {"id": "c576d527-acc7-4999-a854-927212ea44fe",
      "spaceId": "d51d3ca5-7889-4c70-b906-3a5a37b60274"}, "loader": {"reducers": {"collection_group_results":
      {"limit": 3, "type": "results"}}, "searchQuery": "", "sort": [], "userTimeZone":
      "Asia/Tashkent", "type": "reducer"}}'
    headers:
      Content-Length:
      - '400'
      content-type:
      - application/json
      cookie:
      - PRIVATE
      x-notion-active-user-header:
      - a03b888f-5426-4e4f-b5ef-bed855b162f0
    method: POST
    uri: https://www.notion.so/api/v3/queryCollection
  response:
    body:
      string: "{\"result\":{\"type\":\"reducer\",\"reducerResults\":{\"collection_group_results\":{\"type\":\"results\",\"blockIds\":[\"f232ba4b-0a4e-4c6d-93cc-9fd56d714bee\",\"18088df1-9584-42f0-8e75-a09aafcbcc17\",\"3d8665d5-c9b3-4fbd-bd0d-e1e4e949d516\"],\"hasMore\":false}}},\"recordMap\":{\"block\":{\"f232ba4b-0a4e-4c6d-93cc-9fd56d714bee\":{\"role\":\"editor\",\"value\":{\"id\":\"f232ba4b-0a4e-4c6d-93cc-9fd56d714bee\",\"version\":8,\"type\":\"page\",\"properties\":{\"dOWC\":[[\"\u2023\",[[\"u\",\"a03b888f-5426-4e4f-b5ef-bed855b162f0\"]]]],\"title\":[[\"a1\"]]},\"created_time\":1653314132064,\"last_edited_time\":1653314132554,\"parent_id\":\"df62dcc0-39f8-459a-b45b-7d338f7b59c3\",\"parent_table\":\"collection\",\"alive\":true,\"created_by_table\":\"notion_user\",\"created_by_id\":\"a03b888f-5426-4e4f-b5ef-bed855b162f0\",\"last_edited_by_table\":\"notion_user\",\"last_edited_by_id\":\"a03b888f-5426-4e4f-b5ef-bed855b162f0\",\"space_id\":\"d51d3ca5-7889-4c70-b906-3a5a37b60274\"}},\"18088df1-9584-42f0-8e75-a09aafcbcc17\":{\"role\":\"editor\",\"value\":{\"id\":\"18088df1-9584-42f0-8e75-a09aafcbcc17\",\"version\":8,\"type\":\"page\",\"properties\":{\"title\":[[\"a2\"]]},\"created_time\":1653314133506,\"last_edited_time\":1653314133896,\"parent_id\":\"df62dcc0-39f8-459a-b45b-7d338f7b59c3\",\"parent_table\":\"collection\",\"alive\":true,\"created_by_table\":\"notion_user\",\"created_by_id\":\"a03b888f-5426-4e4f-b5ef-bed855b162f0\",\"last_edited_by_table\":\"notion_user\",\"last_edited_by_id\":\"a03b888f-5426-4e4f-b5ef-bed855b162f0\",\"space_id\":\"d51d3ca5-7889-4c70-b906-3a5a37b60274\"}},\"3d8665d5-c9b3-4fbd-bd0d-e1e4e949d516\":{\"role\":\"editor\",\"value\":{\"id\":\"3d8665d5-c9b3-4fbd-bd0d-e1e4e949d516\",\"version\":8,\"type\":\"page\",\"properties\":{\"title\":[[\"a3\"]]},\"created_time\":1653314134259,\"last_edited_time\":1653314134696,\"parent_id\":\"df62dcc0-39f8-459a-b45b-7d338f7b59c3\",\"parent_table\":\"collection\",\"alive\":true,\"created_by_table\":\"notion_user\",\"created_by_id\":\"a03b888f-5426-4e4f-b5ef-bed855b162f0\",\"last_edited_by_table\":\"notion_user\",\"last_edited_by_id\":\"a03b888f-5426-4e4f-b5ef-bed855b162f0\",\"space_id\":\"d51d3ca5-7889-4c70-b906-3a5a37b60274\"}},\"204c2ecc-af29-441c-a0bb-857ae7c6f6c7\":{\"role\":\"editor\",\"value\":{\"id\":\"204c2ecc-af29-441c-a0bb-857ae7c6f6c7\",\"version\":13,\"type\":\"collection_view_page\",\"content\":[\"df62dcc0-39f8-459a-b45b-7d338f7b59c3\",\"c576d527-acc7-4999-a854-927212ea44fe\"],\"view_ids\":[\"c576d527-acc7-4999-a854-927212ea44fe\"],\"format\":{\"collection_pointer\":{\"id\":\"df62dcc0-39f8-459a-b45b-7d338f7b59c3\",\"table\":\"collection\",\"spaceId\":\"d51d3ca5-7889-4c70-b906-3a5a37b60274\"}},\"permissions\":[{\"role\":\"editor\",\"type\":\"user_permission\",\"user_id\":\"a03b888f-5426-4e4f-b5ef-bed855b162f0\"}],\"created_time\":1653314127329,\"last_edited_time\":1653314129185,\"parent_id\":\"d51d3ca5-7889-4c70-b906-3a5a37b60274\",\"parent_table\":\"space\",\"alive\":true,\"created_by_table\":\"notion_user\",\"created_by_id\":\"a03b888f-5426-4e4f-b5ef-bed855b162f0\",\"last_edited_by_table\":\"notion_user\",\"last_edited_by_id\":\"a03b888f-5426-4e4f-b5ef-bed855b162f0\",\"space_id\":\"d51d3ca5-7889-4c70-b906-3a5a37b60274\"}}},\"collection\":{\"df62dcc0-39f8-459a-b45b-7d338f7b59c3\":{\"role\":\"editor\",\"value\":{\"id\":\"df62dcc0-39f8-459a-b45b-7d338f7b59c3\",\"version\":2,\"name\":[[\"TESTING
        PAGE\"]],\"schema\":{\"dOWC\":{\"name\":\"b\",\"type\":\"person\"},\"title\":{\"name\":\"a\",\"type\":\"title\"}},\"parent_id\":\"204c2ecc-af29-441c-a0bb-857ae7c6f6c7\",\"parent_table\":\"block\",\"alive\":true,\"migrated\":true,\"space_id\":\"d51d3ca5-7889-4c70-b906-3a5a37b60274\"}}},\"space\":{\"d51d3ca5-7889-4c70-b906-3a5a37b60274\":{\"role\":\"editor\",\"value\":{\"id\":\"d51d3ca5-7889-4c70-b906-3a5a37b60274\",\"version\":5031,\"name\":\"test_py\",\"permissions\":[{\"role\":\"editor\",\"type\":\"user_permission\",\"user_id\":\"a03b888f-5426-4e4f-b5ef-bed855b162f0\"}],\"beta_enabled\":false,\"pages\":[\"204c2ecc-af29-441c-a0bb-857ae7c6f6c7\"],\"created_time\":1638259881592,\"last_edited_time\":1652698380000,\"created_by_table\":\"notion_user\",\"created_by_id\":\"a03b888f-5426-4e4f-b5ef-bed855b162f0\",\"last_edited_by_table\":\"notion_user\",\"last_edited_by_id\":\"a03b888f-5426-4e4f-b5ef-bed855b162f0\",\"plan_type\":\"personal\",\"invite_link_enabled\":true}}}}}"
    headers:
      Content-Type:
      - application/json; charset=utf-8
      Transfer-Encoding:
      - chunked
      content-length:
      - '3961'
    status:
      code: 200
      message: OK
- request:
    body: '{"collection": {"id": "df62dcc0-39f8-459a-b45b-7d338f7b59c3", "spaceId":
      "d51d3ca5-7889-4c70-b906-3a5a37b60274"}, "collectionView": {"id": "c576d527-acc7-4999-a854-927212ea44fe",
      "spaceId": "d51d3ca5-7889-4c70-b906-3a5a37b60274"}, "loader": {"reducers": {"table:uncategorized:title:count":
      {"aggregation": {"aggregator": "count", "property": "title"}, "type": "aggregation"}},
      "searchQuery": "", "sort": [], "userTimeZone": "Asia/Tashkent", "type": "reducer"}}'
    headers:
      Content-Length:
      - '460'
      content-type:
      - application/json
      cookie:
      - PRIVATE
      x-notion-active-user-header:
      - a03b888f-5426-4e4f-b5ef-bed855b162f0
    method: POST
    uri: https://www.notion.so/api/v3/queryCollection
  response:
    body:
      string: '{"result":{"type":"reducer","reducerResults":{"table:uncategorized:title:count":{"type":"aggregation","aggregationResult":{"type":"number","value":3}}}},"recordMap":{}}'
    headers:
      Content-Type:
      - application/json; charset=utf-8
      Transfer-Encoding:
      - chunked
      content-encoding:
      - undefined
    status:
      code: 200
      message: OK
- request:
    body: '{"collection": {"id": "df62dcc0-39f8-459a-b45b-7d338f7b59c3", "spaceId":
      "d51d3ca5-7889-4c70-b906-3a5a37b60274"}, "collectionView": {"id": "c576d527-acc7-4999-a854-927212ea44fe",
      "spaceId": "d51d3ca5-7889-4c70-b906-3a5a37b60274"}, "loader": {"reducers": {"collection_group_results":
      {"limit": 3, "type": "results"}}, "searchQuery": "", "sort": [], "userTimeZone":
      "Asia/Tashkent", "type": "reducer"}}'
    headers:
      Content-Length:
      - '400'
      content-type:
      - application/json
      cookie:
      - PRIVATE
      x-notion-active-user-header:
      - a03b888f-5426-4e4f-b5ef-bed855b162f0
    method: POST
    uri: https://www.notion.so/api/v3/queryCollection
  response:
    body:
      string: "{\"result\":{\"type\":\"reducer\",\"reducerResults\":{\"collection_group_results\":{\"type\":\"results\",\"blockIds\":[\"f232ba4b-0a4e-4c6d-93cc-9fd56d714bee\",\"18088df1-9584-42f0-8e75-a09aafcbcc17\",\"3d8665d5-c9b3-4fbd-bd0d-e1e4e949d516\"],\"hasMore\":false}}},\"recordMap\":{\"block\":{\"f232ba4b-0a4e-4c6d-93cc-9fd56d714bee\":{\"role\":\"editor\",\"value\":{\"id\":\"f232ba4b-0a4e-4c6d-93cc-9fd56d714bee\",\"version\":8,\"type\":\"page\",\"properties\":{\"dOWC\":[[\"\u2023\",[[\"u\",\"a03b888f-5426-4e4f-b5ef-bed855b162f0\"]]]],\"title\":[[\"a1\"]]},\"created_time\":1653314132064,\"last_edited_time\":1653314132554,\"parent_id\":\"df62dcc0-39f8-459a-b45b-7d338f7b59c3\",\"parent_table\":\"collection\",\"alive\":true,\"created_by_table\":\"notion_user\",\"created_by_id\":\"a03b888f-5426-4e4f-b5ef-bed855b162f0\",\"last_edited_by_table\":\"notion_user\",\"last_edited_by_id\":\"a03b888f-5426-4e4f-b5ef-bed855b162f0\",\"space_id\":\"d51d3ca5-7889-4c70-b906-3a5a37b60274\"}},\"18088df1-9584-42f0-8e75-a09aafcbcc17\":{\"role\":\"editor\",\"value\":{\"id\":\"18088df1-9584-42f0-8e75-a09aafcbcc17\",\"version\":8,\"type\":\"page\",\"properties\":{\"title\":[[\"a2\"]]},\"created_time\":1653314133506,\"last_edited_time\":1653314133896,\"parent_id\":\"df62dcc0-39f8-459a-b45b-7d338f7b59c3\",\"parent_table\":\"collection\",\"alive\":true,\"created_by_table\":\"notion_user\",\"created_by_id\":\"a03b888f-5426-4e4f-b5ef-bed855b162f0\",\"last_edited_by_table\":\"notion_user\",\"last_edited_by_id\":\"a03b888f-5426-4e4f-b5ef-bed855b162f0\",\"space_id\":\"d51d3ca5-7889-4c70-b906-3a5a37b60274\"}},\"3d8665d5-c9b3-4fbd-bd0d-e1e4e949d516\":{\"role\":\"editor\",\"value\":{\"id\":\"3d8665d5-c9b3-4fbd-bd0d-e1e4e949d516\",\"version\":8,\"type\":\"page\",\"properties\":{\"title\":[[\"a3\"]]},\"created_time\":1653314134259,\"last_edited_time\":1653314134696,\"parent_id\":\"df62dcc0-39f8-459a-b45b-7d338f7b59c3\",\"parent_table\":\"collection\",\"alive\":true,\"created_by_table\":\"notion_user\",\"created_by_id\":\"a03b888f-5426-4e4f-b5ef-bed855b162f0\",\"last_edited_by_table\":\"notion_user\",\"last_edited_by_id\":\"a03b888f-5426-4e4f-b5ef-bed855b162f0\",\"space_id\":\"d51d3ca5-7889-4c70-b906-3a5a37b60274\"}},\"204c2ecc-af29-441c-a0bb-857ae7c6f6c7\":{\"role\":\"editor\",\"value\":{\"id\":\"204c2ecc-af29-441c-a0bb-857ae7c6f6c7\",\"version\":13,\"type\":\"collection_view_page\",\"content\":[\"df62dcc0-39f8-459a-b45b-7d338f7b59c3\",\"c576d527-acc7-4999-a854-927212ea44fe\"],\"view_ids\":[\"c576d527-acc7-4999-a854-927212ea44fe\"],\"format\":{\"collection_pointer\":{\"id\":\"df62dcc0-39f8-459a-b45b-7d338f7b59c3\",\"table\":\"collection\",\"spaceId\":\"d51d3ca5-7889-4c70-b906-3a5a37b60274\"}},\"permissions\":[{\"role\":\"editor\",\"type\":\"user_permission\",\"user_id\":\"a03b888f-5426-4e4f-b5ef-bed855b162f0\"}],\"created_time\":1653314127329,\"last_edited_time\":1653314129185,\"parent_id\":\"d51d3ca5-7889-4c70-b906-3a5a37b60274\",\"parent_table\":\"space\",\"alive\":true,\"created_by_table\":\"notion_user\",\"created_by_id\":\"a03b888f-5426-4e4f-b5ef-bed855b162f0\",\"last_edited_by_table\":\"notion_user\",\"last_edited_by_id\":\"a03b888f-5426-4e4f-b5ef-bed855b162f0\",\"space_id\":\"d51d3ca5-7889-4c70-b906-3a5a37b60274\"}}},\"collection\":{\"df62dcc0-39f8-459a-b45b-7d338f7b59c3\":{\"role\":\"editor\",\"value\":{\"id\":\"df62dcc0-39f8-459a-b45b-7d338f7b59c3\",\"version\":2,\"name\":[[\"TESTING
        PAGE\"]],\"schema\":{\"dOWC\":{\"name\":\"b\",\"type\":\"person\"},\"title\":{\"name\":\"a\",\"type\":\"title\"}},\"parent_id\":\"204c2ecc-af29-441c-a0bb-857ae7c6f6c7\",\"parent_table\":\"block\",\"alive\":true,\"migrated\":true,\"space_id\":\"d51d3ca5-7889-4c70-b906-3a5a37b60274\"}}},\"space\":{\"d51d3ca5-7889-4c70-b906-3a5a37b60274\":{\"role\":\"editor\",\"value\":{\"id\":\"d51d3ca5-7889-4c70-b906-3a5a37b60274\",\"version\":5031,\"name\":\"test_py\",\"permissions\":[{\"role\":\"editor\",\"type\":\"user_permission\",\"user_id\":\"a03b888f-5426-4e4f-b5ef-bed855b162f0\"}],\"beta_enabled\":false,\"pages\":[\"204c2ecc-af29-441c-a0bb-857ae7c6f6c7\"],\"created_time\":1638259881592,\"last_edited_time\":1652698380000,\"created_by_table\":\"notion_user\",\"created_by_id\":\"a03b888f-5426-4e4f-b5ef-bed855b162f0\",\"last_edited_by_table\":\"notion_user\",\"last_edited_by_id\":\"a03b888f-5426-4e4f-b5ef-bed855b162f0\",\"plan_type\":\"personal\",\"invite_link_enabled\":true}}}}}"
    headers:
      Content-Type:
      - application/json; charset=utf-8
      Transfer-Encoding:
      - chunked
      content-length:
      - '3961'
    status:
      code: 200
      message: OK
- request:
    body: '{"collection": {"id": "df62dcc0-39f8-459a-b45b-7d338f7b59c3", "spaceId":
      "d51d3ca5-7889-4c70-b906-3a5a37b60274"}, "collectionView": {"id": "c576d527-acc7-4999-a854-927212ea44fe",
      "spaceId": "d51d3ca5-7889-4c70-b906-3a5a37b60274"}, "loader": {"reducers": {"table:uncategorized:title:count":
      {"aggregation": {"aggregator": "count", "property": "title"}, "type": "aggregation"}},
      "searchQuery": "", "sort": [], "userTimeZone": "Asia/Tashkent", "type": "reducer"}}'
    headers:
      Content-Length:
      - '460'
      content-type:
      - application/json
      cookie:
      - PRIVATE
      x-notion-active-user-header:
      - a03b888f-5426-4e4f-b5ef-bed855b162f0
    method: POST
    uri: https://www.notion.so/api/v3/queryCollection
  response:
    body:
      string: '{"result":{"type":"reducer","reducerResults":{"table:uncategorized:title:count":{"type":"aggregation","aggregationResult":{"type":"number","value":3}}}},"recordMap":{}}'
    headers:
      Content-Type:
      - application/json; charset=utf-8
      Transfer-Encoding:
      - chunked
      content-encoding:
      - undefined
    status:
      code: 200
      message: OK
- request:
    body: '{"collection": {"id": "df62dcc0-39f8-459a-b45b-7d338f7b59c3", "spaceId":
      "d51d3ca5-7889-4c70-b906-3a5a37b60274"}, "collectionView": {"id": "c576d527-acc7-4999-a854-927212ea44fe",
      "spaceId": "d51d3ca5-7889-4c70-b906-3a5a37b60274"}, "loader": {"reducers": {"collection_group_results":
      {"limit": 3, "type": "results"}}, "searchQuery": "", "sort": [], "userTimeZone":
      "Asia/Tashkent", "type": "reducer"}}'
    headers:
      Content-Length:
      - '400'
      content-type:
      - application/json
      cookie:
      - PRIVATE
      x-notion-active-user-header:
      - a03b888f-5426-4e4f-b5ef-bed855b162f0
    method: POST
    uri: https://www.notion.so/api/v3/queryCollection
  response:
    body:
      string: "{\"result\":{\"type\":\"reducer\",\"reducerResults\":{\"collection_group_results\":{\"type\":\"results\",\"blockIds\":[\"f232ba4b-0a4e-4c6d-93cc-9fd56d714bee\",\"18088df1-9584-42f0-8e75-a09aafcbcc17\",\"3d8665d5-c9b3-4fbd-bd0d-e1e4e949d516\"],\"hasMore\":false}}},\"recordMap\":{\"block\":{\"f232ba4b-0a4e-4c6d-93cc-9fd56d714bee\":{\"role\":\"editor\",\"value\":{\"id\":\"f232ba4b-0a4e-4c6d-93cc-9fd56d714bee\",\"version\":8,\"type\":\"page\",\"properties\":{\"dOWC\":[[\"\u2023\",[[\"u\",\"a03b888f-5426-4e4f-b5ef-bed855b162f0\"]]]],\"title\":[[\"a1\"]]},\"created_time\":1653314132064,\"last_edited_time\":1653314132554,\"parent_id\":\"df62dcc0-39f8-459a-b45b-7d338f7b59c3\",\"parent_table\":\"collection\",\"alive\":true,\"created_by_table\":\"notion_user\",\"created_by_id\":\"a03b888f-5426-4e4f-b5ef-bed855b162f0\",\"last_edited_by_table\":\"notion_user\",\"last_edited_by_id\":\"a03b888f-5426-4e4f-b5ef-bed855b162f0\",\"space_id\":\"d51d3ca5-7889-4c70-b906-3a5a37b60274\"}},\"18088df1-9584-42f0-8e75-a09aafcbcc17\":{\"role\":\"editor\",\"value\":{\"id\":\"18088df1-9584-42f0-8e75-a09aafcbcc17\",\"version\":8,\"type\":\"page\",\"properties\":{\"title\":[[\"a2\"]]},\"created_time\":1653314133506,\"last_edited_time\":1653314133896,\"parent_id\":\"df62dcc0-39f8-459a-b45b-7d338f7b59c3\",\"parent_table\":\"collection\",\"alive\":true,\"created_by_table\":\"notion_user\",\"created_by_id\":\"a03b888f-5426-4e4f-b5ef-bed855b162f0\",\"last_edited_by_table\":\"notion_user\",\"last_edited_by_id\":\"a03b888f-5426-4e4f-b5ef-bed855b162f0\",\"space_id\":\"d51d3ca5-7889-4c70-b906-3a5a37b60274\"}},\"3d8665d5-c9b3-4fbd-bd0d-e1e4e949d516\":{\"role\":\"editor\",\"value\":{\"id\":\"3d8665d5-c9b3-4fbd-bd0d-e1e4e949d516\",\"version\":8,\"type\":\"page\",\"properties\":{\"title\":[[\"a3\"]]},\"created_time\":1653314134259,\"last_edited_time\":1653314134696,\"parent_id\":\"df62dcc0-39f8-459a-b45b-7d338f7b59c3\",\"parent_table\":\"collection\",\"alive\":true,\"created_by_table\":\"notion_user\",\"created_by_id\":\"a03b888f-5426-4e4f-b5ef-bed855b162f0\",\"last_edited_by_table\":\"notion_user\",\"last_edited_by_id\":\"a03b888f-5426-4e4f-b5ef-bed855b162f0\",\"space_id\":\"d51d3ca5-7889-4c70-b906-3a5a37b60274\"}},\"204c2ecc-af29-441c-a0bb-857ae7c6f6c7\":{\"role\":\"editor\",\"value\":{\"id\":\"204c2ecc-af29-441c-a0bb-857ae7c6f6c7\",\"version\":13,\"type\":\"collection_view_page\",\"content\":[\"df62dcc0-39f8-459a-b45b-7d338f7b59c3\",\"c576d527-acc7-4999-a854-927212ea44fe\"],\"view_ids\":[\"c576d527-acc7-4999-a854-927212ea44fe\"],\"format\":{\"collection_pointer\":{\"id\":\"df62dcc0-39f8-459a-b45b-7d338f7b59c3\",\"table\":\"collection\",\"spaceId\":\"d51d3ca5-7889-4c70-b906-3a5a37b60274\"}},\"permissions\":[{\"role\":\"editor\",\"type\":\"user_permission\",\"user_id\":\"a03b888f-5426-4e4f-b5ef-bed855b162f0\"}],\"created_time\":1653314127329,\"last_edited_time\":1653314129185,\"parent_id\":\"d51d3ca5-7889-4c70-b906-3a5a37b60274\",\"parent_table\":\"space\",\"alive\":true,\"created_by_table\":\"notion_user\",\"created_by_id\":\"a03b888f-5426-4e4f-b5ef-bed855b162f0\",\"last_edited_by_table\":\"notion_user\",\"last_edited_by_id\":\"a03b888f-5426-4e4f-b5ef-bed855b162f0\",\"space_id\":\"d51d3ca5-7889-4c70-b906-3a5a37b60274\"}}},\"collection\":{\"df62dcc0-39f8-459a-b45b-7d338f7b59c3\":{\"role\":\"editor\",\"value\":{\"id\":\"df62dcc0-39f8-459a-b45b-7d338f7b59c3\",\"version\":2,\"name\":[[\"TESTING
        PAGE\"]],\"schema\":{\"dOWC\":{\"name\":\"b\",\"type\":\"person\"},\"title\":{\"name\":\"a\",\"type\":\"title\"}},\"parent_id\":\"204c2ecc-af29-441c-a0bb-857ae7c6f6c7\",\"parent_table\":\"block\",\"alive\":true,\"migrated\":true,\"space_id\":\"d51d3ca5-7889-4c70-b906-3a5a37b60274\"}}},\"space\":{\"d51d3ca5-7889-4c70-b906-3a5a37b60274\":{\"role\":\"editor\",\"value\":{\"id\":\"d51d3ca5-7889-4c70-b906-3a5a37b60274\",\"version\":5031,\"name\":\"test_py\",\"permissions\":[{\"role\":\"editor\",\"type\":\"user_permission\",\"user_id\":\"a03b888f-5426-4e4f-b5ef-bed855b162f0\"}],\"beta_enabled\":false,\"pages\":[\"204c2ecc-af29-441c-a0bb-857ae7c6f6c7\"],\"created_time\":1638259881592,\"last_edited_time\":1652698380000,\"created_by_table\":\"notion_user\",\"created_by_id\":\"a03b888f-5426-4e4f-b5ef-bed855b162f0\",\"last_edited_by_table\":\"notion_user\",\"last_edited_by_id\":\"a03b888f-5426-4e4f-b5ef-bed855b162f0\",\"plan_type\":\"personal\",\"invite_link_enabled\":true}}}}}"
    headers:
      Content-Type:
      - application/json; charset=utf-8
      Transfer-Encoding:
      - chunked
      content-length:
      - '3961'
    status:
      code: 200
      message: OK
- request:
    body: '{"operations": [{"id": "204c2ecc-af29-441c-a0bb-857ae7c6f6c7", "path":
      [], "args": {"alive": false}, "command": "update", "table": "block"}, {"args":
      {"last_edited_by_id": "a03b888f-5426-4e4f-b5ef-bed855b162f0", "last_edited_by_table":
      "notion_user", "last_edited_time": 1653314142211}, "command": "update", "id":
      "204c2ecc-af29-441c-a0bb-857ae7c6f6c7", "path": [], "table": "block"}, {"id":
      "d51d3ca5-7889-4c70-b906-3a5a37b60274", "path": ["pages"], "args": {"id": "204c2ecc-af29-441c-a0bb-857ae7c6f6c7"},
      "command": "listRemove", "table": "space"}, {"args": {"last_edited_by_id": "a03b888f-5426-4e4f-b5ef-bed855b162f0",
      "last_edited_by_table": "notion_user", "last_edited_time": 1653314142211}, "command":
      "update", "id": "204c2ecc-af29-441c-a0bb-857ae7c6f6c7", "path": [], "table":
      "block"}]}'
    headers:
      Content-Length:
      - '795'
      content-type:
      - application/json
      cookie:
      - PRIVATE
      x-notion-active-user-header:
      - a03b888f-5426-4e4f-b5ef-bed855b162f0
    method: POST
    uri: https://www.notion.so/api/v3/submitTransaction
  response:
    body:
      string: '{}'
    headers:
      Content-Length:
      - '2'
      Content-Type:
      - application/json; charset=utf-8
    status:
      code: 200
      message: OK
- request:
    body: '{"blockIds": ["204c2ecc-af29-441c-a0bb-857ae7c6f6c7"], "permanentlyDelete":
      true}'
    headers:
      Content-Length:
      - '81'
      content-type:
      - application/json
      cookie:
      - PRIVATE
      x-notion-active-user-header:
      - a03b888f-5426-4e4f-b5ef-bed855b162f0
    method: POST
    uri: https://www.notion.so/api/v3/deleteBlocks
  response:
    body:
      string: '{"recordMap":{}}'
    headers:
      Content-Length:
      - '16'
      Content-Type:
      - application/json; charset=utf-8
    status:
      code: 200
      message: OK
version: 1
